[20:43:31] DEBUG    Pelican version: 4.8.0                                                                                                                                     __init__.py:531
           DEBUG    Python version: 3.11.2                                                                                                                                     __init__.py:532
           DEBUG    Adding current directory to system path                                                                                                                     __init__.py:66
           DEBUG    Finding namespace plugins                                                                                                                                     _utils.py:81
           DEBUG    Found generator: ArticlesGenerator (internal)                                                                                                              __init__.py:209
           DEBUG    Found generator: PagesGenerator (internal)                                                                                                                 __init__.py:209
           DEBUG    Found generator: StaticGenerator (internal)                                                                                                                __init__.py:209
           DEBUG    Template list: ['!simple/archives.html', '!simple/article.html', '!simple/author.html', '!simple/authors.html', '!simple/base.html',                      generators.py:70
                    '!simple/categories.html', '!simple/category.html', '!simple/gosquared.html', '!simple/index.html', '!simple/page.html', '!simple/pagination.html',                       
                    '!simple/period_archives.html', '!simple/tag.html', '!simple/tags.html', '!simple/translations.html', '!theme/analytics.html', '!theme/archives.html',                    
                    '!theme/article.html', '!theme/article_stub.html', '!theme/author.html', '!theme/base.html', '!theme/category.html', '!theme/disqus.html',                                
                    '!theme/index.html', '!theme/page.html', '!theme/pagination.html', '!theme/tag.html', '!theme/tags.html', '!theme/translations.html', 'analytics.html',                   
                    'archives.html', 'article.html', 'article_stub.html', 'author.html', 'authors.html', 'base.html', 'categories.html', 'category.html', 'disqus.html',                      
                    'gosquared.html', 'index.html', 'page.html', 'pagination.html', 'period_archives.html', 'tag.html', 'tags.html', 'translations.html']                                     
           DEBUG    Read file blog/how-to-track-python-script-completion.rst -> Article                                                                                         readers.py:547
           DEBUG    Signal article_generator_preread.send(ArticlesGenerator)                                                                                                    readers.py:560
[20:43:33] ERROR    Could not process blog/how-to-track-python-script-completion.rst                                                                                                 log.py:96
                    /home/erick/Desktop/Projects/pythonmarketer.com/content/blog/how-to-track-python-script-completion.rst:14: (WARNING/2) Cannot analyze code. No Pygments lexer             
                    found for "wp-block-preformatted".                                                                                                                                        
                    Traceback (most recent call last):                                                                                                                                        
                      File "/home/erick/Desktop/Projects/sandbox/lib/python3.11/site-packages/docutils/utils/code_analyzer.py", line 64, in __init__                                          
                        self.lexer = get_lexer_by_name(self.language)                                                                                                                         
                                     ^^^^^^^^^^^^^^^^^^^^^^^^^^^^^^^^                                                                                                                         
                      File "/home/erick/Desktop/Projects/sandbox/lib/python3.11/site-packages/pygments/lexers/__init__.py", line 131, in get_lexer_by_name                                    
                        raise ClassNotFound('no lexer for alias %r found' % _alias)                                                                                                           
                    pygments.util.ClassNotFound: no lexer for alias 'wp-block-preformatted' found                                                                                             
                                                                                                                                                                                              
                    During handling of the above exception, another exception occurred:                                                                                                       
                                                                                                                                                                                              
                    Traceback (most recent call last):                                                                                                                                        
                      File "/home/erick/Desktop/Projects/sandbox/lib/python3.11/site-packages/docutils/parsers/rst/directives/body.py", line 159, in run                                      
                        tokens = Lexer('\n'.join(self.content), language,                                                                                                                     
                                 ^^^^^^^^^^^^^^^^^^^^^^^^^^^^^^^^^^^^^^^^                                                                                                                     
                      File "/home/erick/Desktop/Projects/sandbox/lib/python3.11/site-packages/docutils/utils/code_analyzer.py", line 66, in __init__                                          
                        raise LexerError('Cannot analyze code. '                                                                                                                              
                    docutils.utils.code_analyzer.LexerError: Cannot analyze code. No Pygments lexer found for "wp-block-preformatted".                                                        
                                                                                                                                                                                              
                    During handling of the above exception, another exception occurred:                                                                                                       
                                                                                                                                                                                              
                    Traceback (most recent call last):                                                                                                                                        
                      File "/home/erick/Desktop/Projects/sandbox/lib/python3.11/site-packages/docutils/parsers/rst/states.py", line 2154, in run_directive                                    
                        result = directive_instance.run()                                                                                                                                     
                                 ^^^^^^^^^^^^^^^^^^^^^^^^                                                                                                                                     
                      File "/home/erick/Desktop/Projects/sandbox/lib/python3.11/site-packages/docutils/parsers/rst/directives/body.py", line 166, in run                                      
                        raise self.warning(error)                                                                                                                                             
                    docutils.parsers.rst.DirectiveError                                                                                                                                       
                                                                                                                                                                                              
                    During handling of the above exception, another exception occurred:                                                                                                       
                                                                                                                                                                                              
                    Traceback (most recent call last):                                                                                                                                        
                      File "/home/erick/Desktop/Projects/sandbox/lib/python3.11/site-packages/pelican/generators.py", line 627, in generate_context                                           
                        article = self.readers.read_file(                                                                                                                                     
                                  ^^^^^^^^^^^^^^^^^^^^^^^                                                                                                                                     
                      File "/home/erick/Desktop/Projects/sandbox/lib/python3.11/site-packages/pelican/readers.py", line 580, in read_file                                                     
                        content, reader_metadata = reader.read(path)                                                                                                                          
                                                   ^^^^^^^^^^^^^^^^^                                                                                                                          
                      File "/home/erick/Desktop/Projects/sandbox/lib/python3.11/site-packages/pelican/readers.py", line 278, in read                                                          
                        pub = self._get_publisher(source_path)                                                                                                                                
                              ^^^^^^^^^^^^^^^^^^^^^^^^^^^^^^^^                                                                                                                                
                      File "/home/erick/Desktop/Projects/sandbox/lib/python3.11/site-packages/pelican/readers.py", line 273, in _get_publisher                                                
                        pub.publish()                                                                                                                                                         
                      File "/home/erick/Desktop/Projects/sandbox/lib/python3.11/site-packages/docutils/core.py", line 224, in publish                                                         
                        self.document = self.reader.read(self.source, self.parser,                                                                                                            
                                        ^^^^^^^^^^^^^^^^^^^^^^^^^^^^^^^^^^^^^^^^^^                                                                                                            
                      File "/home/erick/Desktop/Projects/sandbox/lib/python3.11/site-packages/docutils/readers/__init__.py", line 70, in read                                                 
                        self.parse()                                                                                                                                                          
                      File "/home/erick/Desktop/Projects/sandbox/lib/python3.11/site-packages/docutils/readers/__init__.py", line 76, in parse                                                
                        self.parser.parse(self.input, document)                                                                                                                               
                      File "/home/erick/Desktop/Projects/sandbox/lib/python3.11/site-packages/docutils/parsers/rst/__init__.py", line 185, in parse                                           
                        self.statemachine.run(inputlines, document, inliner=self.inliner)                                                                                                     
                      File "/home/erick/Desktop/Projects/sandbox/lib/python3.11/site-packages/docutils/parsers/rst/states.py", line 169, in run                                               
                        results = StateMachineWS.run(self, input_lines, input_offset,                                                                                                         
                                  ^^^^^^^^^^^^^^^^^^^^^^^^^^^^^^^^^^^^^^^^^^^^^^^^^^^                                                                                                         
                      File "/home/erick/Desktop/Projects/sandbox/lib/python3.11/site-packages/docutils/statemachine.py", line 233, in run                                                     
                        context, next_state, result = self.check_line(                                                                                                                        
                                                      ^^^^^^^^^^^^^^^^                                                                                                                        
                      File "/home/erick/Desktop/Projects/sandbox/lib/python3.11/site-packages/docutils/statemachine.py", line 445, in check_line                                              
                        return method(match, context, next_state)                                                                                                                             
                               ^^^^^^^^^^^^^^^^^^^^^^^^^^^^^^^^^^                                                                                                                             
                      File "/home/erick/Desktop/Projects/sandbox/lib/python3.11/site-packages/docutils/parsers/rst/states.py", line 2785, in underline                                        
                        self.section(title, source, style, lineno - 1, messages)                                                                                                              
                      File "/home/erick/Desktop/Projects/sandbox/lib/python3.11/site-packages/docutils/parsers/rst/states.py", line 325, in section                                           
                        self.new_subsection(title, lineno, messages)                                                                                                                          
                      File "/home/erick/Desktop/Projects/sandbox/lib/python3.11/site-packages/docutils/parsers/rst/states.py", line 391, in new_subsection                                    
                        newabsoffset = self.nested_parse(                                                                                                                                     
                                       ^^^^^^^^^^^^^^^^^^                                                                                                                                     
                      File "/home/erick/Desktop/Projects/sandbox/lib/python3.11/site-packages/docutils/parsers/rst/states.py", line 279, in nested_parse                                      
                        state_machine.run(block, input_offset, memo=self.memo,                                                                                                                
                      File "/home/erick/Desktop/Projects/sandbox/lib/python3.11/site-packages/docutils/parsers/rst/states.py", line 195, in run                                               
                        results = StateMachineWS.run(self, input_lines, input_offset)                                                                                                         
                                  ^^^^^^^^^^^^^^^^^^^^^^^^^^^^^^^^^^^^^^^^^^^^^^^^^^^                                                                                                         
                      File "/home/erick/Desktop/Projects/sandbox/lib/python3.11/site-packages/docutils/statemachine.py", line 233, in run                                                     
                        context, next_state, result = self.check_line(                                                                                                                        
                                                      ^^^^^^^^^^^^^^^^                                                                                                                        
                      File "/home/erick/Desktop/Projects/sandbox/lib/python3.11/site-packages/docutils/statemachine.py", line 445, in check_line                                              
                        return method(match, context, next_state)                                                                                                                             
                               ^^^^^^^^^^^^^^^^^^^^^^^^^^^^^^^^^^                                                                                                                             
                      File "/home/erick/Desktop/Projects/sandbox/lib/python3.11/site-packages/docutils/parsers/rst/states.py", line 2355, in explicit_markup                                  
                        nodelist, blank_finish = self.explicit_construct(match)                                                                                                               
                                                 ^^^^^^^^^^^^^^^^^^^^^^^^^^^^^^                                                                                                               
                      File "/home/erick/Desktop/Projects/sandbox/lib/python3.11/site-packages/docutils/parsers/rst/states.py", line 2367, in explicit_construct                               
                        return method(self, expmatch)                                                                                                                                         
                               ^^^^^^^^^^^^^^^^^^^^^^                                                                                                                                         
                      File "/home/erick/Desktop/Projects/sandbox/lib/python3.11/site-packages/docutils/parsers/rst/states.py", line 2104, in directive                                        
                        return self.run_directive(                                                                                                                                            
                               ^^^^^^^^^^^^^^^^^^^                                                                                                                                            
                      File "/home/erick/Desktop/Projects/sandbox/lib/python3.11/site-packages/docutils/parsers/rst/states.py", line 2156, in run_directive                                    
                        msg_node = self.reporter.system_message(error.level, error.msg,                                                                                                       
                                   ^^^^^^^^^^^^^^^^^^^^^^^^^^^^^^^^^^^^^^^^^^^^^^^^^^^^                                                                                                       
                      File "/home/erick/Desktop/Projects/sandbox/lib/python3.11/site-packages/docutils/utils/__init__.py", line 196, in system_message                                        
                        raise SystemMessage(msg, level)                                                                                                                                       
                    docutils.utils.SystemMessage: /home/erick/Desktop/Projects/pythonmarketer.com/content/blog/how-to-track-python-script-completion.rst:14: (WARNING/2) Cannot               
                    analyze code. No Pygments lexer found for "wp-block-preformatted".                                                                                                        
           DEBUG    Read file blog/1376.rst -> Article                                                                                                                          readers.py:547
           DEBUG    Signal article_generator_context.send(ArticlesGenerator, <metadata>)                                                                                        readers.py:627
           DEBUG    Read file blog/datasets-plotting-using-jupyter-pandas-and-matplotlib.rst -> Article                                                                         readers.py:547
           ERROR    Could not process blog/datasets-plotting-using-jupyter-pandas-and-matplotlib.rst                                                                                 log.py:96
                    /home/erick/Desktop/Projects/pythonmarketer.com/content/blog/datasets-plotting-using-jupyter-pandas-and-matplotlib.rst:21: (WARNING/2) Inline strong                      
                    start-string without end-string.                                                                                                                                          
                    Traceback (most recent call last):                                                                                                                                        
                      File "/home/erick/Desktop/Projects/sandbox/lib/python3.11/site-packages/pelican/generators.py", line 627, in generate_context                                           
                        article = self.readers.read_file(                                                                                                                                     
                                  ^^^^^^^^^^^^^^^^^^^^^^^                                                                                                                                     
                      File "/home/erick/Desktop/Projects/sandbox/lib/python3.11/site-packages/pelican/readers.py", line 580, in read_file                                                     
                        content, reader_metadata = reader.read(path)                                                                                                                          
                                                   ^^^^^^^^^^^^^^^^^                                                                                                                          
                      File "/home/erick/Desktop/Projects/sandbox/lib/python3.11/site-packages/pelican/readers.py", line 278, in read                                                          
                        pub = self._get_publisher(source_path)                                                                                                                                
                              ^^^^^^^^^^^^^^^^^^^^^^^^^^^^^^^^                                                                                                                                
                      File "/home/erick/Desktop/Projects/sandbox/lib/python3.11/site-packages/pelican/readers.py", line 273, in _get_publisher                                                
                        pub.publish()                                                                                                                                                         
                      File "/home/erick/Desktop/Projects/sandbox/lib/python3.11/site-packages/docutils/core.py", line 224, in publish                                                         
                        self.document = self.reader.read(self.source, self.parser,                                                                                                            
                                        ^^^^^^^^^^^^^^^^^^^^^^^^^^^^^^^^^^^^^^^^^^                                                                                                            
                      File "/home/erick/Desktop/Projects/sandbox/lib/python3.11/site-packages/docutils/readers/__init__.py", line 70, in read                                                 
                        self.parse()                                                                                                                                                          
                      File "/home/erick/Desktop/Projects/sandbox/lib/python3.11/site-packages/docutils/readers/__init__.py", line 76, in parse                                                
                        self.parser.parse(self.input, document)                                                                                                                               
                      File "/home/erick/Desktop/Projects/sandbox/lib/python3.11/site-packages/docutils/parsers/rst/__init__.py", line 185, in parse                                           
                        self.statemachine.run(inputlines, document, inliner=self.inliner)                                                                                                     
                      File "/home/erick/Desktop/Projects/sandbox/lib/python3.11/site-packages/docutils/parsers/rst/states.py", line 169, in run                                               
                        results = StateMachineWS.run(self, input_lines, input_offset,                                                                                                         
                                  ^^^^^^^^^^^^^^^^^^^^^^^^^^^^^^^^^^^^^^^^^^^^^^^^^^^                                                                                                         
                      File "/home/erick/Desktop/Projects/sandbox/lib/python3.11/site-packages/docutils/statemachine.py", line 233, in run                                                     
                        context, next_state, result = self.check_line(                                                                                                                        
                                                      ^^^^^^^^^^^^^^^^                                                                                                                        
                      File "/home/erick/Desktop/Projects/sandbox/lib/python3.11/site-packages/docutils/statemachine.py", line 445, in check_line                                              
                        return method(match, context, next_state)                                                                                                                             
                               ^^^^^^^^^^^^^^^^^^^^^^^^^^^^^^^^^^                                                                                                                             
                      File "/home/erick/Desktop/Projects/sandbox/lib/python3.11/site-packages/docutils/parsers/rst/states.py", line 2785, in underline                                        
                        self.section(title, source, style, lineno - 1, messages)                                                                                                              
                      File "/home/erick/Desktop/Projects/sandbox/lib/python3.11/site-packages/docutils/parsers/rst/states.py", line 325, in section                                           
                        self.new_subsection(title, lineno, messages)                                                                                                                          
                      File "/home/erick/Desktop/Projects/sandbox/lib/python3.11/site-packages/docutils/parsers/rst/states.py", line 391, in new_subsection                                    
                        newabsoffset = self.nested_parse(                                                                                                                                     
                                       ^^^^^^^^^^^^^^^^^^                                                                                                                                     
                      File "/home/erick/Desktop/Projects/sandbox/lib/python3.11/site-packages/docutils/parsers/rst/states.py", line 279, in nested_parse                                      
                        state_machine.run(block, input_offset, memo=self.memo,                                                                                                                
                      File "/home/erick/Desktop/Projects/sandbox/lib/python3.11/site-packages/docutils/parsers/rst/states.py", line 195, in run                                               
                        results = StateMachineWS.run(self, input_lines, input_offset)                                                                                                         
                                  ^^^^^^^^^^^^^^^^^^^^^^^^^^^^^^^^^^^^^^^^^^^^^^^^^^^                                                                                                         
                      File "/home/erick/Desktop/Projects/sandbox/lib/python3.11/site-packages/docutils/statemachine.py", line 233, in run                                                     
                        context, next_state, result = self.check_line(                                                                                                                        
                                                      ^^^^^^^^^^^^^^^^                                                                                                                        
                      File "/home/erick/Desktop/Projects/sandbox/lib/python3.11/site-packages/docutils/statemachine.py", line 445, in check_line                                              
                        return method(match, context, next_state)                                                                                                                             
                               ^^^^^^^^^^^^^^^^^^^^^^^^^^^^^^^^^^                                                                                                                             
                      File "/home/erick/Desktop/Projects/sandbox/lib/python3.11/site-packages/docutils/parsers/rst/states.py", line 2785, in underline                                        
                        self.section(title, source, style, lineno - 1, messages)                                                                                                              
                      File "/home/erick/Desktop/Projects/sandbox/lib/python3.11/site-packages/docutils/parsers/rst/states.py", line 325, in section                                           
                        self.new_subsection(title, lineno, messages)                                                                                                                          
                      File "/home/erick/Desktop/Projects/sandbox/lib/python3.11/site-packages/docutils/parsers/rst/states.py", line 391, in new_subsection                                    
                        newabsoffset = self.nested_parse(                                                                                                                                     
                                       ^^^^^^^^^^^^^^^^^^                                                                                                                                     
                      File "/home/erick/Desktop/Projects/sandbox/lib/python3.11/site-packages/docutils/parsers/rst/states.py", line 279, in nested_parse                                      
                        state_machine.run(block, input_offset, memo=self.memo,                                                                                                                
                      File "/home/erick/Desktop/Projects/sandbox/lib/python3.11/site-packages/docutils/parsers/rst/states.py", line 195, in run                                               
                        results = StateMachineWS.run(self, input_lines, input_offset)                                                                                                         
                                  ^^^^^^^^^^^^^^^^^^^^^^^^^^^^^^^^^^^^^^^^^^^^^^^^^^^                                                                                                         
                      File "/home/erick/Desktop/Projects/sandbox/lib/python3.11/site-packages/docutils/statemachine.py", line 233, in run                                                     
                        context, next_state, result = self.check_line(                                                                                                                        
                                                      ^^^^^^^^^^^^^^^^                                                                                                                        
                      File "/home/erick/Desktop/Projects/sandbox/lib/python3.11/site-packages/docutils/statemachine.py", line 445, in check_line                                              
                        return method(match, context, next_state)                                                                                                                             
                               ^^^^^^^^^^^^^^^^^^^^^^^^^^^^^^^^^^                                                                                                                             
                      File "/home/erick/Desktop/Projects/sandbox/lib/python3.11/site-packages/docutils/parsers/rst/states.py", line 2716, in blank                                            
                        paragraph, literalnext = self.paragraph(                                                                                                                              
                                                 ^^^^^^^^^^^^^^^                                                                                                                              
                      File "/home/erick/Desktop/Projects/sandbox/lib/python3.11/site-packages/docutils/parsers/rst/states.py", line 416, in paragraph                                         
                        textnodes, messages = self.inline_text(text, lineno)                                                                                                                  
                                              ^^^^^^^^^^^^^^^^^^^^^^^^^^^^^^                                                                                                                  
                      File "/home/erick/Desktop/Projects/sandbox/lib/python3.11/site-packages/docutils/parsers/rst/states.py", line 425, in inline_text                                       
                        nodes, messages = self.inliner.parse(text, lineno,                                                                                                                    
                                          ^^^^^^^^^^^^^^^^^^^^^^^^^^^^^^^^                                                                                                                    
                      File "/home/erick/Desktop/Projects/sandbox/lib/python3.11/site-packages/docutils/parsers/rst/states.py", line 649, in parse                                             
                        before, inlines, remaining, sysmessages = method(self, match,                                                                                                         
                                                                  ^^^^^^^^^^^^^^^^^^^                                                                                                         
                      File "/home/erick/Desktop/Projects/sandbox/lib/python3.11/site-packages/docutils/parsers/rst/states.py", line 747, in strong                                            
                        before, inlines, remaining, sysmessages, endstring = self.inline_obj(                                                                                                 
                                                                             ^^^^^^^^^^^^^^^^                                                                                                 
                      File "/home/erick/Desktop/Projects/sandbox/lib/python3.11/site-packages/docutils/parsers/rst/states.py", line 727, in inline_obj                                        
                        msg = self.reporter.warning(                                                                                                                                          
                              ^^^^^^^^^^^^^^^^^^^^^^                                                                                                                                          
                      File "/home/erick/Desktop/Projects/sandbox/lib/python3.11/site-packages/docutils/utils/__init__.py", line 223, in warning                                               
                        return self.system_message(self.WARNING_LEVEL, *args, **kwargs)                                                                                                       
                               ^^^^^^^^^^^^^^^^^^^^^^^^^^^^^^^^^^^^^^^^^^^^^^^^^^^^^^^^                                                                                                       
                      File "/home/erick/Desktop/Projects/sandbox/lib/python3.11/site-packages/docutils/utils/__init__.py", line 196, in system_message                                        
                        raise SystemMessage(msg, level)                                                                                                                                       
                    docutils.utils.SystemMessage: /home/erick/Desktop/Projects/pythonmarketer.com/content/blog/datasets-plotting-using-jupyter-pandas-and-matplotlib.rst:21:                  
                    (WARNING/2) Inline strong start-string without end-string.                                                                                                                
           DEBUG    Read file blog/a-brief-summary-of-promising-python-static-site-generators.rst -> Article                                                                    readers.py:547
           DEBUG    Read file blog/5650.rst -> Article                                                                                                                          readers.py:547
           DEBUG    Read file blog/wtf-is-a-regression.rst -> Article                                                                                                           readers.py:547
           ERROR    Could not process blog/wtf-is-a-regression.rst                                                                                                                   log.py:96
                    /home/erick/Desktop/Projects/pythonmarketer.com/content/blog/wtf-is-a-regression.rst:25: (WARNING/2) Inline strong start-string without end-string.                       
                    Traceback (most recent call last):                                                                                                                                        
                      File "/home/erick/Desktop/Projects/sandbox/lib/python3.11/site-packages/pelican/generators.py", line 627, in generate_context                                           
                        article = self.readers.read_file(                                                                                                                                     
                                  ^^^^^^^^^^^^^^^^^^^^^^^                                                                                                                                     
                      File "/home/erick/Desktop/Projects/sandbox/lib/python3.11/site-packages/pelican/readers.py", line 580, in read_file                                                     
                        content, reader_metadata = reader.read(path)                                                                                                                          
                                                   ^^^^^^^^^^^^^^^^^                                                                                                                          
                      File "/home/erick/Desktop/Projects/sandbox/lib/python3.11/site-packages/pelican/readers.py", line 278, in read                                                          
                        pub = self._get_publisher(source_path)                                                                                                                                
                              ^^^^^^^^^^^^^^^^^^^^^^^^^^^^^^^^                                                                                                                                
                      File "/home/erick/Desktop/Projects/sandbox/lib/python3.11/site-packages/pelican/readers.py", line 273, in _get_publisher                                                
                        pub.publish()                                                                                                                                                         
                      File "/home/erick/Desktop/Projects/sandbox/lib/python3.11/site-packages/docutils/core.py", line 224, in publish                                                         
                        self.document = self.reader.read(self.source, self.parser,                                                                                                            
                                        ^^^^^^^^^^^^^^^^^^^^^^^^^^^^^^^^^^^^^^^^^^                                                                                                            
                      File "/home/erick/Desktop/Projects/sandbox/lib/python3.11/site-packages/docutils/readers/__init__.py", line 70, in read                                                 
                        self.parse()                                                                                                                                                          
                      File "/home/erick/Desktop/Projects/sandbox/lib/python3.11/site-packages/docutils/readers/__init__.py", line 76, in parse                                                
                        self.parser.parse(self.input, document)                                                                                                                               
                      File "/home/erick/Desktop/Projects/sandbox/lib/python3.11/site-packages/docutils/parsers/rst/__init__.py", line 185, in parse                                           
                        self.statemachine.run(inputlines, document, inliner=self.inliner)                                                                                                     
                      File "/home/erick/Desktop/Projects/sandbox/lib/python3.11/site-packages/docutils/parsers/rst/states.py", line 169, in run                                               
                        results = StateMachineWS.run(self, input_lines, input_offset,                                                                                                         
                                  ^^^^^^^^^^^^^^^^^^^^^^^^^^^^^^^^^^^^^^^^^^^^^^^^^^^                                                                                                         
                      File "/home/erick/Desktop/Projects/sandbox/lib/python3.11/site-packages/docutils/statemachine.py", line 233, in run                                                     
                        context, next_state, result = self.check_line(                                                                                                                        
                                                      ^^^^^^^^^^^^^^^^                                                                                                                        
                      File "/home/erick/Desktop/Projects/sandbox/lib/python3.11/site-packages/docutils/statemachine.py", line 445, in check_line                                              
                        return method(match, context, next_state)                                                                                                                             
                               ^^^^^^^^^^^^^^^^^^^^^^^^^^^^^^^^^^                                                                                                                             
                      File "/home/erick/Desktop/Projects/sandbox/lib/python3.11/site-packages/docutils/parsers/rst/states.py", line 2785, in underline                                        
                        self.section(title, source, style, lineno - 1, messages)                                                                                                              
                      File "/home/erick/Desktop/Projects/sandbox/lib/python3.11/site-packages/docutils/parsers/rst/states.py", line 325, in section                                           
                        self.new_subsection(title, lineno, messages)                                                                                                                          
                      File "/home/erick/Desktop/Projects/sandbox/lib/python3.11/site-packages/docutils/parsers/rst/states.py", line 391, in new_subsection                                    
                        newabsoffset = self.nested_parse(                                                                                                                                     
                                       ^^^^^^^^^^^^^^^^^^                                                                                                                                     
                      File "/home/erick/Desktop/Projects/sandbox/lib/python3.11/site-packages/docutils/parsers/rst/states.py", line 279, in nested_parse                                      
                        state_machine.run(block, input_offset, memo=self.memo,                                                                                                                
                      File "/home/erick/Desktop/Projects/sandbox/lib/python3.11/site-packages/docutils/parsers/rst/states.py", line 195, in run                                               
                        results = StateMachineWS.run(self, input_lines, input_offset)                                                                                                         
                                  ^^^^^^^^^^^^^^^^^^^^^^^^^^^^^^^^^^^^^^^^^^^^^^^^^^^                                                                                                         
                      File "/home/erick/Desktop/Projects/sandbox/lib/python3.11/site-packages/docutils/statemachine.py", line 233, in run                                                     
                        context, next_state, result = self.check_line(                                                                                                                        
                                                      ^^^^^^^^^^^^^^^^                                                                                                                        
                      File "/home/erick/Desktop/Projects/sandbox/lib/python3.11/site-packages/docutils/statemachine.py", line 445, in check_line                                              
                        return method(match, context, next_state)                                                                                                                             
                               ^^^^^^^^^^^^^^^^^^^^^^^^^^^^^^^^^^                                                                                                                             
                      File "/home/erick/Desktop/Projects/sandbox/lib/python3.11/site-packages/docutils/parsers/rst/states.py", line 1170, in indent                                           
                        elements = self.block_quote(indented, line_offset)                                                                                                                    
                                   ^^^^^^^^^^^^^^^^^^^^^^^^^^^^^^^^^^^^^^^                                                                                                                    
                      File "/home/erick/Desktop/Projects/sandbox/lib/python3.11/site-packages/docutils/parsers/rst/states.py", line 1187, in block_quote                                      
                        self.nested_parse(blockquote_lines, line_offset, blockquote)                                                                                                          
                      File "/home/erick/Desktop/Projects/sandbox/lib/python3.11/site-packages/docutils/parsers/rst/states.py", line 279, in nested_parse                                      
                        state_machine.run(block, input_offset, memo=self.memo,                                                                                                                
                      File "/home/erick/Desktop/Projects/sandbox/lib/python3.11/site-packages/docutils/parsers/rst/states.py", line 195, in run                                               
                        results = StateMachineWS.run(self, input_lines, input_offset)                                                                                                         
                                  ^^^^^^^^^^^^^^^^^^^^^^^^^^^^^^^^^^^^^^^^^^^^^^^^^^^                                                                                                         
                      File "/home/erick/Desktop/Projects/sandbox/lib/python3.11/site-packages/docutils/statemachine.py", line 233, in run                                                     
                        context, next_state, result = self.check_line(                                                                                                                        
                                                      ^^^^^^^^^^^^^^^^                                                                                                                        
                      File "/home/erick/Desktop/Projects/sandbox/lib/python3.11/site-packages/docutils/statemachine.py", line 445, in check_line                                              
                        return method(match, context, next_state)                                                                                                                             
                               ^^^^^^^^^^^^^^^^^^^^^^^^^^^^^^^^^^                                                                                                                             
                      File "/home/erick/Desktop/Projects/sandbox/lib/python3.11/site-packages/docutils/parsers/rst/states.py", line 2716, in blank                                            
                        paragraph, literalnext = self.paragraph(                                                                                                                              
                                                 ^^^^^^^^^^^^^^^                                                                                                                              
                      File "/home/erick/Desktop/Projects/sandbox/lib/python3.11/site-packages/docutils/parsers/rst/states.py", line 416, in paragraph                                         
                        textnodes, messages = self.inline_text(text, lineno)                                                                                                                  
                                              ^^^^^^^^^^^^^^^^^^^^^^^^^^^^^^                                                                                                                  
                      File "/home/erick/Desktop/Projects/sandbox/lib/python3.11/site-packages/docutils/parsers/rst/states.py", line 425, in inline_text                                       
                        nodes, messages = self.inliner.parse(text, lineno,                                                                                                                    
                                          ^^^^^^^^^^^^^^^^^^^^^^^^^^^^^^^^                                                                                                                    
                      File "/home/erick/Desktop/Projects/sandbox/lib/python3.11/site-packages/docutils/parsers/rst/states.py", line 649, in parse                                             
                        before, inlines, remaining, sysmessages = method(self, match,                                                                                                         
                                                                  ^^^^^^^^^^^^^^^^^^^                                                                                                         
                      File "/home/erick/Desktop/Projects/sandbox/lib/python3.11/site-packages/docutils/parsers/rst/states.py", line 747, in strong                                            
                        before, inlines, remaining, sysmessages, endstring = self.inline_obj(                                                                                                 
                                                                             ^^^^^^^^^^^^^^^^                                                                                                 
                      File "/home/erick/Desktop/Projects/sandbox/lib/python3.11/site-packages/docutils/parsers/rst/states.py", line 727, in inline_obj                                        
                        msg = self.reporter.warning(                                                                                                                                          
                              ^^^^^^^^^^^^^^^^^^^^^^                                                                                                                                          
                      File "/home/erick/Desktop/Projects/sandbox/lib/python3.11/site-packages/docutils/utils/__init__.py", line 223, in warning                                               
                        return self.system_message(self.WARNING_LEVEL, *args, **kwargs)                                                                                                       
                               ^^^^^^^^^^^^^^^^^^^^^^^^^^^^^^^^^^^^^^^^^^^^^^^^^^^^^^^^                                                                                                       
                      File "/home/erick/Desktop/Projects/sandbox/lib/python3.11/site-packages/docutils/utils/__init__.py", line 196, in system_message                                        
                        raise SystemMessage(msg, level)                                                                                                                                       
                    docutils.utils.SystemMessage: /home/erick/Desktop/Projects/pythonmarketer.com/content/blog/wtf-is-a-regression.rst:25: (WARNING/2) Inline strong start-string             
                    without end-string.                                                                                                                                                       
           DEBUG    Read file blog/a-quick-windows-command-line-tab-key-shortcut.rst -> Article                                                                                 readers.py:547
           WARNING  Empty alt attribute for image commandprompt.webp?w=1024 in                                                                                                       log.py:91
                    /home/erick/Desktop/Projects/pythonmarketer.com/content/blog/a-quick-windows-command-line-tab-key-shortcut.rst                                                            
           DEBUG    Read file blog/getting-people-to-use-software-is-hard.rst -> Article                                                                                        readers.py:547
           DEBUG    Read file blog/app-review-why-you-should-use-pocket-to-save-your-reads.rst -> Article                                                                       readers.py:547
           DEBUG    Read file blog/so-you-want-to-learn-python.rst -> Article                                                                                                   readers.py:547
           ERROR    Could not process blog/so-you-want-to-learn-python.rst                                                                                                           log.py:96
                    /home/erick/Desktop/Projects/pythonmarketer.com/content/blog/so-you-want-to-learn-python.rst:28: (WARNING/2) Cannot analyze code. No Pygments lexer found for             
                    "wp-block-preformatted".                                                                                                                                                  
                    Traceback (most recent call last):                                                                                                                                        
                      File "/home/erick/Desktop/Projects/sandbox/lib/python3.11/site-packages/docutils/utils/code_analyzer.py", line 64, in __init__                                          
                        self.lexer = get_lexer_by_name(self.language)                                                                                                                         
                                     ^^^^^^^^^^^^^^^^^^^^^^^^^^^^^^^^                                                                                                                         
                      File "/home/erick/Desktop/Projects/sandbox/lib/python3.11/site-packages/pygments/lexers/__init__.py", line 131, in get_lexer_by_name                                    
                        raise ClassNotFound('no lexer for alias %r found' % _alias)                                                                                                           
                    pygments.util.ClassNotFound: no lexer for alias 'wp-block-preformatted' found                                                                                             
                                                                                                                                                                                              
                    During handling of the above exception, another exception occurred:                                                                                                       
                                                                                                                                                                                              
                    Traceback (most recent call last):                                                                                                                                        
                      File "/home/erick/Desktop/Projects/sandbox/lib/python3.11/site-packages/docutils/parsers/rst/directives/body.py", line 159, in run                                      
                        tokens = Lexer('\n'.join(self.content), language,                                                                                                                     
                                 ^^^^^^^^^^^^^^^^^^^^^^^^^^^^^^^^^^^^^^^^                                                                                                                     
                      File "/home/erick/Desktop/Projects/sandbox/lib/python3.11/site-packages/docutils/utils/code_analyzer.py", line 66, in __init__                                          
                        raise LexerError('Cannot analyze code. '                                                                                                                              
                    docutils.utils.code_analyzer.LexerError: Cannot analyze code. No Pygments lexer found for "wp-block-preformatted".                                                        
                                                                                                                                                                                              
                    During handling of the above exception, another exception occurred:                                                                                                       
                                                                                                                                                                                              
                    Traceback (most recent call last):                                                                                                                                        
                      File "/home/erick/Desktop/Projects/sandbox/lib/python3.11/site-packages/docutils/parsers/rst/states.py", line 2154, in run_directive                                    
                        result = directive_instance.run()                                                                                                                                     
                                 ^^^^^^^^^^^^^^^^^^^^^^^^                                                                                                                                     
                      File "/home/erick/Desktop/Projects/sandbox/lib/python3.11/site-packages/docutils/parsers/rst/directives/body.py", line 166, in run                                      
                        raise self.warning(error)                                                                                                                                             
                    docutils.parsers.rst.DirectiveError                                                                                                                                       
                                                                                                                                                                                              
                    During handling of the above exception, another exception occurred:                                                                                                       
                                                                                                                                                                                              
                    Traceback (most recent call last):                                                                                                                                        
                      File "/home/erick/Desktop/Projects/sandbox/lib/python3.11/site-packages/pelican/generators.py", line 627, in generate_context                                           
                        article = self.readers.read_file(                                                                                                                                     
                                  ^^^^^^^^^^^^^^^^^^^^^^^                                                                                                                                     
                      File "/home/erick/Desktop/Projects/sandbox/lib/python3.11/site-packages/pelican/readers.py", line 580, in read_file                                                     
                        content, reader_metadata = reader.read(path)                                                                                                                          
                                                   ^^^^^^^^^^^^^^^^^                                                                                                                          
                      File "/home/erick/Desktop/Projects/sandbox/lib/python3.11/site-packages/pelican/readers.py", line 278, in read                                                          
                        pub = self._get_publisher(source_path)                                                                                                                                
                              ^^^^^^^^^^^^^^^^^^^^^^^^^^^^^^^^                                                                                                                                
                      File "/home/erick/Desktop/Projects/sandbox/lib/python3.11/site-packages/pelican/readers.py", line 273, in _get_publisher                                                
                        pub.publish()                                                                                                                                                         
                      File "/home/erick/Desktop/Projects/sandbox/lib/python3.11/site-packages/docutils/core.py", line 224, in publish                                                         
                        self.document = self.reader.read(self.source, self.parser,                                                                                                            
                                        ^^^^^^^^^^^^^^^^^^^^^^^^^^^^^^^^^^^^^^^^^^                                                                                                            
                      File "/home/erick/Desktop/Projects/sandbox/lib/python3.11/site-packages/docutils/readers/__init__.py", line 70, in read                                                 
                        self.parse()                                                                                                                                                          
                      File "/home/erick/Desktop/Projects/sandbox/lib/python3.11/site-packages/docutils/readers/__init__.py", line 76, in parse                                                
                        self.parser.parse(self.input, document)                                                                                                                               
                      File "/home/erick/Desktop/Projects/sandbox/lib/python3.11/site-packages/docutils/parsers/rst/__init__.py", line 185, in parse                                           
                        self.statemachine.run(inputlines, document, inliner=self.inliner)                                                                                                     
                      File "/home/erick/Desktop/Projects/sandbox/lib/python3.11/site-packages/docutils/parsers/rst/states.py", line 169, in run                                               
                        results = StateMachineWS.run(self, input_lines, input_offset,                                                                                                         
                                  ^^^^^^^^^^^^^^^^^^^^^^^^^^^^^^^^^^^^^^^^^^^^^^^^^^^                                                                                                         
                      File "/home/erick/Desktop/Projects/sandbox/lib/python3.11/site-packages/docutils/statemachine.py", line 233, in run                                                     
                        context, next_state, result = self.check_line(                                                                                                                        
                                                      ^^^^^^^^^^^^^^^^                                                                                                                        
                      File "/home/erick/Desktop/Projects/sandbox/lib/python3.11/site-packages/docutils/statemachine.py", line 445, in check_line                                              
                        return method(match, context, next_state)                                                                                                                             
                               ^^^^^^^^^^^^^^^^^^^^^^^^^^^^^^^^^^                                                                                                                             
                      File "/home/erick/Desktop/Projects/sandbox/lib/python3.11/site-packages/docutils/parsers/rst/states.py", line 2785, in underline                                        
                        self.section(title, source, style, lineno - 1, messages)                                                                                                              
                      File "/home/erick/Desktop/Projects/sandbox/lib/python3.11/site-packages/docutils/parsers/rst/states.py", line 325, in section                                           
                        self.new_subsection(title, lineno, messages)                                                                                                                          
                      File "/home/erick/Desktop/Projects/sandbox/lib/python3.11/site-packages/docutils/parsers/rst/states.py", line 391, in new_subsection                                    
                        newabsoffset = self.nested_parse(                                                                                                                                     
                                       ^^^^^^^^^^^^^^^^^^                                                                                                                                     
                      File "/home/erick/Desktop/Projects/sandbox/lib/python3.11/site-packages/docutils/parsers/rst/states.py", line 279, in nested_parse                                      
                        state_machine.run(block, input_offset, memo=self.memo,                                                                                                                
                      File "/home/erick/Desktop/Projects/sandbox/lib/python3.11/site-packages/docutils/parsers/rst/states.py", line 195, in run                                               
                        results = StateMachineWS.run(self, input_lines, input_offset)                                                                                                         
                                  ^^^^^^^^^^^^^^^^^^^^^^^^^^^^^^^^^^^^^^^^^^^^^^^^^^^                                                                                                         
                      File "/home/erick/Desktop/Projects/sandbox/lib/python3.11/site-packages/docutils/statemachine.py", line 233, in run                                                     
                        context, next_state, result = self.check_line(                                                                                                                        
                                                      ^^^^^^^^^^^^^^^^                                                                                                                        
                      File "/home/erick/Desktop/Projects/sandbox/lib/python3.11/site-packages/docutils/statemachine.py", line 445, in check_line                                              
                        return method(match, context, next_state)                                                                                                                             
                               ^^^^^^^^^^^^^^^^^^^^^^^^^^^^^^^^^^                                                                                                                             
                      File "/home/erick/Desktop/Projects/sandbox/lib/python3.11/site-packages/docutils/parsers/rst/states.py", line 2355, in explicit_markup                                  
                        nodelist, blank_finish = self.explicit_construct(match)                                                                                                               
                                                 ^^^^^^^^^^^^^^^^^^^^^^^^^^^^^^                                                                                                               
                      File "/home/erick/Desktop/Projects/sandbox/lib/python3.11/site-packages/docutils/parsers/rst/states.py", line 2367, in explicit_construct                               
                        return method(self, expmatch)                                                                                                                                         
                               ^^^^^^^^^^^^^^^^^^^^^^                                                                                                                                         
                      File "/home/erick/Desktop/Projects/sandbox/lib/python3.11/site-packages/docutils/parsers/rst/states.py", line 2104, in directive                                        
                        return self.run_directive(                                                                                                                                            
                               ^^^^^^^^^^^^^^^^^^^                                                                                                                                            
                      File "/home/erick/Desktop/Projects/sandbox/lib/python3.11/site-packages/docutils/parsers/rst/states.py", line 2156, in run_directive                                    
                        msg_node = self.reporter.system_message(error.level, error.msg,                                                                                                       
                                   ^^^^^^^^^^^^^^^^^^^^^^^^^^^^^^^^^^^^^^^^^^^^^^^^^^^^                                                                                                       
                      File "/home/erick/Desktop/Projects/sandbox/lib/python3.11/site-packages/docutils/utils/__init__.py", line 196, in system_message                                        
                        raise SystemMessage(msg, level)                                                                                                                                       
                    docutils.utils.SystemMessage: /home/erick/Desktop/Projects/pythonmarketer.com/content/blog/so-you-want-to-learn-python.rst:28: (WARNING/2) Cannot analyze code.           
                    No Pygments lexer found for "wp-block-preformatted".                                                                                                                      
           DEBUG    Read file blog/cleaning-data-with-python.rst -> Article                                                                                                     readers.py:547
           ERROR    Could not process blog/cleaning-data-with-python.rst                                                                                                             log.py:96
                    /home/erick/Desktop/Projects/pythonmarketer.com/content/blog/cleaning-data-with-python.rst:61: (ERROR/3) Content block expected for the "container" directive;            
                    none found.                                                                                                                                                               
                    Traceback (most recent call last):                                                                                                                                        
                      File "/home/erick/Desktop/Projects/sandbox/lib/python3.11/site-packages/docutils/parsers/rst/states.py", line 2154, in run_directive                                    
                        result = directive_instance.run()                                                                                                                                     
                                 ^^^^^^^^^^^^^^^^^^^^^^^^                                                                                                                                     
                      File "/home/erick/Desktop/Projects/sandbox/lib/python3.11/site-packages/docutils/parsers/rst/directives/body.py", line 289, in run                                      
                        self.assert_has_content()                                                                                                                                             
                      File "/home/erick/Desktop/Projects/sandbox/lib/python3.11/site-packages/docutils/parsers/rst/__init__.py", line 376, in assert_has_content                              
                        raise self.error('Content block expected for the "%s" directive; '                                                                                                    
                    docutils.parsers.rst.DirectiveError                                                                                                                                       
                                                                                                                                                                                              
                    During handling of the above exception, another exception occurred:                                                                                                       
                                                                                                                                                                                              
                    Traceback (most recent call last):                                                                                                                                        
                      File "/home/erick/Desktop/Projects/sandbox/lib/python3.11/site-packages/pelican/generators.py", line 627, in generate_context                                           
                        article = self.readers.read_file(                                                                                                                                     
                                  ^^^^^^^^^^^^^^^^^^^^^^^                                                                                                                                     
                      File "/home/erick/Desktop/Projects/sandbox/lib/python3.11/site-packages/pelican/readers.py", line 580, in read_file                                                     
                        content, reader_metadata = reader.read(path)                                                                                                                          
                                                   ^^^^^^^^^^^^^^^^^                                                                                                                          
                      File "/home/erick/Desktop/Projects/sandbox/lib/python3.11/site-packages/pelican/readers.py", line 278, in read                                                          
                        pub = self._get_publisher(source_path)                                                                                                                                
                              ^^^^^^^^^^^^^^^^^^^^^^^^^^^^^^^^                                                                                                                                
                      File "/home/erick/Desktop/Projects/sandbox/lib/python3.11/site-packages/pelican/readers.py", line 273, in _get_publisher                                                
                        pub.publish()                                                                                                                                                         
                      File "/home/erick/Desktop/Projects/sandbox/lib/python3.11/site-packages/docutils/core.py", line 224, in publish                                                         
                        self.document = self.reader.read(self.source, self.parser,                                                                                                            
                                        ^^^^^^^^^^^^^^^^^^^^^^^^^^^^^^^^^^^^^^^^^^                                                                                                            
                      File "/home/erick/Desktop/Projects/sandbox/lib/python3.11/site-packages/docutils/readers/__init__.py", line 70, in read                                                 
                        self.parse()                                                                                                                                                          
                      File "/home/erick/Desktop/Projects/sandbox/lib/python3.11/site-packages/docutils/readers/__init__.py", line 76, in parse                                                
                        self.parser.parse(self.input, document)                                                                                                                               
                      File "/home/erick/Desktop/Projects/sandbox/lib/python3.11/site-packages/docutils/parsers/rst/__init__.py", line 185, in parse                                           
                        self.statemachine.run(inputlines, document, inliner=self.inliner)                                                                                                     
                      File "/home/erick/Desktop/Projects/sandbox/lib/python3.11/site-packages/docutils/parsers/rst/states.py", line 169, in run                                               
                        results = StateMachineWS.run(self, input_lines, input_offset,                                                                                                         
                                  ^^^^^^^^^^^^^^^^^^^^^^^^^^^^^^^^^^^^^^^^^^^^^^^^^^^                                                                                                         
                      File "/home/erick/Desktop/Projects/sandbox/lib/python3.11/site-packages/docutils/statemachine.py", line 233, in run                                                     
                        context, next_state, result = self.check_line(                                                                                                                        
                                                      ^^^^^^^^^^^^^^^^                                                                                                                        
                      File "/home/erick/Desktop/Projects/sandbox/lib/python3.11/site-packages/docutils/statemachine.py", line 445, in check_line                                              
                        return method(match, context, next_state)                                                                                                                             
                               ^^^^^^^^^^^^^^^^^^^^^^^^^^^^^^^^^^                                                                                                                             
                      File "/home/erick/Desktop/Projects/sandbox/lib/python3.11/site-packages/docutils/parsers/rst/states.py", line 2785, in underline                                        
                        self.section(title, source, style, lineno - 1, messages)                                                                                                              
                      File "/home/erick/Desktop/Projects/sandbox/lib/python3.11/site-packages/docutils/parsers/rst/states.py", line 325, in section                                           
                        self.new_subsection(title, lineno, messages)                                                                                                                          
                      File "/home/erick/Desktop/Projects/sandbox/lib/python3.11/site-packages/docutils/parsers/rst/states.py", line 391, in new_subsection                                    
                        newabsoffset = self.nested_parse(                                                                                                                                     
                                       ^^^^^^^^^^^^^^^^^^                                                                                                                                     
                      File "/home/erick/Desktop/Projects/sandbox/lib/python3.11/site-packages/docutils/parsers/rst/states.py", line 279, in nested_parse                                      
                        state_machine.run(block, input_offset, memo=self.memo,                                                                                                                
                      File "/home/erick/Desktop/Projects/sandbox/lib/python3.11/site-packages/docutils/parsers/rst/states.py", line 195, in run                                               
                        results = StateMachineWS.run(self, input_lines, input_offset)                                                                                                         
                                  ^^^^^^^^^^^^^^^^^^^^^^^^^^^^^^^^^^^^^^^^^^^^^^^^^^^                                                                                                         
                      File "/home/erick/Desktop/Projects/sandbox/lib/python3.11/site-packages/docutils/statemachine.py", line 233, in run                                                     
                        context, next_state, result = self.check_line(                                                                                                                        
                                                      ^^^^^^^^^^^^^^^^                                                                                                                        
                      File "/home/erick/Desktop/Projects/sandbox/lib/python3.11/site-packages/docutils/statemachine.py", line 445, in check_line                                              
                        return method(match, context, next_state)                                                                                                                             
                               ^^^^^^^^^^^^^^^^^^^^^^^^^^^^^^^^^^                                                                                                                             
                      File "/home/erick/Desktop/Projects/sandbox/lib/python3.11/site-packages/docutils/parsers/rst/states.py", line 2357, in explicit_markup                                  
                        self.explicit_list(blank_finish)                                                                                                                                      
                      File "/home/erick/Desktop/Projects/sandbox/lib/python3.11/site-packages/docutils/parsers/rst/states.py", line 2382, in explicit_list                                    
                        newline_offset, blank_finish = self.nested_list_parse(                                                                                                                
                                                       ^^^^^^^^^^^^^^^^^^^^^^^                                                                                                                
                      File "/home/erick/Desktop/Projects/sandbox/lib/python3.11/site-packages/docutils/parsers/rst/states.py", line 316, in nested_list_parse                                 
                        state_machine.run(block, input_offset, memo=self.memo,                                                                                                                
                      File "/home/erick/Desktop/Projects/sandbox/lib/python3.11/site-packages/docutils/parsers/rst/states.py", line 195, in run                                               
                        results = StateMachineWS.run(self, input_lines, input_offset)                                                                                                         
                                  ^^^^^^^^^^^^^^^^^^^^^^^^^^^^^^^^^^^^^^^^^^^^^^^^^^^                                                                                                         
                      File "/home/erick/Desktop/Projects/sandbox/lib/python3.11/site-packages/docutils/statemachine.py", line 233, in run                                                     
                        context, next_state, result = self.check_line(                                                                                                                        
                                                      ^^^^^^^^^^^^^^^^                                                                                                                        
                      File "/home/erick/Desktop/Projects/sandbox/lib/python3.11/site-packages/docutils/statemachine.py", line 445, in check_line                                              
                        return method(match, context, next_state)                                                                                                                             
                               ^^^^^^^^^^^^^^^^^^^^^^^^^^^^^^^^^^                                                                                                                             
                      File "/home/erick/Desktop/Projects/sandbox/lib/python3.11/site-packages/docutils/parsers/rst/states.py", line 2660, in explicit_markup                                  
                        nodelist, blank_finish = self.explicit_construct(match)                                                                                                               
                                                 ^^^^^^^^^^^^^^^^^^^^^^^^^^^^^^                                                                                                               
                      File "/home/erick/Desktop/Projects/sandbox/lib/python3.11/site-packages/docutils/parsers/rst/states.py", line 2367, in explicit_construct                               
                        return method(self, expmatch)                                                                                                                                         
                               ^^^^^^^^^^^^^^^^^^^^^^                                                                                                                                         
                      File "/home/erick/Desktop/Projects/sandbox/lib/python3.11/site-packages/docutils/parsers/rst/states.py", line 2104, in directive                                        
                        return self.run_directive(                                                                                                                                            
                               ^^^^^^^^^^^^^^^^^^^                                                                                                                                            
                      File "/home/erick/Desktop/Projects/sandbox/lib/python3.11/site-packages/docutils/parsers/rst/states.py", line 2156, in run_directive                                    
                        msg_node = self.reporter.system_message(error.level, error.msg,                                                                                                       
                                   ^^^^^^^^^^^^^^^^^^^^^^^^^^^^^^^^^^^^^^^^^^^^^^^^^^^^                                                                                                       
                      File "/home/erick/Desktop/Projects/sandbox/lib/python3.11/site-packages/docutils/utils/__init__.py", line 196, in system_message                                        
                        raise SystemMessage(msg, level)                                                                                                                                       
                    docutils.utils.SystemMessage: /home/erick/Desktop/Projects/pythonmarketer.com/content/blog/cleaning-data-with-python.rst:61: (ERROR/3) Content block expected             
                    for the "container" directive; none found.                                                                                                                                
           DEBUG    Read file blog/gettin-type-hints-and-annotations.rst -> Article                                                                                             readers.py:547
           ERROR    Could not process blog/gettin-type-hints-and-annotations.rst                                                                                                     log.py:96
                    /home/erick/Desktop/Projects/pythonmarketer.com/content/blog/gettin-type-hints-and-annotations.rst:8: (WARNING/2) Cannot extract compound bibliographic field             
                    "status".                                                                                                                                                                 
                    Traceback (most recent call last):                                                                                                                                        
                      File "/home/erick/Desktop/Projects/sandbox/lib/python3.11/site-packages/pelican/generators.py", line 627, in generate_context                                           
                        article = self.readers.read_file(                                                                                                                                     
                                  ^^^^^^^^^^^^^^^^^^^^^^^                                                                                                                                     
                      File "/home/erick/Desktop/Projects/sandbox/lib/python3.11/site-packages/pelican/readers.py", line 580, in read_file                                                     
                        content, reader_metadata = reader.read(path)                                                                                                                          
                                                   ^^^^^^^^^^^^^^^^^                                                                                                                          
                      File "/home/erick/Desktop/Projects/sandbox/lib/python3.11/site-packages/pelican/readers.py", line 278, in read                                                          
                        pub = self._get_publisher(source_path)                                                                                                                                
                              ^^^^^^^^^^^^^^^^^^^^^^^^^^^^^^^^                                                                                                                                
                      File "/home/erick/Desktop/Projects/sandbox/lib/python3.11/site-packages/pelican/readers.py", line 273, in _get_publisher                                                
                        pub.publish()                                                                                                                                                         
                      File "/home/erick/Desktop/Projects/sandbox/lib/python3.11/site-packages/docutils/core.py", line 226, in publish                                                         
                        self.apply_transforms()                                                                                                                                               
                      File "/home/erick/Desktop/Projects/sandbox/lib/python3.11/site-packages/docutils/core.py", line 206, in apply_transforms                                                
                        self.document.transformer.apply_transforms()                                                                                                                          
                      File "/home/erick/Desktop/Projects/sandbox/lib/python3.11/site-packages/docutils/transforms/__init__.py", line 173, in apply_transforms                                 
                        transform.apply(**kwargs)                                                                                                                                             
                      File "/home/erick/Desktop/Projects/sandbox/lib/python3.11/site-packages/docutils/transforms/frontmatter.py", line 395, in apply                                         
                        nodelist = self.extract_bibliographic(candidate)                                                                                                                      
                                   ^^^^^^^^^^^^^^^^^^^^^^^^^^^^^^^^^^^^^                                                                                                                      
                      File "/home/erick/Desktop/Projects/sandbox/lib/python3.11/site-packages/docutils/transforms/frontmatter.py", line 414, in extract_bibliographic                         
                        if not self.check_compound_biblio_field(field, name):                                                                                                                 
                               ^^^^^^^^^^^^^^^^^^^^^^^^^^^^^^^^^^^^^^^^^^^^^                                                                                                                  
                      File "/home/erick/Desktop/Projects/sandbox/lib/python3.11/site-packages/docutils/transforms/frontmatter.py", line 461, in check_compound_biblio_field                   
                        field[-1] += self.document.reporter.warning(                                                                                                                          
                                     ^^^^^^^^^^^^^^^^^^^^^^^^^^^^^^^                                                                                                                          
                      File "/home/erick/Desktop/Projects/sandbox/lib/python3.11/site-packages/docutils/utils/__init__.py", line 223, in warning                                               
                        return self.system_message(self.WARNING_LEVEL, *args, **kwargs)                                                                                                       
                               ^^^^^^^^^^^^^^^^^^^^^^^^^^^^^^^^^^^^^^^^^^^^^^^^^^^^^^^^                                                                                                       
                      File "/home/erick/Desktop/Projects/sandbox/lib/python3.11/site-packages/docutils/utils/__init__.py", line 196, in system_message                                        
                        raise SystemMessage(msg, level)                                                                                                                                       
                    docutils.utils.SystemMessage: /home/erick/Desktop/Projects/pythonmarketer.com/content/blog/gettin-type-hints-and-annotations.rst:8: (WARNING/2) Cannot extract            
                    compound bibliographic field "status".                                                                                                                                    
           DEBUG    Read file blog/30-external-python-libraries-starter-pack.rst -> Article                                                                                     readers.py:547
           WARNING  Empty alt attribute for image image.png?w=672 in /home/erick/Desktop/Projects/pythonmarketer.com/content/blog/30-external-python-libraries-starter-pack.rst      log.py:91
           DEBUG    Read file blog/automating-pytest-on-windows-with-a-bat-file-python-task-scheduler-and-box.rst -> Article                                                    readers.py:547
           ERROR    Could not process blog/automating-pytest-on-windows-with-a-bat-file-python-task-scheduler-and-box.rst                                                            log.py:96
                    /home/erick/Desktop/Projects/pythonmarketer.com/content/blog/automating-pytest-on-windows-with-a-bat-file-python-task-scheduler-and-box.rst:22: (WARNING/2)               
                    Inline strong start-string without end-string.                                                                                                                            
                    Traceback (most recent call last):                                                                                                                                        
                      File "/home/erick/Desktop/Projects/sandbox/lib/python3.11/site-packages/pelican/generators.py", line 627, in generate_context                                           
                        article = self.readers.read_file(                                                                                                                                     
                                  ^^^^^^^^^^^^^^^^^^^^^^^                                                                                                                                     
                      File "/home/erick/Desktop/Projects/sandbox/lib/python3.11/site-packages/pelican/readers.py", line 580, in read_file                                                     
                        content, reader_metadata = reader.read(path)                                                                                                                          
                                                   ^^^^^^^^^^^^^^^^^                                                                                                                          
                      File "/home/erick/Desktop/Projects/sandbox/lib/python3.11/site-packages/pelican/readers.py", line 278, in read                                                          
                        pub = self._get_publisher(source_path)                                                                                                                                
                              ^^^^^^^^^^^^^^^^^^^^^^^^^^^^^^^^                                                                                                                                
                      File "/home/erick/Desktop/Projects/sandbox/lib/python3.11/site-packages/pelican/readers.py", line 273, in _get_publisher                                                
                        pub.publish()                                                                                                                                                         
                      File "/home/erick/Desktop/Projects/sandbox/lib/python3.11/site-packages/docutils/core.py", line 224, in publish                                                         
                        self.document = self.reader.read(self.source, self.parser,                                                                                                            
                                        ^^^^^^^^^^^^^^^^^^^^^^^^^^^^^^^^^^^^^^^^^^                                                                                                            
                      File "/home/erick/Desktop/Projects/sandbox/lib/python3.11/site-packages/docutils/readers/__init__.py", line 70, in read                                                 
                        self.parse()                                                                                                                                                          
                      File "/home/erick/Desktop/Projects/sandbox/lib/python3.11/site-packages/docutils/readers/__init__.py", line 76, in parse                                                
                        self.parser.parse(self.input, document)                                                                                                                               
                      File "/home/erick/Desktop/Projects/sandbox/lib/python3.11/site-packages/docutils/parsers/rst/__init__.py", line 185, in parse                                           
                        self.statemachine.run(inputlines, document, inliner=self.inliner)                                                                                                     
                      File "/home/erick/Desktop/Projects/sandbox/lib/python3.11/site-packages/docutils/parsers/rst/states.py", line 169, in run                                               
                        results = StateMachineWS.run(self, input_lines, input_offset,                                                                                                         
                                  ^^^^^^^^^^^^^^^^^^^^^^^^^^^^^^^^^^^^^^^^^^^^^^^^^^^                                                                                                         
                      File "/home/erick/Desktop/Projects/sandbox/lib/python3.11/site-packages/docutils/statemachine.py", line 233, in run                                                     
                        context, next_state, result = self.check_line(                                                                                                                        
                                                      ^^^^^^^^^^^^^^^^                                                                                                                        
                      File "/home/erick/Desktop/Projects/sandbox/lib/python3.11/site-packages/docutils/statemachine.py", line 445, in check_line                                              
                        return method(match, context, next_state)                                                                                                                             
                               ^^^^^^^^^^^^^^^^^^^^^^^^^^^^^^^^^^                                                                                                                             
                      File "/home/erick/Desktop/Projects/sandbox/lib/python3.11/site-packages/docutils/parsers/rst/states.py", line 2785, in underline                                        
                        self.section(title, source, style, lineno - 1, messages)                                                                                                              
                      File "/home/erick/Desktop/Projects/sandbox/lib/python3.11/site-packages/docutils/parsers/rst/states.py", line 325, in section                                           
                        self.new_subsection(title, lineno, messages)                                                                                                                          
                      File "/home/erick/Desktop/Projects/sandbox/lib/python3.11/site-packages/docutils/parsers/rst/states.py", line 391, in new_subsection                                    
                        newabsoffset = self.nested_parse(                                                                                                                                     
                                       ^^^^^^^^^^^^^^^^^^                                                                                                                                     
                      File "/home/erick/Desktop/Projects/sandbox/lib/python3.11/site-packages/docutils/parsers/rst/states.py", line 279, in nested_parse                                      
                        state_machine.run(block, input_offset, memo=self.memo,                                                                                                                
                      File "/home/erick/Desktop/Projects/sandbox/lib/python3.11/site-packages/docutils/parsers/rst/states.py", line 195, in run                                               
                        results = StateMachineWS.run(self, input_lines, input_offset)                                                                                                         
                                  ^^^^^^^^^^^^^^^^^^^^^^^^^^^^^^^^^^^^^^^^^^^^^^^^^^^                                                                                                         
                      File "/home/erick/Desktop/Projects/sandbox/lib/python3.11/site-packages/docutils/statemachine.py", line 233, in run                                                     
                        context, next_state, result = self.check_line(                                                                                                                        
                                                      ^^^^^^^^^^^^^^^^                                                                                                                        
                      File "/home/erick/Desktop/Projects/sandbox/lib/python3.11/site-packages/docutils/statemachine.py", line 445, in check_line                                              
                        return method(match, context, next_state)                                                                                                                             
                               ^^^^^^^^^^^^^^^^^^^^^^^^^^^^^^^^^^                                                                                                                             
                      File "/home/erick/Desktop/Projects/sandbox/lib/python3.11/site-packages/docutils/parsers/rst/states.py", line 2716, in blank                                            
                        paragraph, literalnext = self.paragraph(                                                                                                                              
                                                 ^^^^^^^^^^^^^^^                                                                                                                              
                      File "/home/erick/Desktop/Projects/sandbox/lib/python3.11/site-packages/docutils/parsers/rst/states.py", line 416, in paragraph                                         
                        textnodes, messages = self.inline_text(text, lineno)                                                                                                                  
                                              ^^^^^^^^^^^^^^^^^^^^^^^^^^^^^^                                                                                                                  
                      File "/home/erick/Desktop/Projects/sandbox/lib/python3.11/site-packages/docutils/parsers/rst/states.py", line 425, in inline_text                                       
                        nodes, messages = self.inliner.parse(text, lineno,                                                                                                                    
                                          ^^^^^^^^^^^^^^^^^^^^^^^^^^^^^^^^                                                                                                                    
                      File "/home/erick/Desktop/Projects/sandbox/lib/python3.11/site-packages/docutils/parsers/rst/states.py", line 649, in parse                                             
                        before, inlines, remaining, sysmessages = method(self, match,                                                                                                         
                                                                  ^^^^^^^^^^^^^^^^^^^                                                                                                         
                      File "/home/erick/Desktop/Projects/sandbox/lib/python3.11/site-packages/docutils/parsers/rst/states.py", line 747, in strong                                            
                        before, inlines, remaining, sysmessages, endstring = self.inline_obj(                                                                                                 
                                                                             ^^^^^^^^^^^^^^^^                                                                                                 
                      File "/home/erick/Desktop/Projects/sandbox/lib/python3.11/site-packages/docutils/parsers/rst/states.py", line 727, in inline_obj                                        
                        msg = self.reporter.warning(                                                                                                                                          
                              ^^^^^^^^^^^^^^^^^^^^^^                                                                                                                                          
                      File "/home/erick/Desktop/Projects/sandbox/lib/python3.11/site-packages/docutils/utils/__init__.py", line 223, in warning                                               
                        return self.system_message(self.WARNING_LEVEL, *args, **kwargs)                                                                                                       
                               ^^^^^^^^^^^^^^^^^^^^^^^^^^^^^^^^^^^^^^^^^^^^^^^^^^^^^^^^                                                                                                       
                      File "/home/erick/Desktop/Projects/sandbox/lib/python3.11/site-packages/docutils/utils/__init__.py", line 196, in system_message                                        
                        raise SystemMessage(msg, level)                                                                                                                                       
                    docutils.utils.SystemMessage:                                                                                                                                             
                    /home/erick/Desktop/Projects/pythonmarketer.com/content/blog/automating-pytest-on-windows-with-a-bat-file-python-task-scheduler-and-box.rst:22: (WARNING/2)               
                    Inline strong start-string without end-string.                                                                                                                            
[20:43:34] DEBUG    Read file blog/7565.rst -> Article                                                                                                                          readers.py:547
           ERROR    Could not process blog/7565.rst                                                                                                                                  log.py:96
                    /home/erick/Desktop/Projects/pythonmarketer.com/content/blog/7565.rst:17: (WARNING/2) Cannot analyze code. No Pygments lexer found for "wp-block-code".                   
                    Traceback (most recent call last):                                                                                                                                        
                      File "/home/erick/Desktop/Projects/sandbox/lib/python3.11/site-packages/docutils/utils/code_analyzer.py", line 64, in __init__                                          
                        self.lexer = get_lexer_by_name(self.language)                                                                                                                         
                                     ^^^^^^^^^^^^^^^^^^^^^^^^^^^^^^^^                                                                                                                         
                      File "/home/erick/Desktop/Projects/sandbox/lib/python3.11/site-packages/pygments/lexers/__init__.py", line 131, in get_lexer_by_name                                    
                        raise ClassNotFound('no lexer for alias %r found' % _alias)                                                                                                           
                    pygments.util.ClassNotFound: no lexer for alias 'wp-block-code' found                                                                                                     
                                                                                                                                                                                              
                    During handling of the above exception, another exception occurred:                                                                                                       
                                                                                                                                                                                              
                    Traceback (most recent call last):                                                                                                                                        
                      File "/home/erick/Desktop/Projects/sandbox/lib/python3.11/site-packages/docutils/parsers/rst/directives/body.py", line 159, in run                                      
                        tokens = Lexer('\n'.join(self.content), language,                                                                                                                     
                                 ^^^^^^^^^^^^^^^^^^^^^^^^^^^^^^^^^^^^^^^^                                                                                                                     
                      File "/home/erick/Desktop/Projects/sandbox/lib/python3.11/site-packages/docutils/utils/code_analyzer.py", line 66, in __init__                                          
                        raise LexerError('Cannot analyze code. '                                                                                                                              
                    docutils.utils.code_analyzer.LexerError: Cannot analyze code. No Pygments lexer found for "wp-block-code".                                                                
                                                                                                                                                                                              
                    During handling of the above exception, another exception occurred:                                                                                                       
                                                                                                                                                                                              
                    Traceback (most recent call last):                                                                                                                                        
                      File "/home/erick/Desktop/Projects/sandbox/lib/python3.11/site-packages/docutils/parsers/rst/states.py", line 2154, in run_directive                                    
                        result = directive_instance.run()                                                                                                                                     
                                 ^^^^^^^^^^^^^^^^^^^^^^^^                                                                                                                                     
                      File "/home/erick/Desktop/Projects/sandbox/lib/python3.11/site-packages/docutils/parsers/rst/directives/body.py", line 166, in run                                      
                        raise self.warning(error)                                                                                                                                             
                    docutils.parsers.rst.DirectiveError                                                                                                                                       
                                                                                                                                                                                              
                    During handling of the above exception, another exception occurred:                                                                                                       
                                                                                                                                                                                              
                    Traceback (most recent call last):                                                                                                                                        
                      File "/home/erick/Desktop/Projects/sandbox/lib/python3.11/site-packages/pelican/generators.py", line 627, in generate_context                                           
                        article = self.readers.read_file(                                                                                                                                     
                                  ^^^^^^^^^^^^^^^^^^^^^^^                                                                                                                                     
                      File "/home/erick/Desktop/Projects/sandbox/lib/python3.11/site-packages/pelican/readers.py", line 580, in read_file                                                     
                        content, reader_metadata = reader.read(path)                                                                                                                          
                                                   ^^^^^^^^^^^^^^^^^                                                                                                                          
                      File "/home/erick/Desktop/Projects/sandbox/lib/python3.11/site-packages/pelican/readers.py", line 278, in read                                                          
                        pub = self._get_publisher(source_path)                                                                                                                                
                              ^^^^^^^^^^^^^^^^^^^^^^^^^^^^^^^^                                                                                                                                
                      File "/home/erick/Desktop/Projects/sandbox/lib/python3.11/site-packages/pelican/readers.py", line 273, in _get_publisher                                                
                        pub.publish()                                                                                                                                                         
                      File "/home/erick/Desktop/Projects/sandbox/lib/python3.11/site-packages/docutils/core.py", line 224, in publish                                                         
                        self.document = self.reader.read(self.source, self.parser,                                                                                                            
                                        ^^^^^^^^^^^^^^^^^^^^^^^^^^^^^^^^^^^^^^^^^^                                                                                                            
                      File "/home/erick/Desktop/Projects/sandbox/lib/python3.11/site-packages/docutils/readers/__init__.py", line 70, in read                                                 
                        self.parse()                                                                                                                                                          
                      File "/home/erick/Desktop/Projects/sandbox/lib/python3.11/site-packages/docutils/readers/__init__.py", line 76, in parse                                                
                        self.parser.parse(self.input, document)                                                                                                                               
                      File "/home/erick/Desktop/Projects/sandbox/lib/python3.11/site-packages/docutils/parsers/rst/__init__.py", line 185, in parse                                           
                        self.statemachine.run(inputlines, document, inliner=self.inliner)                                                                                                     
                      File "/home/erick/Desktop/Projects/sandbox/lib/python3.11/site-packages/docutils/parsers/rst/states.py", line 169, in run                                               
                        results = StateMachineWS.run(self, input_lines, input_offset,                                                                                                         
                                  ^^^^^^^^^^^^^^^^^^^^^^^^^^^^^^^^^^^^^^^^^^^^^^^^^^^                                                                                                         
                      File "/home/erick/Desktop/Projects/sandbox/lib/python3.11/site-packages/docutils/statemachine.py", line 233, in run                                                     
                        context, next_state, result = self.check_line(                                                                                                                        
                                                      ^^^^^^^^^^^^^^^^                                                                                                                        
                      File "/home/erick/Desktop/Projects/sandbox/lib/python3.11/site-packages/docutils/statemachine.py", line 445, in check_line                                              
                        return method(match, context, next_state)                                                                                                                             
                               ^^^^^^^^^^^^^^^^^^^^^^^^^^^^^^^^^^                                                                                                                             
                      File "/home/erick/Desktop/Projects/sandbox/lib/python3.11/site-packages/docutils/parsers/rst/states.py", line 2785, in underline                                        
                        self.section(title, source, style, lineno - 1, messages)                                                                                                              
                      File "/home/erick/Desktop/Projects/sandbox/lib/python3.11/site-packages/docutils/parsers/rst/states.py", line 325, in section                                           
                        self.new_subsection(title, lineno, messages)                                                                                                                          
                      File "/home/erick/Desktop/Projects/sandbox/lib/python3.11/site-packages/docutils/parsers/rst/states.py", line 391, in new_subsection                                    
                        newabsoffset = self.nested_parse(                                                                                                                                     
                                       ^^^^^^^^^^^^^^^^^^                                                                                                                                     
                      File "/home/erick/Desktop/Projects/sandbox/lib/python3.11/site-packages/docutils/parsers/rst/states.py", line 279, in nested_parse                                      
                        state_machine.run(block, input_offset, memo=self.memo,                                                                                                                
                      File "/home/erick/Desktop/Projects/sandbox/lib/python3.11/site-packages/docutils/parsers/rst/states.py", line 195, in run                                               
                        results = StateMachineWS.run(self, input_lines, input_offset)                                                                                                         
                                  ^^^^^^^^^^^^^^^^^^^^^^^^^^^^^^^^^^^^^^^^^^^^^^^^^^^                                                                                                         
                      File "/home/erick/Desktop/Projects/sandbox/lib/python3.11/site-packages/docutils/statemachine.py", line 233, in run                                                     
                        context, next_state, result = self.check_line(                                                                                                                        
                                                      ^^^^^^^^^^^^^^^^                                                                                                                        
                      File "/home/erick/Desktop/Projects/sandbox/lib/python3.11/site-packages/docutils/statemachine.py", line 445, in check_line                                              
                        return method(match, context, next_state)                                                                                                                             
                               ^^^^^^^^^^^^^^^^^^^^^^^^^^^^^^^^^^                                                                                                                             
                      File "/home/erick/Desktop/Projects/sandbox/lib/python3.11/site-packages/docutils/parsers/rst/states.py", line 2355, in explicit_markup                                  
                        nodelist, blank_finish = self.explicit_construct(match)                                                                                                               
                                                 ^^^^^^^^^^^^^^^^^^^^^^^^^^^^^^                                                                                                               
                      File "/home/erick/Desktop/Projects/sandbox/lib/python3.11/site-packages/docutils/parsers/rst/states.py", line 2367, in explicit_construct                               
                        return method(self, expmatch)                                                                                                                                         
                               ^^^^^^^^^^^^^^^^^^^^^^                                                                                                                                         
                      File "/home/erick/Desktop/Projects/sandbox/lib/python3.11/site-packages/docutils/parsers/rst/states.py", line 2104, in directive                                        
                        return self.run_directive(                                                                                                                                            
                               ^^^^^^^^^^^^^^^^^^^                                                                                                                                            
                      File "/home/erick/Desktop/Projects/sandbox/lib/python3.11/site-packages/docutils/parsers/rst/states.py", line 2156, in run_directive                                    
                        msg_node = self.reporter.system_message(error.level, error.msg,                                                                                                       
                                   ^^^^^^^^^^^^^^^^^^^^^^^^^^^^^^^^^^^^^^^^^^^^^^^^^^^^                                                                                                       
                      File "/home/erick/Desktop/Projects/sandbox/lib/python3.11/site-packages/docutils/utils/__init__.py", line 196, in system_message                                        
                        raise SystemMessage(msg, level)                                                                                                                                       
                    docutils.utils.SystemMessage: /home/erick/Desktop/Projects/pythonmarketer.com/content/blog/7565.rst:17: (WARNING/2) Cannot analyze code. No Pygments lexer found          
                    for "wp-block-code".                                                                                                                                                      
           DEBUG    Read file blog/shutdown-windows-in-a-batch-file.rst -> Article                                                                                              readers.py:547
           ERROR    Could not process blog/shutdown-windows-in-a-batch-file.rst                                                                                                      log.py:96
                    /home/erick/Desktop/Projects/pythonmarketer.com/content/blog/shutdown-windows-in-a-batch-file.rst:20: (WARNING/2) Cannot analyze code. No Pygments lexer found            
                    for "wp-block-preformatted".                                                                                                                                              
                    Traceback (most recent call last):                                                                                                                                        
                      File "/home/erick/Desktop/Projects/sandbox/lib/python3.11/site-packages/docutils/utils/code_analyzer.py", line 64, in __init__                                          
                        self.lexer = get_lexer_by_name(self.language)                                                                                                                         
                                     ^^^^^^^^^^^^^^^^^^^^^^^^^^^^^^^^                                                                                                                         
                      File "/home/erick/Desktop/Projects/sandbox/lib/python3.11/site-packages/pygments/lexers/__init__.py", line 131, in get_lexer_by_name                                    
                        raise ClassNotFound('no lexer for alias %r found' % _alias)                                                                                                           
                    pygments.util.ClassNotFound: no lexer for alias 'wp-block-preformatted' found                                                                                             
                                                                                                                                                                                              
                    During handling of the above exception, another exception occurred:                                                                                                       
                                                                                                                                                                                              
                    Traceback (most recent call last):                                                                                                                                        
                      File "/home/erick/Desktop/Projects/sandbox/lib/python3.11/site-packages/docutils/parsers/rst/directives/body.py", line 159, in run                                      
                        tokens = Lexer('\n'.join(self.content), language,                                                                                                                     
                                 ^^^^^^^^^^^^^^^^^^^^^^^^^^^^^^^^^^^^^^^^                                                                                                                     
                      File "/home/erick/Desktop/Projects/sandbox/lib/python3.11/site-packages/docutils/utils/code_analyzer.py", line 66, in __init__                                          
                        raise LexerError('Cannot analyze code. '                                                                                                                              
                    docutils.utils.code_analyzer.LexerError: Cannot analyze code. No Pygments lexer found for "wp-block-preformatted".                                                        
                                                                                                                                                                                              
                    During handling of the above exception, another exception occurred:                                                                                                       
                                                                                                                                                                                              
                    Traceback (most recent call last):                                                                                                                                        
                      File "/home/erick/Desktop/Projects/sandbox/lib/python3.11/site-packages/docutils/parsers/rst/states.py", line 2154, in run_directive                                    
                        result = directive_instance.run()                                                                                                                                     
                                 ^^^^^^^^^^^^^^^^^^^^^^^^                                                                                                                                     
                      File "/home/erick/Desktop/Projects/sandbox/lib/python3.11/site-packages/docutils/parsers/rst/directives/body.py", line 166, in run                                      
                        raise self.warning(error)                                                                                                                                             
                    docutils.parsers.rst.DirectiveError                                                                                                                                       
                                                                                                                                                                                              
                    During handling of the above exception, another exception occurred:                                                                                                       
                                                                                                                                                                                              
                    Traceback (most recent call last):                                                                                                                                        
                      File "/home/erick/Desktop/Projects/sandbox/lib/python3.11/site-packages/pelican/generators.py", line 627, in generate_context                                           
                        article = self.readers.read_file(                                                                                                                                     
                                  ^^^^^^^^^^^^^^^^^^^^^^^                                                                                                                                     
                      File "/home/erick/Desktop/Projects/sandbox/lib/python3.11/site-packages/pelican/readers.py", line 580, in read_file                                                     
                        content, reader_metadata = reader.read(path)                                                                                                                          
                                                   ^^^^^^^^^^^^^^^^^                                                                                                                          
                      File "/home/erick/Desktop/Projects/sandbox/lib/python3.11/site-packages/pelican/readers.py", line 278, in read                                                          
                        pub = self._get_publisher(source_path)                                                                                                                                
                              ^^^^^^^^^^^^^^^^^^^^^^^^^^^^^^^^                                                                                                                                
                      File "/home/erick/Desktop/Projects/sandbox/lib/python3.11/site-packages/pelican/readers.py", line 273, in _get_publisher                                                
                        pub.publish()                                                                                                                                                         
                      File "/home/erick/Desktop/Projects/sandbox/lib/python3.11/site-packages/docutils/core.py", line 224, in publish                                                         
                        self.document = self.reader.read(self.source, self.parser,                                                                                                            
                                        ^^^^^^^^^^^^^^^^^^^^^^^^^^^^^^^^^^^^^^^^^^                                                                                                            
                      File "/home/erick/Desktop/Projects/sandbox/lib/python3.11/site-packages/docutils/readers/__init__.py", line 70, in read                                                 
                        self.parse()                                                                                                                                                          
                      File "/home/erick/Desktop/Projects/sandbox/lib/python3.11/site-packages/docutils/readers/__init__.py", line 76, in parse                                                
                        self.parser.parse(self.input, document)                                                                                                                               
                      File "/home/erick/Desktop/Projects/sandbox/lib/python3.11/site-packages/docutils/parsers/rst/__init__.py", line 185, in parse                                           
                        self.statemachine.run(inputlines, document, inliner=self.inliner)                                                                                                     
                      File "/home/erick/Desktop/Projects/sandbox/lib/python3.11/site-packages/docutils/parsers/rst/states.py", line 169, in run                                               
                        results = StateMachineWS.run(self, input_lines, input_offset,                                                                                                         
                                  ^^^^^^^^^^^^^^^^^^^^^^^^^^^^^^^^^^^^^^^^^^^^^^^^^^^                                                                                                         
                      File "/home/erick/Desktop/Projects/sandbox/lib/python3.11/site-packages/docutils/statemachine.py", line 233, in run                                                     
                        context, next_state, result = self.check_line(                                                                                                                        
                                                      ^^^^^^^^^^^^^^^^                                                                                                                        
                      File "/home/erick/Desktop/Projects/sandbox/lib/python3.11/site-packages/docutils/statemachine.py", line 445, in check_line                                              
                        return method(match, context, next_state)                                                                                                                             
                               ^^^^^^^^^^^^^^^^^^^^^^^^^^^^^^^^^^                                                                                                                             
                      File "/home/erick/Desktop/Projects/sandbox/lib/python3.11/site-packages/docutils/parsers/rst/states.py", line 2785, in underline                                        
                        self.section(title, source, style, lineno - 1, messages)                                                                                                              
                      File "/home/erick/Desktop/Projects/sandbox/lib/python3.11/site-packages/docutils/parsers/rst/states.py", line 325, in section                                           
                        self.new_subsection(title, lineno, messages)                                                                                                                          
                      File "/home/erick/Desktop/Projects/sandbox/lib/python3.11/site-packages/docutils/parsers/rst/states.py", line 391, in new_subsection                                    
                        newabsoffset = self.nested_parse(                                                                                                                                     
                                       ^^^^^^^^^^^^^^^^^^                                                                                                                                     
                      File "/home/erick/Desktop/Projects/sandbox/lib/python3.11/site-packages/docutils/parsers/rst/states.py", line 279, in nested_parse                                      
                        state_machine.run(block, input_offset, memo=self.memo,                                                                                                                
                      File "/home/erick/Desktop/Projects/sandbox/lib/python3.11/site-packages/docutils/parsers/rst/states.py", line 195, in run                                               
                        results = StateMachineWS.run(self, input_lines, input_offset)                                                                                                         
                                  ^^^^^^^^^^^^^^^^^^^^^^^^^^^^^^^^^^^^^^^^^^^^^^^^^^^                                                                                                         
                      File "/home/erick/Desktop/Projects/sandbox/lib/python3.11/site-packages/docutils/statemachine.py", line 233, in run                                                     
                        context, next_state, result = self.check_line(                                                                                                                        
                                                      ^^^^^^^^^^^^^^^^                                                                                                                        
                      File "/home/erick/Desktop/Projects/sandbox/lib/python3.11/site-packages/docutils/statemachine.py", line 445, in check_line                                              
                        return method(match, context, next_state)                                                                                                                             
                               ^^^^^^^^^^^^^^^^^^^^^^^^^^^^^^^^^^                                                                                                                             
                      File "/home/erick/Desktop/Projects/sandbox/lib/python3.11/site-packages/docutils/parsers/rst/states.py", line 2355, in explicit_markup                                  
                        nodelist, blank_finish = self.explicit_construct(match)                                                                                                               
                                                 ^^^^^^^^^^^^^^^^^^^^^^^^^^^^^^                                                                                                               
                      File "/home/erick/Desktop/Projects/sandbox/lib/python3.11/site-packages/docutils/parsers/rst/states.py", line 2367, in explicit_construct                               
                        return method(self, expmatch)                                                                                                                                         
                               ^^^^^^^^^^^^^^^^^^^^^^                                                                                                                                         
                      File "/home/erick/Desktop/Projects/sandbox/lib/python3.11/site-packages/docutils/parsers/rst/states.py", line 2104, in directive                                        
                        return self.run_directive(                                                                                                                                            
                               ^^^^^^^^^^^^^^^^^^^                                                                                                                                            
                      File "/home/erick/Desktop/Projects/sandbox/lib/python3.11/site-packages/docutils/parsers/rst/states.py", line 2156, in run_directive                                    
                        msg_node = self.reporter.system_message(error.level, error.msg,                                                                                                       
                                   ^^^^^^^^^^^^^^^^^^^^^^^^^^^^^^^^^^^^^^^^^^^^^^^^^^^^                                                                                                       
                      File "/home/erick/Desktop/Projects/sandbox/lib/python3.11/site-packages/docutils/utils/__init__.py", line 196, in system_message                                        
                        raise SystemMessage(msg, level)                                                                                                                                       
                    docutils.utils.SystemMessage: /home/erick/Desktop/Projects/pythonmarketer.com/content/blog/shutdown-windows-in-a-batch-file.rst:20: (WARNING/2) Cannot analyze            
                    code. No Pygments lexer found for "wp-block-preformatted".                                                                                                                
           DEBUG    Read file blog/join-algorithms.rst -> Article                                                                                                               readers.py:547
           DEBUG    Read file blog/the-joy-of-logging-with-python.rst -> Article                                                                                                readers.py:547
           ERROR    Could not process blog/the-joy-of-logging-with-python.rst                                                                                                        log.py:96
                    /home/erick/Desktop/Projects/pythonmarketer.com/content/blog/the-joy-of-logging-with-python.rst:10: (WARNING/2) Inline strong start-string without end-string.            
                    Traceback (most recent call last):                                                                                                                                        
                      File "/home/erick/Desktop/Projects/sandbox/lib/python3.11/site-packages/pelican/generators.py", line 627, in generate_context                                           
                        article = self.readers.read_file(                                                                                                                                     
                                  ^^^^^^^^^^^^^^^^^^^^^^^                                                                                                                                     
                      File "/home/erick/Desktop/Projects/sandbox/lib/python3.11/site-packages/pelican/readers.py", line 580, in read_file                                                     
                        content, reader_metadata = reader.read(path)                                                                                                                          
                                                   ^^^^^^^^^^^^^^^^^                                                                                                                          
                      File "/home/erick/Desktop/Projects/sandbox/lib/python3.11/site-packages/pelican/readers.py", line 278, in read                                                          
                        pub = self._get_publisher(source_path)                                                                                                                                
                              ^^^^^^^^^^^^^^^^^^^^^^^^^^^^^^^^                                                                                                                                
                      File "/home/erick/Desktop/Projects/sandbox/lib/python3.11/site-packages/pelican/readers.py", line 273, in _get_publisher                                                
                        pub.publish()                                                                                                                                                         
                      File "/home/erick/Desktop/Projects/sandbox/lib/python3.11/site-packages/docutils/core.py", line 224, in publish                                                         
                        self.document = self.reader.read(self.source, self.parser,                                                                                                            
                                        ^^^^^^^^^^^^^^^^^^^^^^^^^^^^^^^^^^^^^^^^^^                                                                                                            
                      File "/home/erick/Desktop/Projects/sandbox/lib/python3.11/site-packages/docutils/readers/__init__.py", line 70, in read                                                 
                        self.parse()                                                                                                                                                          
                      File "/home/erick/Desktop/Projects/sandbox/lib/python3.11/site-packages/docutils/readers/__init__.py", line 76, in parse                                                
                        self.parser.parse(self.input, document)                                                                                                                               
                      File "/home/erick/Desktop/Projects/sandbox/lib/python3.11/site-packages/docutils/parsers/rst/__init__.py", line 185, in parse                                           
                        self.statemachine.run(inputlines, document, inliner=self.inliner)                                                                                                     
                      File "/home/erick/Desktop/Projects/sandbox/lib/python3.11/site-packages/docutils/parsers/rst/states.py", line 169, in run                                               
                        results = StateMachineWS.run(self, input_lines, input_offset,                                                                                                         
                                  ^^^^^^^^^^^^^^^^^^^^^^^^^^^^^^^^^^^^^^^^^^^^^^^^^^^                                                                                                         
                      File "/home/erick/Desktop/Projects/sandbox/lib/python3.11/site-packages/docutils/statemachine.py", line 233, in run                                                     
                        context, next_state, result = self.check_line(                                                                                                                        
                                                      ^^^^^^^^^^^^^^^^                                                                                                                        
                      File "/home/erick/Desktop/Projects/sandbox/lib/python3.11/site-packages/docutils/statemachine.py", line 445, in check_line                                              
                        return method(match, context, next_state)                                                                                                                             
                               ^^^^^^^^^^^^^^^^^^^^^^^^^^^^^^^^^^                                                                                                                             
                      File "/home/erick/Desktop/Projects/sandbox/lib/python3.11/site-packages/docutils/parsers/rst/states.py", line 2785, in underline                                        
                        self.section(title, source, style, lineno - 1, messages)                                                                                                              
                      File "/home/erick/Desktop/Projects/sandbox/lib/python3.11/site-packages/docutils/parsers/rst/states.py", line 325, in section                                           
                        self.new_subsection(title, lineno, messages)                                                                                                                          
                      File "/home/erick/Desktop/Projects/sandbox/lib/python3.11/site-packages/docutils/parsers/rst/states.py", line 391, in new_subsection                                    
                        newabsoffset = self.nested_parse(                                                                                                                                     
                                       ^^^^^^^^^^^^^^^^^^                                                                                                                                     
                      File "/home/erick/Desktop/Projects/sandbox/lib/python3.11/site-packages/docutils/parsers/rst/states.py", line 279, in nested_parse                                      
                        state_machine.run(block, input_offset, memo=self.memo,                                                                                                                
                      File "/home/erick/Desktop/Projects/sandbox/lib/python3.11/site-packages/docutils/parsers/rst/states.py", line 195, in run                                               
                        results = StateMachineWS.run(self, input_lines, input_offset)                                                                                                         
                                  ^^^^^^^^^^^^^^^^^^^^^^^^^^^^^^^^^^^^^^^^^^^^^^^^^^^                                                                                                         
                      File "/home/erick/Desktop/Projects/sandbox/lib/python3.11/site-packages/docutils/statemachine.py", line 233, in run                                                     
                        context, next_state, result = self.check_line(                                                                                                                        
                                                      ^^^^^^^^^^^^^^^^                                                                                                                        
                      File "/home/erick/Desktop/Projects/sandbox/lib/python3.11/site-packages/docutils/statemachine.py", line 445, in check_line                                              
                        return method(match, context, next_state)                                                                                                                             
                               ^^^^^^^^^^^^^^^^^^^^^^^^^^^^^^^^^^                                                                                                                             
                      File "/home/erick/Desktop/Projects/sandbox/lib/python3.11/site-packages/docutils/parsers/rst/states.py", line 2716, in blank                                            
                        paragraph, literalnext = self.paragraph(                                                                                                                              
                                                 ^^^^^^^^^^^^^^^                                                                                                                              
                      File "/home/erick/Desktop/Projects/sandbox/lib/python3.11/site-packages/docutils/parsers/rst/states.py", line 416, in paragraph                                         
                        textnodes, messages = self.inline_text(text, lineno)                                                                                                                  
                                              ^^^^^^^^^^^^^^^^^^^^^^^^^^^^^^                                                                                                                  
                      File "/home/erick/Desktop/Projects/sandbox/lib/python3.11/site-packages/docutils/parsers/rst/states.py", line 425, in inline_text                                       
                        nodes, messages = self.inliner.parse(text, lineno,                                                                                                                    
                                          ^^^^^^^^^^^^^^^^^^^^^^^^^^^^^^^^                                                                                                                    
                      File "/home/erick/Desktop/Projects/sandbox/lib/python3.11/site-packages/docutils/parsers/rst/states.py", line 649, in parse                                             
                        before, inlines, remaining, sysmessages = method(self, match,                                                                                                         
                                                                  ^^^^^^^^^^^^^^^^^^^                                                                                                         
                      File "/home/erick/Desktop/Projects/sandbox/lib/python3.11/site-packages/docutils/parsers/rst/states.py", line 747, in strong                                            
                        before, inlines, remaining, sysmessages, endstring = self.inline_obj(                                                                                                 
                                                                             ^^^^^^^^^^^^^^^^                                                                                                 
                      File "/home/erick/Desktop/Projects/sandbox/lib/python3.11/site-packages/docutils/parsers/rst/states.py", line 727, in inline_obj                                        
                        msg = self.reporter.warning(                                                                                                                                          
                              ^^^^^^^^^^^^^^^^^^^^^^                                                                                                                                          
                      File "/home/erick/Desktop/Projects/sandbox/lib/python3.11/site-packages/docutils/utils/__init__.py", line 223, in warning                                               
                        return self.system_message(self.WARNING_LEVEL, *args, **kwargs)                                                                                                       
                               ^^^^^^^^^^^^^^^^^^^^^^^^^^^^^^^^^^^^^^^^^^^^^^^^^^^^^^^^                                                                                                       
                      File "/home/erick/Desktop/Projects/sandbox/lib/python3.11/site-packages/docutils/utils/__init__.py", line 196, in system_message                                        
                        raise SystemMessage(msg, level)                                                                                                                                       
                    docutils.utils.SystemMessage: /home/erick/Desktop/Projects/pythonmarketer.com/content/blog/the-joy-of-logging-with-python.rst:10: (WARNING/2) Inline strong               
                    start-string without end-string.                                                                                                                                          
           DEBUG    Read file blog/starting-to-almost-kinda-think-about-creating-a-web-app.rst -> Article                                                                       readers.py:547
           DEBUG    Read file blog/6989.rst -> Article                                                                                                                          readers.py:547
           ERROR    Could not process blog/6989.rst                                                                                                                                  log.py:96
                    /home/erick/Desktop/Projects/pythonmarketer.com/content/blog/6989.rst:16: (WARNING/2) Cannot analyze code. No Pygments lexer found for                                    
                    "wp-block-syntaxhighlighter-code".                                                                                                                                        
                    Traceback (most recent call last):                                                                                                                                        
                      File "/home/erick/Desktop/Projects/sandbox/lib/python3.11/site-packages/docutils/utils/code_analyzer.py", line 64, in __init__                                          
                        self.lexer = get_lexer_by_name(self.language)                                                                                                                         
                                     ^^^^^^^^^^^^^^^^^^^^^^^^^^^^^^^^                                                                                                                         
                      File "/home/erick/Desktop/Projects/sandbox/lib/python3.11/site-packages/pygments/lexers/__init__.py", line 131, in get_lexer_by_name                                    
                        raise ClassNotFound('no lexer for alias %r found' % _alias)                                                                                                           
                    pygments.util.ClassNotFound: no lexer for alias 'wp-block-syntaxhighlighter-code' found                                                                                   
                                                                                                                                                                                              
                    During handling of the above exception, another exception occurred:                                                                                                       
                                                                                                                                                                                              
                    Traceback (most recent call last):                                                                                                                                        
                      File "/home/erick/Desktop/Projects/sandbox/lib/python3.11/site-packages/docutils/parsers/rst/directives/body.py", line 159, in run                                      
                        tokens = Lexer('\n'.join(self.content), language,                                                                                                                     
                                 ^^^^^^^^^^^^^^^^^^^^^^^^^^^^^^^^^^^^^^^^                                                                                                                     
                      File "/home/erick/Desktop/Projects/sandbox/lib/python3.11/site-packages/docutils/utils/code_analyzer.py", line 66, in __init__                                          
                        raise LexerError('Cannot analyze code. '                                                                                                                              
                    docutils.utils.code_analyzer.LexerError: Cannot analyze code. No Pygments lexer found for "wp-block-syntaxhighlighter-code".                                              
                                                                                                                                                                                              
                    During handling of the above exception, another exception occurred:                                                                                                       
                                                                                                                                                                                              
                    Traceback (most recent call last):                                                                                                                                        
                      File "/home/erick/Desktop/Projects/sandbox/lib/python3.11/site-packages/docutils/parsers/rst/states.py", line 2154, in run_directive                                    
                        result = directive_instance.run()                                                                                                                                     
                                 ^^^^^^^^^^^^^^^^^^^^^^^^                                                                                                                                     
                      File "/home/erick/Desktop/Projects/sandbox/lib/python3.11/site-packages/docutils/parsers/rst/directives/body.py", line 166, in run                                      
                        raise self.warning(error)                                                                                                                                             
                    docutils.parsers.rst.DirectiveError                                                                                                                                       
                                                                                                                                                                                              
                    During handling of the above exception, another exception occurred:                                                                                                       
                                                                                                                                                                                              
                    Traceback (most recent call last):                                                                                                                                        
                      File "/home/erick/Desktop/Projects/sandbox/lib/python3.11/site-packages/pelican/generators.py", line 627, in generate_context                                           
                        article = self.readers.read_file(                                                                                                                                     
                                  ^^^^^^^^^^^^^^^^^^^^^^^                                                                                                                                     
                      File "/home/erick/Desktop/Projects/sandbox/lib/python3.11/site-packages/pelican/readers.py", line 580, in read_file                                                     
                        content, reader_metadata = reader.read(path)                                                                                                                          
                                                   ^^^^^^^^^^^^^^^^^                                                                                                                          
                      File "/home/erick/Desktop/Projects/sandbox/lib/python3.11/site-packages/pelican/readers.py", line 278, in read                                                          
                        pub = self._get_publisher(source_path)                                                                                                                                
                              ^^^^^^^^^^^^^^^^^^^^^^^^^^^^^^^^                                                                                                                                
                      File "/home/erick/Desktop/Projects/sandbox/lib/python3.11/site-packages/pelican/readers.py", line 273, in _get_publisher                                                
                        pub.publish()                                                                                                                                                         
                      File "/home/erick/Desktop/Projects/sandbox/lib/python3.11/site-packages/docutils/core.py", line 224, in publish                                                         
                        self.document = self.reader.read(self.source, self.parser,                                                                                                            
                                        ^^^^^^^^^^^^^^^^^^^^^^^^^^^^^^^^^^^^^^^^^^                                                                                                            
                      File "/home/erick/Desktop/Projects/sandbox/lib/python3.11/site-packages/docutils/readers/__init__.py", line 70, in read                                                 
                        self.parse()                                                                                                                                                          
                      File "/home/erick/Desktop/Projects/sandbox/lib/python3.11/site-packages/docutils/readers/__init__.py", line 76, in parse                                                
                        self.parser.parse(self.input, document)                                                                                                                               
                      File "/home/erick/Desktop/Projects/sandbox/lib/python3.11/site-packages/docutils/parsers/rst/__init__.py", line 185, in parse                                           
                        self.statemachine.run(inputlines, document, inliner=self.inliner)                                                                                                     
                      File "/home/erick/Desktop/Projects/sandbox/lib/python3.11/site-packages/docutils/parsers/rst/states.py", line 169, in run                                               
                        results = StateMachineWS.run(self, input_lines, input_offset,                                                                                                         
                                  ^^^^^^^^^^^^^^^^^^^^^^^^^^^^^^^^^^^^^^^^^^^^^^^^^^^                                                                                                         
                      File "/home/erick/Desktop/Projects/sandbox/lib/python3.11/site-packages/docutils/statemachine.py", line 233, in run                                                     
                        context, next_state, result = self.check_line(                                                                                                                        
                                                      ^^^^^^^^^^^^^^^^                                                                                                                        
                      File "/home/erick/Desktop/Projects/sandbox/lib/python3.11/site-packages/docutils/statemachine.py", line 445, in check_line                                              
                        return method(match, context, next_state)                                                                                                                             
                               ^^^^^^^^^^^^^^^^^^^^^^^^^^^^^^^^^^                                                                                                                             
                      File "/home/erick/Desktop/Projects/sandbox/lib/python3.11/site-packages/docutils/parsers/rst/states.py", line 2785, in underline                                        
                        self.section(title, source, style, lineno - 1, messages)                                                                                                              
                      File "/home/erick/Desktop/Projects/sandbox/lib/python3.11/site-packages/docutils/parsers/rst/states.py", line 325, in section                                           
                        self.new_subsection(title, lineno, messages)                                                                                                                          
                      File "/home/erick/Desktop/Projects/sandbox/lib/python3.11/site-packages/docutils/parsers/rst/states.py", line 391, in new_subsection                                    
                        newabsoffset = self.nested_parse(                                                                                                                                     
                                       ^^^^^^^^^^^^^^^^^^                                                                                                                                     
                      File "/home/erick/Desktop/Projects/sandbox/lib/python3.11/site-packages/docutils/parsers/rst/states.py", line 279, in nested_parse                                      
                        state_machine.run(block, input_offset, memo=self.memo,                                                                                                                
                      File "/home/erick/Desktop/Projects/sandbox/lib/python3.11/site-packages/docutils/parsers/rst/states.py", line 195, in run                                               
                        results = StateMachineWS.run(self, input_lines, input_offset)                                                                                                         
                                  ^^^^^^^^^^^^^^^^^^^^^^^^^^^^^^^^^^^^^^^^^^^^^^^^^^^                                                                                                         
                      File "/home/erick/Desktop/Projects/sandbox/lib/python3.11/site-packages/docutils/statemachine.py", line 233, in run                                                     
                        context, next_state, result = self.check_line(                                                                                                                        
                                                      ^^^^^^^^^^^^^^^^                                                                                                                        
                      File "/home/erick/Desktop/Projects/sandbox/lib/python3.11/site-packages/docutils/statemachine.py", line 445, in check_line                                              
                        return method(match, context, next_state)                                                                                                                             
                               ^^^^^^^^^^^^^^^^^^^^^^^^^^^^^^^^^^                                                                                                                             
                      File "/home/erick/Desktop/Projects/sandbox/lib/python3.11/site-packages/docutils/parsers/rst/states.py", line 2355, in explicit_markup                                  
                        nodelist, blank_finish = self.explicit_construct(match)                                                                                                               
                                                 ^^^^^^^^^^^^^^^^^^^^^^^^^^^^^^                                                                                                               
                      File "/home/erick/Desktop/Projects/sandbox/lib/python3.11/site-packages/docutils/parsers/rst/states.py", line 2367, in explicit_construct                               
                        return method(self, expmatch)                                                                                                                                         
                               ^^^^^^^^^^^^^^^^^^^^^^                                                                                                                                         
                      File "/home/erick/Desktop/Projects/sandbox/lib/python3.11/site-packages/docutils/parsers/rst/states.py", line 2104, in directive                                        
                        return self.run_directive(                                                                                                                                            
                               ^^^^^^^^^^^^^^^^^^^                                                                                                                                            
                      File "/home/erick/Desktop/Projects/sandbox/lib/python3.11/site-packages/docutils/parsers/rst/states.py", line 2156, in run_directive                                    
                        msg_node = self.reporter.system_message(error.level, error.msg,                                                                                                       
                                   ^^^^^^^^^^^^^^^^^^^^^^^^^^^^^^^^^^^^^^^^^^^^^^^^^^^^                                                                                                       
                      File "/home/erick/Desktop/Projects/sandbox/lib/python3.11/site-packages/docutils/utils/__init__.py", line 196, in system_message                                        
                        raise SystemMessage(msg, level)                                                                                                                                       
                    docutils.utils.SystemMessage: /home/erick/Desktop/Projects/pythonmarketer.com/content/blog/6989.rst:16: (WARNING/2) Cannot analyze code. No Pygments lexer found          
                    for "wp-block-syntaxhighlighter-code".                                                                                                                                    
           DEBUG    Read file blog/1339.rst -> Article                                                                                                                          readers.py:547
           ERROR    Could not process blog/1339.rst                                                                                                                                  log.py:96
                    /home/erick/Desktop/Projects/pythonmarketer.com/content/blog/1339.rst:10: (WARNING/2) Enumerated list ends without a blank line; unexpected unindent.                     
                    Traceback (most recent call last):                                                                                                                                        
                      File "/home/erick/Desktop/Projects/sandbox/lib/python3.11/site-packages/pelican/generators.py", line 627, in generate_context                                           
                        article = self.readers.read_file(                                                                                                                                     
                                  ^^^^^^^^^^^^^^^^^^^^^^^                                                                                                                                     
                      File "/home/erick/Desktop/Projects/sandbox/lib/python3.11/site-packages/pelican/readers.py", line 580, in read_file                                                     
                        content, reader_metadata = reader.read(path)                                                                                                                          
                                                   ^^^^^^^^^^^^^^^^^                                                                                                                          
                      File "/home/erick/Desktop/Projects/sandbox/lib/python3.11/site-packages/pelican/readers.py", line 278, in read                                                          
                        pub = self._get_publisher(source_path)                                                                                                                                
                              ^^^^^^^^^^^^^^^^^^^^^^^^^^^^^^^^                                                                                                                                
                      File "/home/erick/Desktop/Projects/sandbox/lib/python3.11/site-packages/pelican/readers.py", line 273, in _get_publisher                                                
                        pub.publish()                                                                                                                                                         
                      File "/home/erick/Desktop/Projects/sandbox/lib/python3.11/site-packages/docutils/core.py", line 224, in publish                                                         
                        self.document = self.reader.read(self.source, self.parser,                                                                                                            
                                        ^^^^^^^^^^^^^^^^^^^^^^^^^^^^^^^^^^^^^^^^^^                                                                                                            
                      File "/home/erick/Desktop/Projects/sandbox/lib/python3.11/site-packages/docutils/readers/__init__.py", line 70, in read                                                 
                        self.parse()                                                                                                                                                          
                      File "/home/erick/Desktop/Projects/sandbox/lib/python3.11/site-packages/docutils/readers/__init__.py", line 76, in parse                                                
                        self.parser.parse(self.input, document)                                                                                                                               
                      File "/home/erick/Desktop/Projects/sandbox/lib/python3.11/site-packages/docutils/parsers/rst/__init__.py", line 185, in parse                                           
                        self.statemachine.run(inputlines, document, inliner=self.inliner)                                                                                                     
                      File "/home/erick/Desktop/Projects/sandbox/lib/python3.11/site-packages/docutils/parsers/rst/states.py", line 169, in run                                               
                        results = StateMachineWS.run(self, input_lines, input_offset,                                                                                                         
                                  ^^^^^^^^^^^^^^^^^^^^^^^^^^^^^^^^^^^^^^^^^^^^^^^^^^^                                                                                                         
                      File "/home/erick/Desktop/Projects/sandbox/lib/python3.11/site-packages/docutils/statemachine.py", line 233, in run                                                     
                        context, next_state, result = self.check_line(                                                                                                                        
                                                      ^^^^^^^^^^^^^^^^                                                                                                                        
                      File "/home/erick/Desktop/Projects/sandbox/lib/python3.11/site-packages/docutils/statemachine.py", line 445, in check_line                                              
                        return method(match, context, next_state)                                                                                                                             
                               ^^^^^^^^^^^^^^^^^^^^^^^^^^^^^^^^^^                                                                                                                             
                      File "/home/erick/Desktop/Projects/sandbox/lib/python3.11/site-packages/docutils/parsers/rst/states.py", line 2785, in underline                                        
                        self.section(title, source, style, lineno - 1, messages)                                                                                                              
                      File "/home/erick/Desktop/Projects/sandbox/lib/python3.11/site-packages/docutils/parsers/rst/states.py", line 325, in section                                           
                        self.new_subsection(title, lineno, messages)                                                                                                                          
                      File "/home/erick/Desktop/Projects/sandbox/lib/python3.11/site-packages/docutils/parsers/rst/states.py", line 391, in new_subsection                                    
                        newabsoffset = self.nested_parse(                                                                                                                                     
                                       ^^^^^^^^^^^^^^^^^^                                                                                                                                     
                      File "/home/erick/Desktop/Projects/sandbox/lib/python3.11/site-packages/docutils/parsers/rst/states.py", line 279, in nested_parse                                      
                        state_machine.run(block, input_offset, memo=self.memo,                                                                                                                
                      File "/home/erick/Desktop/Projects/sandbox/lib/python3.11/site-packages/docutils/parsers/rst/states.py", line 195, in run                                               
                        results = StateMachineWS.run(self, input_lines, input_offset)                                                                                                         
                                  ^^^^^^^^^^^^^^^^^^^^^^^^^^^^^^^^^^^^^^^^^^^^^^^^^^^                                                                                                         
                      File "/home/erick/Desktop/Projects/sandbox/lib/python3.11/site-packages/docutils/statemachine.py", line 233, in run                                                     
                        context, next_state, result = self.check_line(                                                                                                                        
                                                      ^^^^^^^^^^^^^^^^                                                                                                                        
                      File "/home/erick/Desktop/Projects/sandbox/lib/python3.11/site-packages/docutils/statemachine.py", line 445, in check_line                                              
                        return method(match, context, next_state)                                                                                                                             
                               ^^^^^^^^^^^^^^^^^^^^^^^^^^^^^^^^^^                                                                                                                             
                      File "/home/erick/Desktop/Projects/sandbox/lib/python3.11/site-packages/docutils/parsers/rst/states.py", line 1331, in enumerator                                       
                        self.parent += self.unindent_warning('Enumerated list')                                                                                                               
                                       ^^^^^^^^^^^^^^^^^^^^^^^^^^^^^^^^^^^^^^^^                                                                                                               
                      File "/home/erick/Desktop/Projects/sandbox/lib/python3.11/site-packages/docutils/parsers/rst/states.py", line 432, in unindent_warning                                  
                        return self.reporter.warning('%s ends without a blank line; '                                                                                                         
                               ^^^^^^^^^^^^^^^^^^^^^^^^^^^^^^^^^^^^^^^^^^^^^^^^^^^^^^                                                                                                         
                      File "/home/erick/Desktop/Projects/sandbox/lib/python3.11/site-packages/docutils/utils/__init__.py", line 223, in warning                                               
                        return self.system_message(self.WARNING_LEVEL, *args, **kwargs)                                                                                                       
                               ^^^^^^^^^^^^^^^^^^^^^^^^^^^^^^^^^^^^^^^^^^^^^^^^^^^^^^^^                                                                                                       
                      File "/home/erick/Desktop/Projects/sandbox/lib/python3.11/site-packages/docutils/utils/__init__.py", line 196, in system_message                                        
                        raise SystemMessage(msg, level)                                                                                                                                       
                    docutils.utils.SystemMessage: /home/erick/Desktop/Projects/pythonmarketer.com/content/blog/1339.rst:10: (WARNING/2) Enumerated list ends without a blank line;            
                    unexpected unindent.                                                                                                                                                      
           DEBUG    Read file blog/7014.rst -> Article                                                                                                                          readers.py:547
           ERROR    Could not process blog/7014.rst                                                                                                                                  log.py:96
                    /home/erick/Desktop/Projects/pythonmarketer.com/content/blog/7014.rst:13: (WARNING/2) Cannot analyze code. No Pygments lexer found for "wp-block-preformatted".           
                    Traceback (most recent call last):                                                                                                                                        
                      File "/home/erick/Desktop/Projects/sandbox/lib/python3.11/site-packages/docutils/utils/code_analyzer.py", line 64, in __init__                                          
                        self.lexer = get_lexer_by_name(self.language)                                                                                                                         
                                     ^^^^^^^^^^^^^^^^^^^^^^^^^^^^^^^^                                                                                                                         
                      File "/home/erick/Desktop/Projects/sandbox/lib/python3.11/site-packages/pygments/lexers/__init__.py", line 131, in get_lexer_by_name                                    
                        raise ClassNotFound('no lexer for alias %r found' % _alias)                                                                                                           
                    pygments.util.ClassNotFound: no lexer for alias 'wp-block-preformatted' found                                                                                             
                                                                                                                                                                                              
                    During handling of the above exception, another exception occurred:                                                                                                       
                                                                                                                                                                                              
                    Traceback (most recent call last):                                                                                                                                        
                      File "/home/erick/Desktop/Projects/sandbox/lib/python3.11/site-packages/docutils/parsers/rst/directives/body.py", line 159, in run                                      
                        tokens = Lexer('\n'.join(self.content), language,                                                                                                                     
                                 ^^^^^^^^^^^^^^^^^^^^^^^^^^^^^^^^^^^^^^^^                                                                                                                     
                      File "/home/erick/Desktop/Projects/sandbox/lib/python3.11/site-packages/docutils/utils/code_analyzer.py", line 66, in __init__                                          
                        raise LexerError('Cannot analyze code. '                                                                                                                              
                    docutils.utils.code_analyzer.LexerError: Cannot analyze code. No Pygments lexer found for "wp-block-preformatted".                                                        
                                                                                                                                                                                              
                    During handling of the above exception, another exception occurred:                                                                                                       
                                                                                                                                                                                              
                    Traceback (most recent call last):                                                                                                                                        
                      File "/home/erick/Desktop/Projects/sandbox/lib/python3.11/site-packages/docutils/parsers/rst/states.py", line 2154, in run_directive                                    
                        result = directive_instance.run()                                                                                                                                     
                                 ^^^^^^^^^^^^^^^^^^^^^^^^                                                                                                                                     
                      File "/home/erick/Desktop/Projects/sandbox/lib/python3.11/site-packages/docutils/parsers/rst/directives/body.py", line 166, in run                                      
                        raise self.warning(error)                                                                                                                                             
                    docutils.parsers.rst.DirectiveError                                                                                                                                       
                                                                                                                                                                                              
                    During handling of the above exception, another exception occurred:                                                                                                       
                                                                                                                                                                                              
                    Traceback (most recent call last):                                                                                                                                        
                      File "/home/erick/Desktop/Projects/sandbox/lib/python3.11/site-packages/pelican/generators.py", line 627, in generate_context                                           
                        article = self.readers.read_file(                                                                                                                                     
                                  ^^^^^^^^^^^^^^^^^^^^^^^                                                                                                                                     
                      File "/home/erick/Desktop/Projects/sandbox/lib/python3.11/site-packages/pelican/readers.py", line 580, in read_file                                                     
                        content, reader_metadata = reader.read(path)                                                                                                                          
                                                   ^^^^^^^^^^^^^^^^^                                                                                                                          
                      File "/home/erick/Desktop/Projects/sandbox/lib/python3.11/site-packages/pelican/readers.py", line 278, in read                                                          
                        pub = self._get_publisher(source_path)                                                                                                                                
                              ^^^^^^^^^^^^^^^^^^^^^^^^^^^^^^^^                                                                                                                                
                      File "/home/erick/Desktop/Projects/sandbox/lib/python3.11/site-packages/pelican/readers.py", line 273, in _get_publisher                                                
                        pub.publish()                                                                                                                                                         
                      File "/home/erick/Desktop/Projects/sandbox/lib/python3.11/site-packages/docutils/core.py", line 224, in publish                                                         
                        self.document = self.reader.read(self.source, self.parser,                                                                                                            
                                        ^^^^^^^^^^^^^^^^^^^^^^^^^^^^^^^^^^^^^^^^^^                                                                                                            
                      File "/home/erick/Desktop/Projects/sandbox/lib/python3.11/site-packages/docutils/readers/__init__.py", line 70, in read                                                 
                        self.parse()                                                                                                                                                          
                      File "/home/erick/Desktop/Projects/sandbox/lib/python3.11/site-packages/docutils/readers/__init__.py", line 76, in parse                                                
                        self.parser.parse(self.input, document)                                                                                                                               
                      File "/home/erick/Desktop/Projects/sandbox/lib/python3.11/site-packages/docutils/parsers/rst/__init__.py", line 185, in parse                                           
                        self.statemachine.run(inputlines, document, inliner=self.inliner)                                                                                                     
                      File "/home/erick/Desktop/Projects/sandbox/lib/python3.11/site-packages/docutils/parsers/rst/states.py", line 169, in run                                               
                        results = StateMachineWS.run(self, input_lines, input_offset,                                                                                                         
                                  ^^^^^^^^^^^^^^^^^^^^^^^^^^^^^^^^^^^^^^^^^^^^^^^^^^^                                                                                                         
                      File "/home/erick/Desktop/Projects/sandbox/lib/python3.11/site-packages/docutils/statemachine.py", line 233, in run                                                     
                        context, next_state, result = self.check_line(                                                                                                                        
                                                      ^^^^^^^^^^^^^^^^                                                                                                                        
                      File "/home/erick/Desktop/Projects/sandbox/lib/python3.11/site-packages/docutils/statemachine.py", line 445, in check_line                                              
                        return method(match, context, next_state)                                                                                                                             
                               ^^^^^^^^^^^^^^^^^^^^^^^^^^^^^^^^^^                                                                                                                             
                      File "/home/erick/Desktop/Projects/sandbox/lib/python3.11/site-packages/docutils/parsers/rst/states.py", line 2785, in underline                                        
                        self.section(title, source, style, lineno - 1, messages)                                                                                                              
                      File "/home/erick/Desktop/Projects/sandbox/lib/python3.11/site-packages/docutils/parsers/rst/states.py", line 325, in section                                           
                        self.new_subsection(title, lineno, messages)                                                                                                                          
                      File "/home/erick/Desktop/Projects/sandbox/lib/python3.11/site-packages/docutils/parsers/rst/states.py", line 391, in new_subsection                                    
                        newabsoffset = self.nested_parse(                                                                                                                                     
                                       ^^^^^^^^^^^^^^^^^^                                                                                                                                     
                      File "/home/erick/Desktop/Projects/sandbox/lib/python3.11/site-packages/docutils/parsers/rst/states.py", line 279, in nested_parse                                      
                        state_machine.run(block, input_offset, memo=self.memo,                                                                                                                
                      File "/home/erick/Desktop/Projects/sandbox/lib/python3.11/site-packages/docutils/parsers/rst/states.py", line 195, in run                                               
                        results = StateMachineWS.run(self, input_lines, input_offset)                                                                                                         
                                  ^^^^^^^^^^^^^^^^^^^^^^^^^^^^^^^^^^^^^^^^^^^^^^^^^^^                                                                                                         
                      File "/home/erick/Desktop/Projects/sandbox/lib/python3.11/site-packages/docutils/statemachine.py", line 233, in run                                                     
                        context, next_state, result = self.check_line(                                                                                                                        
                                                      ^^^^^^^^^^^^^^^^                                                                                                                        
                      File "/home/erick/Desktop/Projects/sandbox/lib/python3.11/site-packages/docutils/statemachine.py", line 445, in check_line                                              
                        return method(match, context, next_state)                                                                                                                             
                               ^^^^^^^^^^^^^^^^^^^^^^^^^^^^^^^^^^                                                                                                                             
                      File "/home/erick/Desktop/Projects/sandbox/lib/python3.11/site-packages/docutils/parsers/rst/states.py", line 2355, in explicit_markup                                  
                        nodelist, blank_finish = self.explicit_construct(match)                                                                                                               
                                                 ^^^^^^^^^^^^^^^^^^^^^^^^^^^^^^                                                                                                               
                      File "/home/erick/Desktop/Projects/sandbox/lib/python3.11/site-packages/docutils/parsers/rst/states.py", line 2367, in explicit_construct                               
                        return method(self, expmatch)                                                                                                                                         
                               ^^^^^^^^^^^^^^^^^^^^^^                                                                                                                                         
                      File "/home/erick/Desktop/Projects/sandbox/lib/python3.11/site-packages/docutils/parsers/rst/states.py", line 2104, in directive                                        
                        return self.run_directive(                                                                                                                                            
                               ^^^^^^^^^^^^^^^^^^^                                                                                                                                            
                      File "/home/erick/Desktop/Projects/sandbox/lib/python3.11/site-packages/docutils/parsers/rst/states.py", line 2156, in run_directive                                    
                        msg_node = self.reporter.system_message(error.level, error.msg,                                                                                                       
                                   ^^^^^^^^^^^^^^^^^^^^^^^^^^^^^^^^^^^^^^^^^^^^^^^^^^^^                                                                                                       
                      File "/home/erick/Desktop/Projects/sandbox/lib/python3.11/site-packages/docutils/utils/__init__.py", line 196, in system_message                                        
                        raise SystemMessage(msg, level)                                                                                                                                       
                    docutils.utils.SystemMessage: /home/erick/Desktop/Projects/pythonmarketer.com/content/blog/7014.rst:13: (WARNING/2) Cannot analyze code. No Pygments lexer found          
                    for "wp-block-preformatted".                                                                                                                                              
           DEBUG    Read file blog/tkinter-and-python-libraries.rst -> Article                                                                                                  readers.py:547
           DEBUG    Read file blog/4029.rst -> Article                                                                                                                          readers.py:547
           DEBUG    Read file blog/6937.rst -> Article                                                                                                                          readers.py:547
           DEBUG    Read file blog/what-is-your-circle-of-the-internet.rst -> Article                                                                                           readers.py:547
           DEBUG    Read file blog/5497.rst -> Article                                                                                                                          readers.py:547
           DEBUG    Read file blog/1451.rst -> Article                                                                                                                          readers.py:547
           DEBUG    Read file blog/on-learning-new-things.rst -> Article                                                                                                        readers.py:547
           DEBUG    Read file blog/7508.rst -> Article                                                                                                                          readers.py:547
           WARNING  Document title missing in file /home/erick/Desktop/Projects/pythonmarketer.com/content/blog/7508.rst: Ensure exactly one top level section                       log.py:91
           ERROR    Skipping /home/erick/Desktop/Projects/pythonmarketer.com/content/blog/7508.rst: could not find information about 'date'                                          log.py:96
           DEBUG    Read file blog/can-you-script-it.rst -> Article                                                                                                             readers.py:547
           ERROR    Could not process blog/can-you-script-it.rst                                                                                                                     log.py:96
                    /home/erick/Desktop/Projects/pythonmarketer.com/content/blog/can-you-script-it.rst:16: (WARNING/2) Cannot analyze code. No Pygments lexer found for                       
                    "wp-block-code".                                                                                                                                                          
                    Traceback (most recent call last):                                                                                                                                        
                      File "/home/erick/Desktop/Projects/sandbox/lib/python3.11/site-packages/docutils/utils/code_analyzer.py", line 64, in __init__                                          
                        self.lexer = get_lexer_by_name(self.language)                                                                                                                         
                                     ^^^^^^^^^^^^^^^^^^^^^^^^^^^^^^^^                                                                                                                         
                      File "/home/erick/Desktop/Projects/sandbox/lib/python3.11/site-packages/pygments/lexers/__init__.py", line 131, in get_lexer_by_name                                    
                        raise ClassNotFound('no lexer for alias %r found' % _alias)                                                                                                           
                    pygments.util.ClassNotFound: no lexer for alias 'wp-block-code' found                                                                                                     
                                                                                                                                                                                              
                    During handling of the above exception, another exception occurred:                                                                                                       
                                                                                                                                                                                              
                    Traceback (most recent call last):                                                                                                                                        
                      File "/home/erick/Desktop/Projects/sandbox/lib/python3.11/site-packages/docutils/parsers/rst/directives/body.py", line 159, in run                                      
                        tokens = Lexer('\n'.join(self.content), language,                                                                                                                     
                                 ^^^^^^^^^^^^^^^^^^^^^^^^^^^^^^^^^^^^^^^^                                                                                                                     
                      File "/home/erick/Desktop/Projects/sandbox/lib/python3.11/site-packages/docutils/utils/code_analyzer.py", line 66, in __init__                                          
                        raise LexerError('Cannot analyze code. '                                                                                                                              
                    docutils.utils.code_analyzer.LexerError: Cannot analyze code. No Pygments lexer found for "wp-block-code".                                                                
                                                                                                                                                                                              
                    During handling of the above exception, another exception occurred:                                                                                                       
                                                                                                                                                                                              
                    Traceback (most recent call last):                                                                                                                                        
                      File "/home/erick/Desktop/Projects/sandbox/lib/python3.11/site-packages/docutils/parsers/rst/states.py", line 2154, in run_directive                                    
                        result = directive_instance.run()                                                                                                                                     
                                 ^^^^^^^^^^^^^^^^^^^^^^^^                                                                                                                                     
                      File "/home/erick/Desktop/Projects/sandbox/lib/python3.11/site-packages/docutils/parsers/rst/directives/body.py", line 166, in run                                      
                        raise self.warning(error)                                                                                                                                             
                    docutils.parsers.rst.DirectiveError                                                                                                                                       
                                                                                                                                                                                              
                    During handling of the above exception, another exception occurred:                                                                                                       
                                                                                                                                                                                              
                    Traceback (most recent call last):                                                                                                                                        
                      File "/home/erick/Desktop/Projects/sandbox/lib/python3.11/site-packages/pelican/generators.py", line 627, in generate_context                                           
                        article = self.readers.read_file(                                                                                                                                     
                                  ^^^^^^^^^^^^^^^^^^^^^^^                                                                                                                                     
                      File "/home/erick/Desktop/Projects/sandbox/lib/python3.11/site-packages/pelican/readers.py", line 580, in read_file                                                     
                        content, reader_metadata = reader.read(path)                                                                                                                          
                                                   ^^^^^^^^^^^^^^^^^                                                                                                                          
                      File "/home/erick/Desktop/Projects/sandbox/lib/python3.11/site-packages/pelican/readers.py", line 278, in read                                                          
                        pub = self._get_publisher(source_path)                                                                                                                                
                              ^^^^^^^^^^^^^^^^^^^^^^^^^^^^^^^^                                                                                                                                
                      File "/home/erick/Desktop/Projects/sandbox/lib/python3.11/site-packages/pelican/readers.py", line 273, in _get_publisher                                                
                        pub.publish()                                                                                                                                                         
                      File "/home/erick/Desktop/Projects/sandbox/lib/python3.11/site-packages/docutils/core.py", line 224, in publish                                                         
                        self.document = self.reader.read(self.source, self.parser,                                                                                                            
                                        ^^^^^^^^^^^^^^^^^^^^^^^^^^^^^^^^^^^^^^^^^^                                                                                                            
                      File "/home/erick/Desktop/Projects/sandbox/lib/python3.11/site-packages/docutils/readers/__init__.py", line 70, in read                                                 
                        self.parse()                                                                                                                                                          
                      File "/home/erick/Desktop/Projects/sandbox/lib/python3.11/site-packages/docutils/readers/__init__.py", line 76, in parse                                                
                        self.parser.parse(self.input, document)                                                                                                                               
                      File "/home/erick/Desktop/Projects/sandbox/lib/python3.11/site-packages/docutils/parsers/rst/__init__.py", line 185, in parse                                           
                        self.statemachine.run(inputlines, document, inliner=self.inliner)                                                                                                     
                      File "/home/erick/Desktop/Projects/sandbox/lib/python3.11/site-packages/docutils/parsers/rst/states.py", line 169, in run                                               
                        results = StateMachineWS.run(self, input_lines, input_offset,                                                                                                         
                                  ^^^^^^^^^^^^^^^^^^^^^^^^^^^^^^^^^^^^^^^^^^^^^^^^^^^                                                                                                         
                      File "/home/erick/Desktop/Projects/sandbox/lib/python3.11/site-packages/docutils/statemachine.py", line 233, in run                                                     
                        context, next_state, result = self.check_line(                                                                                                                        
                                                      ^^^^^^^^^^^^^^^^                                                                                                                        
                      File "/home/erick/Desktop/Projects/sandbox/lib/python3.11/site-packages/docutils/statemachine.py", line 445, in check_line                                              
                        return method(match, context, next_state)                                                                                                                             
                               ^^^^^^^^^^^^^^^^^^^^^^^^^^^^^^^^^^                                                                                                                             
                      File "/home/erick/Desktop/Projects/sandbox/lib/python3.11/site-packages/docutils/parsers/rst/states.py", line 2785, in underline                                        
                        self.section(title, source, style, lineno - 1, messages)                                                                                                              
                      File "/home/erick/Desktop/Projects/sandbox/lib/python3.11/site-packages/docutils/parsers/rst/states.py", line 325, in section                                           
                        self.new_subsection(title, lineno, messages)                                                                                                                          
                      File "/home/erick/Desktop/Projects/sandbox/lib/python3.11/site-packages/docutils/parsers/rst/states.py", line 391, in new_subsection                                    
                        newabsoffset = self.nested_parse(                                                                                                                                     
                                       ^^^^^^^^^^^^^^^^^^                                                                                                                                     
                      File "/home/erick/Desktop/Projects/sandbox/lib/python3.11/site-packages/docutils/parsers/rst/states.py", line 279, in nested_parse                                      
                        state_machine.run(block, input_offset, memo=self.memo,                                                                                                                
                      File "/home/erick/Desktop/Projects/sandbox/lib/python3.11/site-packages/docutils/parsers/rst/states.py", line 195, in run                                               
                        results = StateMachineWS.run(self, input_lines, input_offset)                                                                                                         
                                  ^^^^^^^^^^^^^^^^^^^^^^^^^^^^^^^^^^^^^^^^^^^^^^^^^^^                                                                                                         
                      File "/home/erick/Desktop/Projects/sandbox/lib/python3.11/site-packages/docutils/statemachine.py", line 233, in run                                                     
                        context, next_state, result = self.check_line(                                                                                                                        
                                                      ^^^^^^^^^^^^^^^^                                                                                                                        
                      File "/home/erick/Desktop/Projects/sandbox/lib/python3.11/site-packages/docutils/statemachine.py", line 445, in check_line                                              
                        return method(match, context, next_state)                                                                                                                             
                               ^^^^^^^^^^^^^^^^^^^^^^^^^^^^^^^^^^                                                                                                                             
                      File "/home/erick/Desktop/Projects/sandbox/lib/python3.11/site-packages/docutils/parsers/rst/states.py", line 2355, in explicit_markup                                  
                        nodelist, blank_finish = self.explicit_construct(match)                                                                                                               
                                                 ^^^^^^^^^^^^^^^^^^^^^^^^^^^^^^                                                                                                               
                      File "/home/erick/Desktop/Projects/sandbox/lib/python3.11/site-packages/docutils/parsers/rst/states.py", line 2367, in explicit_construct                               
                        return method(self, expmatch)                                                                                                                                         
                               ^^^^^^^^^^^^^^^^^^^^^^                                                                                                                                         
                      File "/home/erick/Desktop/Projects/sandbox/lib/python3.11/site-packages/docutils/parsers/rst/states.py", line 2104, in directive                                        
                        return self.run_directive(                                                                                                                                            
                               ^^^^^^^^^^^^^^^^^^^                                                                                                                                            
                      File "/home/erick/Desktop/Projects/sandbox/lib/python3.11/site-packages/docutils/parsers/rst/states.py", line 2156, in run_directive                                    
                        msg_node = self.reporter.system_message(error.level, error.msg,                                                                                                       
                                   ^^^^^^^^^^^^^^^^^^^^^^^^^^^^^^^^^^^^^^^^^^^^^^^^^^^^                                                                                                       
                      File "/home/erick/Desktop/Projects/sandbox/lib/python3.11/site-packages/docutils/utils/__init__.py", line 196, in system_message                                        
                        raise SystemMessage(msg, level)                                                                                                                                       
                    docutils.utils.SystemMessage: /home/erick/Desktop/Projects/pythonmarketer.com/content/blog/can-you-script-it.rst:16: (WARNING/2) Cannot analyze code. No                  
                    Pygments lexer found for "wp-block-code".                                                                                                                                 
           DEBUG    Read file blog/when-random-isnt-so-random-the-time-i-accidentally-postcard-bombed-some-people.rst -> Article                                                readers.py:547
           DEBUG    Read file blog/the-beauty-of-scripting-write-scripts-and-follow-them.rst -> Article                                                                         readers.py:547
           ERROR    Could not process blog/the-beauty-of-scripting-write-scripts-and-follow-them.rst                                                                                 log.py:96
                    /home/erick/Desktop/Projects/pythonmarketer.com/content/blog/the-beauty-of-scripting-write-scripts-and-follow-them.rst:36: (WARNING/2) Inline strong                      
                    start-string without end-string.                                                                                                                                          
                    Traceback (most recent call last):                                                                                                                                        
                      File "/home/erick/Desktop/Projects/sandbox/lib/python3.11/site-packages/pelican/generators.py", line 627, in generate_context                                           
                        article = self.readers.read_file(                                                                                                                                     
                                  ^^^^^^^^^^^^^^^^^^^^^^^                                                                                                                                     
                      File "/home/erick/Desktop/Projects/sandbox/lib/python3.11/site-packages/pelican/readers.py", line 580, in read_file                                                     
                        content, reader_metadata = reader.read(path)                                                                                                                          
                                                   ^^^^^^^^^^^^^^^^^                                                                                                                          
                      File "/home/erick/Desktop/Projects/sandbox/lib/python3.11/site-packages/pelican/readers.py", line 278, in read                                                          
                        pub = self._get_publisher(source_path)                                                                                                                                
                              ^^^^^^^^^^^^^^^^^^^^^^^^^^^^^^^^                                                                                                                                
                      File "/home/erick/Desktop/Projects/sandbox/lib/python3.11/site-packages/pelican/readers.py", line 273, in _get_publisher                                                
                        pub.publish()                                                                                                                                                         
                      File "/home/erick/Desktop/Projects/sandbox/lib/python3.11/site-packages/docutils/core.py", line 224, in publish                                                         
                        self.document = self.reader.read(self.source, self.parser,                                                                                                            
                                        ^^^^^^^^^^^^^^^^^^^^^^^^^^^^^^^^^^^^^^^^^^                                                                                                            
                      File "/home/erick/Desktop/Projects/sandbox/lib/python3.11/site-packages/docutils/readers/__init__.py", line 70, in read                                                 
                        self.parse()                                                                                                                                                          
                      File "/home/erick/Desktop/Projects/sandbox/lib/python3.11/site-packages/docutils/readers/__init__.py", line 76, in parse                                                
                        self.parser.parse(self.input, document)                                                                                                                               
                      File "/home/erick/Desktop/Projects/sandbox/lib/python3.11/site-packages/docutils/parsers/rst/__init__.py", line 185, in parse                                           
                        self.statemachine.run(inputlines, document, inliner=self.inliner)                                                                                                     
                      File "/home/erick/Desktop/Projects/sandbox/lib/python3.11/site-packages/docutils/parsers/rst/states.py", line 169, in run                                               
                        results = StateMachineWS.run(self, input_lines, input_offset,                                                                                                         
                                  ^^^^^^^^^^^^^^^^^^^^^^^^^^^^^^^^^^^^^^^^^^^^^^^^^^^                                                                                                         
                      File "/home/erick/Desktop/Projects/sandbox/lib/python3.11/site-packages/docutils/statemachine.py", line 233, in run                                                     
                        context, next_state, result = self.check_line(                                                                                                                        
                                                      ^^^^^^^^^^^^^^^^                                                                                                                        
                      File "/home/erick/Desktop/Projects/sandbox/lib/python3.11/site-packages/docutils/statemachine.py", line 445, in check_line                                              
                        return method(match, context, next_state)                                                                                                                             
                               ^^^^^^^^^^^^^^^^^^^^^^^^^^^^^^^^^^                                                                                                                             
                      File "/home/erick/Desktop/Projects/sandbox/lib/python3.11/site-packages/docutils/parsers/rst/states.py", line 2785, in underline                                        
                        self.section(title, source, style, lineno - 1, messages)                                                                                                              
                      File "/home/erick/Desktop/Projects/sandbox/lib/python3.11/site-packages/docutils/parsers/rst/states.py", line 325, in section                                           
                        self.new_subsection(title, lineno, messages)                                                                                                                          
                      File "/home/erick/Desktop/Projects/sandbox/lib/python3.11/site-packages/docutils/parsers/rst/states.py", line 391, in new_subsection                                    
                        newabsoffset = self.nested_parse(                                                                                                                                     
                                       ^^^^^^^^^^^^^^^^^^                                                                                                                                     
                      File "/home/erick/Desktop/Projects/sandbox/lib/python3.11/site-packages/docutils/parsers/rst/states.py", line 279, in nested_parse                                      
                        state_machine.run(block, input_offset, memo=self.memo,                                                                                                                
                      File "/home/erick/Desktop/Projects/sandbox/lib/python3.11/site-packages/docutils/parsers/rst/states.py", line 195, in run                                               
                        results = StateMachineWS.run(self, input_lines, input_offset)                                                                                                         
                                  ^^^^^^^^^^^^^^^^^^^^^^^^^^^^^^^^^^^^^^^^^^^^^^^^^^^                                                                                                         
                      File "/home/erick/Desktop/Projects/sandbox/lib/python3.11/site-packages/docutils/statemachine.py", line 233, in run                                                     
                        context, next_state, result = self.check_line(                                                                                                                        
                                                      ^^^^^^^^^^^^^^^^                                                                                                                        
                      File "/home/erick/Desktop/Projects/sandbox/lib/python3.11/site-packages/docutils/statemachine.py", line 445, in check_line                                              
                        return method(match, context, next_state)                                                                                                                             
                               ^^^^^^^^^^^^^^^^^^^^^^^^^^^^^^^^^^                                                                                                                             
                      File "/home/erick/Desktop/Projects/sandbox/lib/python3.11/site-packages/docutils/parsers/rst/states.py", line 2716, in blank                                            
                        paragraph, literalnext = self.paragraph(                                                                                                                              
                                                 ^^^^^^^^^^^^^^^                                                                                                                              
                      File "/home/erick/Desktop/Projects/sandbox/lib/python3.11/site-packages/docutils/parsers/rst/states.py", line 416, in paragraph                                         
                        textnodes, messages = self.inline_text(text, lineno)                                                                                                                  
                                              ^^^^^^^^^^^^^^^^^^^^^^^^^^^^^^                                                                                                                  
                      File "/home/erick/Desktop/Projects/sandbox/lib/python3.11/site-packages/docutils/parsers/rst/states.py", line 425, in inline_text                                       
                        nodes, messages = self.inliner.parse(text, lineno,                                                                                                                    
                                          ^^^^^^^^^^^^^^^^^^^^^^^^^^^^^^^^                                                                                                                    
                      File "/home/erick/Desktop/Projects/sandbox/lib/python3.11/site-packages/docutils/parsers/rst/states.py", line 649, in parse                                             
                        before, inlines, remaining, sysmessages = method(self, match,                                                                                                         
                                                                  ^^^^^^^^^^^^^^^^^^^                                                                                                         
                      File "/home/erick/Desktop/Projects/sandbox/lib/python3.11/site-packages/docutils/parsers/rst/states.py", line 747, in strong                                            
                        before, inlines, remaining, sysmessages, endstring = self.inline_obj(                                                                                                 
                                                                             ^^^^^^^^^^^^^^^^                                                                                                 
                      File "/home/erick/Desktop/Projects/sandbox/lib/python3.11/site-packages/docutils/parsers/rst/states.py", line 727, in inline_obj                                        
                        msg = self.reporter.warning(                                                                                                                                          
                              ^^^^^^^^^^^^^^^^^^^^^^                                                                                                                                          
                      File "/home/erick/Desktop/Projects/sandbox/lib/python3.11/site-packages/docutils/utils/__init__.py", line 223, in warning                                               
                        return self.system_message(self.WARNING_LEVEL, *args, **kwargs)                                                                                                       
                               ^^^^^^^^^^^^^^^^^^^^^^^^^^^^^^^^^^^^^^^^^^^^^^^^^^^^^^^^                                                                                                       
                      File "/home/erick/Desktop/Projects/sandbox/lib/python3.11/site-packages/docutils/utils/__init__.py", line 196, in system_message                                        
                        raise SystemMessage(msg, level)                                                                                                                                       
                    docutils.utils.SystemMessage: /home/erick/Desktop/Projects/pythonmarketer.com/content/blog/the-beauty-of-scripting-write-scripts-and-follow-them.rst:36:                  
                    (WARNING/2) Inline strong start-string without end-string.                                                                                                                
           DEBUG    Read file blog/5921.rst -> Article                                                                                                                          readers.py:547
           DEBUG    Read file blog/3249.rst -> Article                                                                                                                          readers.py:547
           DEBUG    Read file blog/5346.rst -> Article                                                                                                                          readers.py:547
           DEBUG    Read file blog/6207.rst -> Article                                                                                                                          readers.py:547
           ERROR    Could not process blog/6207.rst                                                                                                                                  log.py:96
                    /home/erick/Desktop/Projects/pythonmarketer.com/content/blog/6207.rst:11: (WARNING/2) Cannot analyze code. No Pygments lexer found for                                    
                    "wp-block-syntaxhighlighter-code".                                                                                                                                        
                    Traceback (most recent call last):                                                                                                                                        
                      File "/home/erick/Desktop/Projects/sandbox/lib/python3.11/site-packages/docutils/utils/code_analyzer.py", line 64, in __init__                                          
                        self.lexer = get_lexer_by_name(self.language)                                                                                                                         
                                     ^^^^^^^^^^^^^^^^^^^^^^^^^^^^^^^^                                                                                                                         
                      File "/home/erick/Desktop/Projects/sandbox/lib/python3.11/site-packages/pygments/lexers/__init__.py", line 131, in get_lexer_by_name                                    
                        raise ClassNotFound('no lexer for alias %r found' % _alias)                                                                                                           
                    pygments.util.ClassNotFound: no lexer for alias 'wp-block-syntaxhighlighter-code' found                                                                                   
                                                                                                                                                                                              
                    During handling of the above exception, another exception occurred:                                                                                                       
                                                                                                                                                                                              
                    Traceback (most recent call last):                                                                                                                                        
                      File "/home/erick/Desktop/Projects/sandbox/lib/python3.11/site-packages/docutils/parsers/rst/directives/body.py", line 159, in run                                      
                        tokens = Lexer('\n'.join(self.content), language,                                                                                                                     
                                 ^^^^^^^^^^^^^^^^^^^^^^^^^^^^^^^^^^^^^^^^                                                                                                                     
                      File "/home/erick/Desktop/Projects/sandbox/lib/python3.11/site-packages/docutils/utils/code_analyzer.py", line 66, in __init__                                          
                        raise LexerError('Cannot analyze code. '                                                                                                                              
                    docutils.utils.code_analyzer.LexerError: Cannot analyze code. No Pygments lexer found for "wp-block-syntaxhighlighter-code".                                              
                                                                                                                                                                                              
                    During handling of the above exception, another exception occurred:                                                                                                       
                                                                                                                                                                                              
                    Traceback (most recent call last):                                                                                                                                        
                      File "/home/erick/Desktop/Projects/sandbox/lib/python3.11/site-packages/docutils/parsers/rst/states.py", line 2154, in run_directive                                    
                        result = directive_instance.run()                                                                                                                                     
                                 ^^^^^^^^^^^^^^^^^^^^^^^^                                                                                                                                     
                      File "/home/erick/Desktop/Projects/sandbox/lib/python3.11/site-packages/docutils/parsers/rst/directives/body.py", line 166, in run                                      
                        raise self.warning(error)                                                                                                                                             
                    docutils.parsers.rst.DirectiveError                                                                                                                                       
                                                                                                                                                                                              
                    During handling of the above exception, another exception occurred:                                                                                                       
                                                                                                                                                                                              
                    Traceback (most recent call last):                                                                                                                                        
                      File "/home/erick/Desktop/Projects/sandbox/lib/python3.11/site-packages/pelican/generators.py", line 627, in generate_context                                           
                        article = self.readers.read_file(                                                                                                                                     
                                  ^^^^^^^^^^^^^^^^^^^^^^^                                                                                                                                     
                      File "/home/erick/Desktop/Projects/sandbox/lib/python3.11/site-packages/pelican/readers.py", line 580, in read_file                                                     
                        content, reader_metadata = reader.read(path)                                                                                                                          
                                                   ^^^^^^^^^^^^^^^^^                                                                                                                          
                      File "/home/erick/Desktop/Projects/sandbox/lib/python3.11/site-packages/pelican/readers.py", line 278, in read                                                          
                        pub = self._get_publisher(source_path)                                                                                                                                
                              ^^^^^^^^^^^^^^^^^^^^^^^^^^^^^^^^                                                                                                                                
                      File "/home/erick/Desktop/Projects/sandbox/lib/python3.11/site-packages/pelican/readers.py", line 273, in _get_publisher                                                
                        pub.publish()                                                                                                                                                         
                      File "/home/erick/Desktop/Projects/sandbox/lib/python3.11/site-packages/docutils/core.py", line 224, in publish                                                         
                        self.document = self.reader.read(self.source, self.parser,                                                                                                            
                                        ^^^^^^^^^^^^^^^^^^^^^^^^^^^^^^^^^^^^^^^^^^                                                                                                            
                      File "/home/erick/Desktop/Projects/sandbox/lib/python3.11/site-packages/docutils/readers/__init__.py", line 70, in read                                                 
                        self.parse()                                                                                                                                                          
                      File "/home/erick/Desktop/Projects/sandbox/lib/python3.11/site-packages/docutils/readers/__init__.py", line 76, in parse                                                
                        self.parser.parse(self.input, document)                                                                                                                               
                      File "/home/erick/Desktop/Projects/sandbox/lib/python3.11/site-packages/docutils/parsers/rst/__init__.py", line 185, in parse                                           
                        self.statemachine.run(inputlines, document, inliner=self.inliner)                                                                                                     
                      File "/home/erick/Desktop/Projects/sandbox/lib/python3.11/site-packages/docutils/parsers/rst/states.py", line 169, in run                                               
                        results = StateMachineWS.run(self, input_lines, input_offset,                                                                                                         
                                  ^^^^^^^^^^^^^^^^^^^^^^^^^^^^^^^^^^^^^^^^^^^^^^^^^^^                                                                                                         
                      File "/home/erick/Desktop/Projects/sandbox/lib/python3.11/site-packages/docutils/statemachine.py", line 233, in run                                                     
                        context, next_state, result = self.check_line(                                                                                                                        
                                                      ^^^^^^^^^^^^^^^^                                                                                                                        
                      File "/home/erick/Desktop/Projects/sandbox/lib/python3.11/site-packages/docutils/statemachine.py", line 445, in check_line                                              
                        return method(match, context, next_state)                                                                                                                             
                               ^^^^^^^^^^^^^^^^^^^^^^^^^^^^^^^^^^                                                                                                                             
                      File "/home/erick/Desktop/Projects/sandbox/lib/python3.11/site-packages/docutils/parsers/rst/states.py", line 2785, in underline                                        
                        self.section(title, source, style, lineno - 1, messages)                                                                                                              
                      File "/home/erick/Desktop/Projects/sandbox/lib/python3.11/site-packages/docutils/parsers/rst/states.py", line 325, in section                                           
                        self.new_subsection(title, lineno, messages)                                                                                                                          
                      File "/home/erick/Desktop/Projects/sandbox/lib/python3.11/site-packages/docutils/parsers/rst/states.py", line 391, in new_subsection                                    
                        newabsoffset = self.nested_parse(                                                                                                                                     
                                       ^^^^^^^^^^^^^^^^^^                                                                                                                                     
                      File "/home/erick/Desktop/Projects/sandbox/lib/python3.11/site-packages/docutils/parsers/rst/states.py", line 279, in nested_parse                                      
                        state_machine.run(block, input_offset, memo=self.memo,                                                                                                                
                      File "/home/erick/Desktop/Projects/sandbox/lib/python3.11/site-packages/docutils/parsers/rst/states.py", line 195, in run                                               
                        results = StateMachineWS.run(self, input_lines, input_offset)                                                                                                         
                                  ^^^^^^^^^^^^^^^^^^^^^^^^^^^^^^^^^^^^^^^^^^^^^^^^^^^                                                                                                         
                      File "/home/erick/Desktop/Projects/sandbox/lib/python3.11/site-packages/docutils/statemachine.py", line 233, in run                                                     
                        context, next_state, result = self.check_line(                                                                                                                        
                                                      ^^^^^^^^^^^^^^^^                                                                                                                        
                      File "/home/erick/Desktop/Projects/sandbox/lib/python3.11/site-packages/docutils/statemachine.py", line 445, in check_line                                              
                        return method(match, context, next_state)                                                                                                                             
                               ^^^^^^^^^^^^^^^^^^^^^^^^^^^^^^^^^^                                                                                                                             
                      File "/home/erick/Desktop/Projects/sandbox/lib/python3.11/site-packages/docutils/parsers/rst/states.py", line 2355, in explicit_markup                                  
                        nodelist, blank_finish = self.explicit_construct(match)                                                                                                               
                                                 ^^^^^^^^^^^^^^^^^^^^^^^^^^^^^^                                                                                                               
                      File "/home/erick/Desktop/Projects/sandbox/lib/python3.11/site-packages/docutils/parsers/rst/states.py", line 2367, in explicit_construct                               
                        return method(self, expmatch)                                                                                                                                         
                               ^^^^^^^^^^^^^^^^^^^^^^                                                                                                                                         
                      File "/home/erick/Desktop/Projects/sandbox/lib/python3.11/site-packages/docutils/parsers/rst/states.py", line 2104, in directive                                        
                        return self.run_directive(                                                                                                                                            
                               ^^^^^^^^^^^^^^^^^^^                                                                                                                                            
                      File "/home/erick/Desktop/Projects/sandbox/lib/python3.11/site-packages/docutils/parsers/rst/states.py", line 2156, in run_directive                                    
                        msg_node = self.reporter.system_message(error.level, error.msg,                                                                                                       
                                   ^^^^^^^^^^^^^^^^^^^^^^^^^^^^^^^^^^^^^^^^^^^^^^^^^^^^                                                                                                       
                      File "/home/erick/Desktop/Projects/sandbox/lib/python3.11/site-packages/docutils/utils/__init__.py", line 196, in system_message                                        
                        raise SystemMessage(msg, level)                                                                                                                                       
                    docutils.utils.SystemMessage: /home/erick/Desktop/Projects/pythonmarketer.com/content/blog/6207.rst:11: (WARNING/2) Cannot analyze code. No Pygments lexer found          
                    for "wp-block-syntaxhighlighter-code".                                                                                                                                    
[20:43:35] DEBUG    Read file blog/6966.rst -> Article                                                                                                                          readers.py:547
           DEBUG    Read file blog/how-to-convert-a-python-dictionary-to-and-from-a-pandas-dataframe.rst -> Article                                                             readers.py:547
           ERROR    Could not process blog/how-to-convert-a-python-dictionary-to-and-from-a-pandas-dataframe.rst                                                                     log.py:96
                    /home/erick/Desktop/Projects/pythonmarketer.com/content/blog/how-to-convert-a-python-dictionary-to-and-from-a-pandas-dataframe.rst:14: (WARNING/2) Cannot                 
                    analyze code. No Pygments lexer found for "wp-block-syntaxhighlighter-code".                                                                                              
                    Traceback (most recent call last):                                                                                                                                        
                      File "/home/erick/Desktop/Projects/sandbox/lib/python3.11/site-packages/docutils/utils/code_analyzer.py", line 64, in __init__                                          
                        self.lexer = get_lexer_by_name(self.language)                                                                                                                         
                                     ^^^^^^^^^^^^^^^^^^^^^^^^^^^^^^^^                                                                                                                         
                      File "/home/erick/Desktop/Projects/sandbox/lib/python3.11/site-packages/pygments/lexers/__init__.py", line 131, in get_lexer_by_name                                    
                        raise ClassNotFound('no lexer for alias %r found' % _alias)                                                                                                           
                    pygments.util.ClassNotFound: no lexer for alias 'wp-block-syntaxhighlighter-code' found                                                                                   
                                                                                                                                                                                              
                    During handling of the above exception, another exception occurred:                                                                                                       
                                                                                                                                                                                              
                    Traceback (most recent call last):                                                                                                                                        
                      File "/home/erick/Desktop/Projects/sandbox/lib/python3.11/site-packages/docutils/parsers/rst/directives/body.py", line 159, in run                                      
                        tokens = Lexer('\n'.join(self.content), language,                                                                                                                     
                                 ^^^^^^^^^^^^^^^^^^^^^^^^^^^^^^^^^^^^^^^^                                                                                                                     
                      File "/home/erick/Desktop/Projects/sandbox/lib/python3.11/site-packages/docutils/utils/code_analyzer.py", line 66, in __init__                                          
                        raise LexerError('Cannot analyze code. '                                                                                                                              
                    docutils.utils.code_analyzer.LexerError: Cannot analyze code. No Pygments lexer found for "wp-block-syntaxhighlighter-code".                                              
                                                                                                                                                                                              
                    During handling of the above exception, another exception occurred:                                                                                                       
                                                                                                                                                                                              
                    Traceback (most recent call last):                                                                                                                                        
                      File "/home/erick/Desktop/Projects/sandbox/lib/python3.11/site-packages/docutils/parsers/rst/states.py", line 2154, in run_directive                                    
                        result = directive_instance.run()                                                                                                                                     
                                 ^^^^^^^^^^^^^^^^^^^^^^^^                                                                                                                                     
                      File "/home/erick/Desktop/Projects/sandbox/lib/python3.11/site-packages/docutils/parsers/rst/directives/body.py", line 166, in run                                      
                        raise self.warning(error)                                                                                                                                             
                    docutils.parsers.rst.DirectiveError                                                                                                                                       
                                                                                                                                                                                              
                    During handling of the above exception, another exception occurred:                                                                                                       
                                                                                                                                                                                              
                    Traceback (most recent call last):                                                                                                                                        
                      File "/home/erick/Desktop/Projects/sandbox/lib/python3.11/site-packages/pelican/generators.py", line 627, in generate_context                                           
                        article = self.readers.read_file(                                                                                                                                     
                                  ^^^^^^^^^^^^^^^^^^^^^^^                                                                                                                                     
                      File "/home/erick/Desktop/Projects/sandbox/lib/python3.11/site-packages/pelican/readers.py", line 580, in read_file                                                     
                        content, reader_metadata = reader.read(path)                                                                                                                          
                                                   ^^^^^^^^^^^^^^^^^                                                                                                                          
                      File "/home/erick/Desktop/Projects/sandbox/lib/python3.11/site-packages/pelican/readers.py", line 278, in read                                                          
                        pub = self._get_publisher(source_path)                                                                                                                                
                              ^^^^^^^^^^^^^^^^^^^^^^^^^^^^^^^^                                                                                                                                
                      File "/home/erick/Desktop/Projects/sandbox/lib/python3.11/site-packages/pelican/readers.py", line 273, in _get_publisher                                                
                        pub.publish()                                                                                                                                                         
                      File "/home/erick/Desktop/Projects/sandbox/lib/python3.11/site-packages/docutils/core.py", line 224, in publish                                                         
                        self.document = self.reader.read(self.source, self.parser,                                                                                                            
                                        ^^^^^^^^^^^^^^^^^^^^^^^^^^^^^^^^^^^^^^^^^^                                                                                                            
                      File "/home/erick/Desktop/Projects/sandbox/lib/python3.11/site-packages/docutils/readers/__init__.py", line 70, in read                                                 
                        self.parse()                                                                                                                                                          
                      File "/home/erick/Desktop/Projects/sandbox/lib/python3.11/site-packages/docutils/readers/__init__.py", line 76, in parse                                                
                        self.parser.parse(self.input, document)                                                                                                                               
                      File "/home/erick/Desktop/Projects/sandbox/lib/python3.11/site-packages/docutils/parsers/rst/__init__.py", line 185, in parse                                           
                        self.statemachine.run(inputlines, document, inliner=self.inliner)                                                                                                     
                      File "/home/erick/Desktop/Projects/sandbox/lib/python3.11/site-packages/docutils/parsers/rst/states.py", line 169, in run                                               
                        results = StateMachineWS.run(self, input_lines, input_offset,                                                                                                         
                                  ^^^^^^^^^^^^^^^^^^^^^^^^^^^^^^^^^^^^^^^^^^^^^^^^^^^                                                                                                         
                      File "/home/erick/Desktop/Projects/sandbox/lib/python3.11/site-packages/docutils/statemachine.py", line 233, in run                                                     
                        context, next_state, result = self.check_line(                                                                                                                        
                                                      ^^^^^^^^^^^^^^^^                                                                                                                        
                      File "/home/erick/Desktop/Projects/sandbox/lib/python3.11/site-packages/docutils/statemachine.py", line 445, in check_line                                              
                        return method(match, context, next_state)                                                                                                                             
                               ^^^^^^^^^^^^^^^^^^^^^^^^^^^^^^^^^^                                                                                                                             
                      File "/home/erick/Desktop/Projects/sandbox/lib/python3.11/site-packages/docutils/parsers/rst/states.py", line 2785, in underline                                        
                        self.section(title, source, style, lineno - 1, messages)                                                                                                              
                      File "/home/erick/Desktop/Projects/sandbox/lib/python3.11/site-packages/docutils/parsers/rst/states.py", line 325, in section                                           
                        self.new_subsection(title, lineno, messages)                                                                                                                          
                      File "/home/erick/Desktop/Projects/sandbox/lib/python3.11/site-packages/docutils/parsers/rst/states.py", line 391, in new_subsection                                    
                        newabsoffset = self.nested_parse(                                                                                                                                     
                                       ^^^^^^^^^^^^^^^^^^                                                                                                                                     
                      File "/home/erick/Desktop/Projects/sandbox/lib/python3.11/site-packages/docutils/parsers/rst/states.py", line 279, in nested_parse                                      
                        state_machine.run(block, input_offset, memo=self.memo,                                                                                                                
                      File "/home/erick/Desktop/Projects/sandbox/lib/python3.11/site-packages/docutils/parsers/rst/states.py", line 195, in run                                               
                        results = StateMachineWS.run(self, input_lines, input_offset)                                                                                                         
                                  ^^^^^^^^^^^^^^^^^^^^^^^^^^^^^^^^^^^^^^^^^^^^^^^^^^^                                                                                                         
                      File "/home/erick/Desktop/Projects/sandbox/lib/python3.11/site-packages/docutils/statemachine.py", line 233, in run                                                     
                        context, next_state, result = self.check_line(                                                                                                                        
                                                      ^^^^^^^^^^^^^^^^                                                                                                                        
                      File "/home/erick/Desktop/Projects/sandbox/lib/python3.11/site-packages/docutils/statemachine.py", line 445, in check_line                                              
                        return method(match, context, next_state)                                                                                                                             
                               ^^^^^^^^^^^^^^^^^^^^^^^^^^^^^^^^^^                                                                                                                             
                      File "/home/erick/Desktop/Projects/sandbox/lib/python3.11/site-packages/docutils/parsers/rst/states.py", line 2355, in explicit_markup                                  
                        nodelist, blank_finish = self.explicit_construct(match)                                                                                                               
                                                 ^^^^^^^^^^^^^^^^^^^^^^^^^^^^^^                                                                                                               
                      File "/home/erick/Desktop/Projects/sandbox/lib/python3.11/site-packages/docutils/parsers/rst/states.py", line 2367, in explicit_construct                               
                        return method(self, expmatch)                                                                                                                                         
                               ^^^^^^^^^^^^^^^^^^^^^^                                                                                                                                         
                      File "/home/erick/Desktop/Projects/sandbox/lib/python3.11/site-packages/docutils/parsers/rst/states.py", line 2104, in directive                                        
                        return self.run_directive(                                                                                                                                            
                               ^^^^^^^^^^^^^^^^^^^                                                                                                                                            
                      File "/home/erick/Desktop/Projects/sandbox/lib/python3.11/site-packages/docutils/parsers/rst/states.py", line 2156, in run_directive                                    
                        msg_node = self.reporter.system_message(error.level, error.msg,                                                                                                       
                                   ^^^^^^^^^^^^^^^^^^^^^^^^^^^^^^^^^^^^^^^^^^^^^^^^^^^^                                                                                                       
                      File "/home/erick/Desktop/Projects/sandbox/lib/python3.11/site-packages/docutils/utils/__init__.py", line 196, in system_message                                        
                        raise SystemMessage(msg, level)                                                                                                                                       
                    docutils.utils.SystemMessage:                                                                                                                                             
                    /home/erick/Desktop/Projects/pythonmarketer.com/content/blog/how-to-convert-a-python-dictionary-to-and-from-a-pandas-dataframe.rst:14: (WARNING/2) Cannot                 
                    analyze code. No Pygments lexer found for "wp-block-syntaxhighlighter-code".                                                                                              
           DEBUG    Read file blog/how-to-upgrade-requests-in-the-pythonanywhere-bash-console.rst -> Article                                                                    readers.py:547
           ERROR    Could not process blog/how-to-upgrade-requests-in-the-pythonanywhere-bash-console.rst                                                                            log.py:96
                    /home/erick/Desktop/Projects/pythonmarketer.com/content/blog/how-to-upgrade-requests-in-the-pythonanywhere-bash-console.rst:12: (WARNING/2) Cannot analyze code.          
                    No Pygments lexer found for "wp-block-preformatted".                                                                                                                      
                    Traceback (most recent call last):                                                                                                                                        
                      File "/home/erick/Desktop/Projects/sandbox/lib/python3.11/site-packages/docutils/utils/code_analyzer.py", line 64, in __init__                                          
                        self.lexer = get_lexer_by_name(self.language)                                                                                                                         
                                     ^^^^^^^^^^^^^^^^^^^^^^^^^^^^^^^^                                                                                                                         
                      File "/home/erick/Desktop/Projects/sandbox/lib/python3.11/site-packages/pygments/lexers/__init__.py", line 131, in get_lexer_by_name                                    
                        raise ClassNotFound('no lexer for alias %r found' % _alias)                                                                                                           
                    pygments.util.ClassNotFound: no lexer for alias 'wp-block-preformatted' found                                                                                             
                                                                                                                                                                                              
                    During handling of the above exception, another exception occurred:                                                                                                       
                                                                                                                                                                                              
                    Traceback (most recent call last):                                                                                                                                        
                      File "/home/erick/Desktop/Projects/sandbox/lib/python3.11/site-packages/docutils/parsers/rst/directives/body.py", line 159, in run                                      
                        tokens = Lexer('\n'.join(self.content), language,                                                                                                                     
                                 ^^^^^^^^^^^^^^^^^^^^^^^^^^^^^^^^^^^^^^^^                                                                                                                     
                      File "/home/erick/Desktop/Projects/sandbox/lib/python3.11/site-packages/docutils/utils/code_analyzer.py", line 66, in __init__                                          
                        raise LexerError('Cannot analyze code. '                                                                                                                              
                    docutils.utils.code_analyzer.LexerError: Cannot analyze code. No Pygments lexer found for "wp-block-preformatted".                                                        
                                                                                                                                                                                              
                    During handling of the above exception, another exception occurred:                                                                                                       
                                                                                                                                                                                              
                    Traceback (most recent call last):                                                                                                                                        
                      File "/home/erick/Desktop/Projects/sandbox/lib/python3.11/site-packages/docutils/parsers/rst/states.py", line 2154, in run_directive                                    
                        result = directive_instance.run()                                                                                                                                     
                                 ^^^^^^^^^^^^^^^^^^^^^^^^                                                                                                                                     
                      File "/home/erick/Desktop/Projects/sandbox/lib/python3.11/site-packages/docutils/parsers/rst/directives/body.py", line 166, in run                                      
                        raise self.warning(error)                                                                                                                                             
                    docutils.parsers.rst.DirectiveError                                                                                                                                       
                                                                                                                                                                                              
                    During handling of the above exception, another exception occurred:                                                                                                       
                                                                                                                                                                                              
                    Traceback (most recent call last):                                                                                                                                        
                      File "/home/erick/Desktop/Projects/sandbox/lib/python3.11/site-packages/pelican/generators.py", line 627, in generate_context                                           
                        article = self.readers.read_file(                                                                                                                                     
                                  ^^^^^^^^^^^^^^^^^^^^^^^                                                                                                                                     
                      File "/home/erick/Desktop/Projects/sandbox/lib/python3.11/site-packages/pelican/readers.py", line 580, in read_file                                                     
                        content, reader_metadata = reader.read(path)                                                                                                                          
                                                   ^^^^^^^^^^^^^^^^^                                                                                                                          
                      File "/home/erick/Desktop/Projects/sandbox/lib/python3.11/site-packages/pelican/readers.py", line 278, in read                                                          
                        pub = self._get_publisher(source_path)                                                                                                                                
                              ^^^^^^^^^^^^^^^^^^^^^^^^^^^^^^^^                                                                                                                                
                      File "/home/erick/Desktop/Projects/sandbox/lib/python3.11/site-packages/pelican/readers.py", line 273, in _get_publisher                                                
                        pub.publish()                                                                                                                                                         
                      File "/home/erick/Desktop/Projects/sandbox/lib/python3.11/site-packages/docutils/core.py", line 224, in publish                                                         
                        self.document = self.reader.read(self.source, self.parser,                                                                                                            
                                        ^^^^^^^^^^^^^^^^^^^^^^^^^^^^^^^^^^^^^^^^^^                                                                                                            
                      File "/home/erick/Desktop/Projects/sandbox/lib/python3.11/site-packages/docutils/readers/__init__.py", line 70, in read                                                 
                        self.parse()                                                                                                                                                          
                      File "/home/erick/Desktop/Projects/sandbox/lib/python3.11/site-packages/docutils/readers/__init__.py", line 76, in parse                                                
                        self.parser.parse(self.input, document)                                                                                                                               
                      File "/home/erick/Desktop/Projects/sandbox/lib/python3.11/site-packages/docutils/parsers/rst/__init__.py", line 185, in parse                                           
                        self.statemachine.run(inputlines, document, inliner=self.inliner)                                                                                                     
                      File "/home/erick/Desktop/Projects/sandbox/lib/python3.11/site-packages/docutils/parsers/rst/states.py", line 169, in run                                               
                        results = StateMachineWS.run(self, input_lines, input_offset,                                                                                                         
                                  ^^^^^^^^^^^^^^^^^^^^^^^^^^^^^^^^^^^^^^^^^^^^^^^^^^^                                                                                                         
                      File "/home/erick/Desktop/Projects/sandbox/lib/python3.11/site-packages/docutils/statemachine.py", line 233, in run                                                     
                        context, next_state, result = self.check_line(                                                                                                                        
                                                      ^^^^^^^^^^^^^^^^                                                                                                                        
                      File "/home/erick/Desktop/Projects/sandbox/lib/python3.11/site-packages/docutils/statemachine.py", line 445, in check_line                                              
                        return method(match, context, next_state)                                                                                                                             
                               ^^^^^^^^^^^^^^^^^^^^^^^^^^^^^^^^^^                                                                                                                             
                      File "/home/erick/Desktop/Projects/sandbox/lib/python3.11/site-packages/docutils/parsers/rst/states.py", line 2785, in underline                                        
                        self.section(title, source, style, lineno - 1, messages)                                                                                                              
                      File "/home/erick/Desktop/Projects/sandbox/lib/python3.11/site-packages/docutils/parsers/rst/states.py", line 325, in section                                           
                        self.new_subsection(title, lineno, messages)                                                                                                                          
                      File "/home/erick/Desktop/Projects/sandbox/lib/python3.11/site-packages/docutils/parsers/rst/states.py", line 391, in new_subsection                                    
                        newabsoffset = self.nested_parse(                                                                                                                                     
                                       ^^^^^^^^^^^^^^^^^^                                                                                                                                     
                      File "/home/erick/Desktop/Projects/sandbox/lib/python3.11/site-packages/docutils/parsers/rst/states.py", line 279, in nested_parse                                      
                        state_machine.run(block, input_offset, memo=self.memo,                                                                                                                
                      File "/home/erick/Desktop/Projects/sandbox/lib/python3.11/site-packages/docutils/parsers/rst/states.py", line 195, in run                                               
                        results = StateMachineWS.run(self, input_lines, input_offset)                                                                                                         
                                  ^^^^^^^^^^^^^^^^^^^^^^^^^^^^^^^^^^^^^^^^^^^^^^^^^^^                                                                                                         
                      File "/home/erick/Desktop/Projects/sandbox/lib/python3.11/site-packages/docutils/statemachine.py", line 233, in run                                                     
                        context, next_state, result = self.check_line(                                                                                                                        
                                                      ^^^^^^^^^^^^^^^^                                                                                                                        
                      File "/home/erick/Desktop/Projects/sandbox/lib/python3.11/site-packages/docutils/statemachine.py", line 445, in check_line                                              
                        return method(match, context, next_state)                                                                                                                             
                               ^^^^^^^^^^^^^^^^^^^^^^^^^^^^^^^^^^                                                                                                                             
                      File "/home/erick/Desktop/Projects/sandbox/lib/python3.11/site-packages/docutils/parsers/rst/states.py", line 2355, in explicit_markup                                  
                        nodelist, blank_finish = self.explicit_construct(match)                                                                                                               
                                                 ^^^^^^^^^^^^^^^^^^^^^^^^^^^^^^                                                                                                               
                      File "/home/erick/Desktop/Projects/sandbox/lib/python3.11/site-packages/docutils/parsers/rst/states.py", line 2367, in explicit_construct                               
                        return method(self, expmatch)                                                                                                                                         
                               ^^^^^^^^^^^^^^^^^^^^^^                                                                                                                                         
                      File "/home/erick/Desktop/Projects/sandbox/lib/python3.11/site-packages/docutils/parsers/rst/states.py", line 2104, in directive                                        
                        return self.run_directive(                                                                                                                                            
                               ^^^^^^^^^^^^^^^^^^^                                                                                                                                            
                      File "/home/erick/Desktop/Projects/sandbox/lib/python3.11/site-packages/docutils/parsers/rst/states.py", line 2156, in run_directive                                    
                        msg_node = self.reporter.system_message(error.level, error.msg,                                                                                                       
                                   ^^^^^^^^^^^^^^^^^^^^^^^^^^^^^^^^^^^^^^^^^^^^^^^^^^^^                                                                                                       
                      File "/home/erick/Desktop/Projects/sandbox/lib/python3.11/site-packages/docutils/utils/__init__.py", line 196, in system_message                                        
                        raise SystemMessage(msg, level)                                                                                                                                       
                    docutils.utils.SystemMessage: /home/erick/Desktop/Projects/pythonmarketer.com/content/blog/how-to-upgrade-requests-in-the-pythonanywhere-bash-console.rst:12:             
                    (WARNING/2) Cannot analyze code. No Pygments lexer found for "wp-block-preformatted".                                                                                     
           DEBUG    Read file blog/1395.rst -> Article                                                                                                                          readers.py:547
           DEBUG    Read file blog/cycles.rst -> Article                                                                                                                        readers.py:547
           DEBUG    Read file blog/essential-mysql-terminal-commands-and-connecting-to-mysql-with-flask-pandas-and-pythonanywhere.rst -> Article                                readers.py:547
           ERROR    Could not process blog/essential-mysql-terminal-commands-and-connecting-to-mysql-with-flask-pandas-and-pythonanywhere.rst                                        log.py:96
                    /home/erick/Desktop/Projects/pythonmarketer.com/content/blog/essential-mysql-terminal-commands-and-connecting-to-mysql-with-flask-pandas-and-pythonanywhere.rst:          
                    27: (WARNING/2) Cannot analyze code. No Pygments lexer found for "wp-block-preformatted".                                                                                 
                    Traceback (most recent call last):                                                                                                                                        
                      File "/home/erick/Desktop/Projects/sandbox/lib/python3.11/site-packages/docutils/utils/code_analyzer.py", line 64, in __init__                                          
                        self.lexer = get_lexer_by_name(self.language)                                                                                                                         
                                     ^^^^^^^^^^^^^^^^^^^^^^^^^^^^^^^^                                                                                                                         
                      File "/home/erick/Desktop/Projects/sandbox/lib/python3.11/site-packages/pygments/lexers/__init__.py", line 131, in get_lexer_by_name                                    
                        raise ClassNotFound('no lexer for alias %r found' % _alias)                                                                                                           
                    pygments.util.ClassNotFound: no lexer for alias 'wp-block-preformatted' found                                                                                             
                                                                                                                                                                                              
                    During handling of the above exception, another exception occurred:                                                                                                       
                                                                                                                                                                                              
                    Traceback (most recent call last):                                                                                                                                        
                      File "/home/erick/Desktop/Projects/sandbox/lib/python3.11/site-packages/docutils/parsers/rst/directives/body.py", line 159, in run                                      
                        tokens = Lexer('\n'.join(self.content), language,                                                                                                                     
                                 ^^^^^^^^^^^^^^^^^^^^^^^^^^^^^^^^^^^^^^^^                                                                                                                     
                      File "/home/erick/Desktop/Projects/sandbox/lib/python3.11/site-packages/docutils/utils/code_analyzer.py", line 66, in __init__                                          
                        raise LexerError('Cannot analyze code. '                                                                                                                              
                    docutils.utils.code_analyzer.LexerError: Cannot analyze code. No Pygments lexer found for "wp-block-preformatted".                                                        
                                                                                                                                                                                              
                    During handling of the above exception, another exception occurred:                                                                                                       
                                                                                                                                                                                              
                    Traceback (most recent call last):                                                                                                                                        
                      File "/home/erick/Desktop/Projects/sandbox/lib/python3.11/site-packages/docutils/parsers/rst/states.py", line 2154, in run_directive                                    
                        result = directive_instance.run()                                                                                                                                     
                                 ^^^^^^^^^^^^^^^^^^^^^^^^                                                                                                                                     
                      File "/home/erick/Desktop/Projects/sandbox/lib/python3.11/site-packages/docutils/parsers/rst/directives/body.py", line 166, in run                                      
                        raise self.warning(error)                                                                                                                                             
                    docutils.parsers.rst.DirectiveError                                                                                                                                       
                                                                                                                                                                                              
                    During handling of the above exception, another exception occurred:                                                                                                       
                                                                                                                                                                                              
                    Traceback (most recent call last):                                                                                                                                        
                      File "/home/erick/Desktop/Projects/sandbox/lib/python3.11/site-packages/pelican/generators.py", line 627, in generate_context                                           
                        article = self.readers.read_file(                                                                                                                                     
                                  ^^^^^^^^^^^^^^^^^^^^^^^                                                                                                                                     
                      File "/home/erick/Desktop/Projects/sandbox/lib/python3.11/site-packages/pelican/readers.py", line 580, in read_file                                                     
                        content, reader_metadata = reader.read(path)                                                                                                                          
                                                   ^^^^^^^^^^^^^^^^^                                                                                                                          
                      File "/home/erick/Desktop/Projects/sandbox/lib/python3.11/site-packages/pelican/readers.py", line 278, in read                                                          
                        pub = self._get_publisher(source_path)                                                                                                                                
                              ^^^^^^^^^^^^^^^^^^^^^^^^^^^^^^^^                                                                                                                                
                      File "/home/erick/Desktop/Projects/sandbox/lib/python3.11/site-packages/pelican/readers.py", line 273, in _get_publisher                                                
                        pub.publish()                                                                                                                                                         
                      File "/home/erick/Desktop/Projects/sandbox/lib/python3.11/site-packages/docutils/core.py", line 224, in publish                                                         
                        self.document = self.reader.read(self.source, self.parser,                                                                                                            
                                        ^^^^^^^^^^^^^^^^^^^^^^^^^^^^^^^^^^^^^^^^^^                                                                                                            
                      File "/home/erick/Desktop/Projects/sandbox/lib/python3.11/site-packages/docutils/readers/__init__.py", line 70, in read                                                 
                        self.parse()                                                                                                                                                          
                      File "/home/erick/Desktop/Projects/sandbox/lib/python3.11/site-packages/docutils/readers/__init__.py", line 76, in parse                                                
                        self.parser.parse(self.input, document)                                                                                                                               
                      File "/home/erick/Desktop/Projects/sandbox/lib/python3.11/site-packages/docutils/parsers/rst/__init__.py", line 185, in parse                                           
                        self.statemachine.run(inputlines, document, inliner=self.inliner)                                                                                                     
                      File "/home/erick/Desktop/Projects/sandbox/lib/python3.11/site-packages/docutils/parsers/rst/states.py", line 169, in run                                               
                        results = StateMachineWS.run(self, input_lines, input_offset,                                                                                                         
                                  ^^^^^^^^^^^^^^^^^^^^^^^^^^^^^^^^^^^^^^^^^^^^^^^^^^^                                                                                                         
                      File "/home/erick/Desktop/Projects/sandbox/lib/python3.11/site-packages/docutils/statemachine.py", line 233, in run                                                     
                        context, next_state, result = self.check_line(                                                                                                                        
                                                      ^^^^^^^^^^^^^^^^                                                                                                                        
                      File "/home/erick/Desktop/Projects/sandbox/lib/python3.11/site-packages/docutils/statemachine.py", line 445, in check_line                                              
                        return method(match, context, next_state)                                                                                                                             
                               ^^^^^^^^^^^^^^^^^^^^^^^^^^^^^^^^^^                                                                                                                             
                      File "/home/erick/Desktop/Projects/sandbox/lib/python3.11/site-packages/docutils/parsers/rst/states.py", line 2785, in underline                                        
                        self.section(title, source, style, lineno - 1, messages)                                                                                                              
                      File "/home/erick/Desktop/Projects/sandbox/lib/python3.11/site-packages/docutils/parsers/rst/states.py", line 325, in section                                           
                        self.new_subsection(title, lineno, messages)                                                                                                                          
                      File "/home/erick/Desktop/Projects/sandbox/lib/python3.11/site-packages/docutils/parsers/rst/states.py", line 391, in new_subsection                                    
                        newabsoffset = self.nested_parse(                                                                                                                                     
                                       ^^^^^^^^^^^^^^^^^^                                                                                                                                     
                      File "/home/erick/Desktop/Projects/sandbox/lib/python3.11/site-packages/docutils/parsers/rst/states.py", line 279, in nested_parse                                      
                        state_machine.run(block, input_offset, memo=self.memo,                                                                                                                
                      File "/home/erick/Desktop/Projects/sandbox/lib/python3.11/site-packages/docutils/parsers/rst/states.py", line 195, in run                                               
                        results = StateMachineWS.run(self, input_lines, input_offset)                                                                                                         
                                  ^^^^^^^^^^^^^^^^^^^^^^^^^^^^^^^^^^^^^^^^^^^^^^^^^^^                                                                                                         
                      File "/home/erick/Desktop/Projects/sandbox/lib/python3.11/site-packages/docutils/statemachine.py", line 233, in run                                                     
                        context, next_state, result = self.check_line(                                                                                                                        
                                                      ^^^^^^^^^^^^^^^^                                                                                                                        
                      File "/home/erick/Desktop/Projects/sandbox/lib/python3.11/site-packages/docutils/statemachine.py", line 445, in check_line                                              
                        return method(match, context, next_state)                                                                                                                             
                               ^^^^^^^^^^^^^^^^^^^^^^^^^^^^^^^^^^                                                                                                                             
                      File "/home/erick/Desktop/Projects/sandbox/lib/python3.11/site-packages/docutils/parsers/rst/states.py", line 2785, in underline                                        
                        self.section(title, source, style, lineno - 1, messages)                                                                                                              
                      File "/home/erick/Desktop/Projects/sandbox/lib/python3.11/site-packages/docutils/parsers/rst/states.py", line 325, in section                                           
                        self.new_subsection(title, lineno, messages)                                                                                                                          
                      File "/home/erick/Desktop/Projects/sandbox/lib/python3.11/site-packages/docutils/parsers/rst/states.py", line 391, in new_subsection                                    
                        newabsoffset = self.nested_parse(                                                                                                                                     
                                       ^^^^^^^^^^^^^^^^^^                                                                                                                                     
                      File "/home/erick/Desktop/Projects/sandbox/lib/python3.11/site-packages/docutils/parsers/rst/states.py", line 279, in nested_parse                                      
                        state_machine.run(block, input_offset, memo=self.memo,                                                                                                                
                      File "/home/erick/Desktop/Projects/sandbox/lib/python3.11/site-packages/docutils/parsers/rst/states.py", line 195, in run                                               
                        results = StateMachineWS.run(self, input_lines, input_offset)                                                                                                         
                                  ^^^^^^^^^^^^^^^^^^^^^^^^^^^^^^^^^^^^^^^^^^^^^^^^^^^                                                                                                         
                      File "/home/erick/Desktop/Projects/sandbox/lib/python3.11/site-packages/docutils/statemachine.py", line 233, in run                                                     
                        context, next_state, result = self.check_line(                                                                                                                        
                                                      ^^^^^^^^^^^^^^^^                                                                                                                        
                      File "/home/erick/Desktop/Projects/sandbox/lib/python3.11/site-packages/docutils/statemachine.py", line 445, in check_line                                              
                        return method(match, context, next_state)                                                                                                                             
                               ^^^^^^^^^^^^^^^^^^^^^^^^^^^^^^^^^^                                                                                                                             
                      File "/home/erick/Desktop/Projects/sandbox/lib/python3.11/site-packages/docutils/parsers/rst/states.py", line 2355, in explicit_markup                                  
                        nodelist, blank_finish = self.explicit_construct(match)                                                                                                               
                                                 ^^^^^^^^^^^^^^^^^^^^^^^^^^^^^^                                                                                                               
                      File "/home/erick/Desktop/Projects/sandbox/lib/python3.11/site-packages/docutils/parsers/rst/states.py", line 2367, in explicit_construct                               
                        return method(self, expmatch)                                                                                                                                         
                               ^^^^^^^^^^^^^^^^^^^^^^                                                                                                                                         
                      File "/home/erick/Desktop/Projects/sandbox/lib/python3.11/site-packages/docutils/parsers/rst/states.py", line 2104, in directive                                        
                        return self.run_directive(                                                                                                                                            
                               ^^^^^^^^^^^^^^^^^^^                                                                                                                                            
                      File "/home/erick/Desktop/Projects/sandbox/lib/python3.11/site-packages/docutils/parsers/rst/states.py", line 2156, in run_directive                                    
                        msg_node = self.reporter.system_message(error.level, error.msg,                                                                                                       
                                   ^^^^^^^^^^^^^^^^^^^^^^^^^^^^^^^^^^^^^^^^^^^^^^^^^^^^                                                                                                       
                      File "/home/erick/Desktop/Projects/sandbox/lib/python3.11/site-packages/docutils/utils/__init__.py", line 196, in system_message                                        
                        raise SystemMessage(msg, level)                                                                                                                                       
                    docutils.utils.SystemMessage:                                                                                                                                             
                    /home/erick/Desktop/Projects/pythonmarketer.com/content/blog/essential-mysql-terminal-commands-and-connecting-to-mysql-with-flask-pandas-and-pythonanywhere.rst:          
                    27: (WARNING/2) Cannot analyze code. No Pygments lexer found for "wp-block-preformatted".                                                                                 
           DEBUG    Read file blog/experiencing-flow-while-coding.rst -> Article                                                                                                readers.py:547
           DEBUG    Read file blog/write-more-code-write-less-code.rst -> Article                                                                                               readers.py:547
           DEBUG    Read file blog/did-you-read-the-whole-error.rst -> Article                                                                                                  readers.py:547
           DEBUG    Read file blog/exploring-windows-command-line-tools-batch-file-automation-and-remote-desktop-connection.rst -> Article                                      readers.py:547
           ERROR    Could not process blog/exploring-windows-command-line-tools-batch-file-automation-and-remote-desktop-connection.rst                                              log.py:96
                    /home/erick/Desktop/Projects/pythonmarketer.com/content/blog/exploring-windows-command-line-tools-batch-file-automation-and-remote-desktop-connection.rst:141:            
                    (WARNING/2) Cannot analyze code. No Pygments lexer found for "wp-block-syntaxhighlighter-code".                                                                           
                    Traceback (most recent call last):                                                                                                                                        
                      File "/home/erick/Desktop/Projects/sandbox/lib/python3.11/site-packages/docutils/utils/code_analyzer.py", line 64, in __init__                                          
                        self.lexer = get_lexer_by_name(self.language)                                                                                                                         
                                     ^^^^^^^^^^^^^^^^^^^^^^^^^^^^^^^^                                                                                                                         
                      File "/home/erick/Desktop/Projects/sandbox/lib/python3.11/site-packages/pygments/lexers/__init__.py", line 131, in get_lexer_by_name                                    
                        raise ClassNotFound('no lexer for alias %r found' % _alias)                                                                                                           
                    pygments.util.ClassNotFound: no lexer for alias 'wp-block-syntaxhighlighter-code' found                                                                                   
                                                                                                                                                                                              
                    During handling of the above exception, another exception occurred:                                                                                                       
                                                                                                                                                                                              
                    Traceback (most recent call last):                                                                                                                                        
                      File "/home/erick/Desktop/Projects/sandbox/lib/python3.11/site-packages/docutils/parsers/rst/directives/body.py", line 159, in run                                      
                        tokens = Lexer('\n'.join(self.content), language,                                                                                                                     
                                 ^^^^^^^^^^^^^^^^^^^^^^^^^^^^^^^^^^^^^^^^                                                                                                                     
                      File "/home/erick/Desktop/Projects/sandbox/lib/python3.11/site-packages/docutils/utils/code_analyzer.py", line 66, in __init__                                          
                        raise LexerError('Cannot analyze code. '                                                                                                                              
                    docutils.utils.code_analyzer.LexerError: Cannot analyze code. No Pygments lexer found for "wp-block-syntaxhighlighter-code".                                              
                                                                                                                                                                                              
                    During handling of the above exception, another exception occurred:                                                                                                       
                                                                                                                                                                                              
                    Traceback (most recent call last):                                                                                                                                        
                      File "/home/erick/Desktop/Projects/sandbox/lib/python3.11/site-packages/docutils/parsers/rst/states.py", line 2154, in run_directive                                    
                        result = directive_instance.run()                                                                                                                                     
                                 ^^^^^^^^^^^^^^^^^^^^^^^^                                                                                                                                     
                      File "/home/erick/Desktop/Projects/sandbox/lib/python3.11/site-packages/docutils/parsers/rst/directives/body.py", line 166, in run                                      
                        raise self.warning(error)                                                                                                                                             
                    docutils.parsers.rst.DirectiveError                                                                                                                                       
                                                                                                                                                                                              
                    During handling of the above exception, another exception occurred:                                                                                                       
                                                                                                                                                                                              
                    Traceback (most recent call last):                                                                                                                                        
                      File "/home/erick/Desktop/Projects/sandbox/lib/python3.11/site-packages/pelican/generators.py", line 627, in generate_context                                           
                        article = self.readers.read_file(                                                                                                                                     
                                  ^^^^^^^^^^^^^^^^^^^^^^^                                                                                                                                     
                      File "/home/erick/Desktop/Projects/sandbox/lib/python3.11/site-packages/pelican/readers.py", line 580, in read_file                                                     
                        content, reader_metadata = reader.read(path)                                                                                                                          
                                                   ^^^^^^^^^^^^^^^^^                                                                                                                          
                      File "/home/erick/Desktop/Projects/sandbox/lib/python3.11/site-packages/pelican/readers.py", line 278, in read                                                          
                        pub = self._get_publisher(source_path)                                                                                                                                
                              ^^^^^^^^^^^^^^^^^^^^^^^^^^^^^^^^                                                                                                                                
                      File "/home/erick/Desktop/Projects/sandbox/lib/python3.11/site-packages/pelican/readers.py", line 273, in _get_publisher                                                
                        pub.publish()                                                                                                                                                         
                      File "/home/erick/Desktop/Projects/sandbox/lib/python3.11/site-packages/docutils/core.py", line 224, in publish                                                         
                        self.document = self.reader.read(self.source, self.parser,                                                                                                            
                                        ^^^^^^^^^^^^^^^^^^^^^^^^^^^^^^^^^^^^^^^^^^                                                                                                            
                      File "/home/erick/Desktop/Projects/sandbox/lib/python3.11/site-packages/docutils/readers/__init__.py", line 70, in read                                                 
                        self.parse()                                                                                                                                                          
                      File "/home/erick/Desktop/Projects/sandbox/lib/python3.11/site-packages/docutils/readers/__init__.py", line 76, in parse                                                
                        self.parser.parse(self.input, document)                                                                                                                               
                      File "/home/erick/Desktop/Projects/sandbox/lib/python3.11/site-packages/docutils/parsers/rst/__init__.py", line 185, in parse                                           
                        self.statemachine.run(inputlines, document, inliner=self.inliner)                                                                                                     
                      File "/home/erick/Desktop/Projects/sandbox/lib/python3.11/site-packages/docutils/parsers/rst/states.py", line 169, in run                                               
                        results = StateMachineWS.run(self, input_lines, input_offset,                                                                                                         
                                  ^^^^^^^^^^^^^^^^^^^^^^^^^^^^^^^^^^^^^^^^^^^^^^^^^^^                                                                                                         
                      File "/home/erick/Desktop/Projects/sandbox/lib/python3.11/site-packages/docutils/statemachine.py", line 233, in run                                                     
                        context, next_state, result = self.check_line(                                                                                                                        
                                                      ^^^^^^^^^^^^^^^^                                                                                                                        
                      File "/home/erick/Desktop/Projects/sandbox/lib/python3.11/site-packages/docutils/statemachine.py", line 445, in check_line                                              
                        return method(match, context, next_state)                                                                                                                             
                               ^^^^^^^^^^^^^^^^^^^^^^^^^^^^^^^^^^                                                                                                                             
                      File "/home/erick/Desktop/Projects/sandbox/lib/python3.11/site-packages/docutils/parsers/rst/states.py", line 2785, in underline                                        
                        self.section(title, source, style, lineno - 1, messages)                                                                                                              
                      File "/home/erick/Desktop/Projects/sandbox/lib/python3.11/site-packages/docutils/parsers/rst/states.py", line 325, in section                                           
                        self.new_subsection(title, lineno, messages)                                                                                                                          
                      File "/home/erick/Desktop/Projects/sandbox/lib/python3.11/site-packages/docutils/parsers/rst/states.py", line 391, in new_subsection                                    
                        newabsoffset = self.nested_parse(                                                                                                                                     
                                       ^^^^^^^^^^^^^^^^^^                                                                                                                                     
                      File "/home/erick/Desktop/Projects/sandbox/lib/python3.11/site-packages/docutils/parsers/rst/states.py", line 279, in nested_parse                                      
                        state_machine.run(block, input_offset, memo=self.memo,                                                                                                                
                      File "/home/erick/Desktop/Projects/sandbox/lib/python3.11/site-packages/docutils/parsers/rst/states.py", line 195, in run                                               
                        results = StateMachineWS.run(self, input_lines, input_offset)                                                                                                         
                                  ^^^^^^^^^^^^^^^^^^^^^^^^^^^^^^^^^^^^^^^^^^^^^^^^^^^                                                                                                         
                      File "/home/erick/Desktop/Projects/sandbox/lib/python3.11/site-packages/docutils/statemachine.py", line 233, in run                                                     
                        context, next_state, result = self.check_line(                                                                                                                        
                                                      ^^^^^^^^^^^^^^^^                                                                                                                        
                      File "/home/erick/Desktop/Projects/sandbox/lib/python3.11/site-packages/docutils/statemachine.py", line 445, in check_line                                              
                        return method(match, context, next_state)                                                                                                                             
                               ^^^^^^^^^^^^^^^^^^^^^^^^^^^^^^^^^^                                                                                                                             
                      File "/home/erick/Desktop/Projects/sandbox/lib/python3.11/site-packages/docutils/parsers/rst/states.py", line 2785, in underline                                        
                        self.section(title, source, style, lineno - 1, messages)                                                                                                              
                      File "/home/erick/Desktop/Projects/sandbox/lib/python3.11/site-packages/docutils/parsers/rst/states.py", line 325, in section                                           
                        self.new_subsection(title, lineno, messages)                                                                                                                          
                      File "/home/erick/Desktop/Projects/sandbox/lib/python3.11/site-packages/docutils/parsers/rst/states.py", line 391, in new_subsection                                    
                        newabsoffset = self.nested_parse(                                                                                                                                     
                                       ^^^^^^^^^^^^^^^^^^                                                                                                                                     
                      File "/home/erick/Desktop/Projects/sandbox/lib/python3.11/site-packages/docutils/parsers/rst/states.py", line 279, in nested_parse                                      
                        state_machine.run(block, input_offset, memo=self.memo,                                                                                                                
                      File "/home/erick/Desktop/Projects/sandbox/lib/python3.11/site-packages/docutils/parsers/rst/states.py", line 195, in run                                               
                        results = StateMachineWS.run(self, input_lines, input_offset)                                                                                                         
                                  ^^^^^^^^^^^^^^^^^^^^^^^^^^^^^^^^^^^^^^^^^^^^^^^^^^^                                                                                                         
                      File "/home/erick/Desktop/Projects/sandbox/lib/python3.11/site-packages/docutils/statemachine.py", line 233, in run                                                     
                        context, next_state, result = self.check_line(                                                                                                                        
                                                      ^^^^^^^^^^^^^^^^                                                                                                                        
                      File "/home/erick/Desktop/Projects/sandbox/lib/python3.11/site-packages/docutils/statemachine.py", line 445, in check_line                                              
                        return method(match, context, next_state)                                                                                                                             
                               ^^^^^^^^^^^^^^^^^^^^^^^^^^^^^^^^^^                                                                                                                             
                      File "/home/erick/Desktop/Projects/sandbox/lib/python3.11/site-packages/docutils/parsers/rst/states.py", line 2355, in explicit_markup                                  
                        nodelist, blank_finish = self.explicit_construct(match)                                                                                                               
                                                 ^^^^^^^^^^^^^^^^^^^^^^^^^^^^^^                                                                                                               
                      File "/home/erick/Desktop/Projects/sandbox/lib/python3.11/site-packages/docutils/parsers/rst/states.py", line 2367, in explicit_construct                               
                        return method(self, expmatch)                                                                                                                                         
                               ^^^^^^^^^^^^^^^^^^^^^^                                                                                                                                         
                      File "/home/erick/Desktop/Projects/sandbox/lib/python3.11/site-packages/docutils/parsers/rst/states.py", line 2104, in directive                                        
                        return self.run_directive(                                                                                                                                            
                               ^^^^^^^^^^^^^^^^^^^                                                                                                                                            
                      File "/home/erick/Desktop/Projects/sandbox/lib/python3.11/site-packages/docutils/parsers/rst/states.py", line 2156, in run_directive                                    
                        msg_node = self.reporter.system_message(error.level, error.msg,                                                                                                       
                                   ^^^^^^^^^^^^^^^^^^^^^^^^^^^^^^^^^^^^^^^^^^^^^^^^^^^^                                                                                                       
                      File "/home/erick/Desktop/Projects/sandbox/lib/python3.11/site-packages/docutils/utils/__init__.py", line 196, in system_message                                        
                        raise SystemMessage(msg, level)                                                                                                                                       
                    docutils.utils.SystemMessage:                                                                                                                                             
                    /home/erick/Desktop/Projects/pythonmarketer.com/content/blog/exploring-windows-command-line-tools-batch-file-automation-and-remote-desktop-connection.rst:141:            
                    (WARNING/2) Cannot analyze code. No Pygments lexer found for "wp-block-syntaxhighlighter-code".                                                                           
           DEBUG    Read file blog/pick-stocks-like-a-pro-with-ffn.rst -> Article                                                                                               readers.py:547
           ERROR    Could not process blog/pick-stocks-like-a-pro-with-ffn.rst                                                                                                       log.py:96
                    /home/erick/Desktop/Projects/pythonmarketer.com/content/blog/pick-stocks-like-a-pro-with-ffn.rst:26: (WARNING/2) Cannot analyze code. No Pygments lexer found             
                    for "wp-block-code".                                                                                                                                                      
                    Traceback (most recent call last):                                                                                                                                        
                      File "/home/erick/Desktop/Projects/sandbox/lib/python3.11/site-packages/docutils/utils/code_analyzer.py", line 64, in __init__                                          
                        self.lexer = get_lexer_by_name(self.language)                                                                                                                         
                                     ^^^^^^^^^^^^^^^^^^^^^^^^^^^^^^^^                                                                                                                         
                      File "/home/erick/Desktop/Projects/sandbox/lib/python3.11/site-packages/pygments/lexers/__init__.py", line 131, in get_lexer_by_name                                    
                        raise ClassNotFound('no lexer for alias %r found' % _alias)                                                                                                           
                    pygments.util.ClassNotFound: no lexer for alias 'wp-block-code' found                                                                                                     
                                                                                                                                                                                              
                    During handling of the above exception, another exception occurred:                                                                                                       
                                                                                                                                                                                              
                    Traceback (most recent call last):                                                                                                                                        
                      File "/home/erick/Desktop/Projects/sandbox/lib/python3.11/site-packages/docutils/parsers/rst/directives/body.py", line 159, in run                                      
                        tokens = Lexer('\n'.join(self.content), language,                                                                                                                     
                                 ^^^^^^^^^^^^^^^^^^^^^^^^^^^^^^^^^^^^^^^^                                                                                                                     
                      File "/home/erick/Desktop/Projects/sandbox/lib/python3.11/site-packages/docutils/utils/code_analyzer.py", line 66, in __init__                                          
                        raise LexerError('Cannot analyze code. '                                                                                                                              
                    docutils.utils.code_analyzer.LexerError: Cannot analyze code. No Pygments lexer found for "wp-block-code".                                                                
                                                                                                                                                                                              
                    During handling of the above exception, another exception occurred:                                                                                                       
                                                                                                                                                                                              
                    Traceback (most recent call last):                                                                                                                                        
                      File "/home/erick/Desktop/Projects/sandbox/lib/python3.11/site-packages/docutils/parsers/rst/states.py", line 2154, in run_directive                                    
                        result = directive_instance.run()                                                                                                                                     
                                 ^^^^^^^^^^^^^^^^^^^^^^^^                                                                                                                                     
                      File "/home/erick/Desktop/Projects/sandbox/lib/python3.11/site-packages/docutils/parsers/rst/directives/body.py", line 166, in run                                      
                        raise self.warning(error)                                                                                                                                             
                    docutils.parsers.rst.DirectiveError                                                                                                                                       
                                                                                                                                                                                              
                    During handling of the above exception, another exception occurred:                                                                                                       
                                                                                                                                                                                              
                    Traceback (most recent call last):                                                                                                                                        
                      File "/home/erick/Desktop/Projects/sandbox/lib/python3.11/site-packages/pelican/generators.py", line 627, in generate_context                                           
                        article = self.readers.read_file(                                                                                                                                     
                                  ^^^^^^^^^^^^^^^^^^^^^^^                                                                                                                                     
                      File "/home/erick/Desktop/Projects/sandbox/lib/python3.11/site-packages/pelican/readers.py", line 580, in read_file                                                     
                        content, reader_metadata = reader.read(path)                                                                                                                          
                                                   ^^^^^^^^^^^^^^^^^                                                                                                                          
                      File "/home/erick/Desktop/Projects/sandbox/lib/python3.11/site-packages/pelican/readers.py", line 278, in read                                                          
                        pub = self._get_publisher(source_path)                                                                                                                                
                              ^^^^^^^^^^^^^^^^^^^^^^^^^^^^^^^^                                                                                                                                
                      File "/home/erick/Desktop/Projects/sandbox/lib/python3.11/site-packages/pelican/readers.py", line 273, in _get_publisher                                                
                        pub.publish()                                                                                                                                                         
                      File "/home/erick/Desktop/Projects/sandbox/lib/python3.11/site-packages/docutils/core.py", line 224, in publish                                                         
                        self.document = self.reader.read(self.source, self.parser,                                                                                                            
                                        ^^^^^^^^^^^^^^^^^^^^^^^^^^^^^^^^^^^^^^^^^^                                                                                                            
                      File "/home/erick/Desktop/Projects/sandbox/lib/python3.11/site-packages/docutils/readers/__init__.py", line 70, in read                                                 
                        self.parse()                                                                                                                                                          
                      File "/home/erick/Desktop/Projects/sandbox/lib/python3.11/site-packages/docutils/readers/__init__.py", line 76, in parse                                                
                        self.parser.parse(self.input, document)                                                                                                                               
                      File "/home/erick/Desktop/Projects/sandbox/lib/python3.11/site-packages/docutils/parsers/rst/__init__.py", line 185, in parse                                           
                        self.statemachine.run(inputlines, document, inliner=self.inliner)                                                                                                     
                      File "/home/erick/Desktop/Projects/sandbox/lib/python3.11/site-packages/docutils/parsers/rst/states.py", line 169, in run                                               
                        results = StateMachineWS.run(self, input_lines, input_offset,                                                                                                         
                                  ^^^^^^^^^^^^^^^^^^^^^^^^^^^^^^^^^^^^^^^^^^^^^^^^^^^                                                                                                         
                      File "/home/erick/Desktop/Projects/sandbox/lib/python3.11/site-packages/docutils/statemachine.py", line 233, in run                                                     
                        context, next_state, result = self.check_line(                                                                                                                        
                                                      ^^^^^^^^^^^^^^^^                                                                                                                        
                      File "/home/erick/Desktop/Projects/sandbox/lib/python3.11/site-packages/docutils/statemachine.py", line 445, in check_line                                              
                        return method(match, context, next_state)                                                                                                                             
                               ^^^^^^^^^^^^^^^^^^^^^^^^^^^^^^^^^^                                                                                                                             
                      File "/home/erick/Desktop/Projects/sandbox/lib/python3.11/site-packages/docutils/parsers/rst/states.py", line 2785, in underline                                        
                        self.section(title, source, style, lineno - 1, messages)                                                                                                              
                      File "/home/erick/Desktop/Projects/sandbox/lib/python3.11/site-packages/docutils/parsers/rst/states.py", line 325, in section                                           
                        self.new_subsection(title, lineno, messages)                                                                                                                          
                      File "/home/erick/Desktop/Projects/sandbox/lib/python3.11/site-packages/docutils/parsers/rst/states.py", line 391, in new_subsection                                    
                        newabsoffset = self.nested_parse(                                                                                                                                     
                                       ^^^^^^^^^^^^^^^^^^                                                                                                                                     
                      File "/home/erick/Desktop/Projects/sandbox/lib/python3.11/site-packages/docutils/parsers/rst/states.py", line 279, in nested_parse                                      
                        state_machine.run(block, input_offset, memo=self.memo,                                                                                                                
                      File "/home/erick/Desktop/Projects/sandbox/lib/python3.11/site-packages/docutils/parsers/rst/states.py", line 195, in run                                               
                        results = StateMachineWS.run(self, input_lines, input_offset)                                                                                                         
                                  ^^^^^^^^^^^^^^^^^^^^^^^^^^^^^^^^^^^^^^^^^^^^^^^^^^^                                                                                                         
                      File "/home/erick/Desktop/Projects/sandbox/lib/python3.11/site-packages/docutils/statemachine.py", line 233, in run                                                     
                        context, next_state, result = self.check_line(                                                                                                                        
                                                      ^^^^^^^^^^^^^^^^                                                                                                                        
                      File "/home/erick/Desktop/Projects/sandbox/lib/python3.11/site-packages/docutils/statemachine.py", line 445, in check_line                                              
                        return method(match, context, next_state)                                                                                                                             
                               ^^^^^^^^^^^^^^^^^^^^^^^^^^^^^^^^^^                                                                                                                             
                      File "/home/erick/Desktop/Projects/sandbox/lib/python3.11/site-packages/docutils/parsers/rst/states.py", line 2355, in explicit_markup                                  
                        nodelist, blank_finish = self.explicit_construct(match)                                                                                                               
                                                 ^^^^^^^^^^^^^^^^^^^^^^^^^^^^^^                                                                                                               
                      File "/home/erick/Desktop/Projects/sandbox/lib/python3.11/site-packages/docutils/parsers/rst/states.py", line 2367, in explicit_construct                               
                        return method(self, expmatch)                                                                                                                                         
                               ^^^^^^^^^^^^^^^^^^^^^^                                                                                                                                         
                      File "/home/erick/Desktop/Projects/sandbox/lib/python3.11/site-packages/docutils/parsers/rst/states.py", line 2104, in directive                                        
                        return self.run_directive(                                                                                                                                            
                               ^^^^^^^^^^^^^^^^^^^                                                                                                                                            
                      File "/home/erick/Desktop/Projects/sandbox/lib/python3.11/site-packages/docutils/parsers/rst/states.py", line 2156, in run_directive                                    
                        msg_node = self.reporter.system_message(error.level, error.msg,                                                                                                       
                                   ^^^^^^^^^^^^^^^^^^^^^^^^^^^^^^^^^^^^^^^^^^^^^^^^^^^^                                                                                                       
                      File "/home/erick/Desktop/Projects/sandbox/lib/python3.11/site-packages/docutils/utils/__init__.py", line 196, in system_message                                        
                        raise SystemMessage(msg, level)                                                                                                                                       
                    docutils.utils.SystemMessage: /home/erick/Desktop/Projects/pythonmarketer.com/content/blog/pick-stocks-like-a-pro-with-ffn.rst:26: (WARNING/2) Cannot analyze             
                    code. No Pygments lexer found for "wp-block-code".                                                                                                                        
           DEBUG    Read file blog/oversimplified-javascript-terms.rst -> Article                                                                                               readers.py:547
           DEBUG    Read file blog/pretty-print-the-ea-sports-fifa-ultimate-team-json-with-jq-curl.rst -> Article                                                               readers.py:547
           ERROR    Could not process blog/pretty-print-the-ea-sports-fifa-ultimate-team-json-with-jq-curl.rst                                                                       log.py:96
                    /home/erick/Desktop/Projects/pythonmarketer.com/content/blog/pretty-print-the-ea-sports-fifa-ultimate-team-json-with-jq-curl.rst:14: (WARNING/2) Cannot analyze           
                    code. No Pygments lexer found for "wp-block-preformatted".                                                                                                                
                    Traceback (most recent call last):                                                                                                                                        
                      File "/home/erick/Desktop/Projects/sandbox/lib/python3.11/site-packages/docutils/utils/code_analyzer.py", line 64, in __init__                                          
                        self.lexer = get_lexer_by_name(self.language)                                                                                                                         
                                     ^^^^^^^^^^^^^^^^^^^^^^^^^^^^^^^^                                                                                                                         
                      File "/home/erick/Desktop/Projects/sandbox/lib/python3.11/site-packages/pygments/lexers/__init__.py", line 131, in get_lexer_by_name                                    
                        raise ClassNotFound('no lexer for alias %r found' % _alias)                                                                                                           
                    pygments.util.ClassNotFound: no lexer for alias 'wp-block-preformatted' found                                                                                             
                                                                                                                                                                                              
                    During handling of the above exception, another exception occurred:                                                                                                       
                                                                                                                                                                                              
                    Traceback (most recent call last):                                                                                                                                        
                      File "/home/erick/Desktop/Projects/sandbox/lib/python3.11/site-packages/docutils/parsers/rst/directives/body.py", line 159, in run                                      
                        tokens = Lexer('\n'.join(self.content), language,                                                                                                                     
                                 ^^^^^^^^^^^^^^^^^^^^^^^^^^^^^^^^^^^^^^^^                                                                                                                     
                      File "/home/erick/Desktop/Projects/sandbox/lib/python3.11/site-packages/docutils/utils/code_analyzer.py", line 66, in __init__                                          
                        raise LexerError('Cannot analyze code. '                                                                                                                              
                    docutils.utils.code_analyzer.LexerError: Cannot analyze code. No Pygments lexer found for "wp-block-preformatted".                                                        
                                                                                                                                                                                              
                    During handling of the above exception, another exception occurred:                                                                                                       
                                                                                                                                                                                              
                    Traceback (most recent call last):                                                                                                                                        
                      File "/home/erick/Desktop/Projects/sandbox/lib/python3.11/site-packages/docutils/parsers/rst/states.py", line 2154, in run_directive                                    
                        result = directive_instance.run()                                                                                                                                     
                                 ^^^^^^^^^^^^^^^^^^^^^^^^                                                                                                                                     
                      File "/home/erick/Desktop/Projects/sandbox/lib/python3.11/site-packages/docutils/parsers/rst/directives/body.py", line 166, in run                                      
                        raise self.warning(error)                                                                                                                                             
                    docutils.parsers.rst.DirectiveError                                                                                                                                       
                                                                                                                                                                                              
                    During handling of the above exception, another exception occurred:                                                                                                       
                                                                                                                                                                                              
                    Traceback (most recent call last):                                                                                                                                        
                      File "/home/erick/Desktop/Projects/sandbox/lib/python3.11/site-packages/pelican/generators.py", line 627, in generate_context                                           
                        article = self.readers.read_file(                                                                                                                                     
                                  ^^^^^^^^^^^^^^^^^^^^^^^                                                                                                                                     
                      File "/home/erick/Desktop/Projects/sandbox/lib/python3.11/site-packages/pelican/readers.py", line 580, in read_file                                                     
                        content, reader_metadata = reader.read(path)                                                                                                                          
                                                   ^^^^^^^^^^^^^^^^^                                                                                                                          
                      File "/home/erick/Desktop/Projects/sandbox/lib/python3.11/site-packages/pelican/readers.py", line 278, in read                                                          
                        pub = self._get_publisher(source_path)                                                                                                                                
                              ^^^^^^^^^^^^^^^^^^^^^^^^^^^^^^^^                                                                                                                                
                      File "/home/erick/Desktop/Projects/sandbox/lib/python3.11/site-packages/pelican/readers.py", line 273, in _get_publisher                                                
                        pub.publish()                                                                                                                                                         
                      File "/home/erick/Desktop/Projects/sandbox/lib/python3.11/site-packages/docutils/core.py", line 224, in publish                                                         
                        self.document = self.reader.read(self.source, self.parser,                                                                                                            
                                        ^^^^^^^^^^^^^^^^^^^^^^^^^^^^^^^^^^^^^^^^^^                                                                                                            
                      File "/home/erick/Desktop/Projects/sandbox/lib/python3.11/site-packages/docutils/readers/__init__.py", line 70, in read                                                 
                        self.parse()                                                                                                                                                          
                      File "/home/erick/Desktop/Projects/sandbox/lib/python3.11/site-packages/docutils/readers/__init__.py", line 76, in parse                                                
                        self.parser.parse(self.input, document)                                                                                                                               
                      File "/home/erick/Desktop/Projects/sandbox/lib/python3.11/site-packages/docutils/parsers/rst/__init__.py", line 185, in parse                                           
                        self.statemachine.run(inputlines, document, inliner=self.inliner)                                                                                                     
                      File "/home/erick/Desktop/Projects/sandbox/lib/python3.11/site-packages/docutils/parsers/rst/states.py", line 169, in run                                               
                        results = StateMachineWS.run(self, input_lines, input_offset,                                                                                                         
                                  ^^^^^^^^^^^^^^^^^^^^^^^^^^^^^^^^^^^^^^^^^^^^^^^^^^^                                                                                                         
                      File "/home/erick/Desktop/Projects/sandbox/lib/python3.11/site-packages/docutils/statemachine.py", line 233, in run                                                     
                        context, next_state, result = self.check_line(                                                                                                                        
                                                      ^^^^^^^^^^^^^^^^                                                                                                                        
                      File "/home/erick/Desktop/Projects/sandbox/lib/python3.11/site-packages/docutils/statemachine.py", line 445, in check_line                                              
                        return method(match, context, next_state)                                                                                                                             
                               ^^^^^^^^^^^^^^^^^^^^^^^^^^^^^^^^^^                                                                                                                             
                      File "/home/erick/Desktop/Projects/sandbox/lib/python3.11/site-packages/docutils/parsers/rst/states.py", line 2785, in underline                                        
                        self.section(title, source, style, lineno - 1, messages)                                                                                                              
                      File "/home/erick/Desktop/Projects/sandbox/lib/python3.11/site-packages/docutils/parsers/rst/states.py", line 325, in section                                           
                        self.new_subsection(title, lineno, messages)                                                                                                                          
                      File "/home/erick/Desktop/Projects/sandbox/lib/python3.11/site-packages/docutils/parsers/rst/states.py", line 391, in new_subsection                                    
                        newabsoffset = self.nested_parse(                                                                                                                                     
                                       ^^^^^^^^^^^^^^^^^^                                                                                                                                     
                      File "/home/erick/Desktop/Projects/sandbox/lib/python3.11/site-packages/docutils/parsers/rst/states.py", line 279, in nested_parse                                      
                        state_machine.run(block, input_offset, memo=self.memo,                                                                                                                
                      File "/home/erick/Desktop/Projects/sandbox/lib/python3.11/site-packages/docutils/parsers/rst/states.py", line 195, in run                                               
                        results = StateMachineWS.run(self, input_lines, input_offset)                                                                                                         
                                  ^^^^^^^^^^^^^^^^^^^^^^^^^^^^^^^^^^^^^^^^^^^^^^^^^^^                                                                                                         
                      File "/home/erick/Desktop/Projects/sandbox/lib/python3.11/site-packages/docutils/statemachine.py", line 233, in run                                                     
                        context, next_state, result = self.check_line(                                                                                                                        
                                                      ^^^^^^^^^^^^^^^^                                                                                                                        
                      File "/home/erick/Desktop/Projects/sandbox/lib/python3.11/site-packages/docutils/statemachine.py", line 445, in check_line                                              
                        return method(match, context, next_state)                                                                                                                             
                               ^^^^^^^^^^^^^^^^^^^^^^^^^^^^^^^^^^                                                                                                                             
                      File "/home/erick/Desktop/Projects/sandbox/lib/python3.11/site-packages/docutils/parsers/rst/states.py", line 2355, in explicit_markup                                  
                        nodelist, blank_finish = self.explicit_construct(match)                                                                                                               
                                                 ^^^^^^^^^^^^^^^^^^^^^^^^^^^^^^                                                                                                               
                      File "/home/erick/Desktop/Projects/sandbox/lib/python3.11/site-packages/docutils/parsers/rst/states.py", line 2367, in explicit_construct                               
                        return method(self, expmatch)                                                                                                                                         
                               ^^^^^^^^^^^^^^^^^^^^^^                                                                                                                                         
                      File "/home/erick/Desktop/Projects/sandbox/lib/python3.11/site-packages/docutils/parsers/rst/states.py", line 2104, in directive                                        
                        return self.run_directive(                                                                                                                                            
                               ^^^^^^^^^^^^^^^^^^^                                                                                                                                            
                      File "/home/erick/Desktop/Projects/sandbox/lib/python3.11/site-packages/docutils/parsers/rst/states.py", line 2156, in run_directive                                    
                        msg_node = self.reporter.system_message(error.level, error.msg,                                                                                                       
                                   ^^^^^^^^^^^^^^^^^^^^^^^^^^^^^^^^^^^^^^^^^^^^^^^^^^^^                                                                                                       
                      File "/home/erick/Desktop/Projects/sandbox/lib/python3.11/site-packages/docutils/utils/__init__.py", line 196, in system_message                                        
                        raise SystemMessage(msg, level)                                                                                                                                       
                    docutils.utils.SystemMessage:                                                                                                                                             
                    /home/erick/Desktop/Projects/pythonmarketer.com/content/blog/pretty-print-the-ea-sports-fifa-ultimate-team-json-with-jq-curl.rst:14: (WARNING/2) Cannot analyze           
                    code. No Pygments lexer found for "wp-block-preformatted".                                                                                                                
           DEBUG    Read file blog/hammock-driven-development-talk-notes.rst -> Article                                                                                         readers.py:547
           WARNING  Empty alt attribute for image solve-problems-1.png?w=730 in                                                                                                      log.py:91
                    /home/erick/Desktop/Projects/pythonmarketer.com/content/blog/hammock-driven-development-talk-notes.rst                                                                    
           DEBUG    Read file blog/1624.rst -> Article                                                                                                                          readers.py:547
           ERROR    Could not process blog/1624.rst                                                                                                                                  log.py:96
                    /home/erick/Desktop/Projects/pythonmarketer.com/content/blog/1624.rst:21: (WARNING/2) Cannot analyze code. No Pygments lexer found for "lang-java".                       
                    Traceback (most recent call last):                                                                                                                                        
                      File "/home/erick/Desktop/Projects/sandbox/lib/python3.11/site-packages/docutils/utils/code_analyzer.py", line 64, in __init__                                          
                        self.lexer = get_lexer_by_name(self.language)                                                                                                                         
                                     ^^^^^^^^^^^^^^^^^^^^^^^^^^^^^^^^                                                                                                                         
                      File "/home/erick/Desktop/Projects/sandbox/lib/python3.11/site-packages/pygments/lexers/__init__.py", line 131, in get_lexer_by_name                                    
                        raise ClassNotFound('no lexer for alias %r found' % _alias)                                                                                                           
                    pygments.util.ClassNotFound: no lexer for alias 'lang-java' found                                                                                                         
                                                                                                                                                                                              
                    During handling of the above exception, another exception occurred:                                                                                                       
                                                                                                                                                                                              
                    Traceback (most recent call last):                                                                                                                                        
                      File "/home/erick/Desktop/Projects/sandbox/lib/python3.11/site-packages/docutils/parsers/rst/directives/body.py", line 159, in run                                      
                        tokens = Lexer('\n'.join(self.content), language,                                                                                                                     
                                 ^^^^^^^^^^^^^^^^^^^^^^^^^^^^^^^^^^^^^^^^                                                                                                                     
                      File "/home/erick/Desktop/Projects/sandbox/lib/python3.11/site-packages/docutils/utils/code_analyzer.py", line 66, in __init__                                          
                        raise LexerError('Cannot analyze code. '                                                                                                                              
                    docutils.utils.code_analyzer.LexerError: Cannot analyze code. No Pygments lexer found for "lang-java".                                                                    
                                                                                                                                                                                              
                    During handling of the above exception, another exception occurred:                                                                                                       
                                                                                                                                                                                              
                    Traceback (most recent call last):                                                                                                                                        
                      File "/home/erick/Desktop/Projects/sandbox/lib/python3.11/site-packages/docutils/parsers/rst/states.py", line 2154, in run_directive                                    
                        result = directive_instance.run()                                                                                                                                     
                                 ^^^^^^^^^^^^^^^^^^^^^^^^                                                                                                                                     
                      File "/home/erick/Desktop/Projects/sandbox/lib/python3.11/site-packages/docutils/parsers/rst/directives/body.py", line 166, in run                                      
                        raise self.warning(error)                                                                                                                                             
                    docutils.parsers.rst.DirectiveError                                                                                                                                       
                                                                                                                                                                                              
                    During handling of the above exception, another exception occurred:                                                                                                       
                                                                                                                                                                                              
                    Traceback (most recent call last):                                                                                                                                        
                      File "/home/erick/Desktop/Projects/sandbox/lib/python3.11/site-packages/pelican/generators.py", line 627, in generate_context                                           
                        article = self.readers.read_file(                                                                                                                                     
                                  ^^^^^^^^^^^^^^^^^^^^^^^                                                                                                                                     
                      File "/home/erick/Desktop/Projects/sandbox/lib/python3.11/site-packages/pelican/readers.py", line 580, in read_file                                                     
                        content, reader_metadata = reader.read(path)                                                                                                                          
                                                   ^^^^^^^^^^^^^^^^^                                                                                                                          
                      File "/home/erick/Desktop/Projects/sandbox/lib/python3.11/site-packages/pelican/readers.py", line 278, in read                                                          
                        pub = self._get_publisher(source_path)                                                                                                                                
                              ^^^^^^^^^^^^^^^^^^^^^^^^^^^^^^^^                                                                                                                                
                      File "/home/erick/Desktop/Projects/sandbox/lib/python3.11/site-packages/pelican/readers.py", line 273, in _get_publisher                                                
                        pub.publish()                                                                                                                                                         
                      File "/home/erick/Desktop/Projects/sandbox/lib/python3.11/site-packages/docutils/core.py", line 224, in publish                                                         
                        self.document = self.reader.read(self.source, self.parser,                                                                                                            
                                        ^^^^^^^^^^^^^^^^^^^^^^^^^^^^^^^^^^^^^^^^^^                                                                                                            
                      File "/home/erick/Desktop/Projects/sandbox/lib/python3.11/site-packages/docutils/readers/__init__.py", line 70, in read                                                 
                        self.parse()                                                                                                                                                          
                      File "/home/erick/Desktop/Projects/sandbox/lib/python3.11/site-packages/docutils/readers/__init__.py", line 76, in parse                                                
                        self.parser.parse(self.input, document)                                                                                                                               
                      File "/home/erick/Desktop/Projects/sandbox/lib/python3.11/site-packages/docutils/parsers/rst/__init__.py", line 185, in parse                                           
                        self.statemachine.run(inputlines, document, inliner=self.inliner)                                                                                                     
                      File "/home/erick/Desktop/Projects/sandbox/lib/python3.11/site-packages/docutils/parsers/rst/states.py", line 169, in run                                               
                        results = StateMachineWS.run(self, input_lines, input_offset,                                                                                                         
                                  ^^^^^^^^^^^^^^^^^^^^^^^^^^^^^^^^^^^^^^^^^^^^^^^^^^^                                                                                                         
                      File "/home/erick/Desktop/Projects/sandbox/lib/python3.11/site-packages/docutils/statemachine.py", line 233, in run                                                     
                        context, next_state, result = self.check_line(                                                                                                                        
                                                      ^^^^^^^^^^^^^^^^                                                                                                                        
                      File "/home/erick/Desktop/Projects/sandbox/lib/python3.11/site-packages/docutils/statemachine.py", line 445, in check_line                                              
                        return method(match, context, next_state)                                                                                                                             
                               ^^^^^^^^^^^^^^^^^^^^^^^^^^^^^^^^^^                                                                                                                             
                      File "/home/erick/Desktop/Projects/sandbox/lib/python3.11/site-packages/docutils/parsers/rst/states.py", line 2785, in underline                                        
                        self.section(title, source, style, lineno - 1, messages)                                                                                                              
                      File "/home/erick/Desktop/Projects/sandbox/lib/python3.11/site-packages/docutils/parsers/rst/states.py", line 325, in section                                           
                        self.new_subsection(title, lineno, messages)                                                                                                                          
                      File "/home/erick/Desktop/Projects/sandbox/lib/python3.11/site-packages/docutils/parsers/rst/states.py", line 391, in new_subsection                                    
                        newabsoffset = self.nested_parse(                                                                                                                                     
                                       ^^^^^^^^^^^^^^^^^^                                                                                                                                     
                      File "/home/erick/Desktop/Projects/sandbox/lib/python3.11/site-packages/docutils/parsers/rst/states.py", line 279, in nested_parse                                      
                        state_machine.run(block, input_offset, memo=self.memo,                                                                                                                
                      File "/home/erick/Desktop/Projects/sandbox/lib/python3.11/site-packages/docutils/parsers/rst/states.py", line 195, in run                                               
                        results = StateMachineWS.run(self, input_lines, input_offset)                                                                                                         
                                  ^^^^^^^^^^^^^^^^^^^^^^^^^^^^^^^^^^^^^^^^^^^^^^^^^^^                                                                                                         
                      File "/home/erick/Desktop/Projects/sandbox/lib/python3.11/site-packages/docutils/statemachine.py", line 233, in run                                                     
                        context, next_state, result = self.check_line(                                                                                                                        
                                                      ^^^^^^^^^^^^^^^^                                                                                                                        
                      File "/home/erick/Desktop/Projects/sandbox/lib/python3.11/site-packages/docutils/statemachine.py", line 445, in check_line                                              
                        return method(match, context, next_state)                                                                                                                             
                               ^^^^^^^^^^^^^^^^^^^^^^^^^^^^^^^^^^                                                                                                                             
                      File "/home/erick/Desktop/Projects/sandbox/lib/python3.11/site-packages/docutils/parsers/rst/states.py", line 2355, in explicit_markup                                  
                        nodelist, blank_finish = self.explicit_construct(match)                                                                                                               
                                                 ^^^^^^^^^^^^^^^^^^^^^^^^^^^^^^                                                                                                               
                      File "/home/erick/Desktop/Projects/sandbox/lib/python3.11/site-packages/docutils/parsers/rst/states.py", line 2367, in explicit_construct                               
                        return method(self, expmatch)                                                                                                                                         
                               ^^^^^^^^^^^^^^^^^^^^^^                                                                                                                                         
                      File "/home/erick/Desktop/Projects/sandbox/lib/python3.11/site-packages/docutils/parsers/rst/states.py", line 2104, in directive                                        
                        return self.run_directive(                                                                                                                                            
                               ^^^^^^^^^^^^^^^^^^^                                                                                                                                            
                      File "/home/erick/Desktop/Projects/sandbox/lib/python3.11/site-packages/docutils/parsers/rst/states.py", line 2156, in run_directive                                    
                        msg_node = self.reporter.system_message(error.level, error.msg,                                                                                                       
                                   ^^^^^^^^^^^^^^^^^^^^^^^^^^^^^^^^^^^^^^^^^^^^^^^^^^^^                                                                                                       
                      File "/home/erick/Desktop/Projects/sandbox/lib/python3.11/site-packages/docutils/utils/__init__.py", line 196, in system_message                                        
                        raise SystemMessage(msg, level)                                                                                                                                       
                    docutils.utils.SystemMessage: /home/erick/Desktop/Projects/pythonmarketer.com/content/blog/1624.rst:21: (WARNING/2) Cannot analyze code. No Pygments lexer found          
                    for "lang-java".                                                                                                                                                          
[20:43:36] DEBUG    Read file blog/should-i-go-to-programming-school.rst -> Article                                                                                             readers.py:547
           DEBUG    Read file blog/fetch-a-random-number-or-random-n-length-list-of-numbers-in-python-with-the-random-module.rst -> Article                                     readers.py:547
           ERROR    Could not process blog/fetch-a-random-number-or-random-n-length-list-of-numbers-in-python-with-the-random-module.rst                                             log.py:96
                    /home/erick/Desktop/Projects/pythonmarketer.com/content/blog/fetch-a-random-number-or-random-n-length-list-of-numbers-in-python-with-the-random-module.rst:18:            
                    (WARNING/2) Cannot analyze code. No Pygments lexer found for "wp-block-syntaxhighlighter-code".                                                                           
                    Traceback (most recent call last):                                                                                                                                        
                      File "/home/erick/Desktop/Projects/sandbox/lib/python3.11/site-packages/docutils/utils/code_analyzer.py", line 64, in __init__                                          
                        self.lexer = get_lexer_by_name(self.language)                                                                                                                         
                                     ^^^^^^^^^^^^^^^^^^^^^^^^^^^^^^^^                                                                                                                         
                      File "/home/erick/Desktop/Projects/sandbox/lib/python3.11/site-packages/pygments/lexers/__init__.py", line 131, in get_lexer_by_name                                    
                        raise ClassNotFound('no lexer for alias %r found' % _alias)                                                                                                           
                    pygments.util.ClassNotFound: no lexer for alias 'wp-block-syntaxhighlighter-code' found                                                                                   
                                                                                                                                                                                              
                    During handling of the above exception, another exception occurred:                                                                                                       
                                                                                                                                                                                              
                    Traceback (most recent call last):                                                                                                                                        
                      File "/home/erick/Desktop/Projects/sandbox/lib/python3.11/site-packages/docutils/parsers/rst/directives/body.py", line 159, in run                                      
                        tokens = Lexer('\n'.join(self.content), language,                                                                                                                     
                                 ^^^^^^^^^^^^^^^^^^^^^^^^^^^^^^^^^^^^^^^^                                                                                                                     
                      File "/home/erick/Desktop/Projects/sandbox/lib/python3.11/site-packages/docutils/utils/code_analyzer.py", line 66, in __init__                                          
                        raise LexerError('Cannot analyze code. '                                                                                                                              
                    docutils.utils.code_analyzer.LexerError: Cannot analyze code. No Pygments lexer found for "wp-block-syntaxhighlighter-code".                                              
                                                                                                                                                                                              
                    During handling of the above exception, another exception occurred:                                                                                                       
                                                                                                                                                                                              
                    Traceback (most recent call last):                                                                                                                                        
                      File "/home/erick/Desktop/Projects/sandbox/lib/python3.11/site-packages/docutils/parsers/rst/states.py", line 2154, in run_directive                                    
                        result = directive_instance.run()                                                                                                                                     
                                 ^^^^^^^^^^^^^^^^^^^^^^^^                                                                                                                                     
                      File "/home/erick/Desktop/Projects/sandbox/lib/python3.11/site-packages/docutils/parsers/rst/directives/body.py", line 166, in run                                      
                        raise self.warning(error)                                                                                                                                             
                    docutils.parsers.rst.DirectiveError                                                                                                                                       
                                                                                                                                                                                              
                    During handling of the above exception, another exception occurred:                                                                                                       
                                                                                                                                                                                              
                    Traceback (most recent call last):                                                                                                                                        
                      File "/home/erick/Desktop/Projects/sandbox/lib/python3.11/site-packages/pelican/generators.py", line 627, in generate_context                                           
                        article = self.readers.read_file(                                                                                                                                     
                                  ^^^^^^^^^^^^^^^^^^^^^^^                                                                                                                                     
                      File "/home/erick/Desktop/Projects/sandbox/lib/python3.11/site-packages/pelican/readers.py", line 580, in read_file                                                     
                        content, reader_metadata = reader.read(path)                                                                                                                          
                                                   ^^^^^^^^^^^^^^^^^                                                                                                                          
                      File "/home/erick/Desktop/Projects/sandbox/lib/python3.11/site-packages/pelican/readers.py", line 278, in read                                                          
                        pub = self._get_publisher(source_path)                                                                                                                                
                              ^^^^^^^^^^^^^^^^^^^^^^^^^^^^^^^^                                                                                                                                
                      File "/home/erick/Desktop/Projects/sandbox/lib/python3.11/site-packages/pelican/readers.py", line 273, in _get_publisher                                                
                        pub.publish()                                                                                                                                                         
                      File "/home/erick/Desktop/Projects/sandbox/lib/python3.11/site-packages/docutils/core.py", line 224, in publish                                                         
                        self.document = self.reader.read(self.source, self.parser,                                                                                                            
                                        ^^^^^^^^^^^^^^^^^^^^^^^^^^^^^^^^^^^^^^^^^^                                                                                                            
                      File "/home/erick/Desktop/Projects/sandbox/lib/python3.11/site-packages/docutils/readers/__init__.py", line 70, in read                                                 
                        self.parse()                                                                                                                                                          
                      File "/home/erick/Desktop/Projects/sandbox/lib/python3.11/site-packages/docutils/readers/__init__.py", line 76, in parse                                                
                        self.parser.parse(self.input, document)                                                                                                                               
                      File "/home/erick/Desktop/Projects/sandbox/lib/python3.11/site-packages/docutils/parsers/rst/__init__.py", line 185, in parse                                           
                        self.statemachine.run(inputlines, document, inliner=self.inliner)                                                                                                     
                      File "/home/erick/Desktop/Projects/sandbox/lib/python3.11/site-packages/docutils/parsers/rst/states.py", line 169, in run                                               
                        results = StateMachineWS.run(self, input_lines, input_offset,                                                                                                         
                                  ^^^^^^^^^^^^^^^^^^^^^^^^^^^^^^^^^^^^^^^^^^^^^^^^^^^                                                                                                         
                      File "/home/erick/Desktop/Projects/sandbox/lib/python3.11/site-packages/docutils/statemachine.py", line 233, in run                                                     
                        context, next_state, result = self.check_line(                                                                                                                        
                                                      ^^^^^^^^^^^^^^^^                                                                                                                        
                      File "/home/erick/Desktop/Projects/sandbox/lib/python3.11/site-packages/docutils/statemachine.py", line 445, in check_line                                              
                        return method(match, context, next_state)                                                                                                                             
                               ^^^^^^^^^^^^^^^^^^^^^^^^^^^^^^^^^^                                                                                                                             
                      File "/home/erick/Desktop/Projects/sandbox/lib/python3.11/site-packages/docutils/parsers/rst/states.py", line 2785, in underline                                        
                        self.section(title, source, style, lineno - 1, messages)                                                                                                              
                      File "/home/erick/Desktop/Projects/sandbox/lib/python3.11/site-packages/docutils/parsers/rst/states.py", line 325, in section                                           
                        self.new_subsection(title, lineno, messages)                                                                                                                          
                      File "/home/erick/Desktop/Projects/sandbox/lib/python3.11/site-packages/docutils/parsers/rst/states.py", line 391, in new_subsection                                    
                        newabsoffset = self.nested_parse(                                                                                                                                     
                                       ^^^^^^^^^^^^^^^^^^                                                                                                                                     
                      File "/home/erick/Desktop/Projects/sandbox/lib/python3.11/site-packages/docutils/parsers/rst/states.py", line 279, in nested_parse                                      
                        state_machine.run(block, input_offset, memo=self.memo,                                                                                                                
                      File "/home/erick/Desktop/Projects/sandbox/lib/python3.11/site-packages/docutils/parsers/rst/states.py", line 195, in run                                               
                        results = StateMachineWS.run(self, input_lines, input_offset)                                                                                                         
                                  ^^^^^^^^^^^^^^^^^^^^^^^^^^^^^^^^^^^^^^^^^^^^^^^^^^^                                                                                                         
                      File "/home/erick/Desktop/Projects/sandbox/lib/python3.11/site-packages/docutils/statemachine.py", line 233, in run                                                     
                        context, next_state, result = self.check_line(                                                                                                                        
                                                      ^^^^^^^^^^^^^^^^                                                                                                                        
                      File "/home/erick/Desktop/Projects/sandbox/lib/python3.11/site-packages/docutils/statemachine.py", line 445, in check_line                                              
                        return method(match, context, next_state)                                                                                                                             
                               ^^^^^^^^^^^^^^^^^^^^^^^^^^^^^^^^^^                                                                                                                             
                      File "/home/erick/Desktop/Projects/sandbox/lib/python3.11/site-packages/docutils/parsers/rst/states.py", line 2355, in explicit_markup                                  
                        nodelist, blank_finish = self.explicit_construct(match)                                                                                                               
                                                 ^^^^^^^^^^^^^^^^^^^^^^^^^^^^^^                                                                                                               
                      File "/home/erick/Desktop/Projects/sandbox/lib/python3.11/site-packages/docutils/parsers/rst/states.py", line 2367, in explicit_construct                               
                        return method(self, expmatch)                                                                                                                                         
                               ^^^^^^^^^^^^^^^^^^^^^^                                                                                                                                         
                      File "/home/erick/Desktop/Projects/sandbox/lib/python3.11/site-packages/docutils/parsers/rst/states.py", line 2104, in directive                                        
                        return self.run_directive(                                                                                                                                            
                               ^^^^^^^^^^^^^^^^^^^                                                                                                                                            
                      File "/home/erick/Desktop/Projects/sandbox/lib/python3.11/site-packages/docutils/parsers/rst/states.py", line 2156, in run_directive                                    
                        msg_node = self.reporter.system_message(error.level, error.msg,                                                                                                       
                                   ^^^^^^^^^^^^^^^^^^^^^^^^^^^^^^^^^^^^^^^^^^^^^^^^^^^^                                                                                                       
                      File "/home/erick/Desktop/Projects/sandbox/lib/python3.11/site-packages/docutils/utils/__init__.py", line 196, in system_message                                        
                        raise SystemMessage(msg, level)                                                                                                                                       
                    docutils.utils.SystemMessage:                                                                                                                                             
                    /home/erick/Desktop/Projects/pythonmarketer.com/content/blog/fetch-a-random-number-or-random-n-length-list-of-numbers-in-python-with-the-random-module.rst:18:            
                    (WARNING/2) Cannot analyze code. No Pygments lexer found for "wp-block-syntaxhighlighter-code".                                                                           
           DEBUG    Read file blog/launching-a-live-static-blog-via-pelican-github-and-cloudflare-pages.rst -> Article                                                          readers.py:547
           WARNING  Empty alt attribute for image cloudflare-deployment-details-1.png?w=1024 in                                                                                      log.py:91
                    /home/erick/Desktop/Projects/pythonmarketer.com/content/blog/launching-a-live-static-blog-via-pelican-github-and-cloudflare-pages.rst                                     
           WARNING  Other images have empty alt attributes                                                                                                                           log.py:91
           DEBUG    Read file blog/a-computer-science-themed-wikipedia-link-grab-bag.rst -> Article                                                                             readers.py:547
           DEBUG    Read file blog/askkevinparker-com-my-first-web-app-other-notes.rst -> Article                                                                               readers.py:547
           ERROR    Could not process blog/askkevinparker-com-my-first-web-app-other-notes.rst                                                                                       log.py:96
                    /home/erick/Desktop/Projects/pythonmarketer.com/content/blog/askkevinparker-com-my-first-web-app-other-notes.rst:13: (WARNING/2) Inline strong start-string               
                    without end-string.                                                                                                                                                       
                    Traceback (most recent call last):                                                                                                                                        
                      File "/home/erick/Desktop/Projects/sandbox/lib/python3.11/site-packages/pelican/generators.py", line 627, in generate_context                                           
                        article = self.readers.read_file(                                                                                                                                     
                                  ^^^^^^^^^^^^^^^^^^^^^^^                                                                                                                                     
                      File "/home/erick/Desktop/Projects/sandbox/lib/python3.11/site-packages/pelican/readers.py", line 580, in read_file                                                     
                        content, reader_metadata = reader.read(path)                                                                                                                          
                                                   ^^^^^^^^^^^^^^^^^                                                                                                                          
                      File "/home/erick/Desktop/Projects/sandbox/lib/python3.11/site-packages/pelican/readers.py", line 278, in read                                                          
                        pub = self._get_publisher(source_path)                                                                                                                                
                              ^^^^^^^^^^^^^^^^^^^^^^^^^^^^^^^^                                                                                                                                
                      File "/home/erick/Desktop/Projects/sandbox/lib/python3.11/site-packages/pelican/readers.py", line 273, in _get_publisher                                                
                        pub.publish()                                                                                                                                                         
                      File "/home/erick/Desktop/Projects/sandbox/lib/python3.11/site-packages/docutils/core.py", line 224, in publish                                                         
                        self.document = self.reader.read(self.source, self.parser,                                                                                                            
                                        ^^^^^^^^^^^^^^^^^^^^^^^^^^^^^^^^^^^^^^^^^^                                                                                                            
                      File "/home/erick/Desktop/Projects/sandbox/lib/python3.11/site-packages/docutils/readers/__init__.py", line 70, in read                                                 
                        self.parse()                                                                                                                                                          
                      File "/home/erick/Desktop/Projects/sandbox/lib/python3.11/site-packages/docutils/readers/__init__.py", line 76, in parse                                                
                        self.parser.parse(self.input, document)                                                                                                                               
                      File "/home/erick/Desktop/Projects/sandbox/lib/python3.11/site-packages/docutils/parsers/rst/__init__.py", line 185, in parse                                           
                        self.statemachine.run(inputlines, document, inliner=self.inliner)                                                                                                     
                      File "/home/erick/Desktop/Projects/sandbox/lib/python3.11/site-packages/docutils/parsers/rst/states.py", line 169, in run                                               
                        results = StateMachineWS.run(self, input_lines, input_offset,                                                                                                         
                                  ^^^^^^^^^^^^^^^^^^^^^^^^^^^^^^^^^^^^^^^^^^^^^^^^^^^                                                                                                         
                      File "/home/erick/Desktop/Projects/sandbox/lib/python3.11/site-packages/docutils/statemachine.py", line 233, in run                                                     
                        context, next_state, result = self.check_line(                                                                                                                        
                                                      ^^^^^^^^^^^^^^^^                                                                                                                        
                      File "/home/erick/Desktop/Projects/sandbox/lib/python3.11/site-packages/docutils/statemachine.py", line 445, in check_line                                              
                        return method(match, context, next_state)                                                                                                                             
                               ^^^^^^^^^^^^^^^^^^^^^^^^^^^^^^^^^^                                                                                                                             
                      File "/home/erick/Desktop/Projects/sandbox/lib/python3.11/site-packages/docutils/parsers/rst/states.py", line 2785, in underline                                        
                        self.section(title, source, style, lineno - 1, messages)                                                                                                              
                      File "/home/erick/Desktop/Projects/sandbox/lib/python3.11/site-packages/docutils/parsers/rst/states.py", line 325, in section                                           
                        self.new_subsection(title, lineno, messages)                                                                                                                          
                      File "/home/erick/Desktop/Projects/sandbox/lib/python3.11/site-packages/docutils/parsers/rst/states.py", line 391, in new_subsection                                    
                        newabsoffset = self.nested_parse(                                                                                                                                     
                                       ^^^^^^^^^^^^^^^^^^                                                                                                                                     
                      File "/home/erick/Desktop/Projects/sandbox/lib/python3.11/site-packages/docutils/parsers/rst/states.py", line 279, in nested_parse                                      
                        state_machine.run(block, input_offset, memo=self.memo,                                                                                                                
                      File "/home/erick/Desktop/Projects/sandbox/lib/python3.11/site-packages/docutils/parsers/rst/states.py", line 195, in run                                               
                        results = StateMachineWS.run(self, input_lines, input_offset)                                                                                                         
                                  ^^^^^^^^^^^^^^^^^^^^^^^^^^^^^^^^^^^^^^^^^^^^^^^^^^^                                                                                                         
                      File "/home/erick/Desktop/Projects/sandbox/lib/python3.11/site-packages/docutils/statemachine.py", line 233, in run                                                     
                        context, next_state, result = self.check_line(                                                                                                                        
                                                      ^^^^^^^^^^^^^^^^                                                                                                                        
                      File "/home/erick/Desktop/Projects/sandbox/lib/python3.11/site-packages/docutils/statemachine.py", line 445, in check_line                                              
                        return method(match, context, next_state)                                                                                                                             
                               ^^^^^^^^^^^^^^^^^^^^^^^^^^^^^^^^^^                                                                                                                             
                      File "/home/erick/Desktop/Projects/sandbox/lib/python3.11/site-packages/docutils/parsers/rst/states.py", line 2716, in blank                                            
                        paragraph, literalnext = self.paragraph(                                                                                                                              
                                                 ^^^^^^^^^^^^^^^                                                                                                                              
                      File "/home/erick/Desktop/Projects/sandbox/lib/python3.11/site-packages/docutils/parsers/rst/states.py", line 416, in paragraph                                         
                        textnodes, messages = self.inline_text(text, lineno)                                                                                                                  
                                              ^^^^^^^^^^^^^^^^^^^^^^^^^^^^^^                                                                                                                  
                      File "/home/erick/Desktop/Projects/sandbox/lib/python3.11/site-packages/docutils/parsers/rst/states.py", line 425, in inline_text                                       
                        nodes, messages = self.inliner.parse(text, lineno,                                                                                                                    
                                          ^^^^^^^^^^^^^^^^^^^^^^^^^^^^^^^^                                                                                                                    
                      File "/home/erick/Desktop/Projects/sandbox/lib/python3.11/site-packages/docutils/parsers/rst/states.py", line 649, in parse                                             
                        before, inlines, remaining, sysmessages = method(self, match,                                                                                                         
                                                                  ^^^^^^^^^^^^^^^^^^^                                                                                                         
                      File "/home/erick/Desktop/Projects/sandbox/lib/python3.11/site-packages/docutils/parsers/rst/states.py", line 747, in strong                                            
                        before, inlines, remaining, sysmessages, endstring = self.inline_obj(                                                                                                 
                                                                             ^^^^^^^^^^^^^^^^                                                                                                 
                      File "/home/erick/Desktop/Projects/sandbox/lib/python3.11/site-packages/docutils/parsers/rst/states.py", line 727, in inline_obj                                        
                        msg = self.reporter.warning(                                                                                                                                          
                              ^^^^^^^^^^^^^^^^^^^^^^                                                                                                                                          
                      File "/home/erick/Desktop/Projects/sandbox/lib/python3.11/site-packages/docutils/utils/__init__.py", line 223, in warning                                               
                        return self.system_message(self.WARNING_LEVEL, *args, **kwargs)                                                                                                       
                               ^^^^^^^^^^^^^^^^^^^^^^^^^^^^^^^^^^^^^^^^^^^^^^^^^^^^^^^^                                                                                                       
                      File "/home/erick/Desktop/Projects/sandbox/lib/python3.11/site-packages/docutils/utils/__init__.py", line 196, in system_message                                        
                        raise SystemMessage(msg, level)                                                                                                                                       
                    docutils.utils.SystemMessage: /home/erick/Desktop/Projects/pythonmarketer.com/content/blog/askkevinparker-com-my-first-web-app-other-notes.rst:13: (WARNING/2)            
                    Inline strong start-string without end-string.                                                                                                                            
           DEBUG    Read file blog/marketer-slash-programmer.rst -> Article                                                                                                     readers.py:547
           DEBUG    Read file blog/reflections-on-5-years-of-solving-problems-with-python.rst -> Article                                                                        readers.py:547
           DEBUG    Read file blog/3397.rst -> Article                                                                                                                          readers.py:547
           ERROR    Could not process blog/3397.rst                                                                                                                                  log.py:96
                    /home/erick/Desktop/Projects/pythonmarketer.com/content/blog/3397.rst:22: (ERROR/3) Content block expected for the "container" directive; none found.                     
                    Traceback (most recent call last):                                                                                                                                        
                      File "/home/erick/Desktop/Projects/sandbox/lib/python3.11/site-packages/docutils/parsers/rst/states.py", line 2154, in run_directive                                    
                        result = directive_instance.run()                                                                                                                                     
                                 ^^^^^^^^^^^^^^^^^^^^^^^^                                                                                                                                     
                      File "/home/erick/Desktop/Projects/sandbox/lib/python3.11/site-packages/docutils/parsers/rst/directives/body.py", line 289, in run                                      
                        self.assert_has_content()                                                                                                                                             
                      File "/home/erick/Desktop/Projects/sandbox/lib/python3.11/site-packages/docutils/parsers/rst/__init__.py", line 376, in assert_has_content                              
                        raise self.error('Content block expected for the "%s" directive; '                                                                                                    
                    docutils.parsers.rst.DirectiveError                                                                                                                                       
                                                                                                                                                                                              
                    During handling of the above exception, another exception occurred:                                                                                                       
                                                                                                                                                                                              
                    Traceback (most recent call last):                                                                                                                                        
                      File "/home/erick/Desktop/Projects/sandbox/lib/python3.11/site-packages/pelican/generators.py", line 627, in generate_context                                           
                        article = self.readers.read_file(                                                                                                                                     
                                  ^^^^^^^^^^^^^^^^^^^^^^^                                                                                                                                     
                      File "/home/erick/Desktop/Projects/sandbox/lib/python3.11/site-packages/pelican/readers.py", line 580, in read_file                                                     
                        content, reader_metadata = reader.read(path)                                                                                                                          
                                                   ^^^^^^^^^^^^^^^^^                                                                                                                          
                      File "/home/erick/Desktop/Projects/sandbox/lib/python3.11/site-packages/pelican/readers.py", line 278, in read                                                          
                        pub = self._get_publisher(source_path)                                                                                                                                
                              ^^^^^^^^^^^^^^^^^^^^^^^^^^^^^^^^                                                                                                                                
                      File "/home/erick/Desktop/Projects/sandbox/lib/python3.11/site-packages/pelican/readers.py", line 273, in _get_publisher                                                
                        pub.publish()                                                                                                                                                         
                      File "/home/erick/Desktop/Projects/sandbox/lib/python3.11/site-packages/docutils/core.py", line 224, in publish                                                         
                        self.document = self.reader.read(self.source, self.parser,                                                                                                            
                                        ^^^^^^^^^^^^^^^^^^^^^^^^^^^^^^^^^^^^^^^^^^                                                                                                            
                      File "/home/erick/Desktop/Projects/sandbox/lib/python3.11/site-packages/docutils/readers/__init__.py", line 70, in read                                                 
                        self.parse()                                                                                                                                                          
                      File "/home/erick/Desktop/Projects/sandbox/lib/python3.11/site-packages/docutils/readers/__init__.py", line 76, in parse                                                
                        self.parser.parse(self.input, document)                                                                                                                               
                      File "/home/erick/Desktop/Projects/sandbox/lib/python3.11/site-packages/docutils/parsers/rst/__init__.py", line 185, in parse                                           
                        self.statemachine.run(inputlines, document, inliner=self.inliner)                                                                                                     
                      File "/home/erick/Desktop/Projects/sandbox/lib/python3.11/site-packages/docutils/parsers/rst/states.py", line 169, in run                                               
                        results = StateMachineWS.run(self, input_lines, input_offset,                                                                                                         
                                  ^^^^^^^^^^^^^^^^^^^^^^^^^^^^^^^^^^^^^^^^^^^^^^^^^^^                                                                                                         
                      File "/home/erick/Desktop/Projects/sandbox/lib/python3.11/site-packages/docutils/statemachine.py", line 233, in run                                                     
                        context, next_state, result = self.check_line(                                                                                                                        
                                                      ^^^^^^^^^^^^^^^^                                                                                                                        
                      File "/home/erick/Desktop/Projects/sandbox/lib/python3.11/site-packages/docutils/statemachine.py", line 445, in check_line                                              
                        return method(match, context, next_state)                                                                                                                             
                               ^^^^^^^^^^^^^^^^^^^^^^^^^^^^^^^^^^                                                                                                                             
                      File "/home/erick/Desktop/Projects/sandbox/lib/python3.11/site-packages/docutils/parsers/rst/states.py", line 2785, in underline                                        
                        self.section(title, source, style, lineno - 1, messages)                                                                                                              
                      File "/home/erick/Desktop/Projects/sandbox/lib/python3.11/site-packages/docutils/parsers/rst/states.py", line 325, in section                                           
                        self.new_subsection(title, lineno, messages)                                                                                                                          
                      File "/home/erick/Desktop/Projects/sandbox/lib/python3.11/site-packages/docutils/parsers/rst/states.py", line 391, in new_subsection                                    
                        newabsoffset = self.nested_parse(                                                                                                                                     
                                       ^^^^^^^^^^^^^^^^^^                                                                                                                                     
                      File "/home/erick/Desktop/Projects/sandbox/lib/python3.11/site-packages/docutils/parsers/rst/states.py", line 279, in nested_parse                                      
                        state_machine.run(block, input_offset, memo=self.memo,                                                                                                                
                      File "/home/erick/Desktop/Projects/sandbox/lib/python3.11/site-packages/docutils/parsers/rst/states.py", line 195, in run                                               
                        results = StateMachineWS.run(self, input_lines, input_offset)                                                                                                         
                                  ^^^^^^^^^^^^^^^^^^^^^^^^^^^^^^^^^^^^^^^^^^^^^^^^^^^                                                                                                         
                      File "/home/erick/Desktop/Projects/sandbox/lib/python3.11/site-packages/docutils/statemachine.py", line 233, in run                                                     
                        context, next_state, result = self.check_line(                                                                                                                        
                                                      ^^^^^^^^^^^^^^^^                                                                                                                        
                      File "/home/erick/Desktop/Projects/sandbox/lib/python3.11/site-packages/docutils/statemachine.py", line 445, in check_line                                              
                        return method(match, context, next_state)                                                                                                                             
                               ^^^^^^^^^^^^^^^^^^^^^^^^^^^^^^^^^^                                                                                                                             
                      File "/home/erick/Desktop/Projects/sandbox/lib/python3.11/site-packages/docutils/parsers/rst/states.py", line 2355, in explicit_markup                                  
                        nodelist, blank_finish = self.explicit_construct(match)                                                                                                               
                                                 ^^^^^^^^^^^^^^^^^^^^^^^^^^^^^^                                                                                                               
                      File "/home/erick/Desktop/Projects/sandbox/lib/python3.11/site-packages/docutils/parsers/rst/states.py", line 2367, in explicit_construct                               
                        return method(self, expmatch)                                                                                                                                         
                               ^^^^^^^^^^^^^^^^^^^^^^                                                                                                                                         
                      File "/home/erick/Desktop/Projects/sandbox/lib/python3.11/site-packages/docutils/parsers/rst/states.py", line 2104, in directive                                        
                        return self.run_directive(                                                                                                                                            
                               ^^^^^^^^^^^^^^^^^^^                                                                                                                                            
                      File "/home/erick/Desktop/Projects/sandbox/lib/python3.11/site-packages/docutils/parsers/rst/states.py", line 2156, in run_directive                                    
                        msg_node = self.reporter.system_message(error.level, error.msg,                                                                                                       
                                   ^^^^^^^^^^^^^^^^^^^^^^^^^^^^^^^^^^^^^^^^^^^^^^^^^^^^                                                                                                       
                      File "/home/erick/Desktop/Projects/sandbox/lib/python3.11/site-packages/docutils/utils/__init__.py", line 196, in system_message                                        
                        raise SystemMessage(msg, level)                                                                                                                                       
                    docutils.utils.SystemMessage: /home/erick/Desktop/Projects/pythonmarketer.com/content/blog/3397.rst:22: (ERROR/3) Content block expected for the "container"              
                    directive; none found.                                                                                                                                                    
           DEBUG    Read file blog/6-of-the-hottest-python-libraries-in-2023.rst -> Article                                                                                     readers.py:547
           DEBUG    Read file blog/1805.rst -> Article                                                                                                                          readers.py:547
           DEBUG    Read file blog/4408.rst -> Article                                                                                                                          readers.py:547
           DEBUG    Read file blog/packaging-python-as-a-windows-app.rst -> Article                                                                                             readers.py:547
           ERROR    Could not process blog/packaging-python-as-a-windows-app.rst                                                                                                     log.py:96
                    /home/erick/Desktop/Projects/pythonmarketer.com/content/blog/packaging-python-as-a-windows-app.rst:32: (WARNING/2) Inline emphasis start-string without                   
                    end-string.                                                                                                                                                               
                    Traceback (most recent call last):                                                                                                                                        
                      File "/home/erick/Desktop/Projects/sandbox/lib/python3.11/site-packages/pelican/generators.py", line 627, in generate_context                                           
                        article = self.readers.read_file(                                                                                                                                     
                                  ^^^^^^^^^^^^^^^^^^^^^^^                                                                                                                                     
                      File "/home/erick/Desktop/Projects/sandbox/lib/python3.11/site-packages/pelican/readers.py", line 580, in read_file                                                     
                        content, reader_metadata = reader.read(path)                                                                                                                          
                                                   ^^^^^^^^^^^^^^^^^                                                                                                                          
                      File "/home/erick/Desktop/Projects/sandbox/lib/python3.11/site-packages/pelican/readers.py", line 278, in read                                                          
                        pub = self._get_publisher(source_path)                                                                                                                                
                              ^^^^^^^^^^^^^^^^^^^^^^^^^^^^^^^^                                                                                                                                
                      File "/home/erick/Desktop/Projects/sandbox/lib/python3.11/site-packages/pelican/readers.py", line 273, in _get_publisher                                                
                        pub.publish()                                                                                                                                                         
                      File "/home/erick/Desktop/Projects/sandbox/lib/python3.11/site-packages/docutils/core.py", line 224, in publish                                                         
                        self.document = self.reader.read(self.source, self.parser,                                                                                                            
                                        ^^^^^^^^^^^^^^^^^^^^^^^^^^^^^^^^^^^^^^^^^^                                                                                                            
                      File "/home/erick/Desktop/Projects/sandbox/lib/python3.11/site-packages/docutils/readers/__init__.py", line 70, in read                                                 
                        self.parse()                                                                                                                                                          
                      File "/home/erick/Desktop/Projects/sandbox/lib/python3.11/site-packages/docutils/readers/__init__.py", line 76, in parse                                                
                        self.parser.parse(self.input, document)                                                                                                                               
                      File "/home/erick/Desktop/Projects/sandbox/lib/python3.11/site-packages/docutils/parsers/rst/__init__.py", line 185, in parse                                           
                        self.statemachine.run(inputlines, document, inliner=self.inliner)                                                                                                     
                      File "/home/erick/Desktop/Projects/sandbox/lib/python3.11/site-packages/docutils/parsers/rst/states.py", line 169, in run                                               
                        results = StateMachineWS.run(self, input_lines, input_offset,                                                                                                         
                                  ^^^^^^^^^^^^^^^^^^^^^^^^^^^^^^^^^^^^^^^^^^^^^^^^^^^                                                                                                         
                      File "/home/erick/Desktop/Projects/sandbox/lib/python3.11/site-packages/docutils/statemachine.py", line 233, in run                                                     
                        context, next_state, result = self.check_line(                                                                                                                        
                                                      ^^^^^^^^^^^^^^^^                                                                                                                        
                      File "/home/erick/Desktop/Projects/sandbox/lib/python3.11/site-packages/docutils/statemachine.py", line 445, in check_line                                              
                        return method(match, context, next_state)                                                                                                                             
                               ^^^^^^^^^^^^^^^^^^^^^^^^^^^^^^^^^^                                                                                                                             
                      File "/home/erick/Desktop/Projects/sandbox/lib/python3.11/site-packages/docutils/parsers/rst/states.py", line 2785, in underline                                        
                        self.section(title, source, style, lineno - 1, messages)                                                                                                              
                      File "/home/erick/Desktop/Projects/sandbox/lib/python3.11/site-packages/docutils/parsers/rst/states.py", line 325, in section                                           
                        self.new_subsection(title, lineno, messages)                                                                                                                          
                      File "/home/erick/Desktop/Projects/sandbox/lib/python3.11/site-packages/docutils/parsers/rst/states.py", line 391, in new_subsection                                    
                        newabsoffset = self.nested_parse(                                                                                                                                     
                                       ^^^^^^^^^^^^^^^^^^                                                                                                                                     
                      File "/home/erick/Desktop/Projects/sandbox/lib/python3.11/site-packages/docutils/parsers/rst/states.py", line 279, in nested_parse                                      
                        state_machine.run(block, input_offset, memo=self.memo,                                                                                                                
                      File "/home/erick/Desktop/Projects/sandbox/lib/python3.11/site-packages/docutils/parsers/rst/states.py", line 195, in run                                               
                        results = StateMachineWS.run(self, input_lines, input_offset)                                                                                                         
                                  ^^^^^^^^^^^^^^^^^^^^^^^^^^^^^^^^^^^^^^^^^^^^^^^^^^^                                                                                                         
                      File "/home/erick/Desktop/Projects/sandbox/lib/python3.11/site-packages/docutils/statemachine.py", line 233, in run                                                     
                        context, next_state, result = self.check_line(                                                                                                                        
                                                      ^^^^^^^^^^^^^^^^                                                                                                                        
                      File "/home/erick/Desktop/Projects/sandbox/lib/python3.11/site-packages/docutils/statemachine.py", line 445, in check_line                                              
                        return method(match, context, next_state)                                                                                                                             
                               ^^^^^^^^^^^^^^^^^^^^^^^^^^^^^^^^^^                                                                                                                             
                      File "/home/erick/Desktop/Projects/sandbox/lib/python3.11/site-packages/docutils/parsers/rst/states.py", line 2716, in blank                                            
                        paragraph, literalnext = self.paragraph(                                                                                                                              
                                                 ^^^^^^^^^^^^^^^                                                                                                                              
                      File "/home/erick/Desktop/Projects/sandbox/lib/python3.11/site-packages/docutils/parsers/rst/states.py", line 416, in paragraph                                         
                        textnodes, messages = self.inline_text(text, lineno)                                                                                                                  
                                              ^^^^^^^^^^^^^^^^^^^^^^^^^^^^^^                                                                                                                  
                      File "/home/erick/Desktop/Projects/sandbox/lib/python3.11/site-packages/docutils/parsers/rst/states.py", line 425, in inline_text                                       
                        nodes, messages = self.inliner.parse(text, lineno,                                                                                                                    
                                          ^^^^^^^^^^^^^^^^^^^^^^^^^^^^^^^^                                                                                                                    
                      File "/home/erick/Desktop/Projects/sandbox/lib/python3.11/site-packages/docutils/parsers/rst/states.py", line 649, in parse                                             
                        before, inlines, remaining, sysmessages = method(self, match,                                                                                                         
                                                                  ^^^^^^^^^^^^^^^^^^^                                                                                                         
                      File "/home/erick/Desktop/Projects/sandbox/lib/python3.11/site-packages/docutils/parsers/rst/states.py", line 742, in emphasis                                          
                        before, inlines, remaining, sysmessages, endstring = self.inline_obj(                                                                                                 
                                                                             ^^^^^^^^^^^^^^^^                                                                                                 
                      File "/home/erick/Desktop/Projects/sandbox/lib/python3.11/site-packages/docutils/parsers/rst/states.py", line 727, in inline_obj                                        
                        msg = self.reporter.warning(                                                                                                                                          
                              ^^^^^^^^^^^^^^^^^^^^^^                                                                                                                                          
                      File "/home/erick/Desktop/Projects/sandbox/lib/python3.11/site-packages/docutils/utils/__init__.py", line 223, in warning                                               
                        return self.system_message(self.WARNING_LEVEL, *args, **kwargs)                                                                                                       
                               ^^^^^^^^^^^^^^^^^^^^^^^^^^^^^^^^^^^^^^^^^^^^^^^^^^^^^^^^                                                                                                       
                      File "/home/erick/Desktop/Projects/sandbox/lib/python3.11/site-packages/docutils/utils/__init__.py", line 196, in system_message                                        
                        raise SystemMessage(msg, level)                                                                                                                                       
                    docutils.utils.SystemMessage: /home/erick/Desktop/Projects/pythonmarketer.com/content/blog/packaging-python-as-a-windows-app.rst:32: (WARNING/2) Inline emphasis          
                    start-string without end-string.                                                                                                                                          
           DEBUG    Read file blog/1424.rst -> Article                                                                                                                          readers.py:547
           DEBUG    Read file blog/5667.rst -> Article                                                                                                                          readers.py:547
           DEBUG    Read file blog/lightning-scripts--e2-9a-a1.rst -> Article                                                                                                   readers.py:547
           ERROR    Could not process blog/lightning-scripts--e2-9a-a1.rst                                                                                                           log.py:96
                    /home/erick/Desktop/Projects/pythonmarketer.com/content/blog/lightning-scripts--e2-9a-a1.rst:89: (WARNING/2) Inline strong start-string without end-string.               
                    Traceback (most recent call last):                                                                                                                                        
                      File "/home/erick/Desktop/Projects/sandbox/lib/python3.11/site-packages/pelican/generators.py", line 627, in generate_context                                           
                        article = self.readers.read_file(                                                                                                                                     
                                  ^^^^^^^^^^^^^^^^^^^^^^^                                                                                                                                     
                      File "/home/erick/Desktop/Projects/sandbox/lib/python3.11/site-packages/pelican/readers.py", line 580, in read_file                                                     
                        content, reader_metadata = reader.read(path)                                                                                                                          
                                                   ^^^^^^^^^^^^^^^^^                                                                                                                          
                      File "/home/erick/Desktop/Projects/sandbox/lib/python3.11/site-packages/pelican/readers.py", line 278, in read                                                          
                        pub = self._get_publisher(source_path)                                                                                                                                
                              ^^^^^^^^^^^^^^^^^^^^^^^^^^^^^^^^                                                                                                                                
                      File "/home/erick/Desktop/Projects/sandbox/lib/python3.11/site-packages/pelican/readers.py", line 273, in _get_publisher                                                
                        pub.publish()                                                                                                                                                         
                      File "/home/erick/Desktop/Projects/sandbox/lib/python3.11/site-packages/docutils/core.py", line 224, in publish                                                         
                        self.document = self.reader.read(self.source, self.parser,                                                                                                            
                                        ^^^^^^^^^^^^^^^^^^^^^^^^^^^^^^^^^^^^^^^^^^                                                                                                            
                      File "/home/erick/Desktop/Projects/sandbox/lib/python3.11/site-packages/docutils/readers/__init__.py", line 70, in read                                                 
                        self.parse()                                                                                                                                                          
                      File "/home/erick/Desktop/Projects/sandbox/lib/python3.11/site-packages/docutils/readers/__init__.py", line 76, in parse                                                
                        self.parser.parse(self.input, document)                                                                                                                               
                      File "/home/erick/Desktop/Projects/sandbox/lib/python3.11/site-packages/docutils/parsers/rst/__init__.py", line 185, in parse                                           
                        self.statemachine.run(inputlines, document, inliner=self.inliner)                                                                                                     
                      File "/home/erick/Desktop/Projects/sandbox/lib/python3.11/site-packages/docutils/parsers/rst/states.py", line 169, in run                                               
                        results = StateMachineWS.run(self, input_lines, input_offset,                                                                                                         
                                  ^^^^^^^^^^^^^^^^^^^^^^^^^^^^^^^^^^^^^^^^^^^^^^^^^^^                                                                                                         
                      File "/home/erick/Desktop/Projects/sandbox/lib/python3.11/site-packages/docutils/statemachine.py", line 233, in run                                                     
                        context, next_state, result = self.check_line(                                                                                                                        
                                                      ^^^^^^^^^^^^^^^^                                                                                                                        
                      File "/home/erick/Desktop/Projects/sandbox/lib/python3.11/site-packages/docutils/statemachine.py", line 445, in check_line                                              
                        return method(match, context, next_state)                                                                                                                             
                               ^^^^^^^^^^^^^^^^^^^^^^^^^^^^^^^^^^                                                                                                                             
                      File "/home/erick/Desktop/Projects/sandbox/lib/python3.11/site-packages/docutils/parsers/rst/states.py", line 2785, in underline                                        
                        self.section(title, source, style, lineno - 1, messages)                                                                                                              
                      File "/home/erick/Desktop/Projects/sandbox/lib/python3.11/site-packages/docutils/parsers/rst/states.py", line 325, in section                                           
                        self.new_subsection(title, lineno, messages)                                                                                                                          
                      File "/home/erick/Desktop/Projects/sandbox/lib/python3.11/site-packages/docutils/parsers/rst/states.py", line 391, in new_subsection                                    
                        newabsoffset = self.nested_parse(                                                                                                                                     
                                       ^^^^^^^^^^^^^^^^^^                                                                                                                                     
                      File "/home/erick/Desktop/Projects/sandbox/lib/python3.11/site-packages/docutils/parsers/rst/states.py", line 279, in nested_parse                                      
                        state_machine.run(block, input_offset, memo=self.memo,                                                                                                                
                      File "/home/erick/Desktop/Projects/sandbox/lib/python3.11/site-packages/docutils/parsers/rst/states.py", line 195, in run                                               
                        results = StateMachineWS.run(self, input_lines, input_offset)                                                                                                         
                                  ^^^^^^^^^^^^^^^^^^^^^^^^^^^^^^^^^^^^^^^^^^^^^^^^^^^                                                                                                         
                      File "/home/erick/Desktop/Projects/sandbox/lib/python3.11/site-packages/docutils/statemachine.py", line 233, in run                                                     
                        context, next_state, result = self.check_line(                                                                                                                        
                                                      ^^^^^^^^^^^^^^^^                                                                                                                        
                      File "/home/erick/Desktop/Projects/sandbox/lib/python3.11/site-packages/docutils/statemachine.py", line 445, in check_line                                              
                        return method(match, context, next_state)                                                                                                                             
                               ^^^^^^^^^^^^^^^^^^^^^^^^^^^^^^^^^^                                                                                                                             
                      File "/home/erick/Desktop/Projects/sandbox/lib/python3.11/site-packages/docutils/parsers/rst/states.py", line 2785, in underline                                        
                        self.section(title, source, style, lineno - 1, messages)                                                                                                              
                      File "/home/erick/Desktop/Projects/sandbox/lib/python3.11/site-packages/docutils/parsers/rst/states.py", line 325, in section                                           
                        self.new_subsection(title, lineno, messages)                                                                                                                          
                      File "/home/erick/Desktop/Projects/sandbox/lib/python3.11/site-packages/docutils/parsers/rst/states.py", line 391, in new_subsection                                    
                        newabsoffset = self.nested_parse(                                                                                                                                     
                                       ^^^^^^^^^^^^^^^^^^                                                                                                                                     
                      File "/home/erick/Desktop/Projects/sandbox/lib/python3.11/site-packages/docutils/parsers/rst/states.py", line 279, in nested_parse                                      
                        state_machine.run(block, input_offset, memo=self.memo,                                                                                                                
                      File "/home/erick/Desktop/Projects/sandbox/lib/python3.11/site-packages/docutils/parsers/rst/states.py", line 195, in run                                               
                        results = StateMachineWS.run(self, input_lines, input_offset)                                                                                                         
                                  ^^^^^^^^^^^^^^^^^^^^^^^^^^^^^^^^^^^^^^^^^^^^^^^^^^^                                                                                                         
                      File "/home/erick/Desktop/Projects/sandbox/lib/python3.11/site-packages/docutils/statemachine.py", line 233, in run                                                     
                        context, next_state, result = self.check_line(                                                                                                                        
                                                      ^^^^^^^^^^^^^^^^                                                                                                                        
                      File "/home/erick/Desktop/Projects/sandbox/lib/python3.11/site-packages/docutils/statemachine.py", line 445, in check_line                                              
                        return method(match, context, next_state)                                                                                                                             
                               ^^^^^^^^^^^^^^^^^^^^^^^^^^^^^^^^^^                                                                                                                             
                      File "/home/erick/Desktop/Projects/sandbox/lib/python3.11/site-packages/docutils/parsers/rst/states.py", line 2716, in blank                                            
                        paragraph, literalnext = self.paragraph(                                                                                                                              
                                                 ^^^^^^^^^^^^^^^                                                                                                                              
                      File "/home/erick/Desktop/Projects/sandbox/lib/python3.11/site-packages/docutils/parsers/rst/states.py", line 416, in paragraph                                         
                        textnodes, messages = self.inline_text(text, lineno)                                                                                                                  
                                              ^^^^^^^^^^^^^^^^^^^^^^^^^^^^^^                                                                                                                  
                      File "/home/erick/Desktop/Projects/sandbox/lib/python3.11/site-packages/docutils/parsers/rst/states.py", line 425, in inline_text                                       
                        nodes, messages = self.inliner.parse(text, lineno,                                                                                                                    
                                          ^^^^^^^^^^^^^^^^^^^^^^^^^^^^^^^^                                                                                                                    
                      File "/home/erick/Desktop/Projects/sandbox/lib/python3.11/site-packages/docutils/parsers/rst/states.py", line 649, in parse                                             
                        before, inlines, remaining, sysmessages = method(self, match,                                                                                                         
                                                                  ^^^^^^^^^^^^^^^^^^^                                                                                                         
                      File "/home/erick/Desktop/Projects/sandbox/lib/python3.11/site-packages/docutils/parsers/rst/states.py", line 747, in strong                                            
                        before, inlines, remaining, sysmessages, endstring = self.inline_obj(                                                                                                 
                                                                             ^^^^^^^^^^^^^^^^                                                                                                 
                      File "/home/erick/Desktop/Projects/sandbox/lib/python3.11/site-packages/docutils/parsers/rst/states.py", line 727, in inline_obj                                        
                        msg = self.reporter.warning(                                                                                                                                          
                              ^^^^^^^^^^^^^^^^^^^^^^                                                                                                                                          
                      File "/home/erick/Desktop/Projects/sandbox/lib/python3.11/site-packages/docutils/utils/__init__.py", line 223, in warning                                               
                        return self.system_message(self.WARNING_LEVEL, *args, **kwargs)                                                                                                       
                               ^^^^^^^^^^^^^^^^^^^^^^^^^^^^^^^^^^^^^^^^^^^^^^^^^^^^^^^^                                                                                                       
                      File "/home/erick/Desktop/Projects/sandbox/lib/python3.11/site-packages/docutils/utils/__init__.py", line 196, in system_message                                        
                        raise SystemMessage(msg, level)                                                                                                                                       
                    docutils.utils.SystemMessage: /home/erick/Desktop/Projects/pythonmarketer.com/content/blog/lightning-scripts--e2-9a-a1.rst:89: (WARNING/2) Inline strong                  
                    start-string without end-string.                                                                                                                                          
           DEBUG    Read file blog/how-to-create-things-people-care-about.rst -> Article                                                                                        readers.py:547
           DEBUG    Read file blog/lessons-learned-from-lost-in-space-on-netflix.rst -> Article                                                                                 readers.py:547
           DEBUG    Read file blog/5356.rst -> Article                                                                                                                          readers.py:547
           DEBUG    Read file blog/choosing-database-storage-models-and-workloads-that-mesh.rst -> Article                                                                      readers.py:547
           DEBUG    Read file blog/start-before-you-are-ready.rst -> Article                                                                                                    readers.py:547
           DEBUG    Read file blog/15-marketing-observations.rst -> Article                                                                                                     readers.py:547
           DEBUG    Read file blog/gooey-gui-for-python-scripts.rst -> Article                                                                                                  readers.py:547
           DEBUG    Read file blog/choosing-a-web-development-path.rst -> Article                                                                                               readers.py:547
[20:43:37] DEBUG    Read file blog/dotd-python-koans.rst -> Article                                                                                                             readers.py:547
           DEBUG    Read file blog/7558.rst -> Article                                                                                                                          readers.py:547
           DEBUG    Read file blog/tools-tips-to-beat-memoryerror-in-your-python-scripts.rst -> Article                                                                         readers.py:547
           DEBUG    Read file blog/ba7f3c48d5786c4f7b552a893fd8df94.rst -> Article                                                                                              readers.py:547
           DEBUG    Read file blog/1035.rst -> Article                                                                                                                          readers.py:547
           DEBUG    Read file blog/creating-a-simple-website-and-server-environment-with-node-js-and-express-js.rst -> Article                                                  readers.py:547
           DEBUG    Read file blog/six-must-read-python-enhancement-proposals.rst -> Article                                                                                    readers.py:547
           DEBUG    Read file blog/create-a-column-of-values-in-pandas-with-df-assign.rst -> Article                                                                            readers.py:547
           ERROR    Could not process blog/create-a-column-of-values-in-pandas-with-df-assign.rst                                                                                    log.py:96
                    /home/erick/Desktop/Projects/pythonmarketer.com/content/blog/create-a-column-of-values-in-pandas-with-df-assign.rst:14: (WARNING/2) Cannot analyze code. No               
                    Pygments lexer found for "wp-block-preformatted".                                                                                                                         
                    Traceback (most recent call last):                                                                                                                                        
                      File "/home/erick/Desktop/Projects/sandbox/lib/python3.11/site-packages/docutils/utils/code_analyzer.py", line 64, in __init__                                          
                        self.lexer = get_lexer_by_name(self.language)                                                                                                                         
                                     ^^^^^^^^^^^^^^^^^^^^^^^^^^^^^^^^                                                                                                                         
                      File "/home/erick/Desktop/Projects/sandbox/lib/python3.11/site-packages/pygments/lexers/__init__.py", line 131, in get_lexer_by_name                                    
                        raise ClassNotFound('no lexer for alias %r found' % _alias)                                                                                                           
                    pygments.util.ClassNotFound: no lexer for alias 'wp-block-preformatted' found                                                                                             
                                                                                                                                                                                              
                    During handling of the above exception, another exception occurred:                                                                                                       
                                                                                                                                                                                              
                    Traceback (most recent call last):                                                                                                                                        
                      File "/home/erick/Desktop/Projects/sandbox/lib/python3.11/site-packages/docutils/parsers/rst/directives/body.py", line 159, in run                                      
                        tokens = Lexer('\n'.join(self.content), language,                                                                                                                     
                                 ^^^^^^^^^^^^^^^^^^^^^^^^^^^^^^^^^^^^^^^^                                                                                                                     
                      File "/home/erick/Desktop/Projects/sandbox/lib/python3.11/site-packages/docutils/utils/code_analyzer.py", line 66, in __init__                                          
                        raise LexerError('Cannot analyze code. '                                                                                                                              
                    docutils.utils.code_analyzer.LexerError: Cannot analyze code. No Pygments lexer found for "wp-block-preformatted".                                                        
                                                                                                                                                                                              
                    During handling of the above exception, another exception occurred:                                                                                                       
                                                                                                                                                                                              
                    Traceback (most recent call last):                                                                                                                                        
                      File "/home/erick/Desktop/Projects/sandbox/lib/python3.11/site-packages/docutils/parsers/rst/states.py", line 2154, in run_directive                                    
                        result = directive_instance.run()                                                                                                                                     
                                 ^^^^^^^^^^^^^^^^^^^^^^^^                                                                                                                                     
                      File "/home/erick/Desktop/Projects/sandbox/lib/python3.11/site-packages/docutils/parsers/rst/directives/body.py", line 166, in run                                      
                        raise self.warning(error)                                                                                                                                             
                    docutils.parsers.rst.DirectiveError                                                                                                                                       
                                                                                                                                                                                              
                    During handling of the above exception, another exception occurred:                                                                                                       
                                                                                                                                                                                              
                    Traceback (most recent call last):                                                                                                                                        
                      File "/home/erick/Desktop/Projects/sandbox/lib/python3.11/site-packages/pelican/generators.py", line 627, in generate_context                                           
                        article = self.readers.read_file(                                                                                                                                     
                                  ^^^^^^^^^^^^^^^^^^^^^^^                                                                                                                                     
                      File "/home/erick/Desktop/Projects/sandbox/lib/python3.11/site-packages/pelican/readers.py", line 580, in read_file                                                     
                        content, reader_metadata = reader.read(path)                                                                                                                          
                                                   ^^^^^^^^^^^^^^^^^                                                                                                                          
                      File "/home/erick/Desktop/Projects/sandbox/lib/python3.11/site-packages/pelican/readers.py", line 278, in read                                                          
                        pub = self._get_publisher(source_path)                                                                                                                                
                              ^^^^^^^^^^^^^^^^^^^^^^^^^^^^^^^^                                                                                                                                
                      File "/home/erick/Desktop/Projects/sandbox/lib/python3.11/site-packages/pelican/readers.py", line 273, in _get_publisher                                                
                        pub.publish()                                                                                                                                                         
                      File "/home/erick/Desktop/Projects/sandbox/lib/python3.11/site-packages/docutils/core.py", line 224, in publish                                                         
                        self.document = self.reader.read(self.source, self.parser,                                                                                                            
                                        ^^^^^^^^^^^^^^^^^^^^^^^^^^^^^^^^^^^^^^^^^^                                                                                                            
                      File "/home/erick/Desktop/Projects/sandbox/lib/python3.11/site-packages/docutils/readers/__init__.py", line 70, in read                                                 
                        self.parse()                                                                                                                                                          
                      File "/home/erick/Desktop/Projects/sandbox/lib/python3.11/site-packages/docutils/readers/__init__.py", line 76, in parse                                                
                        self.parser.parse(self.input, document)                                                                                                                               
                      File "/home/erick/Desktop/Projects/sandbox/lib/python3.11/site-packages/docutils/parsers/rst/__init__.py", line 185, in parse                                           
                        self.statemachine.run(inputlines, document, inliner=self.inliner)                                                                                                     
                      File "/home/erick/Desktop/Projects/sandbox/lib/python3.11/site-packages/docutils/parsers/rst/states.py", line 169, in run                                               
                        results = StateMachineWS.run(self, input_lines, input_offset,                                                                                                         
                                  ^^^^^^^^^^^^^^^^^^^^^^^^^^^^^^^^^^^^^^^^^^^^^^^^^^^                                                                                                         
                      File "/home/erick/Desktop/Projects/sandbox/lib/python3.11/site-packages/docutils/statemachine.py", line 233, in run                                                     
                        context, next_state, result = self.check_line(                                                                                                                        
                                                      ^^^^^^^^^^^^^^^^                                                                                                                        
                      File "/home/erick/Desktop/Projects/sandbox/lib/python3.11/site-packages/docutils/statemachine.py", line 445, in check_line                                              
                        return method(match, context, next_state)                                                                                                                             
                               ^^^^^^^^^^^^^^^^^^^^^^^^^^^^^^^^^^                                                                                                                             
                      File "/home/erick/Desktop/Projects/sandbox/lib/python3.11/site-packages/docutils/parsers/rst/states.py", line 2785, in underline                                        
                        self.section(title, source, style, lineno - 1, messages)                                                                                                              
                      File "/home/erick/Desktop/Projects/sandbox/lib/python3.11/site-packages/docutils/parsers/rst/states.py", line 325, in section                                           
                        self.new_subsection(title, lineno, messages)                                                                                                                          
                      File "/home/erick/Desktop/Projects/sandbox/lib/python3.11/site-packages/docutils/parsers/rst/states.py", line 391, in new_subsection                                    
                        newabsoffset = self.nested_parse(                                                                                                                                     
                                       ^^^^^^^^^^^^^^^^^^                                                                                                                                     
                      File "/home/erick/Desktop/Projects/sandbox/lib/python3.11/site-packages/docutils/parsers/rst/states.py", line 279, in nested_parse                                      
                        state_machine.run(block, input_offset, memo=self.memo,                                                                                                                
                      File "/home/erick/Desktop/Projects/sandbox/lib/python3.11/site-packages/docutils/parsers/rst/states.py", line 195, in run                                               
                        results = StateMachineWS.run(self, input_lines, input_offset)                                                                                                         
                                  ^^^^^^^^^^^^^^^^^^^^^^^^^^^^^^^^^^^^^^^^^^^^^^^^^^^                                                                                                         
                      File "/home/erick/Desktop/Projects/sandbox/lib/python3.11/site-packages/docutils/statemachine.py", line 233, in run                                                     
                        context, next_state, result = self.check_line(                                                                                                                        
                                                      ^^^^^^^^^^^^^^^^                                                                                                                        
                      File "/home/erick/Desktop/Projects/sandbox/lib/python3.11/site-packages/docutils/statemachine.py", line 445, in check_line                                              
                        return method(match, context, next_state)                                                                                                                             
                               ^^^^^^^^^^^^^^^^^^^^^^^^^^^^^^^^^^                                                                                                                             
                      File "/home/erick/Desktop/Projects/sandbox/lib/python3.11/site-packages/docutils/parsers/rst/states.py", line 2355, in explicit_markup                                  
                        nodelist, blank_finish = self.explicit_construct(match)                                                                                                               
                                                 ^^^^^^^^^^^^^^^^^^^^^^^^^^^^^^                                                                                                               
                      File "/home/erick/Desktop/Projects/sandbox/lib/python3.11/site-packages/docutils/parsers/rst/states.py", line 2367, in explicit_construct                               
                        return method(self, expmatch)                                                                                                                                         
                               ^^^^^^^^^^^^^^^^^^^^^^                                                                                                                                         
                      File "/home/erick/Desktop/Projects/sandbox/lib/python3.11/site-packages/docutils/parsers/rst/states.py", line 2104, in directive                                        
                        return self.run_directive(                                                                                                                                            
                               ^^^^^^^^^^^^^^^^^^^                                                                                                                                            
                      File "/home/erick/Desktop/Projects/sandbox/lib/python3.11/site-packages/docutils/parsers/rst/states.py", line 2156, in run_directive                                    
                        msg_node = self.reporter.system_message(error.level, error.msg,                                                                                                       
                                   ^^^^^^^^^^^^^^^^^^^^^^^^^^^^^^^^^^^^^^^^^^^^^^^^^^^^                                                                                                       
                      File "/home/erick/Desktop/Projects/sandbox/lib/python3.11/site-packages/docutils/utils/__init__.py", line 196, in system_message                                        
                        raise SystemMessage(msg, level)                                                                                                                                       
                    docutils.utils.SystemMessage: /home/erick/Desktop/Projects/pythonmarketer.com/content/blog/create-a-column-of-values-in-pandas-with-df-assign.rst:14:                     
                    (WARNING/2) Cannot analyze code. No Pygments lexer found for "wp-block-preformatted".                                                                                     
           DEBUG    Read file blog/making-a-youtube-video-downloader-with-pythons-flask-and-pytube3-libraries.rst -> Article                                                    readers.py:547
           ERROR    Could not process blog/making-a-youtube-video-downloader-with-pythons-flask-and-pytube3-libraries.rst                                                            log.py:96
                    /home/erick/Desktop/Projects/pythonmarketer.com/content/blog/making-a-youtube-video-downloader-with-pythons-flask-and-pytube3-libraries.rst:24: (WARNING/2)               
                    Cannot analyze code. No Pygments lexer found for "wp-block-syntaxhighlighter-code".                                                                                       
                    Traceback (most recent call last):                                                                                                                                        
                      File "/home/erick/Desktop/Projects/sandbox/lib/python3.11/site-packages/docutils/utils/code_analyzer.py", line 64, in __init__                                          
                        self.lexer = get_lexer_by_name(self.language)                                                                                                                         
                                     ^^^^^^^^^^^^^^^^^^^^^^^^^^^^^^^^                                                                                                                         
                      File "/home/erick/Desktop/Projects/sandbox/lib/python3.11/site-packages/pygments/lexers/__init__.py", line 131, in get_lexer_by_name                                    
                        raise ClassNotFound('no lexer for alias %r found' % _alias)                                                                                                           
                    pygments.util.ClassNotFound: no lexer for alias 'wp-block-syntaxhighlighter-code' found                                                                                   
                                                                                                                                                                                              
                    During handling of the above exception, another exception occurred:                                                                                                       
                                                                                                                                                                                              
                    Traceback (most recent call last):                                                                                                                                        
                      File "/home/erick/Desktop/Projects/sandbox/lib/python3.11/site-packages/docutils/parsers/rst/directives/body.py", line 159, in run                                      
                        tokens = Lexer('\n'.join(self.content), language,                                                                                                                     
                                 ^^^^^^^^^^^^^^^^^^^^^^^^^^^^^^^^^^^^^^^^                                                                                                                     
                      File "/home/erick/Desktop/Projects/sandbox/lib/python3.11/site-packages/docutils/utils/code_analyzer.py", line 66, in __init__                                          
                        raise LexerError('Cannot analyze code. '                                                                                                                              
                    docutils.utils.code_analyzer.LexerError: Cannot analyze code. No Pygments lexer found for "wp-block-syntaxhighlighter-code".                                              
                                                                                                                                                                                              
                    During handling of the above exception, another exception occurred:                                                                                                       
                                                                                                                                                                                              
                    Traceback (most recent call last):                                                                                                                                        
                      File "/home/erick/Desktop/Projects/sandbox/lib/python3.11/site-packages/docutils/parsers/rst/states.py", line 2154, in run_directive                                    
                        result = directive_instance.run()                                                                                                                                     
                                 ^^^^^^^^^^^^^^^^^^^^^^^^                                                                                                                                     
                      File "/home/erick/Desktop/Projects/sandbox/lib/python3.11/site-packages/docutils/parsers/rst/directives/body.py", line 166, in run                                      
                        raise self.warning(error)                                                                                                                                             
                    docutils.parsers.rst.DirectiveError                                                                                                                                       
                                                                                                                                                                                              
                    During handling of the above exception, another exception occurred:                                                                                                       
                                                                                                                                                                                              
                    Traceback (most recent call last):                                                                                                                                        
                      File "/home/erick/Desktop/Projects/sandbox/lib/python3.11/site-packages/pelican/generators.py", line 627, in generate_context                                           
                        article = self.readers.read_file(                                                                                                                                     
                                  ^^^^^^^^^^^^^^^^^^^^^^^                                                                                                                                     
                      File "/home/erick/Desktop/Projects/sandbox/lib/python3.11/site-packages/pelican/readers.py", line 580, in read_file                                                     
                        content, reader_metadata = reader.read(path)                                                                                                                          
                                                   ^^^^^^^^^^^^^^^^^                                                                                                                          
                      File "/home/erick/Desktop/Projects/sandbox/lib/python3.11/site-packages/pelican/readers.py", line 278, in read                                                          
                        pub = self._get_publisher(source_path)                                                                                                                                
                              ^^^^^^^^^^^^^^^^^^^^^^^^^^^^^^^^                                                                                                                                
                      File "/home/erick/Desktop/Projects/sandbox/lib/python3.11/site-packages/pelican/readers.py", line 273, in _get_publisher                                                
                        pub.publish()                                                                                                                                                         
                      File "/home/erick/Desktop/Projects/sandbox/lib/python3.11/site-packages/docutils/core.py", line 224, in publish                                                         
                        self.document = self.reader.read(self.source, self.parser,                                                                                                            
                                        ^^^^^^^^^^^^^^^^^^^^^^^^^^^^^^^^^^^^^^^^^^                                                                                                            
                      File "/home/erick/Desktop/Projects/sandbox/lib/python3.11/site-packages/docutils/readers/__init__.py", line 70, in read                                                 
                        self.parse()                                                                                                                                                          
                      File "/home/erick/Desktop/Projects/sandbox/lib/python3.11/site-packages/docutils/readers/__init__.py", line 76, in parse                                                
                        self.parser.parse(self.input, document)                                                                                                                               
                      File "/home/erick/Desktop/Projects/sandbox/lib/python3.11/site-packages/docutils/parsers/rst/__init__.py", line 185, in parse                                           
                        self.statemachine.run(inputlines, document, inliner=self.inliner)                                                                                                     
                      File "/home/erick/Desktop/Projects/sandbox/lib/python3.11/site-packages/docutils/parsers/rst/states.py", line 169, in run                                               
                        results = StateMachineWS.run(self, input_lines, input_offset,                                                                                                         
                                  ^^^^^^^^^^^^^^^^^^^^^^^^^^^^^^^^^^^^^^^^^^^^^^^^^^^                                                                                                         
                      File "/home/erick/Desktop/Projects/sandbox/lib/python3.11/site-packages/docutils/statemachine.py", line 233, in run                                                     
                        context, next_state, result = self.check_line(                                                                                                                        
                                                      ^^^^^^^^^^^^^^^^                                                                                                                        
                      File "/home/erick/Desktop/Projects/sandbox/lib/python3.11/site-packages/docutils/statemachine.py", line 445, in check_line                                              
                        return method(match, context, next_state)                                                                                                                             
                               ^^^^^^^^^^^^^^^^^^^^^^^^^^^^^^^^^^                                                                                                                             
                      File "/home/erick/Desktop/Projects/sandbox/lib/python3.11/site-packages/docutils/parsers/rst/states.py", line 2785, in underline                                        
                        self.section(title, source, style, lineno - 1, messages)                                                                                                              
                      File "/home/erick/Desktop/Projects/sandbox/lib/python3.11/site-packages/docutils/parsers/rst/states.py", line 325, in section                                           
                        self.new_subsection(title, lineno, messages)                                                                                                                          
                      File "/home/erick/Desktop/Projects/sandbox/lib/python3.11/site-packages/docutils/parsers/rst/states.py", line 391, in new_subsection                                    
                        newabsoffset = self.nested_parse(                                                                                                                                     
                                       ^^^^^^^^^^^^^^^^^^                                                                                                                                     
                      File "/home/erick/Desktop/Projects/sandbox/lib/python3.11/site-packages/docutils/parsers/rst/states.py", line 279, in nested_parse                                      
                        state_machine.run(block, input_offset, memo=self.memo,                                                                                                                
                      File "/home/erick/Desktop/Projects/sandbox/lib/python3.11/site-packages/docutils/parsers/rst/states.py", line 195, in run                                               
                        results = StateMachineWS.run(self, input_lines, input_offset)                                                                                                         
                                  ^^^^^^^^^^^^^^^^^^^^^^^^^^^^^^^^^^^^^^^^^^^^^^^^^^^                                                                                                         
                      File "/home/erick/Desktop/Projects/sandbox/lib/python3.11/site-packages/docutils/statemachine.py", line 233, in run                                                     
                        context, next_state, result = self.check_line(                                                                                                                        
                                                      ^^^^^^^^^^^^^^^^                                                                                                                        
                      File "/home/erick/Desktop/Projects/sandbox/lib/python3.11/site-packages/docutils/statemachine.py", line 445, in check_line                                              
                        return method(match, context, next_state)                                                                                                                             
                               ^^^^^^^^^^^^^^^^^^^^^^^^^^^^^^^^^^                                                                                                                             
                      File "/home/erick/Desktop/Projects/sandbox/lib/python3.11/site-packages/docutils/parsers/rst/states.py", line 2355, in explicit_markup                                  
                        nodelist, blank_finish = self.explicit_construct(match)                                                                                                               
                                                 ^^^^^^^^^^^^^^^^^^^^^^^^^^^^^^                                                                                                               
                      File "/home/erick/Desktop/Projects/sandbox/lib/python3.11/site-packages/docutils/parsers/rst/states.py", line 2367, in explicit_construct                               
                        return method(self, expmatch)                                                                                                                                         
                               ^^^^^^^^^^^^^^^^^^^^^^                                                                                                                                         
                      File "/home/erick/Desktop/Projects/sandbox/lib/python3.11/site-packages/docutils/parsers/rst/states.py", line 2104, in directive                                        
                        return self.run_directive(                                                                                                                                            
                               ^^^^^^^^^^^^^^^^^^^                                                                                                                                            
                      File "/home/erick/Desktop/Projects/sandbox/lib/python3.11/site-packages/docutils/parsers/rst/states.py", line 2156, in run_directive                                    
                        msg_node = self.reporter.system_message(error.level, error.msg,                                                                                                       
                                   ^^^^^^^^^^^^^^^^^^^^^^^^^^^^^^^^^^^^^^^^^^^^^^^^^^^^                                                                                                       
                      File "/home/erick/Desktop/Projects/sandbox/lib/python3.11/site-packages/docutils/utils/__init__.py", line 196, in system_message                                        
                        raise SystemMessage(msg, level)                                                                                                                                       
                    docutils.utils.SystemMessage:                                                                                                                                             
                    /home/erick/Desktop/Projects/pythonmarketer.com/content/blog/making-a-youtube-video-downloader-with-pythons-flask-and-pytube3-libraries.rst:24: (WARNING/2)               
                    Cannot analyze code. No Pygments lexer found for "wp-block-syntaxhighlighter-code".                                                                                       
           DEBUG    Read file blog/pelican-fix-for-no-valid-files-found-in-content.rst -> Article                                                                               readers.py:547
           ERROR    Could not process blog/pelican-fix-for-no-valid-files-found-in-content.rst                                                                                       log.py:96
                    /home/erick/Desktop/Projects/pythonmarketer.com/content/blog/pelican-fix-for-no-valid-files-found-in-content.rst:12: (WARNING/2) Cannot analyze code. No                  
                    Pygments lexer found for "wp-block-syntaxhighlighter-code".                                                                                                               
                    Traceback (most recent call last):                                                                                                                                        
                      File "/home/erick/Desktop/Projects/sandbox/lib/python3.11/site-packages/docutils/utils/code_analyzer.py", line 64, in __init__                                          
                        self.lexer = get_lexer_by_name(self.language)                                                                                                                         
                                     ^^^^^^^^^^^^^^^^^^^^^^^^^^^^^^^^                                                                                                                         
                      File "/home/erick/Desktop/Projects/sandbox/lib/python3.11/site-packages/pygments/lexers/__init__.py", line 131, in get_lexer_by_name                                    
                        raise ClassNotFound('no lexer for alias %r found' % _alias)                                                                                                           
                    pygments.util.ClassNotFound: no lexer for alias 'wp-block-syntaxhighlighter-code' found                                                                                   
                                                                                                                                                                                              
                    During handling of the above exception, another exception occurred:                                                                                                       
                                                                                                                                                                                              
                    Traceback (most recent call last):                                                                                                                                        
                      File "/home/erick/Desktop/Projects/sandbox/lib/python3.11/site-packages/docutils/parsers/rst/directives/body.py", line 159, in run                                      
                        tokens = Lexer('\n'.join(self.content), language,                                                                                                                     
                                 ^^^^^^^^^^^^^^^^^^^^^^^^^^^^^^^^^^^^^^^^                                                                                                                     
                      File "/home/erick/Desktop/Projects/sandbox/lib/python3.11/site-packages/docutils/utils/code_analyzer.py", line 66, in __init__                                          
                        raise LexerError('Cannot analyze code. '                                                                                                                              
                    docutils.utils.code_analyzer.LexerError: Cannot analyze code. No Pygments lexer found for "wp-block-syntaxhighlighter-code".                                              
                                                                                                                                                                                              
                    During handling of the above exception, another exception occurred:                                                                                                       
                                                                                                                                                                                              
                    Traceback (most recent call last):                                                                                                                                        
                      File "/home/erick/Desktop/Projects/sandbox/lib/python3.11/site-packages/docutils/parsers/rst/states.py", line 2154, in run_directive                                    
                        result = directive_instance.run()                                                                                                                                     
                                 ^^^^^^^^^^^^^^^^^^^^^^^^                                                                                                                                     
                      File "/home/erick/Desktop/Projects/sandbox/lib/python3.11/site-packages/docutils/parsers/rst/directives/body.py", line 166, in run                                      
                        raise self.warning(error)                                                                                                                                             
                    docutils.parsers.rst.DirectiveError                                                                                                                                       
                                                                                                                                                                                              
                    During handling of the above exception, another exception occurred:                                                                                                       
                                                                                                                                                                                              
                    Traceback (most recent call last):                                                                                                                                        
                      File "/home/erick/Desktop/Projects/sandbox/lib/python3.11/site-packages/pelican/generators.py", line 627, in generate_context                                           
                        article = self.readers.read_file(                                                                                                                                     
                                  ^^^^^^^^^^^^^^^^^^^^^^^                                                                                                                                     
                      File "/home/erick/Desktop/Projects/sandbox/lib/python3.11/site-packages/pelican/readers.py", line 580, in read_file                                                     
                        content, reader_metadata = reader.read(path)                                                                                                                          
                                                   ^^^^^^^^^^^^^^^^^                                                                                                                          
                      File "/home/erick/Desktop/Projects/sandbox/lib/python3.11/site-packages/pelican/readers.py", line 278, in read                                                          
                        pub = self._get_publisher(source_path)                                                                                                                                
                              ^^^^^^^^^^^^^^^^^^^^^^^^^^^^^^^^                                                                                                                                
                      File "/home/erick/Desktop/Projects/sandbox/lib/python3.11/site-packages/pelican/readers.py", line 273, in _get_publisher                                                
                        pub.publish()                                                                                                                                                         
                      File "/home/erick/Desktop/Projects/sandbox/lib/python3.11/site-packages/docutils/core.py", line 224, in publish                                                         
                        self.document = self.reader.read(self.source, self.parser,                                                                                                            
                                        ^^^^^^^^^^^^^^^^^^^^^^^^^^^^^^^^^^^^^^^^^^                                                                                                            
                      File "/home/erick/Desktop/Projects/sandbox/lib/python3.11/site-packages/docutils/readers/__init__.py", line 70, in read                                                 
                        self.parse()                                                                                                                                                          
                      File "/home/erick/Desktop/Projects/sandbox/lib/python3.11/site-packages/docutils/readers/__init__.py", line 76, in parse                                                
                        self.parser.parse(self.input, document)                                                                                                                               
                      File "/home/erick/Desktop/Projects/sandbox/lib/python3.11/site-packages/docutils/parsers/rst/__init__.py", line 185, in parse                                           
                        self.statemachine.run(inputlines, document, inliner=self.inliner)                                                                                                     
                      File "/home/erick/Desktop/Projects/sandbox/lib/python3.11/site-packages/docutils/parsers/rst/states.py", line 169, in run                                               
                        results = StateMachineWS.run(self, input_lines, input_offset,                                                                                                         
                                  ^^^^^^^^^^^^^^^^^^^^^^^^^^^^^^^^^^^^^^^^^^^^^^^^^^^                                                                                                         
                      File "/home/erick/Desktop/Projects/sandbox/lib/python3.11/site-packages/docutils/statemachine.py", line 233, in run                                                     
                        context, next_state, result = self.check_line(                                                                                                                        
                                                      ^^^^^^^^^^^^^^^^                                                                                                                        
                      File "/home/erick/Desktop/Projects/sandbox/lib/python3.11/site-packages/docutils/statemachine.py", line 445, in check_line                                              
                        return method(match, context, next_state)                                                                                                                             
                               ^^^^^^^^^^^^^^^^^^^^^^^^^^^^^^^^^^                                                                                                                             
                      File "/home/erick/Desktop/Projects/sandbox/lib/python3.11/site-packages/docutils/parsers/rst/states.py", line 2785, in underline                                        
                        self.section(title, source, style, lineno - 1, messages)                                                                                                              
                      File "/home/erick/Desktop/Projects/sandbox/lib/python3.11/site-packages/docutils/parsers/rst/states.py", line 325, in section                                           
                        self.new_subsection(title, lineno, messages)                                                                                                                          
                      File "/home/erick/Desktop/Projects/sandbox/lib/python3.11/site-packages/docutils/parsers/rst/states.py", line 391, in new_subsection                                    
                        newabsoffset = self.nested_parse(                                                                                                                                     
                                       ^^^^^^^^^^^^^^^^^^                                                                                                                                     
                      File "/home/erick/Desktop/Projects/sandbox/lib/python3.11/site-packages/docutils/parsers/rst/states.py", line 279, in nested_parse                                      
                        state_machine.run(block, input_offset, memo=self.memo,                                                                                                                
                      File "/home/erick/Desktop/Projects/sandbox/lib/python3.11/site-packages/docutils/parsers/rst/states.py", line 195, in run                                               
                        results = StateMachineWS.run(self, input_lines, input_offset)                                                                                                         
                                  ^^^^^^^^^^^^^^^^^^^^^^^^^^^^^^^^^^^^^^^^^^^^^^^^^^^                                                                                                         
                      File "/home/erick/Desktop/Projects/sandbox/lib/python3.11/site-packages/docutils/statemachine.py", line 233, in run                                                     
                        context, next_state, result = self.check_line(                                                                                                                        
                                                      ^^^^^^^^^^^^^^^^                                                                                                                        
                      File "/home/erick/Desktop/Projects/sandbox/lib/python3.11/site-packages/docutils/statemachine.py", line 445, in check_line                                              
                        return method(match, context, next_state)                                                                                                                             
                               ^^^^^^^^^^^^^^^^^^^^^^^^^^^^^^^^^^                                                                                                                             
                      File "/home/erick/Desktop/Projects/sandbox/lib/python3.11/site-packages/docutils/parsers/rst/states.py", line 2355, in explicit_markup                                  
                        nodelist, blank_finish = self.explicit_construct(match)                                                                                                               
                                                 ^^^^^^^^^^^^^^^^^^^^^^^^^^^^^^                                                                                                               
                      File "/home/erick/Desktop/Projects/sandbox/lib/python3.11/site-packages/docutils/parsers/rst/states.py", line 2367, in explicit_construct                               
                        return method(self, expmatch)                                                                                                                                         
                               ^^^^^^^^^^^^^^^^^^^^^^                                                                                                                                         
                      File "/home/erick/Desktop/Projects/sandbox/lib/python3.11/site-packages/docutils/parsers/rst/states.py", line 2104, in directive                                        
                        return self.run_directive(                                                                                                                                            
                               ^^^^^^^^^^^^^^^^^^^                                                                                                                                            
                      File "/home/erick/Desktop/Projects/sandbox/lib/python3.11/site-packages/docutils/parsers/rst/states.py", line 2156, in run_directive                                    
                        msg_node = self.reporter.system_message(error.level, error.msg,                                                                                                       
                                   ^^^^^^^^^^^^^^^^^^^^^^^^^^^^^^^^^^^^^^^^^^^^^^^^^^^^                                                                                                       
                      File "/home/erick/Desktop/Projects/sandbox/lib/python3.11/site-packages/docutils/utils/__init__.py", line 196, in system_message                                        
                        raise SystemMessage(msg, level)                                                                                                                                       
                    docutils.utils.SystemMessage: /home/erick/Desktop/Projects/pythonmarketer.com/content/blog/pelican-fix-for-no-valid-files-found-in-content.rst:12: (WARNING/2)            
                    Cannot analyze code. No Pygments lexer found for "wp-block-syntaxhighlighter-code".                                                                                       
           DEBUG    Read file blog/6288.rst -> Article                                                                                                                          readers.py:547
           DEBUG    Read file blog/python-libraries-tools-resources-for-creative-and-academic-writers.rst -> Article                                                            readers.py:547
           DEBUG    Read file blog/3763.rst -> Article                                                                                                                          readers.py:547
           DEBUG    Read file blog/random-findings.rst -> Article                                                                                                               readers.py:547
           DEBUG    Read file blog/getting-the-lay-of-the-land-in-sqlite-and-connecting-to-a-db-with-pythons-sqlite3-library.rst -> Article                                     readers.py:547
           ERROR    Could not process blog/getting-the-lay-of-the-land-in-sqlite-and-connecting-to-a-db-with-pythons-sqlite3-library.rst                                             log.py:96
                    /home/erick/Desktop/Projects/pythonmarketer.com/content/blog/getting-the-lay-of-the-land-in-sqlite-and-connecting-to-a-db-with-pythons-sqlite3-library.rst:28:            
                    (WARNING/2) Cannot analyze code. No Pygments lexer found for "wp-block-preformatted".                                                                                     
                    Traceback (most recent call last):                                                                                                                                        
                      File "/home/erick/Desktop/Projects/sandbox/lib/python3.11/site-packages/docutils/utils/code_analyzer.py", line 64, in __init__                                          
                        self.lexer = get_lexer_by_name(self.language)                                                                                                                         
                                     ^^^^^^^^^^^^^^^^^^^^^^^^^^^^^^^^                                                                                                                         
                      File "/home/erick/Desktop/Projects/sandbox/lib/python3.11/site-packages/pygments/lexers/__init__.py", line 131, in get_lexer_by_name                                    
                        raise ClassNotFound('no lexer for alias %r found' % _alias)                                                                                                           
                    pygments.util.ClassNotFound: no lexer for alias 'wp-block-preformatted' found                                                                                             
                                                                                                                                                                                              
                    During handling of the above exception, another exception occurred:                                                                                                       
                                                                                                                                                                                              
                    Traceback (most recent call last):                                                                                                                                        
                      File "/home/erick/Desktop/Projects/sandbox/lib/python3.11/site-packages/docutils/parsers/rst/directives/body.py", line 159, in run                                      
                        tokens = Lexer('\n'.join(self.content), language,                                                                                                                     
                                 ^^^^^^^^^^^^^^^^^^^^^^^^^^^^^^^^^^^^^^^^                                                                                                                     
                      File "/home/erick/Desktop/Projects/sandbox/lib/python3.11/site-packages/docutils/utils/code_analyzer.py", line 66, in __init__                                          
                        raise LexerError('Cannot analyze code. '                                                                                                                              
                    docutils.utils.code_analyzer.LexerError: Cannot analyze code. No Pygments lexer found for "wp-block-preformatted".                                                        
                                                                                                                                                                                              
                    During handling of the above exception, another exception occurred:                                                                                                       
                                                                                                                                                                                              
                    Traceback (most recent call last):                                                                                                                                        
                      File "/home/erick/Desktop/Projects/sandbox/lib/python3.11/site-packages/docutils/parsers/rst/states.py", line 2154, in run_directive                                    
                        result = directive_instance.run()                                                                                                                                     
                                 ^^^^^^^^^^^^^^^^^^^^^^^^                                                                                                                                     
                      File "/home/erick/Desktop/Projects/sandbox/lib/python3.11/site-packages/docutils/parsers/rst/directives/body.py", line 166, in run                                      
                        raise self.warning(error)                                                                                                                                             
                    docutils.parsers.rst.DirectiveError                                                                                                                                       
                                                                                                                                                                                              
                    During handling of the above exception, another exception occurred:                                                                                                       
                                                                                                                                                                                              
                    Traceback (most recent call last):                                                                                                                                        
                      File "/home/erick/Desktop/Projects/sandbox/lib/python3.11/site-packages/pelican/generators.py", line 627, in generate_context                                           
                        article = self.readers.read_file(                                                                                                                                     
                                  ^^^^^^^^^^^^^^^^^^^^^^^                                                                                                                                     
                      File "/home/erick/Desktop/Projects/sandbox/lib/python3.11/site-packages/pelican/readers.py", line 580, in read_file                                                     
                        content, reader_metadata = reader.read(path)                                                                                                                          
                                                   ^^^^^^^^^^^^^^^^^                                                                                                                          
                      File "/home/erick/Desktop/Projects/sandbox/lib/python3.11/site-packages/pelican/readers.py", line 278, in read                                                          
                        pub = self._get_publisher(source_path)                                                                                                                                
                              ^^^^^^^^^^^^^^^^^^^^^^^^^^^^^^^^                                                                                                                                
                      File "/home/erick/Desktop/Projects/sandbox/lib/python3.11/site-packages/pelican/readers.py", line 273, in _get_publisher                                                
                        pub.publish()                                                                                                                                                         
                      File "/home/erick/Desktop/Projects/sandbox/lib/python3.11/site-packages/docutils/core.py", line 224, in publish                                                         
                        self.document = self.reader.read(self.source, self.parser,                                                                                                            
                                        ^^^^^^^^^^^^^^^^^^^^^^^^^^^^^^^^^^^^^^^^^^                                                                                                            
                      File "/home/erick/Desktop/Projects/sandbox/lib/python3.11/site-packages/docutils/readers/__init__.py", line 70, in read                                                 
                        self.parse()                                                                                                                                                          
                      File "/home/erick/Desktop/Projects/sandbox/lib/python3.11/site-packages/docutils/readers/__init__.py", line 76, in parse                                                
                        self.parser.parse(self.input, document)                                                                                                                               
                      File "/home/erick/Desktop/Projects/sandbox/lib/python3.11/site-packages/docutils/parsers/rst/__init__.py", line 185, in parse                                           
                        self.statemachine.run(inputlines, document, inliner=self.inliner)                                                                                                     
                      File "/home/erick/Desktop/Projects/sandbox/lib/python3.11/site-packages/docutils/parsers/rst/states.py", line 169, in run                                               
                        results = StateMachineWS.run(self, input_lines, input_offset,                                                                                                         
                                  ^^^^^^^^^^^^^^^^^^^^^^^^^^^^^^^^^^^^^^^^^^^^^^^^^^^                                                                                                         
                      File "/home/erick/Desktop/Projects/sandbox/lib/python3.11/site-packages/docutils/statemachine.py", line 233, in run                                                     
                        context, next_state, result = self.check_line(                                                                                                                        
                                                      ^^^^^^^^^^^^^^^^                                                                                                                        
                      File "/home/erick/Desktop/Projects/sandbox/lib/python3.11/site-packages/docutils/statemachine.py", line 445, in check_line                                              
                        return method(match, context, next_state)                                                                                                                             
                               ^^^^^^^^^^^^^^^^^^^^^^^^^^^^^^^^^^                                                                                                                             
                      File "/home/erick/Desktop/Projects/sandbox/lib/python3.11/site-packages/docutils/parsers/rst/states.py", line 2785, in underline                                        
                        self.section(title, source, style, lineno - 1, messages)                                                                                                              
                      File "/home/erick/Desktop/Projects/sandbox/lib/python3.11/site-packages/docutils/parsers/rst/states.py", line 325, in section                                           
                        self.new_subsection(title, lineno, messages)                                                                                                                          
                      File "/home/erick/Desktop/Projects/sandbox/lib/python3.11/site-packages/docutils/parsers/rst/states.py", line 391, in new_subsection                                    
                        newabsoffset = self.nested_parse(                                                                                                                                     
                                       ^^^^^^^^^^^^^^^^^^                                                                                                                                     
                      File "/home/erick/Desktop/Projects/sandbox/lib/python3.11/site-packages/docutils/parsers/rst/states.py", line 279, in nested_parse                                      
                        state_machine.run(block, input_offset, memo=self.memo,                                                                                                                
                      File "/home/erick/Desktop/Projects/sandbox/lib/python3.11/site-packages/docutils/parsers/rst/states.py", line 195, in run                                               
                        results = StateMachineWS.run(self, input_lines, input_offset)                                                                                                         
                                  ^^^^^^^^^^^^^^^^^^^^^^^^^^^^^^^^^^^^^^^^^^^^^^^^^^^                                                                                                         
                      File "/home/erick/Desktop/Projects/sandbox/lib/python3.11/site-packages/docutils/statemachine.py", line 233, in run                                                     
                        context, next_state, result = self.check_line(                                                                                                                        
                                                      ^^^^^^^^^^^^^^^^                                                                                                                        
                      File "/home/erick/Desktop/Projects/sandbox/lib/python3.11/site-packages/docutils/statemachine.py", line 445, in check_line                                              
                        return method(match, context, next_state)                                                                                                                             
                               ^^^^^^^^^^^^^^^^^^^^^^^^^^^^^^^^^^                                                                                                                             
                      File "/home/erick/Desktop/Projects/sandbox/lib/python3.11/site-packages/docutils/parsers/rst/states.py", line 2355, in explicit_markup                                  
                        nodelist, blank_finish = self.explicit_construct(match)                                                                                                               
                                                 ^^^^^^^^^^^^^^^^^^^^^^^^^^^^^^                                                                                                               
                      File "/home/erick/Desktop/Projects/sandbox/lib/python3.11/site-packages/docutils/parsers/rst/states.py", line 2367, in explicit_construct                               
                        return method(self, expmatch)                                                                                                                                         
                               ^^^^^^^^^^^^^^^^^^^^^^                                                                                                                                         
                      File "/home/erick/Desktop/Projects/sandbox/lib/python3.11/site-packages/docutils/parsers/rst/states.py", line 2104, in directive                                        
                        return self.run_directive(                                                                                                                                            
                               ^^^^^^^^^^^^^^^^^^^                                                                                                                                            
                      File "/home/erick/Desktop/Projects/sandbox/lib/python3.11/site-packages/docutils/parsers/rst/states.py", line 2156, in run_directive                                    
                        msg_node = self.reporter.system_message(error.level, error.msg,                                                                                                       
                                   ^^^^^^^^^^^^^^^^^^^^^^^^^^^^^^^^^^^^^^^^^^^^^^^^^^^^                                                                                                       
                      File "/home/erick/Desktop/Projects/sandbox/lib/python3.11/site-packages/docutils/utils/__init__.py", line 196, in system_message                                        
                        raise SystemMessage(msg, level)                                                                                                                                       
                    docutils.utils.SystemMessage:                                                                                                                                             
                    /home/erick/Desktop/Projects/pythonmarketer.com/content/blog/getting-the-lay-of-the-land-in-sqlite-and-connecting-to-a-db-with-pythons-sqlite3-library.rst:28:            
                    (WARNING/2) Cannot analyze code. No Pygments lexer found for "wp-block-preformatted".                                                                                     
           DEBUG    Read file blog/a-collection-of-software-testing-opinions-for-python-and-beyond.rst -> Article                                                               readers.py:547
           DEBUG    Read file blog/git-the-basics-a-git-version-control-cheat-sheet.rst -> Article                                                                              readers.py:547
           DEBUG    Read file blog/in-praise-of-resource-scoping.rst -> Article                                                                                                 readers.py:547
           DEBUG    Read file blog/useful-links-for-web2py-beginners.rst -> Article                                                                                             readers.py:547
           DEBUG    Read file blog/post-a-photo-to-your-facebook-page-with-the-unsplash-facebook-apis.rst -> Article                                                            readers.py:547
           ERROR    Could not process blog/post-a-photo-to-your-facebook-page-with-the-unsplash-facebook-apis.rst                                                                    log.py:96
                    /home/erick/Desktop/Projects/pythonmarketer.com/content/blog/post-a-photo-to-your-facebook-page-with-the-unsplash-facebook-apis.rst:27: (WARNING/2) Cannot                
                    analyze code. No Pygments lexer found for "wp-block-preformatted".                                                                                                        
                    Traceback (most recent call last):                                                                                                                                        
                      File "/home/erick/Desktop/Projects/sandbox/lib/python3.11/site-packages/docutils/utils/code_analyzer.py", line 64, in __init__                                          
                        self.lexer = get_lexer_by_name(self.language)                                                                                                                         
                                     ^^^^^^^^^^^^^^^^^^^^^^^^^^^^^^^^                                                                                                                         
                      File "/home/erick/Desktop/Projects/sandbox/lib/python3.11/site-packages/pygments/lexers/__init__.py", line 131, in get_lexer_by_name                                    
                        raise ClassNotFound('no lexer for alias %r found' % _alias)                                                                                                           
                    pygments.util.ClassNotFound: no lexer for alias 'wp-block-preformatted' found                                                                                             
                                                                                                                                                                                              
                    During handling of the above exception, another exception occurred:                                                                                                       
                                                                                                                                                                                              
                    Traceback (most recent call last):                                                                                                                                        
                      File "/home/erick/Desktop/Projects/sandbox/lib/python3.11/site-packages/docutils/parsers/rst/directives/body.py", line 159, in run                                      
                        tokens = Lexer('\n'.join(self.content), language,                                                                                                                     
                                 ^^^^^^^^^^^^^^^^^^^^^^^^^^^^^^^^^^^^^^^^                                                                                                                     
                      File "/home/erick/Desktop/Projects/sandbox/lib/python3.11/site-packages/docutils/utils/code_analyzer.py", line 66, in __init__                                          
                        raise LexerError('Cannot analyze code. '                                                                                                                              
                    docutils.utils.code_analyzer.LexerError: Cannot analyze code. No Pygments lexer found for "wp-block-preformatted".                                                        
                                                                                                                                                                                              
                    During handling of the above exception, another exception occurred:                                                                                                       
                                                                                                                                                                                              
                    Traceback (most recent call last):                                                                                                                                        
                      File "/home/erick/Desktop/Projects/sandbox/lib/python3.11/site-packages/docutils/parsers/rst/states.py", line 2154, in run_directive                                    
                        result = directive_instance.run()                                                                                                                                     
                                 ^^^^^^^^^^^^^^^^^^^^^^^^                                                                                                                                     
                      File "/home/erick/Desktop/Projects/sandbox/lib/python3.11/site-packages/docutils/parsers/rst/directives/body.py", line 166, in run                                      
                        raise self.warning(error)                                                                                                                                             
                    docutils.parsers.rst.DirectiveError                                                                                                                                       
                                                                                                                                                                                              
                    During handling of the above exception, another exception occurred:                                                                                                       
                                                                                                                                                                                              
                    Traceback (most recent call last):                                                                                                                                        
                      File "/home/erick/Desktop/Projects/sandbox/lib/python3.11/site-packages/pelican/generators.py", line 627, in generate_context                                           
                        article = self.readers.read_file(                                                                                                                                     
                                  ^^^^^^^^^^^^^^^^^^^^^^^                                                                                                                                     
                      File "/home/erick/Desktop/Projects/sandbox/lib/python3.11/site-packages/pelican/readers.py", line 580, in read_file                                                     
                        content, reader_metadata = reader.read(path)                                                                                                                          
                                                   ^^^^^^^^^^^^^^^^^                                                                                                                          
                      File "/home/erick/Desktop/Projects/sandbox/lib/python3.11/site-packages/pelican/readers.py", line 278, in read                                                          
                        pub = self._get_publisher(source_path)                                                                                                                                
                              ^^^^^^^^^^^^^^^^^^^^^^^^^^^^^^^^                                                                                                                                
                      File "/home/erick/Desktop/Projects/sandbox/lib/python3.11/site-packages/pelican/readers.py", line 273, in _get_publisher                                                
                        pub.publish()                                                                                                                                                         
                      File "/home/erick/Desktop/Projects/sandbox/lib/python3.11/site-packages/docutils/core.py", line 224, in publish                                                         
                        self.document = self.reader.read(self.source, self.parser,                                                                                                            
                                        ^^^^^^^^^^^^^^^^^^^^^^^^^^^^^^^^^^^^^^^^^^                                                                                                            
                      File "/home/erick/Desktop/Projects/sandbox/lib/python3.11/site-packages/docutils/readers/__init__.py", line 70, in read                                                 
                        self.parse()                                                                                                                                                          
                      File "/home/erick/Desktop/Projects/sandbox/lib/python3.11/site-packages/docutils/readers/__init__.py", line 76, in parse                                                
                        self.parser.parse(self.input, document)                                                                                                                               
                      File "/home/erick/Desktop/Projects/sandbox/lib/python3.11/site-packages/docutils/parsers/rst/__init__.py", line 185, in parse                                           
                        self.statemachine.run(inputlines, document, inliner=self.inliner)                                                                                                     
                      File "/home/erick/Desktop/Projects/sandbox/lib/python3.11/site-packages/docutils/parsers/rst/states.py", line 169, in run                                               
                        results = StateMachineWS.run(self, input_lines, input_offset,                                                                                                         
                                  ^^^^^^^^^^^^^^^^^^^^^^^^^^^^^^^^^^^^^^^^^^^^^^^^^^^                                                                                                         
                      File "/home/erick/Desktop/Projects/sandbox/lib/python3.11/site-packages/docutils/statemachine.py", line 233, in run                                                     
                        context, next_state, result = self.check_line(                                                                                                                        
                                                      ^^^^^^^^^^^^^^^^                                                                                                                        
                      File "/home/erick/Desktop/Projects/sandbox/lib/python3.11/site-packages/docutils/statemachine.py", line 445, in check_line                                              
                        return method(match, context, next_state)                                                                                                                             
                               ^^^^^^^^^^^^^^^^^^^^^^^^^^^^^^^^^^                                                                                                                             
                      File "/home/erick/Desktop/Projects/sandbox/lib/python3.11/site-packages/docutils/parsers/rst/states.py", line 2785, in underline                                        
                        self.section(title, source, style, lineno - 1, messages)                                                                                                              
                      File "/home/erick/Desktop/Projects/sandbox/lib/python3.11/site-packages/docutils/parsers/rst/states.py", line 325, in section                                           
                        self.new_subsection(title, lineno, messages)                                                                                                                          
                      File "/home/erick/Desktop/Projects/sandbox/lib/python3.11/site-packages/docutils/parsers/rst/states.py", line 391, in new_subsection                                    
                        newabsoffset = self.nested_parse(                                                                                                                                     
                                       ^^^^^^^^^^^^^^^^^^                                                                                                                                     
                      File "/home/erick/Desktop/Projects/sandbox/lib/python3.11/site-packages/docutils/parsers/rst/states.py", line 279, in nested_parse                                      
                        state_machine.run(block, input_offset, memo=self.memo,                                                                                                                
                      File "/home/erick/Desktop/Projects/sandbox/lib/python3.11/site-packages/docutils/parsers/rst/states.py", line 195, in run                                               
                        results = StateMachineWS.run(self, input_lines, input_offset)                                                                                                         
                                  ^^^^^^^^^^^^^^^^^^^^^^^^^^^^^^^^^^^^^^^^^^^^^^^^^^^                                                                                                         
                      File "/home/erick/Desktop/Projects/sandbox/lib/python3.11/site-packages/docutils/statemachine.py", line 233, in run                                                     
                        context, next_state, result = self.check_line(                                                                                                                        
                                                      ^^^^^^^^^^^^^^^^                                                                                                                        
                      File "/home/erick/Desktop/Projects/sandbox/lib/python3.11/site-packages/docutils/statemachine.py", line 445, in check_line                                              
                        return method(match, context, next_state)                                                                                                                             
                               ^^^^^^^^^^^^^^^^^^^^^^^^^^^^^^^^^^                                                                                                                             
                      File "/home/erick/Desktop/Projects/sandbox/lib/python3.11/site-packages/docutils/parsers/rst/states.py", line 2785, in underline                                        
                        self.section(title, source, style, lineno - 1, messages)                                                                                                              
                      File "/home/erick/Desktop/Projects/sandbox/lib/python3.11/site-packages/docutils/parsers/rst/states.py", line 325, in section                                           
                        self.new_subsection(title, lineno, messages)                                                                                                                          
                      File "/home/erick/Desktop/Projects/sandbox/lib/python3.11/site-packages/docutils/parsers/rst/states.py", line 391, in new_subsection                                    
                        newabsoffset = self.nested_parse(                                                                                                                                     
                                       ^^^^^^^^^^^^^^^^^^                                                                                                                                     
                      File "/home/erick/Desktop/Projects/sandbox/lib/python3.11/site-packages/docutils/parsers/rst/states.py", line 279, in nested_parse                                      
                        state_machine.run(block, input_offset, memo=self.memo,                                                                                                                
                      File "/home/erick/Desktop/Projects/sandbox/lib/python3.11/site-packages/docutils/parsers/rst/states.py", line 195, in run                                               
                        results = StateMachineWS.run(self, input_lines, input_offset)                                                                                                         
                                  ^^^^^^^^^^^^^^^^^^^^^^^^^^^^^^^^^^^^^^^^^^^^^^^^^^^                                                                                                         
                      File "/home/erick/Desktop/Projects/sandbox/lib/python3.11/site-packages/docutils/statemachine.py", line 233, in run                                                     
                        context, next_state, result = self.check_line(                                                                                                                        
                                                      ^^^^^^^^^^^^^^^^                                                                                                                        
                      File "/home/erick/Desktop/Projects/sandbox/lib/python3.11/site-packages/docutils/statemachine.py", line 445, in check_line                                              
                        return method(match, context, next_state)                                                                                                                             
                               ^^^^^^^^^^^^^^^^^^^^^^^^^^^^^^^^^^                                                                                                                             
                      File "/home/erick/Desktop/Projects/sandbox/lib/python3.11/site-packages/docutils/parsers/rst/states.py", line 2355, in explicit_markup                                  
                        nodelist, blank_finish = self.explicit_construct(match)                                                                                                               
                                                 ^^^^^^^^^^^^^^^^^^^^^^^^^^^^^^                                                                                                               
                      File "/home/erick/Desktop/Projects/sandbox/lib/python3.11/site-packages/docutils/parsers/rst/states.py", line 2367, in explicit_construct                               
                        return method(self, expmatch)                                                                                                                                         
                               ^^^^^^^^^^^^^^^^^^^^^^                                                                                                                                         
                      File "/home/erick/Desktop/Projects/sandbox/lib/python3.11/site-packages/docutils/parsers/rst/states.py", line 2104, in directive                                        
                        return self.run_directive(                                                                                                                                            
                               ^^^^^^^^^^^^^^^^^^^                                                                                                                                            
                      File "/home/erick/Desktop/Projects/sandbox/lib/python3.11/site-packages/docutils/parsers/rst/states.py", line 2156, in run_directive                                    
                        msg_node = self.reporter.system_message(error.level, error.msg,                                                                                                       
                                   ^^^^^^^^^^^^^^^^^^^^^^^^^^^^^^^^^^^^^^^^^^^^^^^^^^^^                                                                                                       
                      File "/home/erick/Desktop/Projects/sandbox/lib/python3.11/site-packages/docutils/utils/__init__.py", line 196, in system_message                                        
                        raise SystemMessage(msg, level)                                                                                                                                       
                    docutils.utils.SystemMessage:                                                                                                                                             
                    /home/erick/Desktop/Projects/pythonmarketer.com/content/blog/post-a-photo-to-your-facebook-page-with-the-unsplash-facebook-apis.rst:27: (WARNING/2) Cannot                
                    analyze code. No Pygments lexer found for "wp-block-preformatted".                                                                                                        
[20:43:38] DEBUG    Read file blog/contact.rst -> Article                                                                                                                       readers.py:547
           DEBUG    Read file blog/how-to-find-and-open-a-public-wi-fi-login-page.rst -> Article                                                                                readers.py:547
           ERROR    Could not process blog/how-to-find-and-open-a-public-wi-fi-login-page.rst                                                                                        log.py:96
                    /home/erick/Desktop/Projects/pythonmarketer.com/content/blog/how-to-find-and-open-a-public-wi-fi-login-page.rst:14: (WARNING/2) Cannot analyze code. No Pygments          
                    lexer found for "wp-block-code".                                                                                                                                          
                    Traceback (most recent call last):                                                                                                                                        
                      File "/home/erick/Desktop/Projects/sandbox/lib/python3.11/site-packages/docutils/utils/code_analyzer.py", line 64, in __init__                                          
                        self.lexer = get_lexer_by_name(self.language)                                                                                                                         
                                     ^^^^^^^^^^^^^^^^^^^^^^^^^^^^^^^^                                                                                                                         
                      File "/home/erick/Desktop/Projects/sandbox/lib/python3.11/site-packages/pygments/lexers/__init__.py", line 131, in get_lexer_by_name                                    
                        raise ClassNotFound('no lexer for alias %r found' % _alias)                                                                                                           
                    pygments.util.ClassNotFound: no lexer for alias 'wp-block-code' found                                                                                                     
                                                                                                                                                                                              
                    During handling of the above exception, another exception occurred:                                                                                                       
                                                                                                                                                                                              
                    Traceback (most recent call last):                                                                                                                                        
                      File "/home/erick/Desktop/Projects/sandbox/lib/python3.11/site-packages/docutils/parsers/rst/directives/body.py", line 159, in run                                      
                        tokens = Lexer('\n'.join(self.content), language,                                                                                                                     
                                 ^^^^^^^^^^^^^^^^^^^^^^^^^^^^^^^^^^^^^^^^                                                                                                                     
                      File "/home/erick/Desktop/Projects/sandbox/lib/python3.11/site-packages/docutils/utils/code_analyzer.py", line 66, in __init__                                          
                        raise LexerError('Cannot analyze code. '                                                                                                                              
                    docutils.utils.code_analyzer.LexerError: Cannot analyze code. No Pygments lexer found for "wp-block-code".                                                                
                                                                                                                                                                                              
                    During handling of the above exception, another exception occurred:                                                                                                       
                                                                                                                                                                                              
                    Traceback (most recent call last):                                                                                                                                        
                      File "/home/erick/Desktop/Projects/sandbox/lib/python3.11/site-packages/docutils/parsers/rst/states.py", line 2154, in run_directive                                    
                        result = directive_instance.run()                                                                                                                                     
                                 ^^^^^^^^^^^^^^^^^^^^^^^^                                                                                                                                     
                      File "/home/erick/Desktop/Projects/sandbox/lib/python3.11/site-packages/docutils/parsers/rst/directives/body.py", line 166, in run                                      
                        raise self.warning(error)                                                                                                                                             
                    docutils.parsers.rst.DirectiveError                                                                                                                                       
                                                                                                                                                                                              
                    During handling of the above exception, another exception occurred:                                                                                                       
                                                                                                                                                                                              
                    Traceback (most recent call last):                                                                                                                                        
                      File "/home/erick/Desktop/Projects/sandbox/lib/python3.11/site-packages/pelican/generators.py", line 627, in generate_context                                           
                        article = self.readers.read_file(                                                                                                                                     
                                  ^^^^^^^^^^^^^^^^^^^^^^^                                                                                                                                     
                      File "/home/erick/Desktop/Projects/sandbox/lib/python3.11/site-packages/pelican/readers.py", line 580, in read_file                                                     
                        content, reader_metadata = reader.read(path)                                                                                                                          
                                                   ^^^^^^^^^^^^^^^^^                                                                                                                          
                      File "/home/erick/Desktop/Projects/sandbox/lib/python3.11/site-packages/pelican/readers.py", line 278, in read                                                          
                        pub = self._get_publisher(source_path)                                                                                                                                
                              ^^^^^^^^^^^^^^^^^^^^^^^^^^^^^^^^                                                                                                                                
                      File "/home/erick/Desktop/Projects/sandbox/lib/python3.11/site-packages/pelican/readers.py", line 273, in _get_publisher                                                
                        pub.publish()                                                                                                                                                         
                      File "/home/erick/Desktop/Projects/sandbox/lib/python3.11/site-packages/docutils/core.py", line 224, in publish                                                         
                        self.document = self.reader.read(self.source, self.parser,                                                                                                            
                                        ^^^^^^^^^^^^^^^^^^^^^^^^^^^^^^^^^^^^^^^^^^                                                                                                            
                      File "/home/erick/Desktop/Projects/sandbox/lib/python3.11/site-packages/docutils/readers/__init__.py", line 70, in read                                                 
                        self.parse()                                                                                                                                                          
                      File "/home/erick/Desktop/Projects/sandbox/lib/python3.11/site-packages/docutils/readers/__init__.py", line 76, in parse                                                
                        self.parser.parse(self.input, document)                                                                                                                               
                      File "/home/erick/Desktop/Projects/sandbox/lib/python3.11/site-packages/docutils/parsers/rst/__init__.py", line 185, in parse                                           
                        self.statemachine.run(inputlines, document, inliner=self.inliner)                                                                                                     
                      File "/home/erick/Desktop/Projects/sandbox/lib/python3.11/site-packages/docutils/parsers/rst/states.py", line 169, in run                                               
                        results = StateMachineWS.run(self, input_lines, input_offset,                                                                                                         
                                  ^^^^^^^^^^^^^^^^^^^^^^^^^^^^^^^^^^^^^^^^^^^^^^^^^^^                                                                                                         
                      File "/home/erick/Desktop/Projects/sandbox/lib/python3.11/site-packages/docutils/statemachine.py", line 233, in run                                                     
                        context, next_state, result = self.check_line(                                                                                                                        
                                                      ^^^^^^^^^^^^^^^^                                                                                                                        
                      File "/home/erick/Desktop/Projects/sandbox/lib/python3.11/site-packages/docutils/statemachine.py", line 445, in check_line                                              
                        return method(match, context, next_state)                                                                                                                             
                               ^^^^^^^^^^^^^^^^^^^^^^^^^^^^^^^^^^                                                                                                                             
                      File "/home/erick/Desktop/Projects/sandbox/lib/python3.11/site-packages/docutils/parsers/rst/states.py", line 2785, in underline                                        
                        self.section(title, source, style, lineno - 1, messages)                                                                                                              
                      File "/home/erick/Desktop/Projects/sandbox/lib/python3.11/site-packages/docutils/parsers/rst/states.py", line 325, in section                                           
                        self.new_subsection(title, lineno, messages)                                                                                                                          
                      File "/home/erick/Desktop/Projects/sandbox/lib/python3.11/site-packages/docutils/parsers/rst/states.py", line 391, in new_subsection                                    
                        newabsoffset = self.nested_parse(                                                                                                                                     
                                       ^^^^^^^^^^^^^^^^^^                                                                                                                                     
                      File "/home/erick/Desktop/Projects/sandbox/lib/python3.11/site-packages/docutils/parsers/rst/states.py", line 279, in nested_parse                                      
                        state_machine.run(block, input_offset, memo=self.memo,                                                                                                                
                      File "/home/erick/Desktop/Projects/sandbox/lib/python3.11/site-packages/docutils/parsers/rst/states.py", line 195, in run                                               
                        results = StateMachineWS.run(self, input_lines, input_offset)                                                                                                         
                                  ^^^^^^^^^^^^^^^^^^^^^^^^^^^^^^^^^^^^^^^^^^^^^^^^^^^                                                                                                         
                      File "/home/erick/Desktop/Projects/sandbox/lib/python3.11/site-packages/docutils/statemachine.py", line 233, in run                                                     
                        context, next_state, result = self.check_line(                                                                                                                        
                                                      ^^^^^^^^^^^^^^^^                                                                                                                        
                      File "/home/erick/Desktop/Projects/sandbox/lib/python3.11/site-packages/docutils/statemachine.py", line 445, in check_line                                              
                        return method(match, context, next_state)                                                                                                                             
                               ^^^^^^^^^^^^^^^^^^^^^^^^^^^^^^^^^^                                                                                                                             
                      File "/home/erick/Desktop/Projects/sandbox/lib/python3.11/site-packages/docutils/parsers/rst/states.py", line 2355, in explicit_markup                                  
                        nodelist, blank_finish = self.explicit_construct(match)                                                                                                               
                                                 ^^^^^^^^^^^^^^^^^^^^^^^^^^^^^^                                                                                                               
                      File "/home/erick/Desktop/Projects/sandbox/lib/python3.11/site-packages/docutils/parsers/rst/states.py", line 2367, in explicit_construct                               
                        return method(self, expmatch)                                                                                                                                         
                               ^^^^^^^^^^^^^^^^^^^^^^                                                                                                                                         
                      File "/home/erick/Desktop/Projects/sandbox/lib/python3.11/site-packages/docutils/parsers/rst/states.py", line 2104, in directive                                        
                        return self.run_directive(                                                                                                                                            
                               ^^^^^^^^^^^^^^^^^^^                                                                                                                                            
                      File "/home/erick/Desktop/Projects/sandbox/lib/python3.11/site-packages/docutils/parsers/rst/states.py", line 2156, in run_directive                                    
                        msg_node = self.reporter.system_message(error.level, error.msg,                                                                                                       
                                   ^^^^^^^^^^^^^^^^^^^^^^^^^^^^^^^^^^^^^^^^^^^^^^^^^^^^                                                                                                       
                      File "/home/erick/Desktop/Projects/sandbox/lib/python3.11/site-packages/docutils/utils/__init__.py", line 196, in system_message                                        
                        raise SystemMessage(msg, level)                                                                                                                                       
                    docutils.utils.SystemMessage: /home/erick/Desktop/Projects/pythonmarketer.com/content/blog/how-to-find-and-open-a-public-wi-fi-login-page.rst:14: (WARNING/2)             
                    Cannot analyze code. No Pygments lexer found for "wp-block-code".                                                                                                         
           DEBUG    Read file blog/making-a-python-eyedropper.rst -> Article                                                                                                    readers.py:547
           ERROR    Could not process blog/making-a-python-eyedropper.rst                                                                                                            log.py:96
                    /home/erick/Desktop/Projects/pythonmarketer.com/content/blog/making-a-python-eyedropper.rst:15: (WARNING/2) Inline emphasis start-string without end-string.              
                    Traceback (most recent call last):                                                                                                                                        
                      File "/home/erick/Desktop/Projects/sandbox/lib/python3.11/site-packages/pelican/generators.py", line 627, in generate_context                                           
                        article = self.readers.read_file(                                                                                                                                     
                                  ^^^^^^^^^^^^^^^^^^^^^^^                                                                                                                                     
                      File "/home/erick/Desktop/Projects/sandbox/lib/python3.11/site-packages/pelican/readers.py", line 580, in read_file                                                     
                        content, reader_metadata = reader.read(path)                                                                                                                          
                                                   ^^^^^^^^^^^^^^^^^                                                                                                                          
                      File "/home/erick/Desktop/Projects/sandbox/lib/python3.11/site-packages/pelican/readers.py", line 278, in read                                                          
                        pub = self._get_publisher(source_path)                                                                                                                                
                              ^^^^^^^^^^^^^^^^^^^^^^^^^^^^^^^^                                                                                                                                
                      File "/home/erick/Desktop/Projects/sandbox/lib/python3.11/site-packages/pelican/readers.py", line 273, in _get_publisher                                                
                        pub.publish()                                                                                                                                                         
                      File "/home/erick/Desktop/Projects/sandbox/lib/python3.11/site-packages/docutils/core.py", line 224, in publish                                                         
                        self.document = self.reader.read(self.source, self.parser,                                                                                                            
                                        ^^^^^^^^^^^^^^^^^^^^^^^^^^^^^^^^^^^^^^^^^^                                                                                                            
                      File "/home/erick/Desktop/Projects/sandbox/lib/python3.11/site-packages/docutils/readers/__init__.py", line 70, in read                                                 
                        self.parse()                                                                                                                                                          
                      File "/home/erick/Desktop/Projects/sandbox/lib/python3.11/site-packages/docutils/readers/__init__.py", line 76, in parse                                                
                        self.parser.parse(self.input, document)                                                                                                                               
                      File "/home/erick/Desktop/Projects/sandbox/lib/python3.11/site-packages/docutils/parsers/rst/__init__.py", line 185, in parse                                           
                        self.statemachine.run(inputlines, document, inliner=self.inliner)                                                                                                     
                      File "/home/erick/Desktop/Projects/sandbox/lib/python3.11/site-packages/docutils/parsers/rst/states.py", line 169, in run                                               
                        results = StateMachineWS.run(self, input_lines, input_offset,                                                                                                         
                                  ^^^^^^^^^^^^^^^^^^^^^^^^^^^^^^^^^^^^^^^^^^^^^^^^^^^                                                                                                         
                      File "/home/erick/Desktop/Projects/sandbox/lib/python3.11/site-packages/docutils/statemachine.py", line 233, in run                                                     
                        context, next_state, result = self.check_line(                                                                                                                        
                                                      ^^^^^^^^^^^^^^^^                                                                                                                        
                      File "/home/erick/Desktop/Projects/sandbox/lib/python3.11/site-packages/docutils/statemachine.py", line 445, in check_line                                              
                        return method(match, context, next_state)                                                                                                                             
                               ^^^^^^^^^^^^^^^^^^^^^^^^^^^^^^^^^^                                                                                                                             
                      File "/home/erick/Desktop/Projects/sandbox/lib/python3.11/site-packages/docutils/parsers/rst/states.py", line 2785, in underline                                        
                        self.section(title, source, style, lineno - 1, messages)                                                                                                              
                      File "/home/erick/Desktop/Projects/sandbox/lib/python3.11/site-packages/docutils/parsers/rst/states.py", line 325, in section                                           
                        self.new_subsection(title, lineno, messages)                                                                                                                          
                      File "/home/erick/Desktop/Projects/sandbox/lib/python3.11/site-packages/docutils/parsers/rst/states.py", line 391, in new_subsection                                    
                        newabsoffset = self.nested_parse(                                                                                                                                     
                                       ^^^^^^^^^^^^^^^^^^                                                                                                                                     
                      File "/home/erick/Desktop/Projects/sandbox/lib/python3.11/site-packages/docutils/parsers/rst/states.py", line 279, in nested_parse                                      
                        state_machine.run(block, input_offset, memo=self.memo,                                                                                                                
                      File "/home/erick/Desktop/Projects/sandbox/lib/python3.11/site-packages/docutils/parsers/rst/states.py", line 195, in run                                               
                        results = StateMachineWS.run(self, input_lines, input_offset)                                                                                                         
                                  ^^^^^^^^^^^^^^^^^^^^^^^^^^^^^^^^^^^^^^^^^^^^^^^^^^^                                                                                                         
                      File "/home/erick/Desktop/Projects/sandbox/lib/python3.11/site-packages/docutils/statemachine.py", line 233, in run                                                     
                        context, next_state, result = self.check_line(                                                                                                                        
                                                      ^^^^^^^^^^^^^^^^                                                                                                                        
                      File "/home/erick/Desktop/Projects/sandbox/lib/python3.11/site-packages/docutils/statemachine.py", line 445, in check_line                                              
                        return method(match, context, next_state)                                                                                                                             
                               ^^^^^^^^^^^^^^^^^^^^^^^^^^^^^^^^^^                                                                                                                             
                      File "/home/erick/Desktop/Projects/sandbox/lib/python3.11/site-packages/docutils/parsers/rst/states.py", line 2716, in blank                                            
                        paragraph, literalnext = self.paragraph(                                                                                                                              
                                                 ^^^^^^^^^^^^^^^                                                                                                                              
                      File "/home/erick/Desktop/Projects/sandbox/lib/python3.11/site-packages/docutils/parsers/rst/states.py", line 416, in paragraph                                         
                        textnodes, messages = self.inline_text(text, lineno)                                                                                                                  
                                              ^^^^^^^^^^^^^^^^^^^^^^^^^^^^^^                                                                                                                  
                      File "/home/erick/Desktop/Projects/sandbox/lib/python3.11/site-packages/docutils/parsers/rst/states.py", line 425, in inline_text                                       
                        nodes, messages = self.inliner.parse(text, lineno,                                                                                                                    
                                          ^^^^^^^^^^^^^^^^^^^^^^^^^^^^^^^^                                                                                                                    
                      File "/home/erick/Desktop/Projects/sandbox/lib/python3.11/site-packages/docutils/parsers/rst/states.py", line 649, in parse                                             
                        before, inlines, remaining, sysmessages = method(self, match,                                                                                                         
                                                                  ^^^^^^^^^^^^^^^^^^^                                                                                                         
                      File "/home/erick/Desktop/Projects/sandbox/lib/python3.11/site-packages/docutils/parsers/rst/states.py", line 742, in emphasis                                          
                        before, inlines, remaining, sysmessages, endstring = self.inline_obj(                                                                                                 
                                                                             ^^^^^^^^^^^^^^^^                                                                                                 
                      File "/home/erick/Desktop/Projects/sandbox/lib/python3.11/site-packages/docutils/parsers/rst/states.py", line 727, in inline_obj                                        
                        msg = self.reporter.warning(                                                                                                                                          
                              ^^^^^^^^^^^^^^^^^^^^^^                                                                                                                                          
                      File "/home/erick/Desktop/Projects/sandbox/lib/python3.11/site-packages/docutils/utils/__init__.py", line 223, in warning                                               
                        return self.system_message(self.WARNING_LEVEL, *args, **kwargs)                                                                                                       
                               ^^^^^^^^^^^^^^^^^^^^^^^^^^^^^^^^^^^^^^^^^^^^^^^^^^^^^^^^                                                                                                       
                      File "/home/erick/Desktop/Projects/sandbox/lib/python3.11/site-packages/docutils/utils/__init__.py", line 196, in system_message                                        
                        raise SystemMessage(msg, level)                                                                                                                                       
                    docutils.utils.SystemMessage: /home/erick/Desktop/Projects/pythonmarketer.com/content/blog/making-a-python-eyedropper.rst:15: (WARNING/2) Inline emphasis                 
                    start-string without end-string.                                                                                                                                          
           DEBUG    Read file blog/delete-all-your-tweets-with-tweepy-and-the-twitter-api.rst -> Article                                                                        readers.py:547
           ERROR    Could not process blog/delete-all-your-tweets-with-tweepy-and-the-twitter-api.rst                                                                                log.py:96
                    /home/erick/Desktop/Projects/pythonmarketer.com/content/blog/delete-all-your-tweets-with-tweepy-and-the-twitter-api.rst:16: (WARNING/2) Cannot analyze code. No           
                    Pygments lexer found for "wp-block-code".                                                                                                                                 
                    Traceback (most recent call last):                                                                                                                                        
                      File "/home/erick/Desktop/Projects/sandbox/lib/python3.11/site-packages/docutils/utils/code_analyzer.py", line 64, in __init__                                          
                        self.lexer = get_lexer_by_name(self.language)                                                                                                                         
                                     ^^^^^^^^^^^^^^^^^^^^^^^^^^^^^^^^                                                                                                                         
                      File "/home/erick/Desktop/Projects/sandbox/lib/python3.11/site-packages/pygments/lexers/__init__.py", line 131, in get_lexer_by_name                                    
                        raise ClassNotFound('no lexer for alias %r found' % _alias)                                                                                                           
                    pygments.util.ClassNotFound: no lexer for alias 'wp-block-code' found                                                                                                     
                                                                                                                                                                                              
                    During handling of the above exception, another exception occurred:                                                                                                       
                                                                                                                                                                                              
                    Traceback (most recent call last):                                                                                                                                        
                      File "/home/erick/Desktop/Projects/sandbox/lib/python3.11/site-packages/docutils/parsers/rst/directives/body.py", line 159, in run                                      
                        tokens = Lexer('\n'.join(self.content), language,                                                                                                                     
                                 ^^^^^^^^^^^^^^^^^^^^^^^^^^^^^^^^^^^^^^^^                                                                                                                     
                      File "/home/erick/Desktop/Projects/sandbox/lib/python3.11/site-packages/docutils/utils/code_analyzer.py", line 66, in __init__                                          
                        raise LexerError('Cannot analyze code. '                                                                                                                              
                    docutils.utils.code_analyzer.LexerError: Cannot analyze code. No Pygments lexer found for "wp-block-code".                                                                
                                                                                                                                                                                              
                    During handling of the above exception, another exception occurred:                                                                                                       
                                                                                                                                                                                              
                    Traceback (most recent call last):                                                                                                                                        
                      File "/home/erick/Desktop/Projects/sandbox/lib/python3.11/site-packages/docutils/parsers/rst/states.py", line 2154, in run_directive                                    
                        result = directive_instance.run()                                                                                                                                     
                                 ^^^^^^^^^^^^^^^^^^^^^^^^                                                                                                                                     
                      File "/home/erick/Desktop/Projects/sandbox/lib/python3.11/site-packages/docutils/parsers/rst/directives/body.py", line 166, in run                                      
                        raise self.warning(error)                                                                                                                                             
                    docutils.parsers.rst.DirectiveError                                                                                                                                       
                                                                                                                                                                                              
                    During handling of the above exception, another exception occurred:                                                                                                       
                                                                                                                                                                                              
                    Traceback (most recent call last):                                                                                                                                        
                      File "/home/erick/Desktop/Projects/sandbox/lib/python3.11/site-packages/pelican/generators.py", line 627, in generate_context                                           
                        article = self.readers.read_file(                                                                                                                                     
                                  ^^^^^^^^^^^^^^^^^^^^^^^                                                                                                                                     
                      File "/home/erick/Desktop/Projects/sandbox/lib/python3.11/site-packages/pelican/readers.py", line 580, in read_file                                                     
                        content, reader_metadata = reader.read(path)                                                                                                                          
                                                   ^^^^^^^^^^^^^^^^^                                                                                                                          
                      File "/home/erick/Desktop/Projects/sandbox/lib/python3.11/site-packages/pelican/readers.py", line 278, in read                                                          
                        pub = self._get_publisher(source_path)                                                                                                                                
                              ^^^^^^^^^^^^^^^^^^^^^^^^^^^^^^^^                                                                                                                                
                      File "/home/erick/Desktop/Projects/sandbox/lib/python3.11/site-packages/pelican/readers.py", line 273, in _get_publisher                                                
                        pub.publish()                                                                                                                                                         
                      File "/home/erick/Desktop/Projects/sandbox/lib/python3.11/site-packages/docutils/core.py", line 224, in publish                                                         
                        self.document = self.reader.read(self.source, self.parser,                                                                                                            
                                        ^^^^^^^^^^^^^^^^^^^^^^^^^^^^^^^^^^^^^^^^^^                                                                                                            
                      File "/home/erick/Desktop/Projects/sandbox/lib/python3.11/site-packages/docutils/readers/__init__.py", line 70, in read                                                 
                        self.parse()                                                                                                                                                          
                      File "/home/erick/Desktop/Projects/sandbox/lib/python3.11/site-packages/docutils/readers/__init__.py", line 76, in parse                                                
                        self.parser.parse(self.input, document)                                                                                                                               
                      File "/home/erick/Desktop/Projects/sandbox/lib/python3.11/site-packages/docutils/parsers/rst/__init__.py", line 185, in parse                                           
                        self.statemachine.run(inputlines, document, inliner=self.inliner)                                                                                                     
                      File "/home/erick/Desktop/Projects/sandbox/lib/python3.11/site-packages/docutils/parsers/rst/states.py", line 169, in run                                               
                        results = StateMachineWS.run(self, input_lines, input_offset,                                                                                                         
                                  ^^^^^^^^^^^^^^^^^^^^^^^^^^^^^^^^^^^^^^^^^^^^^^^^^^^                                                                                                         
                      File "/home/erick/Desktop/Projects/sandbox/lib/python3.11/site-packages/docutils/statemachine.py", line 233, in run                                                     
                        context, next_state, result = self.check_line(                                                                                                                        
                                                      ^^^^^^^^^^^^^^^^                                                                                                                        
                      File "/home/erick/Desktop/Projects/sandbox/lib/python3.11/site-packages/docutils/statemachine.py", line 445, in check_line                                              
                        return method(match, context, next_state)                                                                                                                             
                               ^^^^^^^^^^^^^^^^^^^^^^^^^^^^^^^^^^                                                                                                                             
                      File "/home/erick/Desktop/Projects/sandbox/lib/python3.11/site-packages/docutils/parsers/rst/states.py", line 2785, in underline                                        
                        self.section(title, source, style, lineno - 1, messages)                                                                                                              
                      File "/home/erick/Desktop/Projects/sandbox/lib/python3.11/site-packages/docutils/parsers/rst/states.py", line 325, in section                                           
                        self.new_subsection(title, lineno, messages)                                                                                                                          
                      File "/home/erick/Desktop/Projects/sandbox/lib/python3.11/site-packages/docutils/parsers/rst/states.py", line 391, in new_subsection                                    
                        newabsoffset = self.nested_parse(                                                                                                                                     
                                       ^^^^^^^^^^^^^^^^^^                                                                                                                                     
                      File "/home/erick/Desktop/Projects/sandbox/lib/python3.11/site-packages/docutils/parsers/rst/states.py", line 279, in nested_parse                                      
                        state_machine.run(block, input_offset, memo=self.memo,                                                                                                                
                      File "/home/erick/Desktop/Projects/sandbox/lib/python3.11/site-packages/docutils/parsers/rst/states.py", line 195, in run                                               
                        results = StateMachineWS.run(self, input_lines, input_offset)                                                                                                         
                                  ^^^^^^^^^^^^^^^^^^^^^^^^^^^^^^^^^^^^^^^^^^^^^^^^^^^                                                                                                         
                      File "/home/erick/Desktop/Projects/sandbox/lib/python3.11/site-packages/docutils/statemachine.py", line 233, in run                                                     
                        context, next_state, result = self.check_line(                                                                                                                        
                                                      ^^^^^^^^^^^^^^^^                                                                                                                        
                      File "/home/erick/Desktop/Projects/sandbox/lib/python3.11/site-packages/docutils/statemachine.py", line 445, in check_line                                              
                        return method(match, context, next_state)                                                                                                                             
                               ^^^^^^^^^^^^^^^^^^^^^^^^^^^^^^^^^^                                                                                                                             
                      File "/home/erick/Desktop/Projects/sandbox/lib/python3.11/site-packages/docutils/parsers/rst/states.py", line 2355, in explicit_markup                                  
                        nodelist, blank_finish = self.explicit_construct(match)                                                                                                               
                                                 ^^^^^^^^^^^^^^^^^^^^^^^^^^^^^^                                                                                                               
                      File "/home/erick/Desktop/Projects/sandbox/lib/python3.11/site-packages/docutils/parsers/rst/states.py", line 2367, in explicit_construct                               
                        return method(self, expmatch)                                                                                                                                         
                               ^^^^^^^^^^^^^^^^^^^^^^                                                                                                                                         
                      File "/home/erick/Desktop/Projects/sandbox/lib/python3.11/site-packages/docutils/parsers/rst/states.py", line 2104, in directive                                        
                        return self.run_directive(                                                                                                                                            
                               ^^^^^^^^^^^^^^^^^^^                                                                                                                                            
                      File "/home/erick/Desktop/Projects/sandbox/lib/python3.11/site-packages/docutils/parsers/rst/states.py", line 2156, in run_directive                                    
                        msg_node = self.reporter.system_message(error.level, error.msg,                                                                                                       
                                   ^^^^^^^^^^^^^^^^^^^^^^^^^^^^^^^^^^^^^^^^^^^^^^^^^^^^                                                                                                       
                      File "/home/erick/Desktop/Projects/sandbox/lib/python3.11/site-packages/docutils/utils/__init__.py", line 196, in system_message                                        
                        raise SystemMessage(msg, level)                                                                                                                                       
                    docutils.utils.SystemMessage: /home/erick/Desktop/Projects/pythonmarketer.com/content/blog/delete-all-your-tweets-with-tweepy-and-the-twitter-api.rst:16:                 
                    (WARNING/2) Cannot analyze code. No Pygments lexer found for "wp-block-code".                                                                                             
           DEBUG    Read file blog/yoast-api-python-example-with-requests-pandas.rst -> Article                                                                                 readers.py:547
           ERROR    Could not process blog/yoast-api-python-example-with-requests-pandas.rst                                                                                         log.py:96
                    /home/erick/Desktop/Projects/pythonmarketer.com/content/blog/yoast-api-python-example-with-requests-pandas.rst:12: (WARNING/2) Cannot analyze code. No Pygments           
                    lexer found for "wp-block-syntaxhighlighter-code".                                                                                                                        
                    Traceback (most recent call last):                                                                                                                                        
                      File "/home/erick/Desktop/Projects/sandbox/lib/python3.11/site-packages/docutils/utils/code_analyzer.py", line 64, in __init__                                          
                        self.lexer = get_lexer_by_name(self.language)                                                                                                                         
                                     ^^^^^^^^^^^^^^^^^^^^^^^^^^^^^^^^                                                                                                                         
                      File "/home/erick/Desktop/Projects/sandbox/lib/python3.11/site-packages/pygments/lexers/__init__.py", line 131, in get_lexer_by_name                                    
                        raise ClassNotFound('no lexer for alias %r found' % _alias)                                                                                                           
                    pygments.util.ClassNotFound: no lexer for alias 'wp-block-syntaxhighlighter-code' found                                                                                   
                                                                                                                                                                                              
                    During handling of the above exception, another exception occurred:                                                                                                       
                                                                                                                                                                                              
                    Traceback (most recent call last):                                                                                                                                        
                      File "/home/erick/Desktop/Projects/sandbox/lib/python3.11/site-packages/docutils/parsers/rst/directives/body.py", line 159, in run                                      
                        tokens = Lexer('\n'.join(self.content), language,                                                                                                                     
                                 ^^^^^^^^^^^^^^^^^^^^^^^^^^^^^^^^^^^^^^^^                                                                                                                     
                      File "/home/erick/Desktop/Projects/sandbox/lib/python3.11/site-packages/docutils/utils/code_analyzer.py", line 66, in __init__                                          
                        raise LexerError('Cannot analyze code. '                                                                                                                              
                    docutils.utils.code_analyzer.LexerError: Cannot analyze code. No Pygments lexer found for "wp-block-syntaxhighlighter-code".                                              
                                                                                                                                                                                              
                    During handling of the above exception, another exception occurred:                                                                                                       
                                                                                                                                                                                              
                    Traceback (most recent call last):                                                                                                                                        
                      File "/home/erick/Desktop/Projects/sandbox/lib/python3.11/site-packages/docutils/parsers/rst/states.py", line 2154, in run_directive                                    
                        result = directive_instance.run()                                                                                                                                     
                                 ^^^^^^^^^^^^^^^^^^^^^^^^                                                                                                                                     
                      File "/home/erick/Desktop/Projects/sandbox/lib/python3.11/site-packages/docutils/parsers/rst/directives/body.py", line 166, in run                                      
                        raise self.warning(error)                                                                                                                                             
                    docutils.parsers.rst.DirectiveError                                                                                                                                       
                                                                                                                                                                                              
                    During handling of the above exception, another exception occurred:                                                                                                       
                                                                                                                                                                                              
                    Traceback (most recent call last):                                                                                                                                        
                      File "/home/erick/Desktop/Projects/sandbox/lib/python3.11/site-packages/pelican/generators.py", line 627, in generate_context                                           
                        article = self.readers.read_file(                                                                                                                                     
                                  ^^^^^^^^^^^^^^^^^^^^^^^                                                                                                                                     
                      File "/home/erick/Desktop/Projects/sandbox/lib/python3.11/site-packages/pelican/readers.py", line 580, in read_file                                                     
                        content, reader_metadata = reader.read(path)                                                                                                                          
                                                   ^^^^^^^^^^^^^^^^^                                                                                                                          
                      File "/home/erick/Desktop/Projects/sandbox/lib/python3.11/site-packages/pelican/readers.py", line 278, in read                                                          
                        pub = self._get_publisher(source_path)                                                                                                                                
                              ^^^^^^^^^^^^^^^^^^^^^^^^^^^^^^^^                                                                                                                                
                      File "/home/erick/Desktop/Projects/sandbox/lib/python3.11/site-packages/pelican/readers.py", line 273, in _get_publisher                                                
                        pub.publish()                                                                                                                                                         
                      File "/home/erick/Desktop/Projects/sandbox/lib/python3.11/site-packages/docutils/core.py", line 224, in publish                                                         
                        self.document = self.reader.read(self.source, self.parser,                                                                                                            
                                        ^^^^^^^^^^^^^^^^^^^^^^^^^^^^^^^^^^^^^^^^^^                                                                                                            
                      File "/home/erick/Desktop/Projects/sandbox/lib/python3.11/site-packages/docutils/readers/__init__.py", line 70, in read                                                 
                        self.parse()                                                                                                                                                          
                      File "/home/erick/Desktop/Projects/sandbox/lib/python3.11/site-packages/docutils/readers/__init__.py", line 76, in parse                                                
                        self.parser.parse(self.input, document)                                                                                                                               
                      File "/home/erick/Desktop/Projects/sandbox/lib/python3.11/site-packages/docutils/parsers/rst/__init__.py", line 185, in parse                                           
                        self.statemachine.run(inputlines, document, inliner=self.inliner)                                                                                                     
                      File "/home/erick/Desktop/Projects/sandbox/lib/python3.11/site-packages/docutils/parsers/rst/states.py", line 169, in run                                               
                        results = StateMachineWS.run(self, input_lines, input_offset,                                                                                                         
                                  ^^^^^^^^^^^^^^^^^^^^^^^^^^^^^^^^^^^^^^^^^^^^^^^^^^^                                                                                                         
                      File "/home/erick/Desktop/Projects/sandbox/lib/python3.11/site-packages/docutils/statemachine.py", line 233, in run                                                     
                        context, next_state, result = self.check_line(                                                                                                                        
                                                      ^^^^^^^^^^^^^^^^                                                                                                                        
                      File "/home/erick/Desktop/Projects/sandbox/lib/python3.11/site-packages/docutils/statemachine.py", line 445, in check_line                                              
                        return method(match, context, next_state)                                                                                                                             
                               ^^^^^^^^^^^^^^^^^^^^^^^^^^^^^^^^^^                                                                                                                             
                      File "/home/erick/Desktop/Projects/sandbox/lib/python3.11/site-packages/docutils/parsers/rst/states.py", line 2785, in underline                                        
                        self.section(title, source, style, lineno - 1, messages)                                                                                                              
                      File "/home/erick/Desktop/Projects/sandbox/lib/python3.11/site-packages/docutils/parsers/rst/states.py", line 325, in section                                           
                        self.new_subsection(title, lineno, messages)                                                                                                                          
                      File "/home/erick/Desktop/Projects/sandbox/lib/python3.11/site-packages/docutils/parsers/rst/states.py", line 391, in new_subsection                                    
                        newabsoffset = self.nested_parse(                                                                                                                                     
                                       ^^^^^^^^^^^^^^^^^^                                                                                                                                     
                      File "/home/erick/Desktop/Projects/sandbox/lib/python3.11/site-packages/docutils/parsers/rst/states.py", line 279, in nested_parse                                      
                        state_machine.run(block, input_offset, memo=self.memo,                                                                                                                
                      File "/home/erick/Desktop/Projects/sandbox/lib/python3.11/site-packages/docutils/parsers/rst/states.py", line 195, in run                                               
                        results = StateMachineWS.run(self, input_lines, input_offset)                                                                                                         
                                  ^^^^^^^^^^^^^^^^^^^^^^^^^^^^^^^^^^^^^^^^^^^^^^^^^^^                                                                                                         
                      File "/home/erick/Desktop/Projects/sandbox/lib/python3.11/site-packages/docutils/statemachine.py", line 233, in run                                                     
                        context, next_state, result = self.check_line(                                                                                                                        
                                                      ^^^^^^^^^^^^^^^^                                                                                                                        
                      File "/home/erick/Desktop/Projects/sandbox/lib/python3.11/site-packages/docutils/statemachine.py", line 445, in check_line                                              
                        return method(match, context, next_state)                                                                                                                             
                               ^^^^^^^^^^^^^^^^^^^^^^^^^^^^^^^^^^                                                                                                                             
                      File "/home/erick/Desktop/Projects/sandbox/lib/python3.11/site-packages/docutils/parsers/rst/states.py", line 2355, in explicit_markup                                  
                        nodelist, blank_finish = self.explicit_construct(match)                                                                                                               
                                                 ^^^^^^^^^^^^^^^^^^^^^^^^^^^^^^                                                                                                               
                      File "/home/erick/Desktop/Projects/sandbox/lib/python3.11/site-packages/docutils/parsers/rst/states.py", line 2367, in explicit_construct                               
                        return method(self, expmatch)                                                                                                                                         
                               ^^^^^^^^^^^^^^^^^^^^^^                                                                                                                                         
                      File "/home/erick/Desktop/Projects/sandbox/lib/python3.11/site-packages/docutils/parsers/rst/states.py", line 2104, in directive                                        
                        return self.run_directive(                                                                                                                                            
                               ^^^^^^^^^^^^^^^^^^^                                                                                                                                            
                      File "/home/erick/Desktop/Projects/sandbox/lib/python3.11/site-packages/docutils/parsers/rst/states.py", line 2156, in run_directive                                    
                        msg_node = self.reporter.system_message(error.level, error.msg,                                                                                                       
                                   ^^^^^^^^^^^^^^^^^^^^^^^^^^^^^^^^^^^^^^^^^^^^^^^^^^^^                                                                                                       
                      File "/home/erick/Desktop/Projects/sandbox/lib/python3.11/site-packages/docutils/utils/__init__.py", line 196, in system_message                                        
                        raise SystemMessage(msg, level)                                                                                                                                       
                    docutils.utils.SystemMessage: /home/erick/Desktop/Projects/pythonmarketer.com/content/blog/yoast-api-python-example-with-requests-pandas.rst:12: (WARNING/2)              
                    Cannot analyze code. No Pygments lexer found for "wp-block-syntaxhighlighter-code".                                                                                       
           DEBUG    Read file blog/1910.rst -> Article                                                                                                                          readers.py:547
           DEBUG    Read file blog/1928.rst -> Article                                                                                                                          readers.py:547
           DEBUG    Read file blog/bc2cedf98f1081feefb0c80e2d2d4e2c.rst -> Article                                                                                              readers.py:547
           DEBUG    Read file blog/1518.rst -> Article                                                                                                                          readers.py:547
           ERROR    Could not process blog/1518.rst                                                                                                                                  log.py:96
                    /home/erick/Desktop/Projects/pythonmarketer.com/content/blog/1518.rst:37: (WARNING/2) Inline strong start-string without end-string.                                      
                    Traceback (most recent call last):                                                                                                                                        
                      File "/home/erick/Desktop/Projects/sandbox/lib/python3.11/site-packages/pelican/generators.py", line 627, in generate_context                                           
                        article = self.readers.read_file(                                                                                                                                     
                                  ^^^^^^^^^^^^^^^^^^^^^^^                                                                                                                                     
                      File "/home/erick/Desktop/Projects/sandbox/lib/python3.11/site-packages/pelican/readers.py", line 580, in read_file                                                     
                        content, reader_metadata = reader.read(path)                                                                                                                          
                                                   ^^^^^^^^^^^^^^^^^                                                                                                                          
                      File "/home/erick/Desktop/Projects/sandbox/lib/python3.11/site-packages/pelican/readers.py", line 278, in read                                                          
                        pub = self._get_publisher(source_path)                                                                                                                                
                              ^^^^^^^^^^^^^^^^^^^^^^^^^^^^^^^^                                                                                                                                
                      File "/home/erick/Desktop/Projects/sandbox/lib/python3.11/site-packages/pelican/readers.py", line 273, in _get_publisher                                                
                        pub.publish()                                                                                                                                                         
                      File "/home/erick/Desktop/Projects/sandbox/lib/python3.11/site-packages/docutils/core.py", line 224, in publish                                                         
                        self.document = self.reader.read(self.source, self.parser,                                                                                                            
                                        ^^^^^^^^^^^^^^^^^^^^^^^^^^^^^^^^^^^^^^^^^^                                                                                                            
                      File "/home/erick/Desktop/Projects/sandbox/lib/python3.11/site-packages/docutils/readers/__init__.py", line 70, in read                                                 
                        self.parse()                                                                                                                                                          
                      File "/home/erick/Desktop/Projects/sandbox/lib/python3.11/site-packages/docutils/readers/__init__.py", line 76, in parse                                                
                        self.parser.parse(self.input, document)                                                                                                                               
                      File "/home/erick/Desktop/Projects/sandbox/lib/python3.11/site-packages/docutils/parsers/rst/__init__.py", line 185, in parse                                           
                        self.statemachine.run(inputlines, document, inliner=self.inliner)                                                                                                     
                      File "/home/erick/Desktop/Projects/sandbox/lib/python3.11/site-packages/docutils/parsers/rst/states.py", line 169, in run                                               
                        results = StateMachineWS.run(self, input_lines, input_offset,                                                                                                         
                                  ^^^^^^^^^^^^^^^^^^^^^^^^^^^^^^^^^^^^^^^^^^^^^^^^^^^                                                                                                         
                      File "/home/erick/Desktop/Projects/sandbox/lib/python3.11/site-packages/docutils/statemachine.py", line 233, in run                                                     
                        context, next_state, result = self.check_line(                                                                                                                        
                                                      ^^^^^^^^^^^^^^^^                                                                                                                        
                      File "/home/erick/Desktop/Projects/sandbox/lib/python3.11/site-packages/docutils/statemachine.py", line 445, in check_line                                              
                        return method(match, context, next_state)                                                                                                                             
                               ^^^^^^^^^^^^^^^^^^^^^^^^^^^^^^^^^^                                                                                                                             
                      File "/home/erick/Desktop/Projects/sandbox/lib/python3.11/site-packages/docutils/parsers/rst/states.py", line 2785, in underline                                        
                        self.section(title, source, style, lineno - 1, messages)                                                                                                              
                      File "/home/erick/Desktop/Projects/sandbox/lib/python3.11/site-packages/docutils/parsers/rst/states.py", line 325, in section                                           
                        self.new_subsection(title, lineno, messages)                                                                                                                          
                      File "/home/erick/Desktop/Projects/sandbox/lib/python3.11/site-packages/docutils/parsers/rst/states.py", line 391, in new_subsection                                    
                        newabsoffset = self.nested_parse(                                                                                                                                     
                                       ^^^^^^^^^^^^^^^^^^                                                                                                                                     
                      File "/home/erick/Desktop/Projects/sandbox/lib/python3.11/site-packages/docutils/parsers/rst/states.py", line 279, in nested_parse                                      
                        state_machine.run(block, input_offset, memo=self.memo,                                                                                                                
                      File "/home/erick/Desktop/Projects/sandbox/lib/python3.11/site-packages/docutils/parsers/rst/states.py", line 195, in run                                               
                        results = StateMachineWS.run(self, input_lines, input_offset)                                                                                                         
                                  ^^^^^^^^^^^^^^^^^^^^^^^^^^^^^^^^^^^^^^^^^^^^^^^^^^^                                                                                                         
                      File "/home/erick/Desktop/Projects/sandbox/lib/python3.11/site-packages/docutils/statemachine.py", line 233, in run                                                     
                        context, next_state, result = self.check_line(                                                                                                                        
                                                      ^^^^^^^^^^^^^^^^                                                                                                                        
                      File "/home/erick/Desktop/Projects/sandbox/lib/python3.11/site-packages/docutils/statemachine.py", line 445, in check_line                                              
                        return method(match, context, next_state)                                                                                                                             
                               ^^^^^^^^^^^^^^^^^^^^^^^^^^^^^^^^^^                                                                                                                             
                      File "/home/erick/Desktop/Projects/sandbox/lib/python3.11/site-packages/docutils/parsers/rst/states.py", line 2716, in blank                                            
                        paragraph, literalnext = self.paragraph(                                                                                                                              
                                                 ^^^^^^^^^^^^^^^                                                                                                                              
                      File "/home/erick/Desktop/Projects/sandbox/lib/python3.11/site-packages/docutils/parsers/rst/states.py", line 416, in paragraph                                         
                        textnodes, messages = self.inline_text(text, lineno)                                                                                                                  
                                              ^^^^^^^^^^^^^^^^^^^^^^^^^^^^^^                                                                                                                  
                      File "/home/erick/Desktop/Projects/sandbox/lib/python3.11/site-packages/docutils/parsers/rst/states.py", line 425, in inline_text                                       
                        nodes, messages = self.inliner.parse(text, lineno,                                                                                                                    
                                          ^^^^^^^^^^^^^^^^^^^^^^^^^^^^^^^^                                                                                                                    
                      File "/home/erick/Desktop/Projects/sandbox/lib/python3.11/site-packages/docutils/parsers/rst/states.py", line 649, in parse                                             
                        before, inlines, remaining, sysmessages = method(self, match,                                                                                                         
                                                                  ^^^^^^^^^^^^^^^^^^^                                                                                                         
                      File "/home/erick/Desktop/Projects/sandbox/lib/python3.11/site-packages/docutils/parsers/rst/states.py", line 747, in strong                                            
                        before, inlines, remaining, sysmessages, endstring = self.inline_obj(                                                                                                 
                                                                             ^^^^^^^^^^^^^^^^                                                                                                 
                      File "/home/erick/Desktop/Projects/sandbox/lib/python3.11/site-packages/docutils/parsers/rst/states.py", line 727, in inline_obj                                        
                        msg = self.reporter.warning(                                                                                                                                          
                              ^^^^^^^^^^^^^^^^^^^^^^                                                                                                                                          
                      File "/home/erick/Desktop/Projects/sandbox/lib/python3.11/site-packages/docutils/utils/__init__.py", line 223, in warning                                               
                        return self.system_message(self.WARNING_LEVEL, *args, **kwargs)                                                                                                       
                               ^^^^^^^^^^^^^^^^^^^^^^^^^^^^^^^^^^^^^^^^^^^^^^^^^^^^^^^^                                                                                                       
                      File "/home/erick/Desktop/Projects/sandbox/lib/python3.11/site-packages/docutils/utils/__init__.py", line 196, in system_message                                        
                        raise SystemMessage(msg, level)                                                                                                                                       
                    docutils.utils.SystemMessage: /home/erick/Desktop/Projects/pythonmarketer.com/content/blog/1518.rst:37: (WARNING/2) Inline strong start-string without                    
                    end-string.                                                                                                                                                               
           DEBUG    Read file blog/comparing-text-editors-on-ubuntu-atom-emacs-sublime-vim-vs-code.rst -> Article                                                               readers.py:547
           DEBUG    Read file blog/5687.rst -> Article                                                                                                                          readers.py:547
           DEBUG    Read file blog/an-ode-to-code.rst -> Article                                                                                                                readers.py:547
           DEBUG    Read file blog/getting-started-with-web2py.rst -> Article                                                                                                   readers.py:547
           DEBUG    Read file blog/inserting-new-records-into-a-microsoft-access-database-with-python.rst -> Article                                                            readers.py:547
           DEBUG    Read file blog/blog_post-listcool_python_things.rst -> Article                                                                                              readers.py:547
           DEBUG    Read file blog/copying-a-csv-file-to-google-sheets-with-pygsheets.rst -> Article                                                                            readers.py:547
           ERROR    Could not process blog/copying-a-csv-file-to-google-sheets-with-pygsheets.rst                                                                                    log.py:96
                    /home/erick/Desktop/Projects/pythonmarketer.com/content/blog/copying-a-csv-file-to-google-sheets-with-pygsheets.rst:8: (WARNING/2) Cannot extract compound                
                    bibliographic field "status".                                                                                                                                             
                    Traceback (most recent call last):                                                                                                                                        
                      File "/home/erick/Desktop/Projects/sandbox/lib/python3.11/site-packages/pelican/generators.py", line 627, in generate_context                                           
                        article = self.readers.read_file(                                                                                                                                     
                                  ^^^^^^^^^^^^^^^^^^^^^^^                                                                                                                                     
                      File "/home/erick/Desktop/Projects/sandbox/lib/python3.11/site-packages/pelican/readers.py", line 580, in read_file                                                     
                        content, reader_metadata = reader.read(path)                                                                                                                          
                                                   ^^^^^^^^^^^^^^^^^                                                                                                                          
                      File "/home/erick/Desktop/Projects/sandbox/lib/python3.11/site-packages/pelican/readers.py", line 278, in read                                                          
                        pub = self._get_publisher(source_path)                                                                                                                                
                              ^^^^^^^^^^^^^^^^^^^^^^^^^^^^^^^^                                                                                                                                
                      File "/home/erick/Desktop/Projects/sandbox/lib/python3.11/site-packages/pelican/readers.py", line 273, in _get_publisher                                                
                        pub.publish()                                                                                                                                                         
                      File "/home/erick/Desktop/Projects/sandbox/lib/python3.11/site-packages/docutils/core.py", line 226, in publish                                                         
                        self.apply_transforms()                                                                                                                                               
                      File "/home/erick/Desktop/Projects/sandbox/lib/python3.11/site-packages/docutils/core.py", line 206, in apply_transforms                                                
                        self.document.transformer.apply_transforms()                                                                                                                          
                      File "/home/erick/Desktop/Projects/sandbox/lib/python3.11/site-packages/docutils/transforms/__init__.py", line 173, in apply_transforms                                 
                        transform.apply(**kwargs)                                                                                                                                             
                      File "/home/erick/Desktop/Projects/sandbox/lib/python3.11/site-packages/docutils/transforms/frontmatter.py", line 395, in apply                                         
                        nodelist = self.extract_bibliographic(candidate)                                                                                                                      
                                   ^^^^^^^^^^^^^^^^^^^^^^^^^^^^^^^^^^^^^                                                                                                                      
                      File "/home/erick/Desktop/Projects/sandbox/lib/python3.11/site-packages/docutils/transforms/frontmatter.py", line 414, in extract_bibliographic                         
                        if not self.check_compound_biblio_field(field, name):                                                                                                                 
                               ^^^^^^^^^^^^^^^^^^^^^^^^^^^^^^^^^^^^^^^^^^^^^                                                                                                                  
                      File "/home/erick/Desktop/Projects/sandbox/lib/python3.11/site-packages/docutils/transforms/frontmatter.py", line 461, in check_compound_biblio_field                   
                        field[-1] += self.document.reporter.warning(                                                                                                                          
                                     ^^^^^^^^^^^^^^^^^^^^^^^^^^^^^^^                                                                                                                          
                      File "/home/erick/Desktop/Projects/sandbox/lib/python3.11/site-packages/docutils/utils/__init__.py", line 223, in warning                                               
                        return self.system_message(self.WARNING_LEVEL, *args, **kwargs)                                                                                                       
                               ^^^^^^^^^^^^^^^^^^^^^^^^^^^^^^^^^^^^^^^^^^^^^^^^^^^^^^^^                                                                                                       
                      File "/home/erick/Desktop/Projects/sandbox/lib/python3.11/site-packages/docutils/utils/__init__.py", line 196, in system_message                                        
                        raise SystemMessage(msg, level)                                                                                                                                       
                    docutils.utils.SystemMessage: /home/erick/Desktop/Projects/pythonmarketer.com/content/blog/copying-a-csv-file-to-google-sheets-with-pygsheets.rst:8: (WARNING/2)          
                    Cannot extract compound bibliographic field "status".                                                                                                                     
           DEBUG    Read file blog/installing-debian-9-stretch-linux-os-on-a-dell-inspiron-laptop-and-troubleshooting-wifi.rst -> Article                                       readers.py:547
           ERROR    Could not process blog/installing-debian-9-stretch-linux-os-on-a-dell-inspiron-laptop-and-troubleshooting-wifi.rst                                               log.py:96
                    /home/erick/Desktop/Projects/pythonmarketer.com/content/blog/installing-debian-9-stretch-linux-os-on-a-dell-inspiron-laptop-and-troubleshooting-wifi.rst:26:              
                    (WARNING/2) Inline strong start-string without end-string.                                                                                                                
                    Traceback (most recent call last):                                                                                                                                        
                      File "/home/erick/Desktop/Projects/sandbox/lib/python3.11/site-packages/pelican/generators.py", line 627, in generate_context                                           
                        article = self.readers.read_file(                                                                                                                                     
                                  ^^^^^^^^^^^^^^^^^^^^^^^                                                                                                                                     
                      File "/home/erick/Desktop/Projects/sandbox/lib/python3.11/site-packages/pelican/readers.py", line 580, in read_file                                                     
                        content, reader_metadata = reader.read(path)                                                                                                                          
                                                   ^^^^^^^^^^^^^^^^^                                                                                                                          
                      File "/home/erick/Desktop/Projects/sandbox/lib/python3.11/site-packages/pelican/readers.py", line 278, in read                                                          
                        pub = self._get_publisher(source_path)                                                                                                                                
                              ^^^^^^^^^^^^^^^^^^^^^^^^^^^^^^^^                                                                                                                                
                      File "/home/erick/Desktop/Projects/sandbox/lib/python3.11/site-packages/pelican/readers.py", line 273, in _get_publisher                                                
                        pub.publish()                                                                                                                                                         
                      File "/home/erick/Desktop/Projects/sandbox/lib/python3.11/site-packages/docutils/core.py", line 224, in publish                                                         
                        self.document = self.reader.read(self.source, self.parser,                                                                                                            
                                        ^^^^^^^^^^^^^^^^^^^^^^^^^^^^^^^^^^^^^^^^^^                                                                                                            
                      File "/home/erick/Desktop/Projects/sandbox/lib/python3.11/site-packages/docutils/readers/__init__.py", line 70, in read                                                 
                        self.parse()                                                                                                                                                          
                      File "/home/erick/Desktop/Projects/sandbox/lib/python3.11/site-packages/docutils/readers/__init__.py", line 76, in parse                                                
                        self.parser.parse(self.input, document)                                                                                                                               
                      File "/home/erick/Desktop/Projects/sandbox/lib/python3.11/site-packages/docutils/parsers/rst/__init__.py", line 185, in parse                                           
                        self.statemachine.run(inputlines, document, inliner=self.inliner)                                                                                                     
                      File "/home/erick/Desktop/Projects/sandbox/lib/python3.11/site-packages/docutils/parsers/rst/states.py", line 169, in run                                               
                        results = StateMachineWS.run(self, input_lines, input_offset,                                                                                                         
                                  ^^^^^^^^^^^^^^^^^^^^^^^^^^^^^^^^^^^^^^^^^^^^^^^^^^^                                                                                                         
                      File "/home/erick/Desktop/Projects/sandbox/lib/python3.11/site-packages/docutils/statemachine.py", line 233, in run                                                     
                        context, next_state, result = self.check_line(                                                                                                                        
                                                      ^^^^^^^^^^^^^^^^                                                                                                                        
                      File "/home/erick/Desktop/Projects/sandbox/lib/python3.11/site-packages/docutils/statemachine.py", line 445, in check_line                                              
                        return method(match, context, next_state)                                                                                                                             
                               ^^^^^^^^^^^^^^^^^^^^^^^^^^^^^^^^^^                                                                                                                             
                      File "/home/erick/Desktop/Projects/sandbox/lib/python3.11/site-packages/docutils/parsers/rst/states.py", line 2785, in underline                                        
                        self.section(title, source, style, lineno - 1, messages)                                                                                                              
                      File "/home/erick/Desktop/Projects/sandbox/lib/python3.11/site-packages/docutils/parsers/rst/states.py", line 325, in section                                           
                        self.new_subsection(title, lineno, messages)                                                                                                                          
                      File "/home/erick/Desktop/Projects/sandbox/lib/python3.11/site-packages/docutils/parsers/rst/states.py", line 391, in new_subsection                                    
                        newabsoffset = self.nested_parse(                                                                                                                                     
                                       ^^^^^^^^^^^^^^^^^^                                                                                                                                     
                      File "/home/erick/Desktop/Projects/sandbox/lib/python3.11/site-packages/docutils/parsers/rst/states.py", line 279, in nested_parse                                      
                        state_machine.run(block, input_offset, memo=self.memo,                                                                                                                
                      File "/home/erick/Desktop/Projects/sandbox/lib/python3.11/site-packages/docutils/parsers/rst/states.py", line 195, in run                                               
                        results = StateMachineWS.run(self, input_lines, input_offset)                                                                                                         
                                  ^^^^^^^^^^^^^^^^^^^^^^^^^^^^^^^^^^^^^^^^^^^^^^^^^^^                                                                                                         
                      File "/home/erick/Desktop/Projects/sandbox/lib/python3.11/site-packages/docutils/statemachine.py", line 233, in run                                                     
                        context, next_state, result = self.check_line(                                                                                                                        
                                                      ^^^^^^^^^^^^^^^^                                                                                                                        
                      File "/home/erick/Desktop/Projects/sandbox/lib/python3.11/site-packages/docutils/statemachine.py", line 445, in check_line                                              
                        return method(match, context, next_state)                                                                                                                             
                               ^^^^^^^^^^^^^^^^^^^^^^^^^^^^^^^^^^                                                                                                                             
                      File "/home/erick/Desktop/Projects/sandbox/lib/python3.11/site-packages/docutils/parsers/rst/states.py", line 2785, in underline                                        
                        self.section(title, source, style, lineno - 1, messages)                                                                                                              
                      File "/home/erick/Desktop/Projects/sandbox/lib/python3.11/site-packages/docutils/parsers/rst/states.py", line 325, in section                                           
                        self.new_subsection(title, lineno, messages)                                                                                                                          
                      File "/home/erick/Desktop/Projects/sandbox/lib/python3.11/site-packages/docutils/parsers/rst/states.py", line 391, in new_subsection                                    
                        newabsoffset = self.nested_parse(                                                                                                                                     
                                       ^^^^^^^^^^^^^^^^^^                                                                                                                                     
                      File "/home/erick/Desktop/Projects/sandbox/lib/python3.11/site-packages/docutils/parsers/rst/states.py", line 279, in nested_parse                                      
                        state_machine.run(block, input_offset, memo=self.memo,                                                                                                                
                      File "/home/erick/Desktop/Projects/sandbox/lib/python3.11/site-packages/docutils/parsers/rst/states.py", line 195, in run                                               
                        results = StateMachineWS.run(self, input_lines, input_offset)                                                                                                         
                                  ^^^^^^^^^^^^^^^^^^^^^^^^^^^^^^^^^^^^^^^^^^^^^^^^^^^                                                                                                         
                      File "/home/erick/Desktop/Projects/sandbox/lib/python3.11/site-packages/docutils/statemachine.py", line 233, in run                                                     
                        context, next_state, result = self.check_line(                                                                                                                        
                                                      ^^^^^^^^^^^^^^^^                                                                                                                        
                      File "/home/erick/Desktop/Projects/sandbox/lib/python3.11/site-packages/docutils/statemachine.py", line 445, in check_line                                              
                        return method(match, context, next_state)                                                                                                                             
                               ^^^^^^^^^^^^^^^^^^^^^^^^^^^^^^^^^^                                                                                                                             
                      File "/home/erick/Desktop/Projects/sandbox/lib/python3.11/site-packages/docutils/parsers/rst/states.py", line 2799, in text                                             
                        paragraph, literalnext = self.paragraph(lines, startline)                                                                                                             
                                                 ^^^^^^^^^^^^^^^^^^^^^^^^^^^^^^^^                                                                                                             
                      File "/home/erick/Desktop/Projects/sandbox/lib/python3.11/site-packages/docutils/parsers/rst/states.py", line 416, in paragraph                                         
                        textnodes, messages = self.inline_text(text, lineno)                                                                                                                  
                                              ^^^^^^^^^^^^^^^^^^^^^^^^^^^^^^                                                                                                                  
                      File "/home/erick/Desktop/Projects/sandbox/lib/python3.11/site-packages/docutils/parsers/rst/states.py", line 425, in inline_text                                       
                        nodes, messages = self.inliner.parse(text, lineno,                                                                                                                    
                                          ^^^^^^^^^^^^^^^^^^^^^^^^^^^^^^^^                                                                                                                    
                      File "/home/erick/Desktop/Projects/sandbox/lib/python3.11/site-packages/docutils/parsers/rst/states.py", line 649, in parse                                             
                        before, inlines, remaining, sysmessages = method(self, match,                                                                                                         
                                                                  ^^^^^^^^^^^^^^^^^^^                                                                                                         
                      File "/home/erick/Desktop/Projects/sandbox/lib/python3.11/site-packages/docutils/parsers/rst/states.py", line 747, in strong                                            
                        before, inlines, remaining, sysmessages, endstring = self.inline_obj(                                                                                                 
                                                                             ^^^^^^^^^^^^^^^^                                                                                                 
                      File "/home/erick/Desktop/Projects/sandbox/lib/python3.11/site-packages/docutils/parsers/rst/states.py", line 727, in inline_obj                                        
                        msg = self.reporter.warning(                                                                                                                                          
                              ^^^^^^^^^^^^^^^^^^^^^^                                                                                                                                          
                      File "/home/erick/Desktop/Projects/sandbox/lib/python3.11/site-packages/docutils/utils/__init__.py", line 223, in warning                                               
                        return self.system_message(self.WARNING_LEVEL, *args, **kwargs)                                                                                                       
                               ^^^^^^^^^^^^^^^^^^^^^^^^^^^^^^^^^^^^^^^^^^^^^^^^^^^^^^^^                                                                                                       
                      File "/home/erick/Desktop/Projects/sandbox/lib/python3.11/site-packages/docutils/utils/__init__.py", line 196, in system_message                                        
                        raise SystemMessage(msg, level)                                                                                                                                       
                    docutils.utils.SystemMessage:                                                                                                                                             
                    /home/erick/Desktop/Projects/pythonmarketer.com/content/blog/installing-debian-9-stretch-linux-os-on-a-dell-inspiron-laptop-and-troubleshooting-wifi.rst:26:              
                    (WARNING/2) Inline strong start-string without end-string.                                                                                                                
           DEBUG    Read file blog/7570.rst -> Article                                                                                                                          readers.py:547
           ERROR    Could not process blog/7570.rst                                                                                                                                  log.py:96
                    /home/erick/Desktop/Projects/pythonmarketer.com/content/blog/7570.rst:9: (WARNING/2) Cannot analyze code. No Pygments lexer found for "wp-block-code".                    
                    Traceback (most recent call last):                                                                                                                                        
                      File "/home/erick/Desktop/Projects/sandbox/lib/python3.11/site-packages/docutils/utils/code_analyzer.py", line 64, in __init__                                          
                        self.lexer = get_lexer_by_name(self.language)                                                                                                                         
                                     ^^^^^^^^^^^^^^^^^^^^^^^^^^^^^^^^                                                                                                                         
                      File "/home/erick/Desktop/Projects/sandbox/lib/python3.11/site-packages/pygments/lexers/__init__.py", line 131, in get_lexer_by_name                                    
                        raise ClassNotFound('no lexer for alias %r found' % _alias)                                                                                                           
                    pygments.util.ClassNotFound: no lexer for alias 'wp-block-code' found                                                                                                     
                                                                                                                                                                                              
                    During handling of the above exception, another exception occurred:                                                                                                       
                                                                                                                                                                                              
                    Traceback (most recent call last):                                                                                                                                        
                      File "/home/erick/Desktop/Projects/sandbox/lib/python3.11/site-packages/docutils/parsers/rst/directives/body.py", line 159, in run                                      
                        tokens = Lexer('\n'.join(self.content), language,                                                                                                                     
                                 ^^^^^^^^^^^^^^^^^^^^^^^^^^^^^^^^^^^^^^^^                                                                                                                     
                      File "/home/erick/Desktop/Projects/sandbox/lib/python3.11/site-packages/docutils/utils/code_analyzer.py", line 66, in __init__                                          
                        raise LexerError('Cannot analyze code. '                                                                                                                              
                    docutils.utils.code_analyzer.LexerError: Cannot analyze code. No Pygments lexer found for "wp-block-code".                                                                
                                                                                                                                                                                              
                    During handling of the above exception, another exception occurred:                                                                                                       
                                                                                                                                                                                              
                    Traceback (most recent call last):                                                                                                                                        
                      File "/home/erick/Desktop/Projects/sandbox/lib/python3.11/site-packages/docutils/parsers/rst/states.py", line 2154, in run_directive                                    
                        result = directive_instance.run()                                                                                                                                     
                                 ^^^^^^^^^^^^^^^^^^^^^^^^                                                                                                                                     
                      File "/home/erick/Desktop/Projects/sandbox/lib/python3.11/site-packages/docutils/parsers/rst/directives/body.py", line 166, in run                                      
                        raise self.warning(error)                                                                                                                                             
                    docutils.parsers.rst.DirectiveError                                                                                                                                       
                                                                                                                                                                                              
                    During handling of the above exception, another exception occurred:                                                                                                       
                                                                                                                                                                                              
                    Traceback (most recent call last):                                                                                                                                        
                      File "/home/erick/Desktop/Projects/sandbox/lib/python3.11/site-packages/pelican/generators.py", line 627, in generate_context                                           
                        article = self.readers.read_file(                                                                                                                                     
                                  ^^^^^^^^^^^^^^^^^^^^^^^                                                                                                                                     
                      File "/home/erick/Desktop/Projects/sandbox/lib/python3.11/site-packages/pelican/readers.py", line 580, in read_file                                                     
                        content, reader_metadata = reader.read(path)                                                                                                                          
                                                   ^^^^^^^^^^^^^^^^^                                                                                                                          
                      File "/home/erick/Desktop/Projects/sandbox/lib/python3.11/site-packages/pelican/readers.py", line 278, in read                                                          
                        pub = self._get_publisher(source_path)                                                                                                                                
                              ^^^^^^^^^^^^^^^^^^^^^^^^^^^^^^^^                                                                                                                                
                      File "/home/erick/Desktop/Projects/sandbox/lib/python3.11/site-packages/pelican/readers.py", line 273, in _get_publisher                                                
                        pub.publish()                                                                                                                                                         
                      File "/home/erick/Desktop/Projects/sandbox/lib/python3.11/site-packages/docutils/core.py", line 224, in publish                                                         
                        self.document = self.reader.read(self.source, self.parser,                                                                                                            
                                        ^^^^^^^^^^^^^^^^^^^^^^^^^^^^^^^^^^^^^^^^^^                                                                                                            
                      File "/home/erick/Desktop/Projects/sandbox/lib/python3.11/site-packages/docutils/readers/__init__.py", line 70, in read                                                 
                        self.parse()                                                                                                                                                          
                      File "/home/erick/Desktop/Projects/sandbox/lib/python3.11/site-packages/docutils/readers/__init__.py", line 76, in parse                                                
                        self.parser.parse(self.input, document)                                                                                                                               
                      File "/home/erick/Desktop/Projects/sandbox/lib/python3.11/site-packages/docutils/parsers/rst/__init__.py", line 185, in parse                                           
                        self.statemachine.run(inputlines, document, inliner=self.inliner)                                                                                                     
                      File "/home/erick/Desktop/Projects/sandbox/lib/python3.11/site-packages/docutils/parsers/rst/states.py", line 169, in run                                               
                        results = StateMachineWS.run(self, input_lines, input_offset,                                                                                                         
                                  ^^^^^^^^^^^^^^^^^^^^^^^^^^^^^^^^^^^^^^^^^^^^^^^^^^^                                                                                                         
                      File "/home/erick/Desktop/Projects/sandbox/lib/python3.11/site-packages/docutils/statemachine.py", line 233, in run                                                     
                        context, next_state, result = self.check_line(                                                                                                                        
                                                      ^^^^^^^^^^^^^^^^                                                                                                                        
                      File "/home/erick/Desktop/Projects/sandbox/lib/python3.11/site-packages/docutils/statemachine.py", line 445, in check_line                                              
                        return method(match, context, next_state)                                                                                                                             
                               ^^^^^^^^^^^^^^^^^^^^^^^^^^^^^^^^^^                                                                                                                             
                      File "/home/erick/Desktop/Projects/sandbox/lib/python3.11/site-packages/docutils/parsers/rst/states.py", line 2785, in underline                                        
                        self.section(title, source, style, lineno - 1, messages)                                                                                                              
                      File "/home/erick/Desktop/Projects/sandbox/lib/python3.11/site-packages/docutils/parsers/rst/states.py", line 325, in section                                           
                        self.new_subsection(title, lineno, messages)                                                                                                                          
                      File "/home/erick/Desktop/Projects/sandbox/lib/python3.11/site-packages/docutils/parsers/rst/states.py", line 391, in new_subsection                                    
                        newabsoffset = self.nested_parse(                                                                                                                                     
                                       ^^^^^^^^^^^^^^^^^^                                                                                                                                     
                      File "/home/erick/Desktop/Projects/sandbox/lib/python3.11/site-packages/docutils/parsers/rst/states.py", line 279, in nested_parse                                      
                        state_machine.run(block, input_offset, memo=self.memo,                                                                                                                
                      File "/home/erick/Desktop/Projects/sandbox/lib/python3.11/site-packages/docutils/parsers/rst/states.py", line 195, in run                                               
                        results = StateMachineWS.run(self, input_lines, input_offset)                                                                                                         
                                  ^^^^^^^^^^^^^^^^^^^^^^^^^^^^^^^^^^^^^^^^^^^^^^^^^^^                                                                                                         
                      File "/home/erick/Desktop/Projects/sandbox/lib/python3.11/site-packages/docutils/statemachine.py", line 233, in run                                                     
                        context, next_state, result = self.check_line(                                                                                                                        
                                                      ^^^^^^^^^^^^^^^^                                                                                                                        
                      File "/home/erick/Desktop/Projects/sandbox/lib/python3.11/site-packages/docutils/statemachine.py", line 445, in check_line                                              
                        return method(match, context, next_state)                                                                                                                             
                               ^^^^^^^^^^^^^^^^^^^^^^^^^^^^^^^^^^                                                                                                                             
                      File "/home/erick/Desktop/Projects/sandbox/lib/python3.11/site-packages/docutils/parsers/rst/states.py", line 2355, in explicit_markup                                  
                        nodelist, blank_finish = self.explicit_construct(match)                                                                                                               
                                                 ^^^^^^^^^^^^^^^^^^^^^^^^^^^^^^                                                                                                               
                      File "/home/erick/Desktop/Projects/sandbox/lib/python3.11/site-packages/docutils/parsers/rst/states.py", line 2367, in explicit_construct                               
                        return method(self, expmatch)                                                                                                                                         
                               ^^^^^^^^^^^^^^^^^^^^^^                                                                                                                                         
                      File "/home/erick/Desktop/Projects/sandbox/lib/python3.11/site-packages/docutils/parsers/rst/states.py", line 2104, in directive                                        
                        return self.run_directive(                                                                                                                                            
                               ^^^^^^^^^^^^^^^^^^^                                                                                                                                            
                      File "/home/erick/Desktop/Projects/sandbox/lib/python3.11/site-packages/docutils/parsers/rst/states.py", line 2156, in run_directive                                    
                        msg_node = self.reporter.system_message(error.level, error.msg,                                                                                                       
                                   ^^^^^^^^^^^^^^^^^^^^^^^^^^^^^^^^^^^^^^^^^^^^^^^^^^^^                                                                                                       
                      File "/home/erick/Desktop/Projects/sandbox/lib/python3.11/site-packages/docutils/utils/__init__.py", line 196, in system_message                                        
                        raise SystemMessage(msg, level)                                                                                                                                       
                    docutils.utils.SystemMessage: /home/erick/Desktop/Projects/pythonmarketer.com/content/blog/7570.rst:9: (WARNING/2) Cannot analyze code. No Pygments lexer found           
                    for "wp-block-code".                                                                                                                                                      
[20:43:39] DEBUG    Read file blog/1007.rst -> Article                                                                                                                          readers.py:547
           DEBUG    Read file blog/6353.rst -> Article                                                                                                                          readers.py:547
           DEBUG    Read file blog/an-example-pelican-git-blog-post-workflow.rst -> Article                                                                                     readers.py:547
           ERROR    Could not process blog/an-example-pelican-git-blog-post-workflow.rst                                                                                             log.py:96
                    /home/erick/Desktop/Projects/pythonmarketer.com/content/blog/an-example-pelican-git-blog-post-workflow.rst:12: (WARNING/2) Cannot analyze code. No Pygments               
                    lexer found for "wp-block-code".                                                                                                                                          
                    Traceback (most recent call last):                                                                                                                                        
                      File "/home/erick/Desktop/Projects/sandbox/lib/python3.11/site-packages/docutils/utils/code_analyzer.py", line 64, in __init__                                          
                        self.lexer = get_lexer_by_name(self.language)                                                                                                                         
                                     ^^^^^^^^^^^^^^^^^^^^^^^^^^^^^^^^                                                                                                                         
                      File "/home/erick/Desktop/Projects/sandbox/lib/python3.11/site-packages/pygments/lexers/__init__.py", line 131, in get_lexer_by_name                                    
                        raise ClassNotFound('no lexer for alias %r found' % _alias)                                                                                                           
                    pygments.util.ClassNotFound: no lexer for alias 'wp-block-code' found                                                                                                     
                                                                                                                                                                                              
                    During handling of the above exception, another exception occurred:                                                                                                       
                                                                                                                                                                                              
                    Traceback (most recent call last):                                                                                                                                        
                      File "/home/erick/Desktop/Projects/sandbox/lib/python3.11/site-packages/docutils/parsers/rst/directives/body.py", line 159, in run                                      
                        tokens = Lexer('\n'.join(self.content), language,                                                                                                                     
                                 ^^^^^^^^^^^^^^^^^^^^^^^^^^^^^^^^^^^^^^^^                                                                                                                     
                      File "/home/erick/Desktop/Projects/sandbox/lib/python3.11/site-packages/docutils/utils/code_analyzer.py", line 66, in __init__                                          
                        raise LexerError('Cannot analyze code. '                                                                                                                              
                    docutils.utils.code_analyzer.LexerError: Cannot analyze code. No Pygments lexer found for "wp-block-code".                                                                
                                                                                                                                                                                              
                    During handling of the above exception, another exception occurred:                                                                                                       
                                                                                                                                                                                              
                    Traceback (most recent call last):                                                                                                                                        
                      File "/home/erick/Desktop/Projects/sandbox/lib/python3.11/site-packages/docutils/parsers/rst/states.py", line 2154, in run_directive                                    
                        result = directive_instance.run()                                                                                                                                     
                                 ^^^^^^^^^^^^^^^^^^^^^^^^                                                                                                                                     
                      File "/home/erick/Desktop/Projects/sandbox/lib/python3.11/site-packages/docutils/parsers/rst/directives/body.py", line 166, in run                                      
                        raise self.warning(error)                                                                                                                                             
                    docutils.parsers.rst.DirectiveError                                                                                                                                       
                                                                                                                                                                                              
                    During handling of the above exception, another exception occurred:                                                                                                       
                                                                                                                                                                                              
                    Traceback (most recent call last):                                                                                                                                        
                      File "/home/erick/Desktop/Projects/sandbox/lib/python3.11/site-packages/pelican/generators.py", line 627, in generate_context                                           
                        article = self.readers.read_file(                                                                                                                                     
                                  ^^^^^^^^^^^^^^^^^^^^^^^                                                                                                                                     
                      File "/home/erick/Desktop/Projects/sandbox/lib/python3.11/site-packages/pelican/readers.py", line 580, in read_file                                                     
                        content, reader_metadata = reader.read(path)                                                                                                                          
                                                   ^^^^^^^^^^^^^^^^^                                                                                                                          
                      File "/home/erick/Desktop/Projects/sandbox/lib/python3.11/site-packages/pelican/readers.py", line 278, in read                                                          
                        pub = self._get_publisher(source_path)                                                                                                                                
                              ^^^^^^^^^^^^^^^^^^^^^^^^^^^^^^^^                                                                                                                                
                      File "/home/erick/Desktop/Projects/sandbox/lib/python3.11/site-packages/pelican/readers.py", line 273, in _get_publisher                                                
                        pub.publish()                                                                                                                                                         
                      File "/home/erick/Desktop/Projects/sandbox/lib/python3.11/site-packages/docutils/core.py", line 224, in publish                                                         
                        self.document = self.reader.read(self.source, self.parser,                                                                                                            
                                        ^^^^^^^^^^^^^^^^^^^^^^^^^^^^^^^^^^^^^^^^^^                                                                                                            
                      File "/home/erick/Desktop/Projects/sandbox/lib/python3.11/site-packages/docutils/readers/__init__.py", line 70, in read                                                 
                        self.parse()                                                                                                                                                          
                      File "/home/erick/Desktop/Projects/sandbox/lib/python3.11/site-packages/docutils/readers/__init__.py", line 76, in parse                                                
                        self.parser.parse(self.input, document)                                                                                                                               
                      File "/home/erick/Desktop/Projects/sandbox/lib/python3.11/site-packages/docutils/parsers/rst/__init__.py", line 185, in parse                                           
                        self.statemachine.run(inputlines, document, inliner=self.inliner)                                                                                                     
                      File "/home/erick/Desktop/Projects/sandbox/lib/python3.11/site-packages/docutils/parsers/rst/states.py", line 169, in run                                               
                        results = StateMachineWS.run(self, input_lines, input_offset,                                                                                                         
                                  ^^^^^^^^^^^^^^^^^^^^^^^^^^^^^^^^^^^^^^^^^^^^^^^^^^^                                                                                                         
                      File "/home/erick/Desktop/Projects/sandbox/lib/python3.11/site-packages/docutils/statemachine.py", line 233, in run                                                     
                        context, next_state, result = self.check_line(                                                                                                                        
                                                      ^^^^^^^^^^^^^^^^                                                                                                                        
                      File "/home/erick/Desktop/Projects/sandbox/lib/python3.11/site-packages/docutils/statemachine.py", line 445, in check_line                                              
                        return method(match, context, next_state)                                                                                                                             
                               ^^^^^^^^^^^^^^^^^^^^^^^^^^^^^^^^^^                                                                                                                             
                      File "/home/erick/Desktop/Projects/sandbox/lib/python3.11/site-packages/docutils/parsers/rst/states.py", line 2785, in underline                                        
                        self.section(title, source, style, lineno - 1, messages)                                                                                                              
                      File "/home/erick/Desktop/Projects/sandbox/lib/python3.11/site-packages/docutils/parsers/rst/states.py", line 325, in section                                           
                        self.new_subsection(title, lineno, messages)                                                                                                                          
                      File "/home/erick/Desktop/Projects/sandbox/lib/python3.11/site-packages/docutils/parsers/rst/states.py", line 391, in new_subsection                                    
                        newabsoffset = self.nested_parse(                                                                                                                                     
                                       ^^^^^^^^^^^^^^^^^^                                                                                                                                     
                      File "/home/erick/Desktop/Projects/sandbox/lib/python3.11/site-packages/docutils/parsers/rst/states.py", line 279, in nested_parse                                      
                        state_machine.run(block, input_offset, memo=self.memo,                                                                                                                
                      File "/home/erick/Desktop/Projects/sandbox/lib/python3.11/site-packages/docutils/parsers/rst/states.py", line 195, in run                                               
                        results = StateMachineWS.run(self, input_lines, input_offset)                                                                                                         
                                  ^^^^^^^^^^^^^^^^^^^^^^^^^^^^^^^^^^^^^^^^^^^^^^^^^^^                                                                                                         
                      File "/home/erick/Desktop/Projects/sandbox/lib/python3.11/site-packages/docutils/statemachine.py", line 233, in run                                                     
                        context, next_state, result = self.check_line(                                                                                                                        
                                                      ^^^^^^^^^^^^^^^^                                                                                                                        
                      File "/home/erick/Desktop/Projects/sandbox/lib/python3.11/site-packages/docutils/statemachine.py", line 445, in check_line                                              
                        return method(match, context, next_state)                                                                                                                             
                               ^^^^^^^^^^^^^^^^^^^^^^^^^^^^^^^^^^                                                                                                                             
                      File "/home/erick/Desktop/Projects/sandbox/lib/python3.11/site-packages/docutils/parsers/rst/states.py", line 2355, in explicit_markup                                  
                        nodelist, blank_finish = self.explicit_construct(match)                                                                                                               
                                                 ^^^^^^^^^^^^^^^^^^^^^^^^^^^^^^                                                                                                               
                      File "/home/erick/Desktop/Projects/sandbox/lib/python3.11/site-packages/docutils/parsers/rst/states.py", line 2367, in explicit_construct                               
                        return method(self, expmatch)                                                                                                                                         
                               ^^^^^^^^^^^^^^^^^^^^^^                                                                                                                                         
                      File "/home/erick/Desktop/Projects/sandbox/lib/python3.11/site-packages/docutils/parsers/rst/states.py", line 2104, in directive                                        
                        return self.run_directive(                                                                                                                                            
                               ^^^^^^^^^^^^^^^^^^^                                                                                                                                            
                      File "/home/erick/Desktop/Projects/sandbox/lib/python3.11/site-packages/docutils/parsers/rst/states.py", line 2156, in run_directive                                    
                        msg_node = self.reporter.system_message(error.level, error.msg,                                                                                                       
                                   ^^^^^^^^^^^^^^^^^^^^^^^^^^^^^^^^^^^^^^^^^^^^^^^^^^^^                                                                                                       
                      File "/home/erick/Desktop/Projects/sandbox/lib/python3.11/site-packages/docutils/utils/__init__.py", line 196, in system_message                                        
                        raise SystemMessage(msg, level)                                                                                                                                       
                    docutils.utils.SystemMessage: /home/erick/Desktop/Projects/pythonmarketer.com/content/blog/an-example-pelican-git-blog-post-workflow.rst:12: (WARNING/2) Cannot           
                    analyze code. No Pygments lexer found for "wp-block-code".                                                                                                                
           DEBUG    Read file blog/stay-hungry-stay-humble.rst -> Article                                                                                                       readers.py:547
           ERROR    Could not process blog/stay-hungry-stay-humble.rst                                                                                                               log.py:96
                    /home/erick/Desktop/Projects/pythonmarketer.com/content/blog/stay-hungry-stay-humble.rst:12: (WARNING/2) Cannot analyze code. No Pygments lexer found for                 
                    "wp-block-syntaxhighlighter-code".                                                                                                                                        
                    Traceback (most recent call last):                                                                                                                                        
                      File "/home/erick/Desktop/Projects/sandbox/lib/python3.11/site-packages/docutils/utils/code_analyzer.py", line 64, in __init__                                          
                        self.lexer = get_lexer_by_name(self.language)                                                                                                                         
                                     ^^^^^^^^^^^^^^^^^^^^^^^^^^^^^^^^                                                                                                                         
                      File "/home/erick/Desktop/Projects/sandbox/lib/python3.11/site-packages/pygments/lexers/__init__.py", line 131, in get_lexer_by_name                                    
                        raise ClassNotFound('no lexer for alias %r found' % _alias)                                                                                                           
                    pygments.util.ClassNotFound: no lexer for alias 'wp-block-syntaxhighlighter-code' found                                                                                   
                                                                                                                                                                                              
                    During handling of the above exception, another exception occurred:                                                                                                       
                                                                                                                                                                                              
                    Traceback (most recent call last):                                                                                                                                        
                      File "/home/erick/Desktop/Projects/sandbox/lib/python3.11/site-packages/docutils/parsers/rst/directives/body.py", line 159, in run                                      
                        tokens = Lexer('\n'.join(self.content), language,                                                                                                                     
                                 ^^^^^^^^^^^^^^^^^^^^^^^^^^^^^^^^^^^^^^^^                                                                                                                     
                      File "/home/erick/Desktop/Projects/sandbox/lib/python3.11/site-packages/docutils/utils/code_analyzer.py", line 66, in __init__                                          
                        raise LexerError('Cannot analyze code. '                                                                                                                              
                    docutils.utils.code_analyzer.LexerError: Cannot analyze code. No Pygments lexer found for "wp-block-syntaxhighlighter-code".                                              
                                                                                                                                                                                              
                    During handling of the above exception, another exception occurred:                                                                                                       
                                                                                                                                                                                              
                    Traceback (most recent call last):                                                                                                                                        
                      File "/home/erick/Desktop/Projects/sandbox/lib/python3.11/site-packages/docutils/parsers/rst/states.py", line 2154, in run_directive                                    
                        result = directive_instance.run()                                                                                                                                     
                                 ^^^^^^^^^^^^^^^^^^^^^^^^                                                                                                                                     
                      File "/home/erick/Desktop/Projects/sandbox/lib/python3.11/site-packages/docutils/parsers/rst/directives/body.py", line 166, in run                                      
                        raise self.warning(error)                                                                                                                                             
                    docutils.parsers.rst.DirectiveError                                                                                                                                       
                                                                                                                                                                                              
                    During handling of the above exception, another exception occurred:                                                                                                       
                                                                                                                                                                                              
                    Traceback (most recent call last):                                                                                                                                        
                      File "/home/erick/Desktop/Projects/sandbox/lib/python3.11/site-packages/pelican/generators.py", line 627, in generate_context                                           
                        article = self.readers.read_file(                                                                                                                                     
                                  ^^^^^^^^^^^^^^^^^^^^^^^                                                                                                                                     
                      File "/home/erick/Desktop/Projects/sandbox/lib/python3.11/site-packages/pelican/readers.py", line 580, in read_file                                                     
                        content, reader_metadata = reader.read(path)                                                                                                                          
                                                   ^^^^^^^^^^^^^^^^^                                                                                                                          
                      File "/home/erick/Desktop/Projects/sandbox/lib/python3.11/site-packages/pelican/readers.py", line 278, in read                                                          
                        pub = self._get_publisher(source_path)                                                                                                                                
                              ^^^^^^^^^^^^^^^^^^^^^^^^^^^^^^^^                                                                                                                                
                      File "/home/erick/Desktop/Projects/sandbox/lib/python3.11/site-packages/pelican/readers.py", line 273, in _get_publisher                                                
                        pub.publish()                                                                                                                                                         
                      File "/home/erick/Desktop/Projects/sandbox/lib/python3.11/site-packages/docutils/core.py", line 224, in publish                                                         
                        self.document = self.reader.read(self.source, self.parser,                                                                                                            
                                        ^^^^^^^^^^^^^^^^^^^^^^^^^^^^^^^^^^^^^^^^^^                                                                                                            
                      File "/home/erick/Desktop/Projects/sandbox/lib/python3.11/site-packages/docutils/readers/__init__.py", line 70, in read                                                 
                        self.parse()                                                                                                                                                          
                      File "/home/erick/Desktop/Projects/sandbox/lib/python3.11/site-packages/docutils/readers/__init__.py", line 76, in parse                                                
                        self.parser.parse(self.input, document)                                                                                                                               
                      File "/home/erick/Desktop/Projects/sandbox/lib/python3.11/site-packages/docutils/parsers/rst/__init__.py", line 185, in parse                                           
                        self.statemachine.run(inputlines, document, inliner=self.inliner)                                                                                                     
                      File "/home/erick/Desktop/Projects/sandbox/lib/python3.11/site-packages/docutils/parsers/rst/states.py", line 169, in run                                               
                        results = StateMachineWS.run(self, input_lines, input_offset,                                                                                                         
                                  ^^^^^^^^^^^^^^^^^^^^^^^^^^^^^^^^^^^^^^^^^^^^^^^^^^^                                                                                                         
                      File "/home/erick/Desktop/Projects/sandbox/lib/python3.11/site-packages/docutils/statemachine.py", line 233, in run                                                     
                        context, next_state, result = self.check_line(                                                                                                                        
                                                      ^^^^^^^^^^^^^^^^                                                                                                                        
                      File "/home/erick/Desktop/Projects/sandbox/lib/python3.11/site-packages/docutils/statemachine.py", line 445, in check_line                                              
                        return method(match, context, next_state)                                                                                                                             
                               ^^^^^^^^^^^^^^^^^^^^^^^^^^^^^^^^^^                                                                                                                             
                      File "/home/erick/Desktop/Projects/sandbox/lib/python3.11/site-packages/docutils/parsers/rst/states.py", line 2785, in underline                                        
                        self.section(title, source, style, lineno - 1, messages)                                                                                                              
                      File "/home/erick/Desktop/Projects/sandbox/lib/python3.11/site-packages/docutils/parsers/rst/states.py", line 325, in section                                           
                        self.new_subsection(title, lineno, messages)                                                                                                                          
                      File "/home/erick/Desktop/Projects/sandbox/lib/python3.11/site-packages/docutils/parsers/rst/states.py", line 391, in new_subsection                                    
                        newabsoffset = self.nested_parse(                                                                                                                                     
                                       ^^^^^^^^^^^^^^^^^^                                                                                                                                     
                      File "/home/erick/Desktop/Projects/sandbox/lib/python3.11/site-packages/docutils/parsers/rst/states.py", line 279, in nested_parse                                      
                        state_machine.run(block, input_offset, memo=self.memo,                                                                                                                
                      File "/home/erick/Desktop/Projects/sandbox/lib/python3.11/site-packages/docutils/parsers/rst/states.py", line 195, in run                                               
                        results = StateMachineWS.run(self, input_lines, input_offset)                                                                                                         
                                  ^^^^^^^^^^^^^^^^^^^^^^^^^^^^^^^^^^^^^^^^^^^^^^^^^^^                                                                                                         
                      File "/home/erick/Desktop/Projects/sandbox/lib/python3.11/site-packages/docutils/statemachine.py", line 233, in run                                                     
                        context, next_state, result = self.check_line(                                                                                                                        
                                                      ^^^^^^^^^^^^^^^^                                                                                                                        
                      File "/home/erick/Desktop/Projects/sandbox/lib/python3.11/site-packages/docutils/statemachine.py", line 445, in check_line                                              
                        return method(match, context, next_state)                                                                                                                             
                               ^^^^^^^^^^^^^^^^^^^^^^^^^^^^^^^^^^                                                                                                                             
                      File "/home/erick/Desktop/Projects/sandbox/lib/python3.11/site-packages/docutils/parsers/rst/states.py", line 2355, in explicit_markup                                  
                        nodelist, blank_finish = self.explicit_construct(match)                                                                                                               
                                                 ^^^^^^^^^^^^^^^^^^^^^^^^^^^^^^                                                                                                               
                      File "/home/erick/Desktop/Projects/sandbox/lib/python3.11/site-packages/docutils/parsers/rst/states.py", line 2367, in explicit_construct                               
                        return method(self, expmatch)                                                                                                                                         
                               ^^^^^^^^^^^^^^^^^^^^^^                                                                                                                                         
                      File "/home/erick/Desktop/Projects/sandbox/lib/python3.11/site-packages/docutils/parsers/rst/states.py", line 2104, in directive                                        
                        return self.run_directive(                                                                                                                                            
                               ^^^^^^^^^^^^^^^^^^^                                                                                                                                            
                      File "/home/erick/Desktop/Projects/sandbox/lib/python3.11/site-packages/docutils/parsers/rst/states.py", line 2156, in run_directive                                    
                        msg_node = self.reporter.system_message(error.level, error.msg,                                                                                                       
                                   ^^^^^^^^^^^^^^^^^^^^^^^^^^^^^^^^^^^^^^^^^^^^^^^^^^^^                                                                                                       
                      File "/home/erick/Desktop/Projects/sandbox/lib/python3.11/site-packages/docutils/utils/__init__.py", line 196, in system_message                                        
                        raise SystemMessage(msg, level)                                                                                                                                       
                    docutils.utils.SystemMessage: /home/erick/Desktop/Projects/pythonmarketer.com/content/blog/stay-hungry-stay-humble.rst:12: (WARNING/2) Cannot analyze code. No            
                    Pygments lexer found for "wp-block-syntaxhighlighter-code".                                                                                                               
           DEBUG    Read file blog/benefits-of-go-and-threads-in-distributed-systems.rst -> Article                                                                             readers.py:547
           ERROR    Could not process blog/benefits-of-go-and-threads-in-distributed-systems.rst                                                                                     log.py:96
                    /home/erick/Desktop/Projects/pythonmarketer.com/content/blog/benefits-of-go-and-threads-in-distributed-systems.rst:80: (WARNING/2) Cannot analyze code. No                
                    Pygments lexer found for "wp-block-syntaxhighlighter-code".                                                                                                               
                    Traceback (most recent call last):                                                                                                                                        
                      File "/home/erick/Desktop/Projects/sandbox/lib/python3.11/site-packages/docutils/utils/code_analyzer.py", line 64, in __init__                                          
                        self.lexer = get_lexer_by_name(self.language)                                                                                                                         
                                     ^^^^^^^^^^^^^^^^^^^^^^^^^^^^^^^^                                                                                                                         
                      File "/home/erick/Desktop/Projects/sandbox/lib/python3.11/site-packages/pygments/lexers/__init__.py", line 131, in get_lexer_by_name                                    
                        raise ClassNotFound('no lexer for alias %r found' % _alias)                                                                                                           
                    pygments.util.ClassNotFound: no lexer for alias 'wp-block-syntaxhighlighter-code' found                                                                                   
                                                                                                                                                                                              
                    During handling of the above exception, another exception occurred:                                                                                                       
                                                                                                                                                                                              
                    Traceback (most recent call last):                                                                                                                                        
                      File "/home/erick/Desktop/Projects/sandbox/lib/python3.11/site-packages/docutils/parsers/rst/directives/body.py", line 159, in run                                      
                        tokens = Lexer('\n'.join(self.content), language,                                                                                                                     
                                 ^^^^^^^^^^^^^^^^^^^^^^^^^^^^^^^^^^^^^^^^                                                                                                                     
                      File "/home/erick/Desktop/Projects/sandbox/lib/python3.11/site-packages/docutils/utils/code_analyzer.py", line 66, in __init__                                          
                        raise LexerError('Cannot analyze code. '                                                                                                                              
                    docutils.utils.code_analyzer.LexerError: Cannot analyze code. No Pygments lexer found for "wp-block-syntaxhighlighter-code".                                              
                                                                                                                                                                                              
                    During handling of the above exception, another exception occurred:                                                                                                       
                                                                                                                                                                                              
                    Traceback (most recent call last):                                                                                                                                        
                      File "/home/erick/Desktop/Projects/sandbox/lib/python3.11/site-packages/docutils/parsers/rst/states.py", line 2154, in run_directive                                    
                        result = directive_instance.run()                                                                                                                                     
                                 ^^^^^^^^^^^^^^^^^^^^^^^^                                                                                                                                     
                      File "/home/erick/Desktop/Projects/sandbox/lib/python3.11/site-packages/docutils/parsers/rst/directives/body.py", line 166, in run                                      
                        raise self.warning(error)                                                                                                                                             
                    docutils.parsers.rst.DirectiveError                                                                                                                                       
                                                                                                                                                                                              
                    During handling of the above exception, another exception occurred:                                                                                                       
                                                                                                                                                                                              
                    Traceback (most recent call last):                                                                                                                                        
                      File "/home/erick/Desktop/Projects/sandbox/lib/python3.11/site-packages/pelican/generators.py", line 627, in generate_context                                           
                        article = self.readers.read_file(                                                                                                                                     
                                  ^^^^^^^^^^^^^^^^^^^^^^^                                                                                                                                     
                      File "/home/erick/Desktop/Projects/sandbox/lib/python3.11/site-packages/pelican/readers.py", line 580, in read_file                                                     
                        content, reader_metadata = reader.read(path)                                                                                                                          
                                                   ^^^^^^^^^^^^^^^^^                                                                                                                          
                      File "/home/erick/Desktop/Projects/sandbox/lib/python3.11/site-packages/pelican/readers.py", line 278, in read                                                          
                        pub = self._get_publisher(source_path)                                                                                                                                
                              ^^^^^^^^^^^^^^^^^^^^^^^^^^^^^^^^                                                                                                                                
                      File "/home/erick/Desktop/Projects/sandbox/lib/python3.11/site-packages/pelican/readers.py", line 273, in _get_publisher                                                
                        pub.publish()                                                                                                                                                         
                      File "/home/erick/Desktop/Projects/sandbox/lib/python3.11/site-packages/docutils/core.py", line 224, in publish                                                         
                        self.document = self.reader.read(self.source, self.parser,                                                                                                            
                                        ^^^^^^^^^^^^^^^^^^^^^^^^^^^^^^^^^^^^^^^^^^                                                                                                            
                      File "/home/erick/Desktop/Projects/sandbox/lib/python3.11/site-packages/docutils/readers/__init__.py", line 70, in read                                                 
                        self.parse()                                                                                                                                                          
                      File "/home/erick/Desktop/Projects/sandbox/lib/python3.11/site-packages/docutils/readers/__init__.py", line 76, in parse                                                
                        self.parser.parse(self.input, document)                                                                                                                               
                      File "/home/erick/Desktop/Projects/sandbox/lib/python3.11/site-packages/docutils/parsers/rst/__init__.py", line 185, in parse                                           
                        self.statemachine.run(inputlines, document, inliner=self.inliner)                                                                                                     
                      File "/home/erick/Desktop/Projects/sandbox/lib/python3.11/site-packages/docutils/parsers/rst/states.py", line 169, in run                                               
                        results = StateMachineWS.run(self, input_lines, input_offset,                                                                                                         
                                  ^^^^^^^^^^^^^^^^^^^^^^^^^^^^^^^^^^^^^^^^^^^^^^^^^^^                                                                                                         
                      File "/home/erick/Desktop/Projects/sandbox/lib/python3.11/site-packages/docutils/statemachine.py", line 233, in run                                                     
                        context, next_state, result = self.check_line(                                                                                                                        
                                                      ^^^^^^^^^^^^^^^^                                                                                                                        
                      File "/home/erick/Desktop/Projects/sandbox/lib/python3.11/site-packages/docutils/statemachine.py", line 445, in check_line                                              
                        return method(match, context, next_state)                                                                                                                             
                               ^^^^^^^^^^^^^^^^^^^^^^^^^^^^^^^^^^                                                                                                                             
                      File "/home/erick/Desktop/Projects/sandbox/lib/python3.11/site-packages/docutils/parsers/rst/states.py", line 2785, in underline                                        
                        self.section(title, source, style, lineno - 1, messages)                                                                                                              
                      File "/home/erick/Desktop/Projects/sandbox/lib/python3.11/site-packages/docutils/parsers/rst/states.py", line 325, in section                                           
                        self.new_subsection(title, lineno, messages)                                                                                                                          
                      File "/home/erick/Desktop/Projects/sandbox/lib/python3.11/site-packages/docutils/parsers/rst/states.py", line 391, in new_subsection                                    
                        newabsoffset = self.nested_parse(                                                                                                                                     
                                       ^^^^^^^^^^^^^^^^^^                                                                                                                                     
                      File "/home/erick/Desktop/Projects/sandbox/lib/python3.11/site-packages/docutils/parsers/rst/states.py", line 279, in nested_parse                                      
                        state_machine.run(block, input_offset, memo=self.memo,                                                                                                                
                      File "/home/erick/Desktop/Projects/sandbox/lib/python3.11/site-packages/docutils/parsers/rst/states.py", line 195, in run                                               
                        results = StateMachineWS.run(self, input_lines, input_offset)                                                                                                         
                                  ^^^^^^^^^^^^^^^^^^^^^^^^^^^^^^^^^^^^^^^^^^^^^^^^^^^                                                                                                         
                      File "/home/erick/Desktop/Projects/sandbox/lib/python3.11/site-packages/docutils/statemachine.py", line 233, in run                                                     
                        context, next_state, result = self.check_line(                                                                                                                        
                                                      ^^^^^^^^^^^^^^^^                                                                                                                        
                      File "/home/erick/Desktop/Projects/sandbox/lib/python3.11/site-packages/docutils/statemachine.py", line 445, in check_line                                              
                        return method(match, context, next_state)                                                                                                                             
                               ^^^^^^^^^^^^^^^^^^^^^^^^^^^^^^^^^^                                                                                                                             
                      File "/home/erick/Desktop/Projects/sandbox/lib/python3.11/site-packages/docutils/parsers/rst/states.py", line 2355, in explicit_markup                                  
                        nodelist, blank_finish = self.explicit_construct(match)                                                                                                               
                                                 ^^^^^^^^^^^^^^^^^^^^^^^^^^^^^^                                                                                                               
                      File "/home/erick/Desktop/Projects/sandbox/lib/python3.11/site-packages/docutils/parsers/rst/states.py", line 2367, in explicit_construct                               
                        return method(self, expmatch)                                                                                                                                         
                               ^^^^^^^^^^^^^^^^^^^^^^                                                                                                                                         
                      File "/home/erick/Desktop/Projects/sandbox/lib/python3.11/site-packages/docutils/parsers/rst/states.py", line 2104, in directive                                        
                        return self.run_directive(                                                                                                                                            
                               ^^^^^^^^^^^^^^^^^^^                                                                                                                                            
                      File "/home/erick/Desktop/Projects/sandbox/lib/python3.11/site-packages/docutils/parsers/rst/states.py", line 2156, in run_directive                                    
                        msg_node = self.reporter.system_message(error.level, error.msg,                                                                                                       
                                   ^^^^^^^^^^^^^^^^^^^^^^^^^^^^^^^^^^^^^^^^^^^^^^^^^^^^                                                                                                       
                      File "/home/erick/Desktop/Projects/sandbox/lib/python3.11/site-packages/docutils/utils/__init__.py", line 196, in system_message                                        
                        raise SystemMessage(msg, level)                                                                                                                                       
                    docutils.utils.SystemMessage: /home/erick/Desktop/Projects/pythonmarketer.com/content/blog/benefits-of-go-and-threads-in-distributed-systems.rst:80: (WARNING/2)          
                    Cannot analyze code. No Pygments lexer found for "wp-block-syntaxhighlighter-code".                                                                                       
           DEBUG    Read file blog/fix-spelling-and-grammar-with-language_tool_python-and-textblob.rst -> Article                                                               readers.py:547
           ERROR    Could not process blog/fix-spelling-and-grammar-with-language_tool_python-and-textblob.rst                                                                       log.py:96
                    /home/erick/Desktop/Projects/pythonmarketer.com/content/blog/fix-spelling-and-grammar-with-language_tool_python-and-textblob.rst:16: (WARNING/2) Cannot analyze           
                    code. No Pygments lexer found for "wp-block-preformatted".                                                                                                                
                    Traceback (most recent call last):                                                                                                                                        
                      File "/home/erick/Desktop/Projects/sandbox/lib/python3.11/site-packages/docutils/utils/code_analyzer.py", line 64, in __init__                                          
                        self.lexer = get_lexer_by_name(self.language)                                                                                                                         
                                     ^^^^^^^^^^^^^^^^^^^^^^^^^^^^^^^^                                                                                                                         
                      File "/home/erick/Desktop/Projects/sandbox/lib/python3.11/site-packages/pygments/lexers/__init__.py", line 131, in get_lexer_by_name                                    
                        raise ClassNotFound('no lexer for alias %r found' % _alias)                                                                                                           
                    pygments.util.ClassNotFound: no lexer for alias 'wp-block-preformatted' found                                                                                             
                                                                                                                                                                                              
                    During handling of the above exception, another exception occurred:                                                                                                       
                                                                                                                                                                                              
                    Traceback (most recent call last):                                                                                                                                        
                      File "/home/erick/Desktop/Projects/sandbox/lib/python3.11/site-packages/docutils/parsers/rst/directives/body.py", line 159, in run                                      
                        tokens = Lexer('\n'.join(self.content), language,                                                                                                                     
                                 ^^^^^^^^^^^^^^^^^^^^^^^^^^^^^^^^^^^^^^^^                                                                                                                     
                      File "/home/erick/Desktop/Projects/sandbox/lib/python3.11/site-packages/docutils/utils/code_analyzer.py", line 66, in __init__                                          
                        raise LexerError('Cannot analyze code. '                                                                                                                              
                    docutils.utils.code_analyzer.LexerError: Cannot analyze code. No Pygments lexer found for "wp-block-preformatted".                                                        
                                                                                                                                                                                              
                    During handling of the above exception, another exception occurred:                                                                                                       
                                                                                                                                                                                              
                    Traceback (most recent call last):                                                                                                                                        
                      File "/home/erick/Desktop/Projects/sandbox/lib/python3.11/site-packages/docutils/parsers/rst/states.py", line 2154, in run_directive                                    
                        result = directive_instance.run()                                                                                                                                     
                                 ^^^^^^^^^^^^^^^^^^^^^^^^                                                                                                                                     
                      File "/home/erick/Desktop/Projects/sandbox/lib/python3.11/site-packages/docutils/parsers/rst/directives/body.py", line 166, in run                                      
                        raise self.warning(error)                                                                                                                                             
                    docutils.parsers.rst.DirectiveError                                                                                                                                       
                                                                                                                                                                                              
                    During handling of the above exception, another exception occurred:                                                                                                       
                                                                                                                                                                                              
                    Traceback (most recent call last):                                                                                                                                        
                      File "/home/erick/Desktop/Projects/sandbox/lib/python3.11/site-packages/pelican/generators.py", line 627, in generate_context                                           
                        article = self.readers.read_file(                                                                                                                                     
                                  ^^^^^^^^^^^^^^^^^^^^^^^                                                                                                                                     
                      File "/home/erick/Desktop/Projects/sandbox/lib/python3.11/site-packages/pelican/readers.py", line 580, in read_file                                                     
                        content, reader_metadata = reader.read(path)                                                                                                                          
                                                   ^^^^^^^^^^^^^^^^^                                                                                                                          
                      File "/home/erick/Desktop/Projects/sandbox/lib/python3.11/site-packages/pelican/readers.py", line 278, in read                                                          
                        pub = self._get_publisher(source_path)                                                                                                                                
                              ^^^^^^^^^^^^^^^^^^^^^^^^^^^^^^^^                                                                                                                                
                      File "/home/erick/Desktop/Projects/sandbox/lib/python3.11/site-packages/pelican/readers.py", line 273, in _get_publisher                                                
                        pub.publish()                                                                                                                                                         
                      File "/home/erick/Desktop/Projects/sandbox/lib/python3.11/site-packages/docutils/core.py", line 224, in publish                                                         
                        self.document = self.reader.read(self.source, self.parser,                                                                                                            
                                        ^^^^^^^^^^^^^^^^^^^^^^^^^^^^^^^^^^^^^^^^^^                                                                                                            
                      File "/home/erick/Desktop/Projects/sandbox/lib/python3.11/site-packages/docutils/readers/__init__.py", line 70, in read                                                 
                        self.parse()                                                                                                                                                          
                      File "/home/erick/Desktop/Projects/sandbox/lib/python3.11/site-packages/docutils/readers/__init__.py", line 76, in parse                                                
                        self.parser.parse(self.input, document)                                                                                                                               
                      File "/home/erick/Desktop/Projects/sandbox/lib/python3.11/site-packages/docutils/parsers/rst/__init__.py", line 185, in parse                                           
                        self.statemachine.run(inputlines, document, inliner=self.inliner)                                                                                                     
                      File "/home/erick/Desktop/Projects/sandbox/lib/python3.11/site-packages/docutils/parsers/rst/states.py", line 169, in run                                               
                        results = StateMachineWS.run(self, input_lines, input_offset,                                                                                                         
                                  ^^^^^^^^^^^^^^^^^^^^^^^^^^^^^^^^^^^^^^^^^^^^^^^^^^^                                                                                                         
                      File "/home/erick/Desktop/Projects/sandbox/lib/python3.11/site-packages/docutils/statemachine.py", line 233, in run                                                     
                        context, next_state, result = self.check_line(                                                                                                                        
                                                      ^^^^^^^^^^^^^^^^                                                                                                                        
                      File "/home/erick/Desktop/Projects/sandbox/lib/python3.11/site-packages/docutils/statemachine.py", line 445, in check_line                                              
                        return method(match, context, next_state)                                                                                                                             
                               ^^^^^^^^^^^^^^^^^^^^^^^^^^^^^^^^^^                                                                                                                             
                      File "/home/erick/Desktop/Projects/sandbox/lib/python3.11/site-packages/docutils/parsers/rst/states.py", line 2785, in underline                                        
                        self.section(title, source, style, lineno - 1, messages)                                                                                                              
                      File "/home/erick/Desktop/Projects/sandbox/lib/python3.11/site-packages/docutils/parsers/rst/states.py", line 325, in section                                           
                        self.new_subsection(title, lineno, messages)                                                                                                                          
                      File "/home/erick/Desktop/Projects/sandbox/lib/python3.11/site-packages/docutils/parsers/rst/states.py", line 391, in new_subsection                                    
                        newabsoffset = self.nested_parse(                                                                                                                                     
                                       ^^^^^^^^^^^^^^^^^^                                                                                                                                     
                      File "/home/erick/Desktop/Projects/sandbox/lib/python3.11/site-packages/docutils/parsers/rst/states.py", line 279, in nested_parse                                      
                        state_machine.run(block, input_offset, memo=self.memo,                                                                                                                
                      File "/home/erick/Desktop/Projects/sandbox/lib/python3.11/site-packages/docutils/parsers/rst/states.py", line 195, in run                                               
                        results = StateMachineWS.run(self, input_lines, input_offset)                                                                                                         
                                  ^^^^^^^^^^^^^^^^^^^^^^^^^^^^^^^^^^^^^^^^^^^^^^^^^^^                                                                                                         
                      File "/home/erick/Desktop/Projects/sandbox/lib/python3.11/site-packages/docutils/statemachine.py", line 233, in run                                                     
                        context, next_state, result = self.check_line(                                                                                                                        
                                                      ^^^^^^^^^^^^^^^^                                                                                                                        
                      File "/home/erick/Desktop/Projects/sandbox/lib/python3.11/site-packages/docutils/statemachine.py", line 445, in check_line                                              
                        return method(match, context, next_state)                                                                                                                             
                               ^^^^^^^^^^^^^^^^^^^^^^^^^^^^^^^^^^                                                                                                                             
                      File "/home/erick/Desktop/Projects/sandbox/lib/python3.11/site-packages/docutils/parsers/rst/states.py", line 2355, in explicit_markup                                  
                        nodelist, blank_finish = self.explicit_construct(match)                                                                                                               
                                                 ^^^^^^^^^^^^^^^^^^^^^^^^^^^^^^                                                                                                               
                      File "/home/erick/Desktop/Projects/sandbox/lib/python3.11/site-packages/docutils/parsers/rst/states.py", line 2367, in explicit_construct                               
                        return method(self, expmatch)                                                                                                                                         
                               ^^^^^^^^^^^^^^^^^^^^^^                                                                                                                                         
                      File "/home/erick/Desktop/Projects/sandbox/lib/python3.11/site-packages/docutils/parsers/rst/states.py", line 2104, in directive                                        
                        return self.run_directive(                                                                                                                                            
                               ^^^^^^^^^^^^^^^^^^^                                                                                                                                            
                      File "/home/erick/Desktop/Projects/sandbox/lib/python3.11/site-packages/docutils/parsers/rst/states.py", line 2156, in run_directive                                    
                        msg_node = self.reporter.system_message(error.level, error.msg,                                                                                                       
                                   ^^^^^^^^^^^^^^^^^^^^^^^^^^^^^^^^^^^^^^^^^^^^^^^^^^^^                                                                                                       
                      File "/home/erick/Desktop/Projects/sandbox/lib/python3.11/site-packages/docutils/utils/__init__.py", line 196, in system_message                                        
                        raise SystemMessage(msg, level)                                                                                                                                       
                    docutils.utils.SystemMessage:                                                                                                                                             
                    /home/erick/Desktop/Projects/pythonmarketer.com/content/blog/fix-spelling-and-grammar-with-language_tool_python-and-textblob.rst:16: (WARNING/2) Cannot analyze           
                    code. No Pygments lexer found for "wp-block-preformatted".                                                                                                                
           DEBUG    Read file blog/automated-python-with-windows-task-scheduler.rst -> Article                                                                                  readers.py:547
           DEBUG    Read file blog/using-bing-chatgpt-to-write-a-python-script-for-windows-computer-maintenance.rst -> Article                                                  readers.py:547
           ERROR    Could not process blog/using-bing-chatgpt-to-write-a-python-script-for-windows-computer-maintenance.rst                                                          log.py:96
                    /home/erick/Desktop/Projects/pythonmarketer.com/content/blog/using-bing-chatgpt-to-write-a-python-script-for-windows-computer-maintenance.rst:66: (WARNING/2)             
                    Cannot analyze code. No Pygments lexer found for "wp-block-preformatted".                                                                                                 
                    Traceback (most recent call last):                                                                                                                                        
                      File "/home/erick/Desktop/Projects/sandbox/lib/python3.11/site-packages/docutils/utils/code_analyzer.py", line 64, in __init__                                          
                        self.lexer = get_lexer_by_name(self.language)                                                                                                                         
                                     ^^^^^^^^^^^^^^^^^^^^^^^^^^^^^^^^                                                                                                                         
                      File "/home/erick/Desktop/Projects/sandbox/lib/python3.11/site-packages/pygments/lexers/__init__.py", line 131, in get_lexer_by_name                                    
                        raise ClassNotFound('no lexer for alias %r found' % _alias)                                                                                                           
                    pygments.util.ClassNotFound: no lexer for alias 'wp-block-preformatted' found                                                                                             
                                                                                                                                                                                              
                    During handling of the above exception, another exception occurred:                                                                                                       
                                                                                                                                                                                              
                    Traceback (most recent call last):                                                                                                                                        
                      File "/home/erick/Desktop/Projects/sandbox/lib/python3.11/site-packages/docutils/parsers/rst/directives/body.py", line 159, in run                                      
                        tokens = Lexer('\n'.join(self.content), language,                                                                                                                     
                                 ^^^^^^^^^^^^^^^^^^^^^^^^^^^^^^^^^^^^^^^^                                                                                                                     
                      File "/home/erick/Desktop/Projects/sandbox/lib/python3.11/site-packages/docutils/utils/code_analyzer.py", line 66, in __init__                                          
                        raise LexerError('Cannot analyze code. '                                                                                                                              
                    docutils.utils.code_analyzer.LexerError: Cannot analyze code. No Pygments lexer found for "wp-block-preformatted".                                                        
                                                                                                                                                                                              
                    During handling of the above exception, another exception occurred:                                                                                                       
                                                                                                                                                                                              
                    Traceback (most recent call last):                                                                                                                                        
                      File "/home/erick/Desktop/Projects/sandbox/lib/python3.11/site-packages/docutils/parsers/rst/states.py", line 2154, in run_directive                                    
                        result = directive_instance.run()                                                                                                                                     
                                 ^^^^^^^^^^^^^^^^^^^^^^^^                                                                                                                                     
                      File "/home/erick/Desktop/Projects/sandbox/lib/python3.11/site-packages/docutils/parsers/rst/directives/body.py", line 166, in run                                      
                        raise self.warning(error)                                                                                                                                             
                    docutils.parsers.rst.DirectiveError                                                                                                                                       
                                                                                                                                                                                              
                    During handling of the above exception, another exception occurred:                                                                                                       
                                                                                                                                                                                              
                    Traceback (most recent call last):                                                                                                                                        
                      File "/home/erick/Desktop/Projects/sandbox/lib/python3.11/site-packages/pelican/generators.py", line 627, in generate_context                                           
                        article = self.readers.read_file(                                                                                                                                     
                                  ^^^^^^^^^^^^^^^^^^^^^^^                                                                                                                                     
                      File "/home/erick/Desktop/Projects/sandbox/lib/python3.11/site-packages/pelican/readers.py", line 580, in read_file                                                     
                        content, reader_metadata = reader.read(path)                                                                                                                          
                                                   ^^^^^^^^^^^^^^^^^                                                                                                                          
                      File "/home/erick/Desktop/Projects/sandbox/lib/python3.11/site-packages/pelican/readers.py", line 278, in read                                                          
                        pub = self._get_publisher(source_path)                                                                                                                                
                              ^^^^^^^^^^^^^^^^^^^^^^^^^^^^^^^^                                                                                                                                
                      File "/home/erick/Desktop/Projects/sandbox/lib/python3.11/site-packages/pelican/readers.py", line 273, in _get_publisher                                                
                        pub.publish()                                                                                                                                                         
                      File "/home/erick/Desktop/Projects/sandbox/lib/python3.11/site-packages/docutils/core.py", line 224, in publish                                                         
                        self.document = self.reader.read(self.source, self.parser,                                                                                                            
                                        ^^^^^^^^^^^^^^^^^^^^^^^^^^^^^^^^^^^^^^^^^^                                                                                                            
                      File "/home/erick/Desktop/Projects/sandbox/lib/python3.11/site-packages/docutils/readers/__init__.py", line 70, in read                                                 
                        self.parse()                                                                                                                                                          
                      File "/home/erick/Desktop/Projects/sandbox/lib/python3.11/site-packages/docutils/readers/__init__.py", line 76, in parse                                                
                        self.parser.parse(self.input, document)                                                                                                                               
                      File "/home/erick/Desktop/Projects/sandbox/lib/python3.11/site-packages/docutils/parsers/rst/__init__.py", line 185, in parse                                           
                        self.statemachine.run(inputlines, document, inliner=self.inliner)                                                                                                     
                      File "/home/erick/Desktop/Projects/sandbox/lib/python3.11/site-packages/docutils/parsers/rst/states.py", line 169, in run                                               
                        results = StateMachineWS.run(self, input_lines, input_offset,                                                                                                         
                                  ^^^^^^^^^^^^^^^^^^^^^^^^^^^^^^^^^^^^^^^^^^^^^^^^^^^                                                                                                         
                      File "/home/erick/Desktop/Projects/sandbox/lib/python3.11/site-packages/docutils/statemachine.py", line 233, in run                                                     
                        context, next_state, result = self.check_line(                                                                                                                        
                                                      ^^^^^^^^^^^^^^^^                                                                                                                        
                      File "/home/erick/Desktop/Projects/sandbox/lib/python3.11/site-packages/docutils/statemachine.py", line 445, in check_line                                              
                        return method(match, context, next_state)                                                                                                                             
                               ^^^^^^^^^^^^^^^^^^^^^^^^^^^^^^^^^^                                                                                                                             
                      File "/home/erick/Desktop/Projects/sandbox/lib/python3.11/site-packages/docutils/parsers/rst/states.py", line 2785, in underline                                        
                        self.section(title, source, style, lineno - 1, messages)                                                                                                              
                      File "/home/erick/Desktop/Projects/sandbox/lib/python3.11/site-packages/docutils/parsers/rst/states.py", line 325, in section                                           
                        self.new_subsection(title, lineno, messages)                                                                                                                          
                      File "/home/erick/Desktop/Projects/sandbox/lib/python3.11/site-packages/docutils/parsers/rst/states.py", line 391, in new_subsection                                    
                        newabsoffset = self.nested_parse(                                                                                                                                     
                                       ^^^^^^^^^^^^^^^^^^                                                                                                                                     
                      File "/home/erick/Desktop/Projects/sandbox/lib/python3.11/site-packages/docutils/parsers/rst/states.py", line 279, in nested_parse                                      
                        state_machine.run(block, input_offset, memo=self.memo,                                                                                                                
                      File "/home/erick/Desktop/Projects/sandbox/lib/python3.11/site-packages/docutils/parsers/rst/states.py", line 195, in run                                               
                        results = StateMachineWS.run(self, input_lines, input_offset)                                                                                                         
                                  ^^^^^^^^^^^^^^^^^^^^^^^^^^^^^^^^^^^^^^^^^^^^^^^^^^^                                                                                                         
                      File "/home/erick/Desktop/Projects/sandbox/lib/python3.11/site-packages/docutils/statemachine.py", line 233, in run                                                     
                        context, next_state, result = self.check_line(                                                                                                                        
                                                      ^^^^^^^^^^^^^^^^                                                                                                                        
                      File "/home/erick/Desktop/Projects/sandbox/lib/python3.11/site-packages/docutils/statemachine.py", line 445, in check_line                                              
                        return method(match, context, next_state)                                                                                                                             
                               ^^^^^^^^^^^^^^^^^^^^^^^^^^^^^^^^^^                                                                                                                             
                      File "/home/erick/Desktop/Projects/sandbox/lib/python3.11/site-packages/docutils/parsers/rst/states.py", line 2355, in explicit_markup                                  
                        nodelist, blank_finish = self.explicit_construct(match)                                                                                                               
                                                 ^^^^^^^^^^^^^^^^^^^^^^^^^^^^^^                                                                                                               
                      File "/home/erick/Desktop/Projects/sandbox/lib/python3.11/site-packages/docutils/parsers/rst/states.py", line 2367, in explicit_construct                               
                        return method(self, expmatch)                                                                                                                                         
                               ^^^^^^^^^^^^^^^^^^^^^^                                                                                                                                         
                      File "/home/erick/Desktop/Projects/sandbox/lib/python3.11/site-packages/docutils/parsers/rst/states.py", line 2104, in directive                                        
                        return self.run_directive(                                                                                                                                            
                               ^^^^^^^^^^^^^^^^^^^                                                                                                                                            
                      File "/home/erick/Desktop/Projects/sandbox/lib/python3.11/site-packages/docutils/parsers/rst/states.py", line 2156, in run_directive                                    
                        msg_node = self.reporter.system_message(error.level, error.msg,                                                                                                       
                                   ^^^^^^^^^^^^^^^^^^^^^^^^^^^^^^^^^^^^^^^^^^^^^^^^^^^^                                                                                                       
                      File "/home/erick/Desktop/Projects/sandbox/lib/python3.11/site-packages/docutils/utils/__init__.py", line 196, in system_message                                        
                        raise SystemMessage(msg, level)                                                                                                                                       
                    docutils.utils.SystemMessage:                                                                                                                                             
                    /home/erick/Desktop/Projects/pythonmarketer.com/content/blog/using-bing-chatgpt-to-write-a-python-script-for-windows-computer-maintenance.rst:66: (WARNING/2)             
                    Cannot analyze code. No Pygments lexer found for "wp-block-preformatted".                                                                                                 
           DEBUG    Read file blog/recycling-old-electronics-in-chicago.rst -> Article                                                                                          readers.py:547
           ERROR    Could not process blog/recycling-old-electronics-in-chicago.rst                                                                                                  log.py:96
                    /home/erick/Desktop/Projects/pythonmarketer.com/content/blog/recycling-old-electronics-in-chicago.rst:30: (WARNING/2) Inline strong start-string without                  
                    end-string.                                                                                                                                                               
                    Traceback (most recent call last):                                                                                                                                        
                      File "/home/erick/Desktop/Projects/sandbox/lib/python3.11/site-packages/pelican/generators.py", line 627, in generate_context                                           
                        article = self.readers.read_file(                                                                                                                                     
                                  ^^^^^^^^^^^^^^^^^^^^^^^                                                                                                                                     
                      File "/home/erick/Desktop/Projects/sandbox/lib/python3.11/site-packages/pelican/readers.py", line 580, in read_file                                                     
                        content, reader_metadata = reader.read(path)                                                                                                                          
                                                   ^^^^^^^^^^^^^^^^^                                                                                                                          
                      File "/home/erick/Desktop/Projects/sandbox/lib/python3.11/site-packages/pelican/readers.py", line 278, in read                                                          
                        pub = self._get_publisher(source_path)                                                                                                                                
                              ^^^^^^^^^^^^^^^^^^^^^^^^^^^^^^^^                                                                                                                                
                      File "/home/erick/Desktop/Projects/sandbox/lib/python3.11/site-packages/pelican/readers.py", line 273, in _get_publisher                                                
                        pub.publish()                                                                                                                                                         
                      File "/home/erick/Desktop/Projects/sandbox/lib/python3.11/site-packages/docutils/core.py", line 224, in publish                                                         
                        self.document = self.reader.read(self.source, self.parser,                                                                                                            
                                        ^^^^^^^^^^^^^^^^^^^^^^^^^^^^^^^^^^^^^^^^^^                                                                                                            
                      File "/home/erick/Desktop/Projects/sandbox/lib/python3.11/site-packages/docutils/readers/__init__.py", line 70, in read                                                 
                        self.parse()                                                                                                                                                          
                      File "/home/erick/Desktop/Projects/sandbox/lib/python3.11/site-packages/docutils/readers/__init__.py", line 76, in parse                                                
                        self.parser.parse(self.input, document)                                                                                                                               
                      File "/home/erick/Desktop/Projects/sandbox/lib/python3.11/site-packages/docutils/parsers/rst/__init__.py", line 185, in parse                                           
                        self.statemachine.run(inputlines, document, inliner=self.inliner)                                                                                                     
                      File "/home/erick/Desktop/Projects/sandbox/lib/python3.11/site-packages/docutils/parsers/rst/states.py", line 169, in run                                               
                        results = StateMachineWS.run(self, input_lines, input_offset,                                                                                                         
                                  ^^^^^^^^^^^^^^^^^^^^^^^^^^^^^^^^^^^^^^^^^^^^^^^^^^^                                                                                                         
                      File "/home/erick/Desktop/Projects/sandbox/lib/python3.11/site-packages/docutils/statemachine.py", line 233, in run                                                     
                        context, next_state, result = self.check_line(                                                                                                                        
                                                      ^^^^^^^^^^^^^^^^                                                                                                                        
                      File "/home/erick/Desktop/Projects/sandbox/lib/python3.11/site-packages/docutils/statemachine.py", line 445, in check_line                                              
                        return method(match, context, next_state)                                                                                                                             
                               ^^^^^^^^^^^^^^^^^^^^^^^^^^^^^^^^^^                                                                                                                             
                      File "/home/erick/Desktop/Projects/sandbox/lib/python3.11/site-packages/docutils/parsers/rst/states.py", line 2785, in underline                                        
                        self.section(title, source, style, lineno - 1, messages)                                                                                                              
                      File "/home/erick/Desktop/Projects/sandbox/lib/python3.11/site-packages/docutils/parsers/rst/states.py", line 325, in section                                           
                        self.new_subsection(title, lineno, messages)                                                                                                                          
                      File "/home/erick/Desktop/Projects/sandbox/lib/python3.11/site-packages/docutils/parsers/rst/states.py", line 391, in new_subsection                                    
                        newabsoffset = self.nested_parse(                                                                                                                                     
                                       ^^^^^^^^^^^^^^^^^^                                                                                                                                     
                      File "/home/erick/Desktop/Projects/sandbox/lib/python3.11/site-packages/docutils/parsers/rst/states.py", line 279, in nested_parse                                      
                        state_machine.run(block, input_offset, memo=self.memo,                                                                                                                
                      File "/home/erick/Desktop/Projects/sandbox/lib/python3.11/site-packages/docutils/parsers/rst/states.py", line 195, in run                                               
                        results = StateMachineWS.run(self, input_lines, input_offset)                                                                                                         
                                  ^^^^^^^^^^^^^^^^^^^^^^^^^^^^^^^^^^^^^^^^^^^^^^^^^^^                                                                                                         
                      File "/home/erick/Desktop/Projects/sandbox/lib/python3.11/site-packages/docutils/statemachine.py", line 233, in run                                                     
                        context, next_state, result = self.check_line(                                                                                                                        
                                                      ^^^^^^^^^^^^^^^^                                                                                                                        
                      File "/home/erick/Desktop/Projects/sandbox/lib/python3.11/site-packages/docutils/statemachine.py", line 445, in check_line                                              
                        return method(match, context, next_state)                                                                                                                             
                               ^^^^^^^^^^^^^^^^^^^^^^^^^^^^^^^^^^                                                                                                                             
                      File "/home/erick/Desktop/Projects/sandbox/lib/python3.11/site-packages/docutils/parsers/rst/states.py", line 1170, in indent                                           
                        elements = self.block_quote(indented, line_offset)                                                                                                                    
                                   ^^^^^^^^^^^^^^^^^^^^^^^^^^^^^^^^^^^^^^^                                                                                                                    
                      File "/home/erick/Desktop/Projects/sandbox/lib/python3.11/site-packages/docutils/parsers/rst/states.py", line 1187, in block_quote                                      
                        self.nested_parse(blockquote_lines, line_offset, blockquote)                                                                                                          
                      File "/home/erick/Desktop/Projects/sandbox/lib/python3.11/site-packages/docutils/parsers/rst/states.py", line 279, in nested_parse                                      
                        state_machine.run(block, input_offset, memo=self.memo,                                                                                                                
                      File "/home/erick/Desktop/Projects/sandbox/lib/python3.11/site-packages/docutils/parsers/rst/states.py", line 195, in run                                               
                        results = StateMachineWS.run(self, input_lines, input_offset)                                                                                                         
                                  ^^^^^^^^^^^^^^^^^^^^^^^^^^^^^^^^^^^^^^^^^^^^^^^^^^^                                                                                                         
                      File "/home/erick/Desktop/Projects/sandbox/lib/python3.11/site-packages/docutils/statemachine.py", line 233, in run                                                     
                        context, next_state, result = self.check_line(                                                                                                                        
                                                      ^^^^^^^^^^^^^^^^                                                                                                                        
                      File "/home/erick/Desktop/Projects/sandbox/lib/python3.11/site-packages/docutils/statemachine.py", line 445, in check_line                                              
                        return method(match, context, next_state)                                                                                                                             
                               ^^^^^^^^^^^^^^^^^^^^^^^^^^^^^^^^^^                                                                                                                             
                      File "/home/erick/Desktop/Projects/sandbox/lib/python3.11/site-packages/docutils/parsers/rst/states.py", line 1601, in line_block                                       
                        line, messages, blank_finish = self.line_block_line(match, lineno)                                                                                                    
                                                       ^^^^^^^^^^^^^^^^^^^^^^^^^^^^^^^^^^^                                                                                                    
                      File "/home/erick/Desktop/Projects/sandbox/lib/python3.11/site-packages/docutils/parsers/rst/states.py", line 1628, in line_block_line                                  
                        text_nodes, messages = self.inline_text(text, lineno)                                                                                                                 
                                               ^^^^^^^^^^^^^^^^^^^^^^^^^^^^^^                                                                                                                 
                      File "/home/erick/Desktop/Projects/sandbox/lib/python3.11/site-packages/docutils/parsers/rst/states.py", line 425, in inline_text                                       
                        nodes, messages = self.inliner.parse(text, lineno,                                                                                                                    
                                          ^^^^^^^^^^^^^^^^^^^^^^^^^^^^^^^^                                                                                                                    
                      File "/home/erick/Desktop/Projects/sandbox/lib/python3.11/site-packages/docutils/parsers/rst/states.py", line 649, in parse                                             
                        before, inlines, remaining, sysmessages = method(self, match,                                                                                                         
                                                                  ^^^^^^^^^^^^^^^^^^^                                                                                                         
                      File "/home/erick/Desktop/Projects/sandbox/lib/python3.11/site-packages/docutils/parsers/rst/states.py", line 747, in strong                                            
                        before, inlines, remaining, sysmessages, endstring = self.inline_obj(                                                                                                 
                                                                             ^^^^^^^^^^^^^^^^                                                                                                 
                      File "/home/erick/Desktop/Projects/sandbox/lib/python3.11/site-packages/docutils/parsers/rst/states.py", line 727, in inline_obj                                        
                        msg = self.reporter.warning(                                                                                                                                          
                              ^^^^^^^^^^^^^^^^^^^^^^                                                                                                                                          
                      File "/home/erick/Desktop/Projects/sandbox/lib/python3.11/site-packages/docutils/utils/__init__.py", line 223, in warning                                               
                        return self.system_message(self.WARNING_LEVEL, *args, **kwargs)                                                                                                       
                               ^^^^^^^^^^^^^^^^^^^^^^^^^^^^^^^^^^^^^^^^^^^^^^^^^^^^^^^^                                                                                                       
                      File "/home/erick/Desktop/Projects/sandbox/lib/python3.11/site-packages/docutils/utils/__init__.py", line 196, in system_message                                        
                        raise SystemMessage(msg, level)                                                                                                                                       
                    docutils.utils.SystemMessage: /home/erick/Desktop/Projects/pythonmarketer.com/content/blog/recycling-old-electronics-in-chicago.rst:30: (WARNING/2) Inline                
                    strong start-string without end-string.                                                                                                                                   
           DEBUG    Read file blog/wp-global-styles-pub-2fescutcheon.rst -> Article                                                                                             readers.py:547
           DEBUG    Read file blog/choosing-rust-as-my-second-language.rst -> Article                                                                                           readers.py:547
           ERROR    Could not process blog/choosing-rust-as-my-second-language.rst                                                                                                   log.py:96
                    /home/erick/Desktop/Projects/pythonmarketer.com/content/blog/choosing-rust-as-my-second-language.rst:28: (WARNING/2) Cannot analyze code. No Pygments lexer               
                    found for "instructions".                                                                                                                                                 
                    Traceback (most recent call last):                                                                                                                                        
                      File "/home/erick/Desktop/Projects/sandbox/lib/python3.11/site-packages/docutils/utils/code_analyzer.py", line 64, in __init__                                          
                        self.lexer = get_lexer_by_name(self.language)                                                                                                                         
                                     ^^^^^^^^^^^^^^^^^^^^^^^^^^^^^^^^                                                                                                                         
                      File "/home/erick/Desktop/Projects/sandbox/lib/python3.11/site-packages/pygments/lexers/__init__.py", line 131, in get_lexer_by_name                                    
                        raise ClassNotFound('no lexer for alias %r found' % _alias)                                                                                                           
                    pygments.util.ClassNotFound: no lexer for alias 'instructions' found                                                                                                      
                                                                                                                                                                                              
                    During handling of the above exception, another exception occurred:                                                                                                       
                                                                                                                                                                                              
                    Traceback (most recent call last):                                                                                                                                        
                      File "/home/erick/Desktop/Projects/sandbox/lib/python3.11/site-packages/docutils/parsers/rst/directives/body.py", line 159, in run                                      
                        tokens = Lexer('\n'.join(self.content), language,                                                                                                                     
                                 ^^^^^^^^^^^^^^^^^^^^^^^^^^^^^^^^^^^^^^^^                                                                                                                     
                      File "/home/erick/Desktop/Projects/sandbox/lib/python3.11/site-packages/docutils/utils/code_analyzer.py", line 66, in __init__                                          
                        raise LexerError('Cannot analyze code. '                                                                                                                              
                    docutils.utils.code_analyzer.LexerError: Cannot analyze code. No Pygments lexer found for "instructions".                                                                 
                                                                                                                                                                                              
                    During handling of the above exception, another exception occurred:                                                                                                       
                                                                                                                                                                                              
                    Traceback (most recent call last):                                                                                                                                        
                      File "/home/erick/Desktop/Projects/sandbox/lib/python3.11/site-packages/docutils/parsers/rst/states.py", line 2154, in run_directive                                    
                        result = directive_instance.run()                                                                                                                                     
                                 ^^^^^^^^^^^^^^^^^^^^^^^^                                                                                                                                     
                      File "/home/erick/Desktop/Projects/sandbox/lib/python3.11/site-packages/docutils/parsers/rst/directives/body.py", line 166, in run                                      
                        raise self.warning(error)                                                                                                                                             
                    docutils.parsers.rst.DirectiveError                                                                                                                                       
                                                                                                                                                                                              
                    During handling of the above exception, another exception occurred:                                                                                                       
                                                                                                                                                                                              
                    Traceback (most recent call last):                                                                                                                                        
                      File "/home/erick/Desktop/Projects/sandbox/lib/python3.11/site-packages/pelican/generators.py", line 627, in generate_context                                           
                        article = self.readers.read_file(                                                                                                                                     
                                  ^^^^^^^^^^^^^^^^^^^^^^^                                                                                                                                     
                      File "/home/erick/Desktop/Projects/sandbox/lib/python3.11/site-packages/pelican/readers.py", line 580, in read_file                                                     
                        content, reader_metadata = reader.read(path)                                                                                                                          
                                                   ^^^^^^^^^^^^^^^^^                                                                                                                          
                      File "/home/erick/Desktop/Projects/sandbox/lib/python3.11/site-packages/pelican/readers.py", line 278, in read                                                          
                        pub = self._get_publisher(source_path)                                                                                                                                
                              ^^^^^^^^^^^^^^^^^^^^^^^^^^^^^^^^                                                                                                                                
                      File "/home/erick/Desktop/Projects/sandbox/lib/python3.11/site-packages/pelican/readers.py", line 273, in _get_publisher                                                
                        pub.publish()                                                                                                                                                         
                      File "/home/erick/Desktop/Projects/sandbox/lib/python3.11/site-packages/docutils/core.py", line 224, in publish                                                         
                        self.document = self.reader.read(self.source, self.parser,                                                                                                            
                                        ^^^^^^^^^^^^^^^^^^^^^^^^^^^^^^^^^^^^^^^^^^                                                                                                            
                      File "/home/erick/Desktop/Projects/sandbox/lib/python3.11/site-packages/docutils/readers/__init__.py", line 70, in read                                                 
                        self.parse()                                                                                                                                                          
                      File "/home/erick/Desktop/Projects/sandbox/lib/python3.11/site-packages/docutils/readers/__init__.py", line 76, in parse                                                
                        self.parser.parse(self.input, document)                                                                                                                               
                      File "/home/erick/Desktop/Projects/sandbox/lib/python3.11/site-packages/docutils/parsers/rst/__init__.py", line 185, in parse                                           
                        self.statemachine.run(inputlines, document, inliner=self.inliner)                                                                                                     
                      File "/home/erick/Desktop/Projects/sandbox/lib/python3.11/site-packages/docutils/parsers/rst/states.py", line 169, in run                                               
                        results = StateMachineWS.run(self, input_lines, input_offset,                                                                                                         
                                  ^^^^^^^^^^^^^^^^^^^^^^^^^^^^^^^^^^^^^^^^^^^^^^^^^^^                                                                                                         
                      File "/home/erick/Desktop/Projects/sandbox/lib/python3.11/site-packages/docutils/statemachine.py", line 233, in run                                                     
                        context, next_state, result = self.check_line(                                                                                                                        
                                                      ^^^^^^^^^^^^^^^^                                                                                                                        
                      File "/home/erick/Desktop/Projects/sandbox/lib/python3.11/site-packages/docutils/statemachine.py", line 445, in check_line                                              
                        return method(match, context, next_state)                                                                                                                             
                               ^^^^^^^^^^^^^^^^^^^^^^^^^^^^^^^^^^                                                                                                                             
                      File "/home/erick/Desktop/Projects/sandbox/lib/python3.11/site-packages/docutils/parsers/rst/states.py", line 2785, in underline                                        
                        self.section(title, source, style, lineno - 1, messages)                                                                                                              
                      File "/home/erick/Desktop/Projects/sandbox/lib/python3.11/site-packages/docutils/parsers/rst/states.py", line 325, in section                                           
                        self.new_subsection(title, lineno, messages)                                                                                                                          
                      File "/home/erick/Desktop/Projects/sandbox/lib/python3.11/site-packages/docutils/parsers/rst/states.py", line 391, in new_subsection                                    
                        newabsoffset = self.nested_parse(                                                                                                                                     
                                       ^^^^^^^^^^^^^^^^^^                                                                                                                                     
                      File "/home/erick/Desktop/Projects/sandbox/lib/python3.11/site-packages/docutils/parsers/rst/states.py", line 279, in nested_parse                                      
                        state_machine.run(block, input_offset, memo=self.memo,                                                                                                                
                      File "/home/erick/Desktop/Projects/sandbox/lib/python3.11/site-packages/docutils/parsers/rst/states.py", line 195, in run                                               
                        results = StateMachineWS.run(self, input_lines, input_offset)                                                                                                         
                                  ^^^^^^^^^^^^^^^^^^^^^^^^^^^^^^^^^^^^^^^^^^^^^^^^^^^                                                                                                         
                      File "/home/erick/Desktop/Projects/sandbox/lib/python3.11/site-packages/docutils/statemachine.py", line 233, in run                                                     
                        context, next_state, result = self.check_line(                                                                                                                        
                                                      ^^^^^^^^^^^^^^^^                                                                                                                        
                      File "/home/erick/Desktop/Projects/sandbox/lib/python3.11/site-packages/docutils/statemachine.py", line 445, in check_line                                              
                        return method(match, context, next_state)                                                                                                                             
                               ^^^^^^^^^^^^^^^^^^^^^^^^^^^^^^^^^^                                                                                                                             
                      File "/home/erick/Desktop/Projects/sandbox/lib/python3.11/site-packages/docutils/parsers/rst/states.py", line 2355, in explicit_markup                                  
                        nodelist, blank_finish = self.explicit_construct(match)                                                                                                               
                                                 ^^^^^^^^^^^^^^^^^^^^^^^^^^^^^^                                                                                                               
                      File "/home/erick/Desktop/Projects/sandbox/lib/python3.11/site-packages/docutils/parsers/rst/states.py", line 2367, in explicit_construct                               
                        return method(self, expmatch)                                                                                                                                         
                               ^^^^^^^^^^^^^^^^^^^^^^                                                                                                                                         
                      File "/home/erick/Desktop/Projects/sandbox/lib/python3.11/site-packages/docutils/parsers/rst/states.py", line 2104, in directive                                        
                        return self.run_directive(                                                                                                                                            
                               ^^^^^^^^^^^^^^^^^^^                                                                                                                                            
                      File "/home/erick/Desktop/Projects/sandbox/lib/python3.11/site-packages/docutils/parsers/rst/states.py", line 2154, in run_directive                                    
                        result = directive_instance.run()                                                                                                                                     
                                 ^^^^^^^^^^^^^^^^^^^^^^^^                                                                                                                                     
                      File "/home/erick/Desktop/Projects/sandbox/lib/python3.11/site-packages/docutils/parsers/rst/directives/body.py", line 303, in run                                      
                        self.state.nested_parse(self.content, self.content_offset, node)                                                                                                      
                      File "/home/erick/Desktop/Projects/sandbox/lib/python3.11/site-packages/docutils/parsers/rst/states.py", line 279, in nested_parse                                      
                        state_machine.run(block, input_offset, memo=self.memo,                                                                                                                
                      File "/home/erick/Desktop/Projects/sandbox/lib/python3.11/site-packages/docutils/parsers/rst/states.py", line 195, in run                                               
                        results = StateMachineWS.run(self, input_lines, input_offset)                                                                                                         
                                  ^^^^^^^^^^^^^^^^^^^^^^^^^^^^^^^^^^^^^^^^^^^^^^^^^^^                                                                                                         
                      File "/home/erick/Desktop/Projects/sandbox/lib/python3.11/site-packages/docutils/statemachine.py", line 233, in run                                                     
                        context, next_state, result = self.check_line(                                                                                                                        
                                                      ^^^^^^^^^^^^^^^^                                                                                                                        
                      File "/home/erick/Desktop/Projects/sandbox/lib/python3.11/site-packages/docutils/statemachine.py", line 445, in check_line                                              
                        return method(match, context, next_state)                                                                                                                             
                               ^^^^^^^^^^^^^^^^^^^^^^^^^^^^^^^^^^                                                                                                                             
                      File "/home/erick/Desktop/Projects/sandbox/lib/python3.11/site-packages/docutils/parsers/rst/states.py", line 2355, in explicit_markup                                  
                        nodelist, blank_finish = self.explicit_construct(match)                                                                                                               
                                                 ^^^^^^^^^^^^^^^^^^^^^^^^^^^^^^                                                                                                               
                      File "/home/erick/Desktop/Projects/sandbox/lib/python3.11/site-packages/docutils/parsers/rst/states.py", line 2367, in explicit_construct                               
                        return method(self, expmatch)                                                                                                                                         
                               ^^^^^^^^^^^^^^^^^^^^^^                                                                                                                                         
                      File "/home/erick/Desktop/Projects/sandbox/lib/python3.11/site-packages/docutils/parsers/rst/states.py", line 2104, in directive                                        
                        return self.run_directive(                                                                                                                                            
                               ^^^^^^^^^^^^^^^^^^^                                                                                                                                            
                      File "/home/erick/Desktop/Projects/sandbox/lib/python3.11/site-packages/docutils/parsers/rst/states.py", line 2156, in run_directive                                    
                        msg_node = self.reporter.system_message(error.level, error.msg,                                                                                                       
                                   ^^^^^^^^^^^^^^^^^^^^^^^^^^^^^^^^^^^^^^^^^^^^^^^^^^^^                                                                                                       
                      File "/home/erick/Desktop/Projects/sandbox/lib/python3.11/site-packages/docutils/utils/__init__.py", line 196, in system_message                                        
                        raise SystemMessage(msg, level)                                                                                                                                       
                    docutils.utils.SystemMessage: /home/erick/Desktop/Projects/pythonmarketer.com/content/blog/choosing-rust-as-my-second-language.rst:28: (WARNING/2) Cannot                 
                    analyze code. No Pygments lexer found for "instructions".                                                                                                                 
           DEBUG    Read file blog/easy-wins-for-your-windows-computer.rst -> Article                                                                                           readers.py:547
           DEBUG    Read file blog/7439.rst -> Article                                                                                                                          readers.py:547
           DEBUG    Read file blog/phone-number-cleaning-regex-pandas-series-example.rst -> Article                                                                             readers.py:547
           ERROR    Could not process blog/phone-number-cleaning-regex-pandas-series-example.rst                                                                                     log.py:96
                    /home/erick/Desktop/Projects/pythonmarketer.com/content/blog/phone-number-cleaning-regex-pandas-series-example.rst:12: (WARNING/2) Cannot analyze code. No                
                    Pygments lexer found for "wp-block-preformatted".                                                                                                                         
                    Traceback (most recent call last):                                                                                                                                        
                      File "/home/erick/Desktop/Projects/sandbox/lib/python3.11/site-packages/docutils/utils/code_analyzer.py", line 64, in __init__                                          
                        self.lexer = get_lexer_by_name(self.language)                                                                                                                         
                                     ^^^^^^^^^^^^^^^^^^^^^^^^^^^^^^^^                                                                                                                         
                      File "/home/erick/Desktop/Projects/sandbox/lib/python3.11/site-packages/pygments/lexers/__init__.py", line 131, in get_lexer_by_name                                    
                        raise ClassNotFound('no lexer for alias %r found' % _alias)                                                                                                           
                    pygments.util.ClassNotFound: no lexer for alias 'wp-block-preformatted' found                                                                                             
                                                                                                                                                                                              
                    During handling of the above exception, another exception occurred:                                                                                                       
                                                                                                                                                                                              
                    Traceback (most recent call last):                                                                                                                                        
                      File "/home/erick/Desktop/Projects/sandbox/lib/python3.11/site-packages/docutils/parsers/rst/directives/body.py", line 159, in run                                      
                        tokens = Lexer('\n'.join(self.content), language,                                                                                                                     
                                 ^^^^^^^^^^^^^^^^^^^^^^^^^^^^^^^^^^^^^^^^                                                                                                                     
                      File "/home/erick/Desktop/Projects/sandbox/lib/python3.11/site-packages/docutils/utils/code_analyzer.py", line 66, in __init__                                          
                        raise LexerError('Cannot analyze code. '                                                                                                                              
                    docutils.utils.code_analyzer.LexerError: Cannot analyze code. No Pygments lexer found for "wp-block-preformatted".                                                        
                                                                                                                                                                                              
                    During handling of the above exception, another exception occurred:                                                                                                       
                                                                                                                                                                                              
                    Traceback (most recent call last):                                                                                                                                        
                      File "/home/erick/Desktop/Projects/sandbox/lib/python3.11/site-packages/docutils/parsers/rst/states.py", line 2154, in run_directive                                    
                        result = directive_instance.run()                                                                                                                                     
                                 ^^^^^^^^^^^^^^^^^^^^^^^^                                                                                                                                     
                      File "/home/erick/Desktop/Projects/sandbox/lib/python3.11/site-packages/docutils/parsers/rst/directives/body.py", line 166, in run                                      
                        raise self.warning(error)                                                                                                                                             
                    docutils.parsers.rst.DirectiveError                                                                                                                                       
                                                                                                                                                                                              
                    During handling of the above exception, another exception occurred:                                                                                                       
                                                                                                                                                                                              
                    Traceback (most recent call last):                                                                                                                                        
                      File "/home/erick/Desktop/Projects/sandbox/lib/python3.11/site-packages/pelican/generators.py", line 627, in generate_context                                           
                        article = self.readers.read_file(                                                                                                                                     
                                  ^^^^^^^^^^^^^^^^^^^^^^^                                                                                                                                     
                      File "/home/erick/Desktop/Projects/sandbox/lib/python3.11/site-packages/pelican/readers.py", line 580, in read_file                                                     
                        content, reader_metadata = reader.read(path)                                                                                                                          
                                                   ^^^^^^^^^^^^^^^^^                                                                                                                          
                      File "/home/erick/Desktop/Projects/sandbox/lib/python3.11/site-packages/pelican/readers.py", line 278, in read                                                          
                        pub = self._get_publisher(source_path)                                                                                                                                
                              ^^^^^^^^^^^^^^^^^^^^^^^^^^^^^^^^                                                                                                                                
                      File "/home/erick/Desktop/Projects/sandbox/lib/python3.11/site-packages/pelican/readers.py", line 273, in _get_publisher                                                
                        pub.publish()                                                                                                                                                         
                      File "/home/erick/Desktop/Projects/sandbox/lib/python3.11/site-packages/docutils/core.py", line 224, in publish                                                         
                        self.document = self.reader.read(self.source, self.parser,                                                                                                            
                                        ^^^^^^^^^^^^^^^^^^^^^^^^^^^^^^^^^^^^^^^^^^                                                                                                            
                      File "/home/erick/Desktop/Projects/sandbox/lib/python3.11/site-packages/docutils/readers/__init__.py", line 70, in read                                                 
                        self.parse()                                                                                                                                                          
                      File "/home/erick/Desktop/Projects/sandbox/lib/python3.11/site-packages/docutils/readers/__init__.py", line 76, in parse                                                
                        self.parser.parse(self.input, document)                                                                                                                               
                      File "/home/erick/Desktop/Projects/sandbox/lib/python3.11/site-packages/docutils/parsers/rst/__init__.py", line 185, in parse                                           
                        self.statemachine.run(inputlines, document, inliner=self.inliner)                                                                                                     
                      File "/home/erick/Desktop/Projects/sandbox/lib/python3.11/site-packages/docutils/parsers/rst/states.py", line 169, in run                                               
                        results = StateMachineWS.run(self, input_lines, input_offset,                                                                                                         
                                  ^^^^^^^^^^^^^^^^^^^^^^^^^^^^^^^^^^^^^^^^^^^^^^^^^^^                                                                                                         
                      File "/home/erick/Desktop/Projects/sandbox/lib/python3.11/site-packages/docutils/statemachine.py", line 233, in run                                                     
                        context, next_state, result = self.check_line(                                                                                                                        
                                                      ^^^^^^^^^^^^^^^^                                                                                                                        
                      File "/home/erick/Desktop/Projects/sandbox/lib/python3.11/site-packages/docutils/statemachine.py", line 445, in check_line                                              
                        return method(match, context, next_state)                                                                                                                             
                               ^^^^^^^^^^^^^^^^^^^^^^^^^^^^^^^^^^                                                                                                                             
                      File "/home/erick/Desktop/Projects/sandbox/lib/python3.11/site-packages/docutils/parsers/rst/states.py", line 2785, in underline                                        
                        self.section(title, source, style, lineno - 1, messages)                                                                                                              
                      File "/home/erick/Desktop/Projects/sandbox/lib/python3.11/site-packages/docutils/parsers/rst/states.py", line 325, in section                                           
                        self.new_subsection(title, lineno, messages)                                                                                                                          
                      File "/home/erick/Desktop/Projects/sandbox/lib/python3.11/site-packages/docutils/parsers/rst/states.py", line 391, in new_subsection                                    
                        newabsoffset = self.nested_parse(                                                                                                                                     
                                       ^^^^^^^^^^^^^^^^^^                                                                                                                                     
                      File "/home/erick/Desktop/Projects/sandbox/lib/python3.11/site-packages/docutils/parsers/rst/states.py", line 279, in nested_parse                                      
                        state_machine.run(block, input_offset, memo=self.memo,                                                                                                                
                      File "/home/erick/Desktop/Projects/sandbox/lib/python3.11/site-packages/docutils/parsers/rst/states.py", line 195, in run                                               
                        results = StateMachineWS.run(self, input_lines, input_offset)                                                                                                         
                                  ^^^^^^^^^^^^^^^^^^^^^^^^^^^^^^^^^^^^^^^^^^^^^^^^^^^                                                                                                         
                      File "/home/erick/Desktop/Projects/sandbox/lib/python3.11/site-packages/docutils/statemachine.py", line 233, in run                                                     
                        context, next_state, result = self.check_line(                                                                                                                        
                                                      ^^^^^^^^^^^^^^^^                                                                                                                        
                      File "/home/erick/Desktop/Projects/sandbox/lib/python3.11/site-packages/docutils/statemachine.py", line 445, in check_line                                              
                        return method(match, context, next_state)                                                                                                                             
                               ^^^^^^^^^^^^^^^^^^^^^^^^^^^^^^^^^^                                                                                                                             
                      File "/home/erick/Desktop/Projects/sandbox/lib/python3.11/site-packages/docutils/parsers/rst/states.py", line 2355, in explicit_markup                                  
                        nodelist, blank_finish = self.explicit_construct(match)                                                                                                               
                                                 ^^^^^^^^^^^^^^^^^^^^^^^^^^^^^^                                                                                                               
                      File "/home/erick/Desktop/Projects/sandbox/lib/python3.11/site-packages/docutils/parsers/rst/states.py", line 2367, in explicit_construct                               
                        return method(self, expmatch)                                                                                                                                         
                               ^^^^^^^^^^^^^^^^^^^^^^                                                                                                                                         
                      File "/home/erick/Desktop/Projects/sandbox/lib/python3.11/site-packages/docutils/parsers/rst/states.py", line 2104, in directive                                        
                        return self.run_directive(                                                                                                                                            
                               ^^^^^^^^^^^^^^^^^^^                                                                                                                                            
                      File "/home/erick/Desktop/Projects/sandbox/lib/python3.11/site-packages/docutils/parsers/rst/states.py", line 2156, in run_directive                                    
                        msg_node = self.reporter.system_message(error.level, error.msg,                                                                                                       
                                   ^^^^^^^^^^^^^^^^^^^^^^^^^^^^^^^^^^^^^^^^^^^^^^^^^^^^                                                                                                       
                      File "/home/erick/Desktop/Projects/sandbox/lib/python3.11/site-packages/docutils/utils/__init__.py", line 196, in system_message                                        
                        raise SystemMessage(msg, level)                                                                                                                                       
                    docutils.utils.SystemMessage: /home/erick/Desktop/Projects/pythonmarketer.com/content/blog/phone-number-cleaning-regex-pandas-series-example.rst:12: (WARNING/2)          
                    Cannot analyze code. No Pygments lexer found for "wp-block-preformatted".                                                                                                 
           DEBUG    Read file blog/ftfy-the-wonky-text-fixing-python-library.rst -> Article                                                                                     readers.py:547
[20:43:40] ERROR    Could not process blog/ftfy-the-wonky-text-fixing-python-library.rst                                                                                             log.py:96
                    /home/erick/Desktop/Projects/pythonmarketer.com/content/blog/ftfy-the-wonky-text-fixing-python-library.rst:14: (WARNING/2) Cannot analyze code. No Pygments               
                    lexer found for "wp-block-preformatted".                                                                                                                                  
                    Traceback (most recent call last):                                                                                                                                        
                      File "/home/erick/Desktop/Projects/sandbox/lib/python3.11/site-packages/docutils/utils/code_analyzer.py", line 64, in __init__                                          
                        self.lexer = get_lexer_by_name(self.language)                                                                                                                         
                                     ^^^^^^^^^^^^^^^^^^^^^^^^^^^^^^^^                                                                                                                         
                      File "/home/erick/Desktop/Projects/sandbox/lib/python3.11/site-packages/pygments/lexers/__init__.py", line 131, in get_lexer_by_name                                    
                        raise ClassNotFound('no lexer for alias %r found' % _alias)                                                                                                           
                    pygments.util.ClassNotFound: no lexer for alias 'wp-block-preformatted' found                                                                                             
                                                                                                                                                                                              
                    During handling of the above exception, another exception occurred:                                                                                                       
                                                                                                                                                                                              
                    Traceback (most recent call last):                                                                                                                                        
                      File "/home/erick/Desktop/Projects/sandbox/lib/python3.11/site-packages/docutils/parsers/rst/directives/body.py", line 159, in run                                      
                        tokens = Lexer('\n'.join(self.content), language,                                                                                                                     
                                 ^^^^^^^^^^^^^^^^^^^^^^^^^^^^^^^^^^^^^^^^                                                                                                                     
                      File "/home/erick/Desktop/Projects/sandbox/lib/python3.11/site-packages/docutils/utils/code_analyzer.py", line 66, in __init__                                          
                        raise LexerError('Cannot analyze code. '                                                                                                                              
                    docutils.utils.code_analyzer.LexerError: Cannot analyze code. No Pygments lexer found for "wp-block-preformatted".                                                        
                                                                                                                                                                                              
                    During handling of the above exception, another exception occurred:                                                                                                       
                                                                                                                                                                                              
                    Traceback (most recent call last):                                                                                                                                        
                      File "/home/erick/Desktop/Projects/sandbox/lib/python3.11/site-packages/docutils/parsers/rst/states.py", line 2154, in run_directive                                    
                        result = directive_instance.run()                                                                                                                                     
                                 ^^^^^^^^^^^^^^^^^^^^^^^^                                                                                                                                     
                      File "/home/erick/Desktop/Projects/sandbox/lib/python3.11/site-packages/docutils/parsers/rst/directives/body.py", line 166, in run                                      
                        raise self.warning(error)                                                                                                                                             
                    docutils.parsers.rst.DirectiveError                                                                                                                                       
                                                                                                                                                                                              
                    During handling of the above exception, another exception occurred:                                                                                                       
                                                                                                                                                                                              
                    Traceback (most recent call last):                                                                                                                                        
                      File "/home/erick/Desktop/Projects/sandbox/lib/python3.11/site-packages/pelican/generators.py", line 627, in generate_context                                           
                        article = self.readers.read_file(                                                                                                                                     
                                  ^^^^^^^^^^^^^^^^^^^^^^^                                                                                                                                     
                      File "/home/erick/Desktop/Projects/sandbox/lib/python3.11/site-packages/pelican/readers.py", line 580, in read_file                                                     
                        content, reader_metadata = reader.read(path)                                                                                                                          
                                                   ^^^^^^^^^^^^^^^^^                                                                                                                          
                      File "/home/erick/Desktop/Projects/sandbox/lib/python3.11/site-packages/pelican/readers.py", line 278, in read                                                          
                        pub = self._get_publisher(source_path)                                                                                                                                
                              ^^^^^^^^^^^^^^^^^^^^^^^^^^^^^^^^                                                                                                                                
                      File "/home/erick/Desktop/Projects/sandbox/lib/python3.11/site-packages/pelican/readers.py", line 273, in _get_publisher                                                
                        pub.publish()                                                                                                                                                         
                      File "/home/erick/Desktop/Projects/sandbox/lib/python3.11/site-packages/docutils/core.py", line 224, in publish                                                         
                        self.document = self.reader.read(self.source, self.parser,                                                                                                            
                                        ^^^^^^^^^^^^^^^^^^^^^^^^^^^^^^^^^^^^^^^^^^                                                                                                            
                      File "/home/erick/Desktop/Projects/sandbox/lib/python3.11/site-packages/docutils/readers/__init__.py", line 70, in read                                                 
                        self.parse()                                                                                                                                                          
                      File "/home/erick/Desktop/Projects/sandbox/lib/python3.11/site-packages/docutils/readers/__init__.py", line 76, in parse                                                
                        self.parser.parse(self.input, document)                                                                                                                               
                      File "/home/erick/Desktop/Projects/sandbox/lib/python3.11/site-packages/docutils/parsers/rst/__init__.py", line 185, in parse                                           
                        self.statemachine.run(inputlines, document, inliner=self.inliner)                                                                                                     
                      File "/home/erick/Desktop/Projects/sandbox/lib/python3.11/site-packages/docutils/parsers/rst/states.py", line 169, in run                                               
                        results = StateMachineWS.run(self, input_lines, input_offset,                                                                                                         
                                  ^^^^^^^^^^^^^^^^^^^^^^^^^^^^^^^^^^^^^^^^^^^^^^^^^^^                                                                                                         
                      File "/home/erick/Desktop/Projects/sandbox/lib/python3.11/site-packages/docutils/statemachine.py", line 233, in run                                                     
                        context, next_state, result = self.check_line(                                                                                                                        
                                                      ^^^^^^^^^^^^^^^^                                                                                                                        
                      File "/home/erick/Desktop/Projects/sandbox/lib/python3.11/site-packages/docutils/statemachine.py", line 445, in check_line                                              
                        return method(match, context, next_state)                                                                                                                             
                               ^^^^^^^^^^^^^^^^^^^^^^^^^^^^^^^^^^                                                                                                                             
                      File "/home/erick/Desktop/Projects/sandbox/lib/python3.11/site-packages/docutils/parsers/rst/states.py", line 2785, in underline                                        
                        self.section(title, source, style, lineno - 1, messages)                                                                                                              
                      File "/home/erick/Desktop/Projects/sandbox/lib/python3.11/site-packages/docutils/parsers/rst/states.py", line 325, in section                                           
                        self.new_subsection(title, lineno, messages)                                                                                                                          
                      File "/home/erick/Desktop/Projects/sandbox/lib/python3.11/site-packages/docutils/parsers/rst/states.py", line 391, in new_subsection                                    
                        newabsoffset = self.nested_parse(                                                                                                                                     
                                       ^^^^^^^^^^^^^^^^^^                                                                                                                                     
                      File "/home/erick/Desktop/Projects/sandbox/lib/python3.11/site-packages/docutils/parsers/rst/states.py", line 279, in nested_parse                                      
                        state_machine.run(block, input_offset, memo=self.memo,                                                                                                                
                      File "/home/erick/Desktop/Projects/sandbox/lib/python3.11/site-packages/docutils/parsers/rst/states.py", line 195, in run                                               
                        results = StateMachineWS.run(self, input_lines, input_offset)                                                                                                         
                                  ^^^^^^^^^^^^^^^^^^^^^^^^^^^^^^^^^^^^^^^^^^^^^^^^^^^                                                                                                         
                      File "/home/erick/Desktop/Projects/sandbox/lib/python3.11/site-packages/docutils/statemachine.py", line 233, in run                                                     
                        context, next_state, result = self.check_line(                                                                                                                        
                                                      ^^^^^^^^^^^^^^^^                                                                                                                        
                      File "/home/erick/Desktop/Projects/sandbox/lib/python3.11/site-packages/docutils/statemachine.py", line 445, in check_line                                              
                        return method(match, context, next_state)                                                                                                                             
                               ^^^^^^^^^^^^^^^^^^^^^^^^^^^^^^^^^^                                                                                                                             
                      File "/home/erick/Desktop/Projects/sandbox/lib/python3.11/site-packages/docutils/parsers/rst/states.py", line 2355, in explicit_markup                                  
                        nodelist, blank_finish = self.explicit_construct(match)                                                                                                               
                                                 ^^^^^^^^^^^^^^^^^^^^^^^^^^^^^^                                                                                                               
                      File "/home/erick/Desktop/Projects/sandbox/lib/python3.11/site-packages/docutils/parsers/rst/states.py", line 2367, in explicit_construct                               
                        return method(self, expmatch)                                                                                                                                         
                               ^^^^^^^^^^^^^^^^^^^^^^                                                                                                                                         
                      File "/home/erick/Desktop/Projects/sandbox/lib/python3.11/site-packages/docutils/parsers/rst/states.py", line 2104, in directive                                        
                        return self.run_directive(                                                                                                                                            
                               ^^^^^^^^^^^^^^^^^^^                                                                                                                                            
                      File "/home/erick/Desktop/Projects/sandbox/lib/python3.11/site-packages/docutils/parsers/rst/states.py", line 2156, in run_directive                                    
                        msg_node = self.reporter.system_message(error.level, error.msg,                                                                                                       
                                   ^^^^^^^^^^^^^^^^^^^^^^^^^^^^^^^^^^^^^^^^^^^^^^^^^^^^                                                                                                       
                      File "/home/erick/Desktop/Projects/sandbox/lib/python3.11/site-packages/docutils/utils/__init__.py", line 196, in system_message                                        
                        raise SystemMessage(msg, level)                                                                                                                                       
                    docutils.utils.SystemMessage: /home/erick/Desktop/Projects/pythonmarketer.com/content/blog/ftfy-the-wonky-text-fixing-python-library.rst:14: (WARNING/2) Cannot           
                    analyze code. No Pygments lexer found for "wp-block-preformatted".                                                                                                        
           DEBUG    Read file blog/2918.rst -> Article                                                                                                                          readers.py:547
           DEBUG    Read file blog/how-to-fix-your-python-certificates-on-windows.rst -> Article                                                                                readers.py:547
           ERROR    Could not process blog/how-to-fix-your-python-certificates-on-windows.rst                                                                                        log.py:96
                    /home/erick/Desktop/Projects/pythonmarketer.com/content/blog/how-to-fix-your-python-certificates-on-windows.rst:12: (WARNING/2) Cannot analyze code. No Pygments          
                    lexer found for "wp-block-preformatted".                                                                                                                                  
                    Traceback (most recent call last):                                                                                                                                        
                      File "/home/erick/Desktop/Projects/sandbox/lib/python3.11/site-packages/docutils/utils/code_analyzer.py", line 64, in __init__                                          
                        self.lexer = get_lexer_by_name(self.language)                                                                                                                         
                                     ^^^^^^^^^^^^^^^^^^^^^^^^^^^^^^^^                                                                                                                         
                      File "/home/erick/Desktop/Projects/sandbox/lib/python3.11/site-packages/pygments/lexers/__init__.py", line 131, in get_lexer_by_name                                    
                        raise ClassNotFound('no lexer for alias %r found' % _alias)                                                                                                           
                    pygments.util.ClassNotFound: no lexer for alias 'wp-block-preformatted' found                                                                                             
                                                                                                                                                                                              
                    During handling of the above exception, another exception occurred:                                                                                                       
                                                                                                                                                                                              
                    Traceback (most recent call last):                                                                                                                                        
                      File "/home/erick/Desktop/Projects/sandbox/lib/python3.11/site-packages/docutils/parsers/rst/directives/body.py", line 159, in run                                      
                        tokens = Lexer('\n'.join(self.content), language,                                                                                                                     
                                 ^^^^^^^^^^^^^^^^^^^^^^^^^^^^^^^^^^^^^^^^                                                                                                                     
                      File "/home/erick/Desktop/Projects/sandbox/lib/python3.11/site-packages/docutils/utils/code_analyzer.py", line 66, in __init__                                          
                        raise LexerError('Cannot analyze code. '                                                                                                                              
                    docutils.utils.code_analyzer.LexerError: Cannot analyze code. No Pygments lexer found for "wp-block-preformatted".                                                        
                                                                                                                                                                                              
                    During handling of the above exception, another exception occurred:                                                                                                       
                                                                                                                                                                                              
                    Traceback (most recent call last):                                                                                                                                        
                      File "/home/erick/Desktop/Projects/sandbox/lib/python3.11/site-packages/docutils/parsers/rst/states.py", line 2154, in run_directive                                    
                        result = directive_instance.run()                                                                                                                                     
                                 ^^^^^^^^^^^^^^^^^^^^^^^^                                                                                                                                     
                      File "/home/erick/Desktop/Projects/sandbox/lib/python3.11/site-packages/docutils/parsers/rst/directives/body.py", line 166, in run                                      
                        raise self.warning(error)                                                                                                                                             
                    docutils.parsers.rst.DirectiveError                                                                                                                                       
                                                                                                                                                                                              
                    During handling of the above exception, another exception occurred:                                                                                                       
                                                                                                                                                                                              
                    Traceback (most recent call last):                                                                                                                                        
                      File "/home/erick/Desktop/Projects/sandbox/lib/python3.11/site-packages/pelican/generators.py", line 627, in generate_context                                           
                        article = self.readers.read_file(                                                                                                                                     
                                  ^^^^^^^^^^^^^^^^^^^^^^^                                                                                                                                     
                      File "/home/erick/Desktop/Projects/sandbox/lib/python3.11/site-packages/pelican/readers.py", line 580, in read_file                                                     
                        content, reader_metadata = reader.read(path)                                                                                                                          
                                                   ^^^^^^^^^^^^^^^^^                                                                                                                          
                      File "/home/erick/Desktop/Projects/sandbox/lib/python3.11/site-packages/pelican/readers.py", line 278, in read                                                          
                        pub = self._get_publisher(source_path)                                                                                                                                
                              ^^^^^^^^^^^^^^^^^^^^^^^^^^^^^^^^                                                                                                                                
                      File "/home/erick/Desktop/Projects/sandbox/lib/python3.11/site-packages/pelican/readers.py", line 273, in _get_publisher                                                
                        pub.publish()                                                                                                                                                         
                      File "/home/erick/Desktop/Projects/sandbox/lib/python3.11/site-packages/docutils/core.py", line 224, in publish                                                         
                        self.document = self.reader.read(self.source, self.parser,                                                                                                            
                                        ^^^^^^^^^^^^^^^^^^^^^^^^^^^^^^^^^^^^^^^^^^                                                                                                            
                      File "/home/erick/Desktop/Projects/sandbox/lib/python3.11/site-packages/docutils/readers/__init__.py", line 70, in read                                                 
                        self.parse()                                                                                                                                                          
                      File "/home/erick/Desktop/Projects/sandbox/lib/python3.11/site-packages/docutils/readers/__init__.py", line 76, in parse                                                
                        self.parser.parse(self.input, document)                                                                                                                               
                      File "/home/erick/Desktop/Projects/sandbox/lib/python3.11/site-packages/docutils/parsers/rst/__init__.py", line 185, in parse                                           
                        self.statemachine.run(inputlines, document, inliner=self.inliner)                                                                                                     
                      File "/home/erick/Desktop/Projects/sandbox/lib/python3.11/site-packages/docutils/parsers/rst/states.py", line 169, in run                                               
                        results = StateMachineWS.run(self, input_lines, input_offset,                                                                                                         
                                  ^^^^^^^^^^^^^^^^^^^^^^^^^^^^^^^^^^^^^^^^^^^^^^^^^^^                                                                                                         
                      File "/home/erick/Desktop/Projects/sandbox/lib/python3.11/site-packages/docutils/statemachine.py", line 233, in run                                                     
                        context, next_state, result = self.check_line(                                                                                                                        
                                                      ^^^^^^^^^^^^^^^^                                                                                                                        
                      File "/home/erick/Desktop/Projects/sandbox/lib/python3.11/site-packages/docutils/statemachine.py", line 445, in check_line                                              
                        return method(match, context, next_state)                                                                                                                             
                               ^^^^^^^^^^^^^^^^^^^^^^^^^^^^^^^^^^                                                                                                                             
                      File "/home/erick/Desktop/Projects/sandbox/lib/python3.11/site-packages/docutils/parsers/rst/states.py", line 2785, in underline                                        
                        self.section(title, source, style, lineno - 1, messages)                                                                                                              
                      File "/home/erick/Desktop/Projects/sandbox/lib/python3.11/site-packages/docutils/parsers/rst/states.py", line 325, in section                                           
                        self.new_subsection(title, lineno, messages)                                                                                                                          
                      File "/home/erick/Desktop/Projects/sandbox/lib/python3.11/site-packages/docutils/parsers/rst/states.py", line 391, in new_subsection                                    
                        newabsoffset = self.nested_parse(                                                                                                                                     
                                       ^^^^^^^^^^^^^^^^^^                                                                                                                                     
                      File "/home/erick/Desktop/Projects/sandbox/lib/python3.11/site-packages/docutils/parsers/rst/states.py", line 279, in nested_parse                                      
                        state_machine.run(block, input_offset, memo=self.memo,                                                                                                                
                      File "/home/erick/Desktop/Projects/sandbox/lib/python3.11/site-packages/docutils/parsers/rst/states.py", line 195, in run                                               
                        results = StateMachineWS.run(self, input_lines, input_offset)                                                                                                         
                                  ^^^^^^^^^^^^^^^^^^^^^^^^^^^^^^^^^^^^^^^^^^^^^^^^^^^                                                                                                         
                      File "/home/erick/Desktop/Projects/sandbox/lib/python3.11/site-packages/docutils/statemachine.py", line 233, in run                                                     
                        context, next_state, result = self.check_line(                                                                                                                        
                                                      ^^^^^^^^^^^^^^^^                                                                                                                        
                      File "/home/erick/Desktop/Projects/sandbox/lib/python3.11/site-packages/docutils/statemachine.py", line 445, in check_line                                              
                        return method(match, context, next_state)                                                                                                                             
                               ^^^^^^^^^^^^^^^^^^^^^^^^^^^^^^^^^^                                                                                                                             
                      File "/home/erick/Desktop/Projects/sandbox/lib/python3.11/site-packages/docutils/parsers/rst/states.py", line 2355, in explicit_markup                                  
                        nodelist, blank_finish = self.explicit_construct(match)                                                                                                               
                                                 ^^^^^^^^^^^^^^^^^^^^^^^^^^^^^^                                                                                                               
                      File "/home/erick/Desktop/Projects/sandbox/lib/python3.11/site-packages/docutils/parsers/rst/states.py", line 2367, in explicit_construct                               
                        return method(self, expmatch)                                                                                                                                         
                               ^^^^^^^^^^^^^^^^^^^^^^                                                                                                                                         
                      File "/home/erick/Desktop/Projects/sandbox/lib/python3.11/site-packages/docutils/parsers/rst/states.py", line 2104, in directive                                        
                        return self.run_directive(                                                                                                                                            
                               ^^^^^^^^^^^^^^^^^^^                                                                                                                                            
                      File "/home/erick/Desktop/Projects/sandbox/lib/python3.11/site-packages/docutils/parsers/rst/states.py", line 2156, in run_directive                                    
                        msg_node = self.reporter.system_message(error.level, error.msg,                                                                                                       
                                   ^^^^^^^^^^^^^^^^^^^^^^^^^^^^^^^^^^^^^^^^^^^^^^^^^^^^                                                                                                       
                      File "/home/erick/Desktop/Projects/sandbox/lib/python3.11/site-packages/docutils/utils/__init__.py", line 196, in system_message                                        
                        raise SystemMessage(msg, level)                                                                                                                                       
                    docutils.utils.SystemMessage: /home/erick/Desktop/Projects/pythonmarketer.com/content/blog/how-to-fix-your-python-certificates-on-windows.rst:12: (WARNING/2)             
                    Cannot analyze code. No Pygments lexer found for "wp-block-preformatted".                                                                                                 
           DEBUG    Read file blog/pymarketer-http-spreadsheet-operations-python-package.rst -> Article                                                                         readers.py:547
           ERROR    Could not process blog/pymarketer-http-spreadsheet-operations-python-package.rst                                                                                 log.py:96
                    /home/erick/Desktop/Projects/pythonmarketer.com/content/blog/pymarketer-http-spreadsheet-operations-python-package.rst:14: (WARNING/2) Cannot analyze code. No            
                    Pygments lexer found for "wp-block-code".                                                                                                                                 
                    Traceback (most recent call last):                                                                                                                                        
                      File "/home/erick/Desktop/Projects/sandbox/lib/python3.11/site-packages/docutils/utils/code_analyzer.py", line 64, in __init__                                          
                        self.lexer = get_lexer_by_name(self.language)                                                                                                                         
                                     ^^^^^^^^^^^^^^^^^^^^^^^^^^^^^^^^                                                                                                                         
                      File "/home/erick/Desktop/Projects/sandbox/lib/python3.11/site-packages/pygments/lexers/__init__.py", line 131, in get_lexer_by_name                                    
                        raise ClassNotFound('no lexer for alias %r found' % _alias)                                                                                                           
                    pygments.util.ClassNotFound: no lexer for alias 'wp-block-code' found                                                                                                     
                                                                                                                                                                                              
                    During handling of the above exception, another exception occurred:                                                                                                       
                                                                                                                                                                                              
                    Traceback (most recent call last):                                                                                                                                        
                      File "/home/erick/Desktop/Projects/sandbox/lib/python3.11/site-packages/docutils/parsers/rst/directives/body.py", line 159, in run                                      
                        tokens = Lexer('\n'.join(self.content), language,                                                                                                                     
                                 ^^^^^^^^^^^^^^^^^^^^^^^^^^^^^^^^^^^^^^^^                                                                                                                     
                      File "/home/erick/Desktop/Projects/sandbox/lib/python3.11/site-packages/docutils/utils/code_analyzer.py", line 66, in __init__                                          
                        raise LexerError('Cannot analyze code. '                                                                                                                              
                    docutils.utils.code_analyzer.LexerError: Cannot analyze code. No Pygments lexer found for "wp-block-code".                                                                
                                                                                                                                                                                              
                    During handling of the above exception, another exception occurred:                                                                                                       
                                                                                                                                                                                              
                    Traceback (most recent call last):                                                                                                                                        
                      File "/home/erick/Desktop/Projects/sandbox/lib/python3.11/site-packages/docutils/parsers/rst/states.py", line 2154, in run_directive                                    
                        result = directive_instance.run()                                                                                                                                     
                                 ^^^^^^^^^^^^^^^^^^^^^^^^                                                                                                                                     
                      File "/home/erick/Desktop/Projects/sandbox/lib/python3.11/site-packages/docutils/parsers/rst/directives/body.py", line 166, in run                                      
                        raise self.warning(error)                                                                                                                                             
                    docutils.parsers.rst.DirectiveError                                                                                                                                       
                                                                                                                                                                                              
                    During handling of the above exception, another exception occurred:                                                                                                       
                                                                                                                                                                                              
                    Traceback (most recent call last):                                                                                                                                        
                      File "/home/erick/Desktop/Projects/sandbox/lib/python3.11/site-packages/pelican/generators.py", line 627, in generate_context                                           
                        article = self.readers.read_file(                                                                                                                                     
                                  ^^^^^^^^^^^^^^^^^^^^^^^                                                                                                                                     
                      File "/home/erick/Desktop/Projects/sandbox/lib/python3.11/site-packages/pelican/readers.py", line 580, in read_file                                                     
                        content, reader_metadata = reader.read(path)                                                                                                                          
                                                   ^^^^^^^^^^^^^^^^^                                                                                                                          
                      File "/home/erick/Desktop/Projects/sandbox/lib/python3.11/site-packages/pelican/readers.py", line 278, in read                                                          
                        pub = self._get_publisher(source_path)                                                                                                                                
                              ^^^^^^^^^^^^^^^^^^^^^^^^^^^^^^^^                                                                                                                                
                      File "/home/erick/Desktop/Projects/sandbox/lib/python3.11/site-packages/pelican/readers.py", line 273, in _get_publisher                                                
                        pub.publish()                                                                                                                                                         
                      File "/home/erick/Desktop/Projects/sandbox/lib/python3.11/site-packages/docutils/core.py", line 224, in publish                                                         
                        self.document = self.reader.read(self.source, self.parser,                                                                                                            
                                        ^^^^^^^^^^^^^^^^^^^^^^^^^^^^^^^^^^^^^^^^^^                                                                                                            
                      File "/home/erick/Desktop/Projects/sandbox/lib/python3.11/site-packages/docutils/readers/__init__.py", line 70, in read                                                 
                        self.parse()                                                                                                                                                          
                      File "/home/erick/Desktop/Projects/sandbox/lib/python3.11/site-packages/docutils/readers/__init__.py", line 76, in parse                                                
                        self.parser.parse(self.input, document)                                                                                                                               
                      File "/home/erick/Desktop/Projects/sandbox/lib/python3.11/site-packages/docutils/parsers/rst/__init__.py", line 185, in parse                                           
                        self.statemachine.run(inputlines, document, inliner=self.inliner)                                                                                                     
                      File "/home/erick/Desktop/Projects/sandbox/lib/python3.11/site-packages/docutils/parsers/rst/states.py", line 169, in run                                               
                        results = StateMachineWS.run(self, input_lines, input_offset,                                                                                                         
                                  ^^^^^^^^^^^^^^^^^^^^^^^^^^^^^^^^^^^^^^^^^^^^^^^^^^^                                                                                                         
                      File "/home/erick/Desktop/Projects/sandbox/lib/python3.11/site-packages/docutils/statemachine.py", line 233, in run                                                     
                        context, next_state, result = self.check_line(                                                                                                                        
                                                      ^^^^^^^^^^^^^^^^                                                                                                                        
                      File "/home/erick/Desktop/Projects/sandbox/lib/python3.11/site-packages/docutils/statemachine.py", line 445, in check_line                                              
                        return method(match, context, next_state)                                                                                                                             
                               ^^^^^^^^^^^^^^^^^^^^^^^^^^^^^^^^^^                                                                                                                             
                      File "/home/erick/Desktop/Projects/sandbox/lib/python3.11/site-packages/docutils/parsers/rst/states.py", line 2785, in underline                                        
                        self.section(title, source, style, lineno - 1, messages)                                                                                                              
                      File "/home/erick/Desktop/Projects/sandbox/lib/python3.11/site-packages/docutils/parsers/rst/states.py", line 325, in section                                           
                        self.new_subsection(title, lineno, messages)                                                                                                                          
                      File "/home/erick/Desktop/Projects/sandbox/lib/python3.11/site-packages/docutils/parsers/rst/states.py", line 391, in new_subsection                                    
                        newabsoffset = self.nested_parse(                                                                                                                                     
                                       ^^^^^^^^^^^^^^^^^^                                                                                                                                     
                      File "/home/erick/Desktop/Projects/sandbox/lib/python3.11/site-packages/docutils/parsers/rst/states.py", line 279, in nested_parse                                      
                        state_machine.run(block, input_offset, memo=self.memo,                                                                                                                
                      File "/home/erick/Desktop/Projects/sandbox/lib/python3.11/site-packages/docutils/parsers/rst/states.py", line 195, in run                                               
                        results = StateMachineWS.run(self, input_lines, input_offset)                                                                                                         
                                  ^^^^^^^^^^^^^^^^^^^^^^^^^^^^^^^^^^^^^^^^^^^^^^^^^^^                                                                                                         
                      File "/home/erick/Desktop/Projects/sandbox/lib/python3.11/site-packages/docutils/statemachine.py", line 233, in run                                                     
                        context, next_state, result = self.check_line(                                                                                                                        
                                                      ^^^^^^^^^^^^^^^^                                                                                                                        
                      File "/home/erick/Desktop/Projects/sandbox/lib/python3.11/site-packages/docutils/statemachine.py", line 445, in check_line                                              
                        return method(match, context, next_state)                                                                                                                             
                               ^^^^^^^^^^^^^^^^^^^^^^^^^^^^^^^^^^                                                                                                                             
                      File "/home/erick/Desktop/Projects/sandbox/lib/python3.11/site-packages/docutils/parsers/rst/states.py", line 2355, in explicit_markup                                  
                        nodelist, blank_finish = self.explicit_construct(match)                                                                                                               
                                                 ^^^^^^^^^^^^^^^^^^^^^^^^^^^^^^                                                                                                               
                      File "/home/erick/Desktop/Projects/sandbox/lib/python3.11/site-packages/docutils/parsers/rst/states.py", line 2367, in explicit_construct                               
                        return method(self, expmatch)                                                                                                                                         
                               ^^^^^^^^^^^^^^^^^^^^^^                                                                                                                                         
                      File "/home/erick/Desktop/Projects/sandbox/lib/python3.11/site-packages/docutils/parsers/rst/states.py", line 2104, in directive                                        
                        return self.run_directive(                                                                                                                                            
                               ^^^^^^^^^^^^^^^^^^^                                                                                                                                            
                      File "/home/erick/Desktop/Projects/sandbox/lib/python3.11/site-packages/docutils/parsers/rst/states.py", line 2156, in run_directive                                    
                        msg_node = self.reporter.system_message(error.level, error.msg,                                                                                                       
                                   ^^^^^^^^^^^^^^^^^^^^^^^^^^^^^^^^^^^^^^^^^^^^^^^^^^^^                                                                                                       
                      File "/home/erick/Desktop/Projects/sandbox/lib/python3.11/site-packages/docutils/utils/__init__.py", line 196, in system_message                                        
                        raise SystemMessage(msg, level)                                                                                                                                       
                    docutils.utils.SystemMessage: /home/erick/Desktop/Projects/pythonmarketer.com/content/blog/pymarketer-http-spreadsheet-operations-python-package.rst:14:                  
                    (WARNING/2) Cannot analyze code. No Pygments lexer found for "wp-block-code".                                                                                             
           DEBUG    Read file blog/a-learning-use-case-for-black-python-code-formatter.rst -> Article                                                                           readers.py:547
           DEBUG    Read file blog/leveraging-specialization-and-considering-trade-offs-in-decision-making.rst -> Article                                                       readers.py:547
           DEBUG    Read file blog/5014.rst -> Article                                                                                                                          readers.py:547
           DEBUG    Read file blog/2657.rst -> Article                                                                                                                          readers.py:547
           DEBUG    Read file blog/my-favorite-free-educational-courses-and-talks-to-absorb.rst -> Article                                                                      readers.py:547
           ERROR    Could not process blog/my-favorite-free-educational-courses-and-talks-to-absorb.rst                                                                              log.py:96
                    /home/erick/Desktop/Projects/pythonmarketer.com/content/blog/my-favorite-free-educational-courses-and-talks-to-absorb.rst:30: (ERROR/3) Content block expected            
                    for the "container" directive; none found.                                                                                                                                
                    Traceback (most recent call last):                                                                                                                                        
                      File "/home/erick/Desktop/Projects/sandbox/lib/python3.11/site-packages/docutils/parsers/rst/states.py", line 2154, in run_directive                                    
                        result = directive_instance.run()                                                                                                                                     
                                 ^^^^^^^^^^^^^^^^^^^^^^^^                                                                                                                                     
                      File "/home/erick/Desktop/Projects/sandbox/lib/python3.11/site-packages/docutils/parsers/rst/directives/body.py", line 289, in run                                      
                        self.assert_has_content()                                                                                                                                             
                      File "/home/erick/Desktop/Projects/sandbox/lib/python3.11/site-packages/docutils/parsers/rst/__init__.py", line 376, in assert_has_content                              
                        raise self.error('Content block expected for the "%s" directive; '                                                                                                    
                    docutils.parsers.rst.DirectiveError                                                                                                                                       
                                                                                                                                                                                              
                    During handling of the above exception, another exception occurred:                                                                                                       
                                                                                                                                                                                              
                    Traceback (most recent call last):                                                                                                                                        
                      File "/home/erick/Desktop/Projects/sandbox/lib/python3.11/site-packages/pelican/generators.py", line 627, in generate_context                                           
                        article = self.readers.read_file(                                                                                                                                     
                                  ^^^^^^^^^^^^^^^^^^^^^^^                                                                                                                                     
                      File "/home/erick/Desktop/Projects/sandbox/lib/python3.11/site-packages/pelican/readers.py", line 580, in read_file                                                     
                        content, reader_metadata = reader.read(path)                                                                                                                          
                                                   ^^^^^^^^^^^^^^^^^                                                                                                                          
                      File "/home/erick/Desktop/Projects/sandbox/lib/python3.11/site-packages/pelican/readers.py", line 278, in read                                                          
                        pub = self._get_publisher(source_path)                                                                                                                                
                              ^^^^^^^^^^^^^^^^^^^^^^^^^^^^^^^^                                                                                                                                
                      File "/home/erick/Desktop/Projects/sandbox/lib/python3.11/site-packages/pelican/readers.py", line 273, in _get_publisher                                                
                        pub.publish()                                                                                                                                                         
                      File "/home/erick/Desktop/Projects/sandbox/lib/python3.11/site-packages/docutils/core.py", line 224, in publish                                                         
                        self.document = self.reader.read(self.source, self.parser,                                                                                                            
                                        ^^^^^^^^^^^^^^^^^^^^^^^^^^^^^^^^^^^^^^^^^^                                                                                                            
                      File "/home/erick/Desktop/Projects/sandbox/lib/python3.11/site-packages/docutils/readers/__init__.py", line 70, in read                                                 
                        self.parse()                                                                                                                                                          
                      File "/home/erick/Desktop/Projects/sandbox/lib/python3.11/site-packages/docutils/readers/__init__.py", line 76, in parse                                                
                        self.parser.parse(self.input, document)                                                                                                                               
                      File "/home/erick/Desktop/Projects/sandbox/lib/python3.11/site-packages/docutils/parsers/rst/__init__.py", line 185, in parse                                           
                        self.statemachine.run(inputlines, document, inliner=self.inliner)                                                                                                     
                      File "/home/erick/Desktop/Projects/sandbox/lib/python3.11/site-packages/docutils/parsers/rst/states.py", line 169, in run                                               
                        results = StateMachineWS.run(self, input_lines, input_offset,                                                                                                         
                                  ^^^^^^^^^^^^^^^^^^^^^^^^^^^^^^^^^^^^^^^^^^^^^^^^^^^                                                                                                         
                      File "/home/erick/Desktop/Projects/sandbox/lib/python3.11/site-packages/docutils/statemachine.py", line 233, in run                                                     
                        context, next_state, result = self.check_line(                                                                                                                        
                                                      ^^^^^^^^^^^^^^^^                                                                                                                        
                      File "/home/erick/Desktop/Projects/sandbox/lib/python3.11/site-packages/docutils/statemachine.py", line 445, in check_line                                              
                        return method(match, context, next_state)                                                                                                                             
                               ^^^^^^^^^^^^^^^^^^^^^^^^^^^^^^^^^^                                                                                                                             
                      File "/home/erick/Desktop/Projects/sandbox/lib/python3.11/site-packages/docutils/parsers/rst/states.py", line 2785, in underline                                        
                        self.section(title, source, style, lineno - 1, messages)                                                                                                              
                      File "/home/erick/Desktop/Projects/sandbox/lib/python3.11/site-packages/docutils/parsers/rst/states.py", line 325, in section                                           
                        self.new_subsection(title, lineno, messages)                                                                                                                          
                      File "/home/erick/Desktop/Projects/sandbox/lib/python3.11/site-packages/docutils/parsers/rst/states.py", line 391, in new_subsection                                    
                        newabsoffset = self.nested_parse(                                                                                                                                     
                                       ^^^^^^^^^^^^^^^^^^                                                                                                                                     
                      File "/home/erick/Desktop/Projects/sandbox/lib/python3.11/site-packages/docutils/parsers/rst/states.py", line 279, in nested_parse                                      
                        state_machine.run(block, input_offset, memo=self.memo,                                                                                                                
                      File "/home/erick/Desktop/Projects/sandbox/lib/python3.11/site-packages/docutils/parsers/rst/states.py", line 195, in run                                               
                        results = StateMachineWS.run(self, input_lines, input_offset)                                                                                                         
                                  ^^^^^^^^^^^^^^^^^^^^^^^^^^^^^^^^^^^^^^^^^^^^^^^^^^^                                                                                                         
                      File "/home/erick/Desktop/Projects/sandbox/lib/python3.11/site-packages/docutils/statemachine.py", line 233, in run                                                     
                        context, next_state, result = self.check_line(                                                                                                                        
                                                      ^^^^^^^^^^^^^^^^                                                                                                                        
                      File "/home/erick/Desktop/Projects/sandbox/lib/python3.11/site-packages/docutils/statemachine.py", line 445, in check_line                                              
                        return method(match, context, next_state)                                                                                                                             
                               ^^^^^^^^^^^^^^^^^^^^^^^^^^^^^^^^^^                                                                                                                             
                      File "/home/erick/Desktop/Projects/sandbox/lib/python3.11/site-packages/docutils/parsers/rst/states.py", line 2785, in underline                                        
                        self.section(title, source, style, lineno - 1, messages)                                                                                                              
                      File "/home/erick/Desktop/Projects/sandbox/lib/python3.11/site-packages/docutils/parsers/rst/states.py", line 325, in section                                           
                        self.new_subsection(title, lineno, messages)                                                                                                                          
                      File "/home/erick/Desktop/Projects/sandbox/lib/python3.11/site-packages/docutils/parsers/rst/states.py", line 391, in new_subsection                                    
                        newabsoffset = self.nested_parse(                                                                                                                                     
                                       ^^^^^^^^^^^^^^^^^^                                                                                                                                     
                      File "/home/erick/Desktop/Projects/sandbox/lib/python3.11/site-packages/docutils/parsers/rst/states.py", line 279, in nested_parse                                      
                        state_machine.run(block, input_offset, memo=self.memo,                                                                                                                
                      File "/home/erick/Desktop/Projects/sandbox/lib/python3.11/site-packages/docutils/parsers/rst/states.py", line 195, in run                                               
                        results = StateMachineWS.run(self, input_lines, input_offset)                                                                                                         
                                  ^^^^^^^^^^^^^^^^^^^^^^^^^^^^^^^^^^^^^^^^^^^^^^^^^^^                                                                                                         
                      File "/home/erick/Desktop/Projects/sandbox/lib/python3.11/site-packages/docutils/statemachine.py", line 233, in run                                                     
                        context, next_state, result = self.check_line(                                                                                                                        
                                                      ^^^^^^^^^^^^^^^^                                                                                                                        
                      File "/home/erick/Desktop/Projects/sandbox/lib/python3.11/site-packages/docutils/statemachine.py", line 445, in check_line                                              
                        return method(match, context, next_state)                                                                                                                             
                               ^^^^^^^^^^^^^^^^^^^^^^^^^^^^^^^^^^                                                                                                                             
                      File "/home/erick/Desktop/Projects/sandbox/lib/python3.11/site-packages/docutils/parsers/rst/states.py", line 2357, in explicit_markup                                  
                        self.explicit_list(blank_finish)                                                                                                                                      
                      File "/home/erick/Desktop/Projects/sandbox/lib/python3.11/site-packages/docutils/parsers/rst/states.py", line 2382, in explicit_list                                    
                        newline_offset, blank_finish = self.nested_list_parse(                                                                                                                
                                                       ^^^^^^^^^^^^^^^^^^^^^^^                                                                                                                
                      File "/home/erick/Desktop/Projects/sandbox/lib/python3.11/site-packages/docutils/parsers/rst/states.py", line 316, in nested_list_parse                                 
                        state_machine.run(block, input_offset, memo=self.memo,                                                                                                                
                      File "/home/erick/Desktop/Projects/sandbox/lib/python3.11/site-packages/docutils/parsers/rst/states.py", line 195, in run                                               
                        results = StateMachineWS.run(self, input_lines, input_offset)                                                                                                         
                                  ^^^^^^^^^^^^^^^^^^^^^^^^^^^^^^^^^^^^^^^^^^^^^^^^^^^                                                                                                         
                      File "/home/erick/Desktop/Projects/sandbox/lib/python3.11/site-packages/docutils/statemachine.py", line 233, in run                                                     
                        context, next_state, result = self.check_line(                                                                                                                        
                                                      ^^^^^^^^^^^^^^^^                                                                                                                        
                      File "/home/erick/Desktop/Projects/sandbox/lib/python3.11/site-packages/docutils/statemachine.py", line 445, in check_line                                              
                        return method(match, context, next_state)                                                                                                                             
                               ^^^^^^^^^^^^^^^^^^^^^^^^^^^^^^^^^^                                                                                                                             
                      File "/home/erick/Desktop/Projects/sandbox/lib/python3.11/site-packages/docutils/parsers/rst/states.py", line 2660, in explicit_markup                                  
                        nodelist, blank_finish = self.explicit_construct(match)                                                                                                               
                                                 ^^^^^^^^^^^^^^^^^^^^^^^^^^^^^^                                                                                                               
                      File "/home/erick/Desktop/Projects/sandbox/lib/python3.11/site-packages/docutils/parsers/rst/states.py", line 2367, in explicit_construct                               
                        return method(self, expmatch)                                                                                                                                         
                               ^^^^^^^^^^^^^^^^^^^^^^                                                                                                                                         
                      File "/home/erick/Desktop/Projects/sandbox/lib/python3.11/site-packages/docutils/parsers/rst/states.py", line 2104, in directive                                        
                        return self.run_directive(                                                                                                                                            
                               ^^^^^^^^^^^^^^^^^^^                                                                                                                                            
                      File "/home/erick/Desktop/Projects/sandbox/lib/python3.11/site-packages/docutils/parsers/rst/states.py", line 2156, in run_directive                                    
                        msg_node = self.reporter.system_message(error.level, error.msg,                                                                                                       
                                   ^^^^^^^^^^^^^^^^^^^^^^^^^^^^^^^^^^^^^^^^^^^^^^^^^^^^                                                                                                       
                      File "/home/erick/Desktop/Projects/sandbox/lib/python3.11/site-packages/docutils/utils/__init__.py", line 196, in system_message                                        
                        raise SystemMessage(msg, level)                                                                                                                                       
                    docutils.utils.SystemMessage: /home/erick/Desktop/Projects/pythonmarketer.com/content/blog/my-favorite-free-educational-courses-and-talks-to-absorb.rst:30:               
                    (ERROR/3) Content block expected for the "container" directive; none found.                                                                                               
           DEBUG    Read file blog/1426.rst -> Article                                                                                                                          readers.py:547
           DEBUG    Read file blog/using-gmails-search-operators-to-organize-your-emails-in-bulk.rst -> Article                                                                 readers.py:547
           DEBUG    Read file blog/pandas-pythons-excel-powerhouse.rst -> Article                                                                                               readers.py:547
           ERROR    Could not process blog/pandas-pythons-excel-powerhouse.rst                                                                                                       log.py:96
                    /home/erick/Desktop/Projects/pythonmarketer.com/content/blog/pandas-pythons-excel-powerhouse.rst:38: (WARNING/2) Inline strong start-string without end-string.           
                    Traceback (most recent call last):                                                                                                                                        
                      File "/home/erick/Desktop/Projects/sandbox/lib/python3.11/site-packages/pelican/generators.py", line 627, in generate_context                                           
                        article = self.readers.read_file(                                                                                                                                     
                                  ^^^^^^^^^^^^^^^^^^^^^^^                                                                                                                                     
                      File "/home/erick/Desktop/Projects/sandbox/lib/python3.11/site-packages/pelican/readers.py", line 580, in read_file                                                     
                        content, reader_metadata = reader.read(path)                                                                                                                          
                                                   ^^^^^^^^^^^^^^^^^                                                                                                                          
                      File "/home/erick/Desktop/Projects/sandbox/lib/python3.11/site-packages/pelican/readers.py", line 278, in read                                                          
                        pub = self._get_publisher(source_path)                                                                                                                                
                              ^^^^^^^^^^^^^^^^^^^^^^^^^^^^^^^^                                                                                                                                
                      File "/home/erick/Desktop/Projects/sandbox/lib/python3.11/site-packages/pelican/readers.py", line 273, in _get_publisher                                                
                        pub.publish()                                                                                                                                                         
                      File "/home/erick/Desktop/Projects/sandbox/lib/python3.11/site-packages/docutils/core.py", line 224, in publish                                                         
                        self.document = self.reader.read(self.source, self.parser,                                                                                                            
                                        ^^^^^^^^^^^^^^^^^^^^^^^^^^^^^^^^^^^^^^^^^^                                                                                                            
                      File "/home/erick/Desktop/Projects/sandbox/lib/python3.11/site-packages/docutils/readers/__init__.py", line 70, in read                                                 
                        self.parse()                                                                                                                                                          
                      File "/home/erick/Desktop/Projects/sandbox/lib/python3.11/site-packages/docutils/readers/__init__.py", line 76, in parse                                                
                        self.parser.parse(self.input, document)                                                                                                                               
                      File "/home/erick/Desktop/Projects/sandbox/lib/python3.11/site-packages/docutils/parsers/rst/__init__.py", line 185, in parse                                           
                        self.statemachine.run(inputlines, document, inliner=self.inliner)                                                                                                     
                      File "/home/erick/Desktop/Projects/sandbox/lib/python3.11/site-packages/docutils/parsers/rst/states.py", line 169, in run                                               
                        results = StateMachineWS.run(self, input_lines, input_offset,                                                                                                         
                                  ^^^^^^^^^^^^^^^^^^^^^^^^^^^^^^^^^^^^^^^^^^^^^^^^^^^                                                                                                         
                      File "/home/erick/Desktop/Projects/sandbox/lib/python3.11/site-packages/docutils/statemachine.py", line 233, in run                                                     
                        context, next_state, result = self.check_line(                                                                                                                        
                                                      ^^^^^^^^^^^^^^^^                                                                                                                        
                      File "/home/erick/Desktop/Projects/sandbox/lib/python3.11/site-packages/docutils/statemachine.py", line 445, in check_line                                              
                        return method(match, context, next_state)                                                                                                                             
                               ^^^^^^^^^^^^^^^^^^^^^^^^^^^^^^^^^^                                                                                                                             
                      File "/home/erick/Desktop/Projects/sandbox/lib/python3.11/site-packages/docutils/parsers/rst/states.py", line 2785, in underline                                        
                        self.section(title, source, style, lineno - 1, messages)                                                                                                              
                      File "/home/erick/Desktop/Projects/sandbox/lib/python3.11/site-packages/docutils/parsers/rst/states.py", line 325, in section                                           
                        self.new_subsection(title, lineno, messages)                                                                                                                          
                      File "/home/erick/Desktop/Projects/sandbox/lib/python3.11/site-packages/docutils/parsers/rst/states.py", line 391, in new_subsection                                    
                        newabsoffset = self.nested_parse(                                                                                                                                     
                                       ^^^^^^^^^^^^^^^^^^                                                                                                                                     
                      File "/home/erick/Desktop/Projects/sandbox/lib/python3.11/site-packages/docutils/parsers/rst/states.py", line 279, in nested_parse                                      
                        state_machine.run(block, input_offset, memo=self.memo,                                                                                                                
                      File "/home/erick/Desktop/Projects/sandbox/lib/python3.11/site-packages/docutils/parsers/rst/states.py", line 195, in run                                               
                        results = StateMachineWS.run(self, input_lines, input_offset)                                                                                                         
                                  ^^^^^^^^^^^^^^^^^^^^^^^^^^^^^^^^^^^^^^^^^^^^^^^^^^^                                                                                                         
                      File "/home/erick/Desktop/Projects/sandbox/lib/python3.11/site-packages/docutils/statemachine.py", line 233, in run                                                     
                        context, next_state, result = self.check_line(                                                                                                                        
                                                      ^^^^^^^^^^^^^^^^                                                                                                                        
                      File "/home/erick/Desktop/Projects/sandbox/lib/python3.11/site-packages/docutils/statemachine.py", line 445, in check_line                                              
                        return method(match, context, next_state)                                                                                                                             
                               ^^^^^^^^^^^^^^^^^^^^^^^^^^^^^^^^^^                                                                                                                             
                      File "/home/erick/Desktop/Projects/sandbox/lib/python3.11/site-packages/docutils/parsers/rst/states.py", line 2785, in underline                                        
                        self.section(title, source, style, lineno - 1, messages)                                                                                                              
                      File "/home/erick/Desktop/Projects/sandbox/lib/python3.11/site-packages/docutils/parsers/rst/states.py", line 325, in section                                           
                        self.new_subsection(title, lineno, messages)                                                                                                                          
                      File "/home/erick/Desktop/Projects/sandbox/lib/python3.11/site-packages/docutils/parsers/rst/states.py", line 391, in new_subsection                                    
                        newabsoffset = self.nested_parse(                                                                                                                                     
                                       ^^^^^^^^^^^^^^^^^^                                                                                                                                     
                      File "/home/erick/Desktop/Projects/sandbox/lib/python3.11/site-packages/docutils/parsers/rst/states.py", line 279, in nested_parse                                      
                        state_machine.run(block, input_offset, memo=self.memo,                                                                                                                
                      File "/home/erick/Desktop/Projects/sandbox/lib/python3.11/site-packages/docutils/parsers/rst/states.py", line 195, in run                                               
                        results = StateMachineWS.run(self, input_lines, input_offset)                                                                                                         
                                  ^^^^^^^^^^^^^^^^^^^^^^^^^^^^^^^^^^^^^^^^^^^^^^^^^^^                                                                                                         
                      File "/home/erick/Desktop/Projects/sandbox/lib/python3.11/site-packages/docutils/statemachine.py", line 233, in run                                                     
                        context, next_state, result = self.check_line(                                                                                                                        
                                                      ^^^^^^^^^^^^^^^^                                                                                                                        
                      File "/home/erick/Desktop/Projects/sandbox/lib/python3.11/site-packages/docutils/statemachine.py", line 445, in check_line                                              
                        return method(match, context, next_state)                                                                                                                             
                               ^^^^^^^^^^^^^^^^^^^^^^^^^^^^^^^^^^                                                                                                                             
                      File "/home/erick/Desktop/Projects/sandbox/lib/python3.11/site-packages/docutils/parsers/rst/states.py", line 2799, in text                                             
                        paragraph, literalnext = self.paragraph(lines, startline)                                                                                                             
                                                 ^^^^^^^^^^^^^^^^^^^^^^^^^^^^^^^^                                                                                                             
                      File "/home/erick/Desktop/Projects/sandbox/lib/python3.11/site-packages/docutils/parsers/rst/states.py", line 416, in paragraph                                         
                        textnodes, messages = self.inline_text(text, lineno)                                                                                                                  
                                              ^^^^^^^^^^^^^^^^^^^^^^^^^^^^^^                                                                                                                  
                      File "/home/erick/Desktop/Projects/sandbox/lib/python3.11/site-packages/docutils/parsers/rst/states.py", line 425, in inline_text                                       
                        nodes, messages = self.inliner.parse(text, lineno,                                                                                                                    
                                          ^^^^^^^^^^^^^^^^^^^^^^^^^^^^^^^^                                                                                                                    
                      File "/home/erick/Desktop/Projects/sandbox/lib/python3.11/site-packages/docutils/parsers/rst/states.py", line 649, in parse                                             
                        before, inlines, remaining, sysmessages = method(self, match,                                                                                                         
                                                                  ^^^^^^^^^^^^^^^^^^^                                                                                                         
                      File "/home/erick/Desktop/Projects/sandbox/lib/python3.11/site-packages/docutils/parsers/rst/states.py", line 747, in strong                                            
                        before, inlines, remaining, sysmessages, endstring = self.inline_obj(                                                                                                 
                                                                             ^^^^^^^^^^^^^^^^                                                                                                 
                      File "/home/erick/Desktop/Projects/sandbox/lib/python3.11/site-packages/docutils/parsers/rst/states.py", line 727, in inline_obj                                        
                        msg = self.reporter.warning(                                                                                                                                          
                              ^^^^^^^^^^^^^^^^^^^^^^                                                                                                                                          
                      File "/home/erick/Desktop/Projects/sandbox/lib/python3.11/site-packages/docutils/utils/__init__.py", line 223, in warning                                               
                        return self.system_message(self.WARNING_LEVEL, *args, **kwargs)                                                                                                       
                               ^^^^^^^^^^^^^^^^^^^^^^^^^^^^^^^^^^^^^^^^^^^^^^^^^^^^^^^^                                                                                                       
                      File "/home/erick/Desktop/Projects/sandbox/lib/python3.11/site-packages/docutils/utils/__init__.py", line 196, in system_message                                        
                        raise SystemMessage(msg, level)                                                                                                                                       
                    docutils.utils.SystemMessage: /home/erick/Desktop/Projects/pythonmarketer.com/content/blog/pandas-pythons-excel-powerhouse.rst:38: (WARNING/2) Inline strong              
                    start-string without end-string.                                                                                                                                          
           DEBUG    Read file blog/meta-blog-mediocre-september-ad-campaign-results.rst -> Article                                                                              readers.py:547
           DEBUG    Read file blog/algorithms-will-decide-the-future.rst -> Article                                                                                             readers.py:547
           ERROR    Could not process blog/algorithms-will-decide-the-future.rst                                                                                                     log.py:96
                    /home/erick/Desktop/Projects/pythonmarketer.com/content/blog/algorithms-will-decide-the-future.rst:14: (ERROR/3) Content block expected for the "container"               
                    directive; none found.                                                                                                                                                    
                    Traceback (most recent call last):                                                                                                                                        
                      File "/home/erick/Desktop/Projects/sandbox/lib/python3.11/site-packages/docutils/parsers/rst/states.py", line 2154, in run_directive                                    
                        result = directive_instance.run()                                                                                                                                     
                                 ^^^^^^^^^^^^^^^^^^^^^^^^                                                                                                                                     
                      File "/home/erick/Desktop/Projects/sandbox/lib/python3.11/site-packages/docutils/parsers/rst/directives/body.py", line 289, in run                                      
                        self.assert_has_content()                                                                                                                                             
                      File "/home/erick/Desktop/Projects/sandbox/lib/python3.11/site-packages/docutils/parsers/rst/__init__.py", line 376, in assert_has_content                              
                        raise self.error('Content block expected for the "%s" directive; '                                                                                                    
                    docutils.parsers.rst.DirectiveError                                                                                                                                       
                                                                                                                                                                                              
                    During handling of the above exception, another exception occurred:                                                                                                       
                                                                                                                                                                                              
                    Traceback (most recent call last):                                                                                                                                        
                      File "/home/erick/Desktop/Projects/sandbox/lib/python3.11/site-packages/pelican/generators.py", line 627, in generate_context                                           
                        article = self.readers.read_file(                                                                                                                                     
                                  ^^^^^^^^^^^^^^^^^^^^^^^                                                                                                                                     
                      File "/home/erick/Desktop/Projects/sandbox/lib/python3.11/site-packages/pelican/readers.py", line 580, in read_file                                                     
                        content, reader_metadata = reader.read(path)                                                                                                                          
                                                   ^^^^^^^^^^^^^^^^^                                                                                                                          
                      File "/home/erick/Desktop/Projects/sandbox/lib/python3.11/site-packages/pelican/readers.py", line 278, in read                                                          
                        pub = self._get_publisher(source_path)                                                                                                                                
                              ^^^^^^^^^^^^^^^^^^^^^^^^^^^^^^^^                                                                                                                                
                      File "/home/erick/Desktop/Projects/sandbox/lib/python3.11/site-packages/pelican/readers.py", line 273, in _get_publisher                                                
                        pub.publish()                                                                                                                                                         
                      File "/home/erick/Desktop/Projects/sandbox/lib/python3.11/site-packages/docutils/core.py", line 224, in publish                                                         
                        self.document = self.reader.read(self.source, self.parser,                                                                                                            
                                        ^^^^^^^^^^^^^^^^^^^^^^^^^^^^^^^^^^^^^^^^^^                                                                                                            
                      File "/home/erick/Desktop/Projects/sandbox/lib/python3.11/site-packages/docutils/readers/__init__.py", line 70, in read                                                 
                        self.parse()                                                                                                                                                          
                      File "/home/erick/Desktop/Projects/sandbox/lib/python3.11/site-packages/docutils/readers/__init__.py", line 76, in parse                                                
                        self.parser.parse(self.input, document)                                                                                                                               
                      File "/home/erick/Desktop/Projects/sandbox/lib/python3.11/site-packages/docutils/parsers/rst/__init__.py", line 185, in parse                                           
                        self.statemachine.run(inputlines, document, inliner=self.inliner)                                                                                                     
                      File "/home/erick/Desktop/Projects/sandbox/lib/python3.11/site-packages/docutils/parsers/rst/states.py", line 169, in run                                               
                        results = StateMachineWS.run(self, input_lines, input_offset,                                                                                                         
                                  ^^^^^^^^^^^^^^^^^^^^^^^^^^^^^^^^^^^^^^^^^^^^^^^^^^^                                                                                                         
                      File "/home/erick/Desktop/Projects/sandbox/lib/python3.11/site-packages/docutils/statemachine.py", line 233, in run                                                     
                        context, next_state, result = self.check_line(                                                                                                                        
                                                      ^^^^^^^^^^^^^^^^                                                                                                                        
                      File "/home/erick/Desktop/Projects/sandbox/lib/python3.11/site-packages/docutils/statemachine.py", line 445, in check_line                                              
                        return method(match, context, next_state)                                                                                                                             
                               ^^^^^^^^^^^^^^^^^^^^^^^^^^^^^^^^^^                                                                                                                             
                      File "/home/erick/Desktop/Projects/sandbox/lib/python3.11/site-packages/docutils/parsers/rst/states.py", line 2785, in underline                                        
                        self.section(title, source, style, lineno - 1, messages)                                                                                                              
                      File "/home/erick/Desktop/Projects/sandbox/lib/python3.11/site-packages/docutils/parsers/rst/states.py", line 325, in section                                           
                        self.new_subsection(title, lineno, messages)                                                                                                                          
                      File "/home/erick/Desktop/Projects/sandbox/lib/python3.11/site-packages/docutils/parsers/rst/states.py", line 391, in new_subsection                                    
                        newabsoffset = self.nested_parse(                                                                                                                                     
                                       ^^^^^^^^^^^^^^^^^^                                                                                                                                     
                      File "/home/erick/Desktop/Projects/sandbox/lib/python3.11/site-packages/docutils/parsers/rst/states.py", line 279, in nested_parse                                      
                        state_machine.run(block, input_offset, memo=self.memo,                                                                                                                
                      File "/home/erick/Desktop/Projects/sandbox/lib/python3.11/site-packages/docutils/parsers/rst/states.py", line 195, in run                                               
                        results = StateMachineWS.run(self, input_lines, input_offset)                                                                                                         
                                  ^^^^^^^^^^^^^^^^^^^^^^^^^^^^^^^^^^^^^^^^^^^^^^^^^^^                                                                                                         
                      File "/home/erick/Desktop/Projects/sandbox/lib/python3.11/site-packages/docutils/statemachine.py", line 233, in run                                                     
                        context, next_state, result = self.check_line(                                                                                                                        
                                                      ^^^^^^^^^^^^^^^^                                                                                                                        
                      File "/home/erick/Desktop/Projects/sandbox/lib/python3.11/site-packages/docutils/statemachine.py", line 445, in check_line                                              
                        return method(match, context, next_state)                                                                                                                             
                               ^^^^^^^^^^^^^^^^^^^^^^^^^^^^^^^^^^                                                                                                                             
                      File "/home/erick/Desktop/Projects/sandbox/lib/python3.11/site-packages/docutils/parsers/rst/states.py", line 2357, in explicit_markup                                  
                        self.explicit_list(blank_finish)                                                                                                                                      
                      File "/home/erick/Desktop/Projects/sandbox/lib/python3.11/site-packages/docutils/parsers/rst/states.py", line 2382, in explicit_list                                    
                        newline_offset, blank_finish = self.nested_list_parse(                                                                                                                
                                                       ^^^^^^^^^^^^^^^^^^^^^^^                                                                                                                
                      File "/home/erick/Desktop/Projects/sandbox/lib/python3.11/site-packages/docutils/parsers/rst/states.py", line 316, in nested_list_parse                                 
                        state_machine.run(block, input_offset, memo=self.memo,                                                                                                                
                      File "/home/erick/Desktop/Projects/sandbox/lib/python3.11/site-packages/docutils/parsers/rst/states.py", line 195, in run                                               
                        results = StateMachineWS.run(self, input_lines, input_offset)                                                                                                         
                                  ^^^^^^^^^^^^^^^^^^^^^^^^^^^^^^^^^^^^^^^^^^^^^^^^^^^                                                                                                         
                      File "/home/erick/Desktop/Projects/sandbox/lib/python3.11/site-packages/docutils/statemachine.py", line 233, in run                                                     
                        context, next_state, result = self.check_line(                                                                                                                        
                                                      ^^^^^^^^^^^^^^^^                                                                                                                        
                      File "/home/erick/Desktop/Projects/sandbox/lib/python3.11/site-packages/docutils/statemachine.py", line 445, in check_line                                              
                        return method(match, context, next_state)                                                                                                                             
                               ^^^^^^^^^^^^^^^^^^^^^^^^^^^^^^^^^^                                                                                                                             
                      File "/home/erick/Desktop/Projects/sandbox/lib/python3.11/site-packages/docutils/parsers/rst/states.py", line 2660, in explicit_markup                                  
                        nodelist, blank_finish = self.explicit_construct(match)                                                                                                               
                                                 ^^^^^^^^^^^^^^^^^^^^^^^^^^^^^^                                                                                                               
                      File "/home/erick/Desktop/Projects/sandbox/lib/python3.11/site-packages/docutils/parsers/rst/states.py", line 2367, in explicit_construct                               
                        return method(self, expmatch)                                                                                                                                         
                               ^^^^^^^^^^^^^^^^^^^^^^                                                                                                                                         
                      File "/home/erick/Desktop/Projects/sandbox/lib/python3.11/site-packages/docutils/parsers/rst/states.py", line 2104, in directive                                        
                        return self.run_directive(                                                                                                                                            
                               ^^^^^^^^^^^^^^^^^^^                                                                                                                                            
                      File "/home/erick/Desktop/Projects/sandbox/lib/python3.11/site-packages/docutils/parsers/rst/states.py", line 2156, in run_directive                                    
                        msg_node = self.reporter.system_message(error.level, error.msg,                                                                                                       
                                   ^^^^^^^^^^^^^^^^^^^^^^^^^^^^^^^^^^^^^^^^^^^^^^^^^^^^                                                                                                       
                      File "/home/erick/Desktop/Projects/sandbox/lib/python3.11/site-packages/docutils/utils/__init__.py", line 196, in system_message                                        
                        raise SystemMessage(msg, level)                                                                                                                                       
                    docutils.utils.SystemMessage: /home/erick/Desktop/Projects/pythonmarketer.com/content/blog/algorithms-will-decide-the-future.rst:14: (ERROR/3) Content block              
                    expected for the "container" directive; none found.                                                                                                                       
           DEBUG    Read file blog/aggregating-tracebacks-from-python-log-files.rst -> Article                                                                                  readers.py:547
           ERROR    Could not process blog/aggregating-tracebacks-from-python-log-files.rst                                                                                          log.py:96
                    /home/erick/Desktop/Projects/pythonmarketer.com/content/blog/aggregating-tracebacks-from-python-log-files.rst:18: (WARNING/2) Cannot analyze code. No Pygments            
                    lexer found for "wp-block-syntaxhighlighter-code".                                                                                                                        
                    Traceback (most recent call last):                                                                                                                                        
                      File "/home/erick/Desktop/Projects/sandbox/lib/python3.11/site-packages/docutils/utils/code_analyzer.py", line 64, in __init__                                          
                        self.lexer = get_lexer_by_name(self.language)                                                                                                                         
                                     ^^^^^^^^^^^^^^^^^^^^^^^^^^^^^^^^                                                                                                                         
                      File "/home/erick/Desktop/Projects/sandbox/lib/python3.11/site-packages/pygments/lexers/__init__.py", line 131, in get_lexer_by_name                                    
                        raise ClassNotFound('no lexer for alias %r found' % _alias)                                                                                                           
                    pygments.util.ClassNotFound: no lexer for alias 'wp-block-syntaxhighlighter-code' found                                                                                   
                                                                                                                                                                                              
                    During handling of the above exception, another exception occurred:                                                                                                       
                                                                                                                                                                                              
                    Traceback (most recent call last):                                                                                                                                        
                      File "/home/erick/Desktop/Projects/sandbox/lib/python3.11/site-packages/docutils/parsers/rst/directives/body.py", line 159, in run                                      
                        tokens = Lexer('\n'.join(self.content), language,                                                                                                                     
                                 ^^^^^^^^^^^^^^^^^^^^^^^^^^^^^^^^^^^^^^^^                                                                                                                     
                      File "/home/erick/Desktop/Projects/sandbox/lib/python3.11/site-packages/docutils/utils/code_analyzer.py", line 66, in __init__                                          
                        raise LexerError('Cannot analyze code. '                                                                                                                              
                    docutils.utils.code_analyzer.LexerError: Cannot analyze code. No Pygments lexer found for "wp-block-syntaxhighlighter-code".                                              
                                                                                                                                                                                              
                    During handling of the above exception, another exception occurred:                                                                                                       
                                                                                                                                                                                              
                    Traceback (most recent call last):                                                                                                                                        
                      File "/home/erick/Desktop/Projects/sandbox/lib/python3.11/site-packages/docutils/parsers/rst/states.py", line 2154, in run_directive                                    
                        result = directive_instance.run()                                                                                                                                     
                                 ^^^^^^^^^^^^^^^^^^^^^^^^                                                                                                                                     
                      File "/home/erick/Desktop/Projects/sandbox/lib/python3.11/site-packages/docutils/parsers/rst/directives/body.py", line 166, in run                                      
                        raise self.warning(error)                                                                                                                                             
                    docutils.parsers.rst.DirectiveError                                                                                                                                       
                                                                                                                                                                                              
                    During handling of the above exception, another exception occurred:                                                                                                       
                                                                                                                                                                                              
                    Traceback (most recent call last):                                                                                                                                        
                      File "/home/erick/Desktop/Projects/sandbox/lib/python3.11/site-packages/pelican/generators.py", line 627, in generate_context                                           
                        article = self.readers.read_file(                                                                                                                                     
                                  ^^^^^^^^^^^^^^^^^^^^^^^                                                                                                                                     
                      File "/home/erick/Desktop/Projects/sandbox/lib/python3.11/site-packages/pelican/readers.py", line 580, in read_file                                                     
                        content, reader_metadata = reader.read(path)                                                                                                                          
                                                   ^^^^^^^^^^^^^^^^^                                                                                                                          
                      File "/home/erick/Desktop/Projects/sandbox/lib/python3.11/site-packages/pelican/readers.py", line 278, in read                                                          
                        pub = self._get_publisher(source_path)                                                                                                                                
                              ^^^^^^^^^^^^^^^^^^^^^^^^^^^^^^^^                                                                                                                                
                      File "/home/erick/Desktop/Projects/sandbox/lib/python3.11/site-packages/pelican/readers.py", line 273, in _get_publisher                                                
                        pub.publish()                                                                                                                                                         
                      File "/home/erick/Desktop/Projects/sandbox/lib/python3.11/site-packages/docutils/core.py", line 224, in publish                                                         
                        self.document = self.reader.read(self.source, self.parser,                                                                                                            
                                        ^^^^^^^^^^^^^^^^^^^^^^^^^^^^^^^^^^^^^^^^^^                                                                                                            
                      File "/home/erick/Desktop/Projects/sandbox/lib/python3.11/site-packages/docutils/readers/__init__.py", line 70, in read                                                 
                        self.parse()                                                                                                                                                          
                      File "/home/erick/Desktop/Projects/sandbox/lib/python3.11/site-packages/docutils/readers/__init__.py", line 76, in parse                                                
                        self.parser.parse(self.input, document)                                                                                                                               
                      File "/home/erick/Desktop/Projects/sandbox/lib/python3.11/site-packages/docutils/parsers/rst/__init__.py", line 185, in parse                                           
                        self.statemachine.run(inputlines, document, inliner=self.inliner)                                                                                                     
                      File "/home/erick/Desktop/Projects/sandbox/lib/python3.11/site-packages/docutils/parsers/rst/states.py", line 169, in run                                               
                        results = StateMachineWS.run(self, input_lines, input_offset,                                                                                                         
                                  ^^^^^^^^^^^^^^^^^^^^^^^^^^^^^^^^^^^^^^^^^^^^^^^^^^^                                                                                                         
                      File "/home/erick/Desktop/Projects/sandbox/lib/python3.11/site-packages/docutils/statemachine.py", line 233, in run                                                     
                        context, next_state, result = self.check_line(                                                                                                                        
                                                      ^^^^^^^^^^^^^^^^                                                                                                                        
                      File "/home/erick/Desktop/Projects/sandbox/lib/python3.11/site-packages/docutils/statemachine.py", line 445, in check_line                                              
                        return method(match, context, next_state)                                                                                                                             
                               ^^^^^^^^^^^^^^^^^^^^^^^^^^^^^^^^^^                                                                                                                             
                      File "/home/erick/Desktop/Projects/sandbox/lib/python3.11/site-packages/docutils/parsers/rst/states.py", line 2785, in underline                                        
                        self.section(title, source, style, lineno - 1, messages)                                                                                                              
                      File "/home/erick/Desktop/Projects/sandbox/lib/python3.11/site-packages/docutils/parsers/rst/states.py", line 325, in section                                           
                        self.new_subsection(title, lineno, messages)                                                                                                                          
                      File "/home/erick/Desktop/Projects/sandbox/lib/python3.11/site-packages/docutils/parsers/rst/states.py", line 391, in new_subsection                                    
                        newabsoffset = self.nested_parse(                                                                                                                                     
                                       ^^^^^^^^^^^^^^^^^^                                                                                                                                     
                      File "/home/erick/Desktop/Projects/sandbox/lib/python3.11/site-packages/docutils/parsers/rst/states.py", line 279, in nested_parse                                      
                        state_machine.run(block, input_offset, memo=self.memo,                                                                                                                
                      File "/home/erick/Desktop/Projects/sandbox/lib/python3.11/site-packages/docutils/parsers/rst/states.py", line 195, in run                                               
                        results = StateMachineWS.run(self, input_lines, input_offset)                                                                                                         
                                  ^^^^^^^^^^^^^^^^^^^^^^^^^^^^^^^^^^^^^^^^^^^^^^^^^^^                                                                                                         
                      File "/home/erick/Desktop/Projects/sandbox/lib/python3.11/site-packages/docutils/statemachine.py", line 233, in run                                                     
                        context, next_state, result = self.check_line(                                                                                                                        
                                                      ^^^^^^^^^^^^^^^^                                                                                                                        
                      File "/home/erick/Desktop/Projects/sandbox/lib/python3.11/site-packages/docutils/statemachine.py", line 445, in check_line                                              
                        return method(match, context, next_state)                                                                                                                             
                               ^^^^^^^^^^^^^^^^^^^^^^^^^^^^^^^^^^                                                                                                                             
                      File "/home/erick/Desktop/Projects/sandbox/lib/python3.11/site-packages/docutils/parsers/rst/states.py", line 2355, in explicit_markup                                  
                        nodelist, blank_finish = self.explicit_construct(match)                                                                                                               
                                                 ^^^^^^^^^^^^^^^^^^^^^^^^^^^^^^                                                                                                               
                      File "/home/erick/Desktop/Projects/sandbox/lib/python3.11/site-packages/docutils/parsers/rst/states.py", line 2367, in explicit_construct                               
                        return method(self, expmatch)                                                                                                                                         
                               ^^^^^^^^^^^^^^^^^^^^^^                                                                                                                                         
                      File "/home/erick/Desktop/Projects/sandbox/lib/python3.11/site-packages/docutils/parsers/rst/states.py", line 2104, in directive                                        
                        return self.run_directive(                                                                                                                                            
                               ^^^^^^^^^^^^^^^^^^^                                                                                                                                            
                      File "/home/erick/Desktop/Projects/sandbox/lib/python3.11/site-packages/docutils/parsers/rst/states.py", line 2156, in run_directive                                    
                        msg_node = self.reporter.system_message(error.level, error.msg,                                                                                                       
                                   ^^^^^^^^^^^^^^^^^^^^^^^^^^^^^^^^^^^^^^^^^^^^^^^^^^^^                                                                                                       
                      File "/home/erick/Desktop/Projects/sandbox/lib/python3.11/site-packages/docutils/utils/__init__.py", line 196, in system_message                                        
                        raise SystemMessage(msg, level)                                                                                                                                       
                    docutils.utils.SystemMessage: /home/erick/Desktop/Projects/pythonmarketer.com/content/blog/aggregating-tracebacks-from-python-log-files.rst:18: (WARNING/2)               
                    Cannot analyze code. No Pygments lexer found for "wp-block-syntaxhighlighter-code".                                                                                       
           DEBUG    Read file blog/how-to-python-pip-install-new-libraries.rst -> Article                                                                                       readers.py:547
[20:43:41] ERROR    Could not process blog/how-to-python-pip-install-new-libraries.rst                                                                                               log.py:96
                    /home/erick/Desktop/Projects/pythonmarketer.com/content/blog/how-to-python-pip-install-new-libraries.rst:148: (WARNING/2) Inline strong start-string without              
                    end-string.                                                                                                                                                               
                    Traceback (most recent call last):                                                                                                                                        
                      File "/home/erick/Desktop/Projects/sandbox/lib/python3.11/site-packages/pelican/generators.py", line 627, in generate_context                                           
                        article = self.readers.read_file(                                                                                                                                     
                                  ^^^^^^^^^^^^^^^^^^^^^^^                                                                                                                                     
                      File "/home/erick/Desktop/Projects/sandbox/lib/python3.11/site-packages/pelican/readers.py", line 580, in read_file                                                     
                        content, reader_metadata = reader.read(path)                                                                                                                          
                                                   ^^^^^^^^^^^^^^^^^                                                                                                                          
                      File "/home/erick/Desktop/Projects/sandbox/lib/python3.11/site-packages/pelican/readers.py", line 278, in read                                                          
                        pub = self._get_publisher(source_path)                                                                                                                                
                              ^^^^^^^^^^^^^^^^^^^^^^^^^^^^^^^^                                                                                                                                
                      File "/home/erick/Desktop/Projects/sandbox/lib/python3.11/site-packages/pelican/readers.py", line 273, in _get_publisher                                                
                        pub.publish()                                                                                                                                                         
                      File "/home/erick/Desktop/Projects/sandbox/lib/python3.11/site-packages/docutils/core.py", line 224, in publish                                                         
                        self.document = self.reader.read(self.source, self.parser,                                                                                                            
                                        ^^^^^^^^^^^^^^^^^^^^^^^^^^^^^^^^^^^^^^^^^^                                                                                                            
                      File "/home/erick/Desktop/Projects/sandbox/lib/python3.11/site-packages/docutils/readers/__init__.py", line 70, in read                                                 
                        self.parse()                                                                                                                                                          
                      File "/home/erick/Desktop/Projects/sandbox/lib/python3.11/site-packages/docutils/readers/__init__.py", line 76, in parse                                                
                        self.parser.parse(self.input, document)                                                                                                                               
                      File "/home/erick/Desktop/Projects/sandbox/lib/python3.11/site-packages/docutils/parsers/rst/__init__.py", line 185, in parse                                           
                        self.statemachine.run(inputlines, document, inliner=self.inliner)                                                                                                     
                      File "/home/erick/Desktop/Projects/sandbox/lib/python3.11/site-packages/docutils/parsers/rst/states.py", line 169, in run                                               
                        results = StateMachineWS.run(self, input_lines, input_offset,                                                                                                         
                                  ^^^^^^^^^^^^^^^^^^^^^^^^^^^^^^^^^^^^^^^^^^^^^^^^^^^                                                                                                         
                      File "/home/erick/Desktop/Projects/sandbox/lib/python3.11/site-packages/docutils/statemachine.py", line 233, in run                                                     
                        context, next_state, result = self.check_line(                                                                                                                        
                                                      ^^^^^^^^^^^^^^^^                                                                                                                        
                      File "/home/erick/Desktop/Projects/sandbox/lib/python3.11/site-packages/docutils/statemachine.py", line 445, in check_line                                              
                        return method(match, context, next_state)                                                                                                                             
                               ^^^^^^^^^^^^^^^^^^^^^^^^^^^^^^^^^^                                                                                                                             
                      File "/home/erick/Desktop/Projects/sandbox/lib/python3.11/site-packages/docutils/parsers/rst/states.py", line 2785, in underline                                        
                        self.section(title, source, style, lineno - 1, messages)                                                                                                              
                      File "/home/erick/Desktop/Projects/sandbox/lib/python3.11/site-packages/docutils/parsers/rst/states.py", line 325, in section                                           
                        self.new_subsection(title, lineno, messages)                                                                                                                          
                      File "/home/erick/Desktop/Projects/sandbox/lib/python3.11/site-packages/docutils/parsers/rst/states.py", line 391, in new_subsection                                    
                        newabsoffset = self.nested_parse(                                                                                                                                     
                                       ^^^^^^^^^^^^^^^^^^                                                                                                                                     
                      File "/home/erick/Desktop/Projects/sandbox/lib/python3.11/site-packages/docutils/parsers/rst/states.py", line 279, in nested_parse                                      
                        state_machine.run(block, input_offset, memo=self.memo,                                                                                                                
                      File "/home/erick/Desktop/Projects/sandbox/lib/python3.11/site-packages/docutils/parsers/rst/states.py", line 195, in run                                               
                        results = StateMachineWS.run(self, input_lines, input_offset)                                                                                                         
                                  ^^^^^^^^^^^^^^^^^^^^^^^^^^^^^^^^^^^^^^^^^^^^^^^^^^^                                                                                                         
                      File "/home/erick/Desktop/Projects/sandbox/lib/python3.11/site-packages/docutils/statemachine.py", line 233, in run                                                     
                        context, next_state, result = self.check_line(                                                                                                                        
                                                      ^^^^^^^^^^^^^^^^                                                                                                                        
                      File "/home/erick/Desktop/Projects/sandbox/lib/python3.11/site-packages/docutils/statemachine.py", line 445, in check_line                                              
                        return method(match, context, next_state)                                                                                                                             
                               ^^^^^^^^^^^^^^^^^^^^^^^^^^^^^^^^^^                                                                                                                             
                      File "/home/erick/Desktop/Projects/sandbox/lib/python3.11/site-packages/docutils/parsers/rst/states.py", line 2785, in underline                                        
                        self.section(title, source, style, lineno - 1, messages)                                                                                                              
                      File "/home/erick/Desktop/Projects/sandbox/lib/python3.11/site-packages/docutils/parsers/rst/states.py", line 325, in section                                           
                        self.new_subsection(title, lineno, messages)                                                                                                                          
                      File "/home/erick/Desktop/Projects/sandbox/lib/python3.11/site-packages/docutils/parsers/rst/states.py", line 391, in new_subsection                                    
                        newabsoffset = self.nested_parse(                                                                                                                                     
                                       ^^^^^^^^^^^^^^^^^^                                                                                                                                     
                      File "/home/erick/Desktop/Projects/sandbox/lib/python3.11/site-packages/docutils/parsers/rst/states.py", line 279, in nested_parse                                      
                        state_machine.run(block, input_offset, memo=self.memo,                                                                                                                
                      File "/home/erick/Desktop/Projects/sandbox/lib/python3.11/site-packages/docutils/parsers/rst/states.py", line 195, in run                                               
                        results = StateMachineWS.run(self, input_lines, input_offset)                                                                                                         
                                  ^^^^^^^^^^^^^^^^^^^^^^^^^^^^^^^^^^^^^^^^^^^^^^^^^^^                                                                                                         
                      File "/home/erick/Desktop/Projects/sandbox/lib/python3.11/site-packages/docutils/statemachine.py", line 233, in run                                                     
                        context, next_state, result = self.check_line(                                                                                                                        
                                                      ^^^^^^^^^^^^^^^^                                                                                                                        
                      File "/home/erick/Desktop/Projects/sandbox/lib/python3.11/site-packages/docutils/statemachine.py", line 445, in check_line                                              
                        return method(match, context, next_state)                                                                                                                             
                               ^^^^^^^^^^^^^^^^^^^^^^^^^^^^^^^^^^                                                                                                                             
                      File "/home/erick/Desktop/Projects/sandbox/lib/python3.11/site-packages/docutils/parsers/rst/states.py", line 2799, in text                                             
                        paragraph, literalnext = self.paragraph(lines, startline)                                                                                                             
                                                 ^^^^^^^^^^^^^^^^^^^^^^^^^^^^^^^^                                                                                                             
                      File "/home/erick/Desktop/Projects/sandbox/lib/python3.11/site-packages/docutils/parsers/rst/states.py", line 416, in paragraph                                         
                        textnodes, messages = self.inline_text(text, lineno)                                                                                                                  
                                              ^^^^^^^^^^^^^^^^^^^^^^^^^^^^^^                                                                                                                  
                      File "/home/erick/Desktop/Projects/sandbox/lib/python3.11/site-packages/docutils/parsers/rst/states.py", line 425, in inline_text                                       
                        nodes, messages = self.inliner.parse(text, lineno,                                                                                                                    
                                          ^^^^^^^^^^^^^^^^^^^^^^^^^^^^^^^^                                                                                                                    
                      File "/home/erick/Desktop/Projects/sandbox/lib/python3.11/site-packages/docutils/parsers/rst/states.py", line 649, in parse                                             
                        before, inlines, remaining, sysmessages = method(self, match,                                                                                                         
                                                                  ^^^^^^^^^^^^^^^^^^^                                                                                                         
                      File "/home/erick/Desktop/Projects/sandbox/lib/python3.11/site-packages/docutils/parsers/rst/states.py", line 747, in strong                                            
                        before, inlines, remaining, sysmessages, endstring = self.inline_obj(                                                                                                 
                                                                             ^^^^^^^^^^^^^^^^                                                                                                 
                      File "/home/erick/Desktop/Projects/sandbox/lib/python3.11/site-packages/docutils/parsers/rst/states.py", line 727, in inline_obj                                        
                        msg = self.reporter.warning(                                                                                                                                          
                              ^^^^^^^^^^^^^^^^^^^^^^                                                                                                                                          
                      File "/home/erick/Desktop/Projects/sandbox/lib/python3.11/site-packages/docutils/utils/__init__.py", line 223, in warning                                               
                        return self.system_message(self.WARNING_LEVEL, *args, **kwargs)                                                                                                       
                               ^^^^^^^^^^^^^^^^^^^^^^^^^^^^^^^^^^^^^^^^^^^^^^^^^^^^^^^^                                                                                                       
                      File "/home/erick/Desktop/Projects/sandbox/lib/python3.11/site-packages/docutils/utils/__init__.py", line 196, in system_message                                        
                        raise SystemMessage(msg, level)                                                                                                                                       
                    docutils.utils.SystemMessage: /home/erick/Desktop/Projects/pythonmarketer.com/content/blog/how-to-python-pip-install-new-libraries.rst:148: (WARNING/2) Inline            
                    strong start-string without end-string.                                                                                                                                   
           DEBUG    Read file blog/the-things-they-dont-tell-you-about-ampersands-and-xml.rst -> Article                                                                        readers.py:547
           DEBUG    Read file blog/creating-isolated-python-environments-with-virtualenv.rst -> Article                                                                         readers.py:547
           ERROR    Could not process blog/creating-isolated-python-environments-with-virtualenv.rst                                                                                 log.py:96
                    /home/erick/Desktop/Projects/pythonmarketer.com/content/blog/creating-isolated-python-environments-with-virtualenv.rst:24: (WARNING/2) Inline strong                      
                    start-string without end-string.                                                                                                                                          
                    Traceback (most recent call last):                                                                                                                                        
                      File "/home/erick/Desktop/Projects/sandbox/lib/python3.11/site-packages/pelican/generators.py", line 627, in generate_context                                           
                        article = self.readers.read_file(                                                                                                                                     
                                  ^^^^^^^^^^^^^^^^^^^^^^^                                                                                                                                     
                      File "/home/erick/Desktop/Projects/sandbox/lib/python3.11/site-packages/pelican/readers.py", line 580, in read_file                                                     
                        content, reader_metadata = reader.read(path)                                                                                                                          
                                                   ^^^^^^^^^^^^^^^^^                                                                                                                          
                      File "/home/erick/Desktop/Projects/sandbox/lib/python3.11/site-packages/pelican/readers.py", line 278, in read                                                          
                        pub = self._get_publisher(source_path)                                                                                                                                
                              ^^^^^^^^^^^^^^^^^^^^^^^^^^^^^^^^                                                                                                                                
                      File "/home/erick/Desktop/Projects/sandbox/lib/python3.11/site-packages/pelican/readers.py", line 273, in _get_publisher                                                
                        pub.publish()                                                                                                                                                         
                      File "/home/erick/Desktop/Projects/sandbox/lib/python3.11/site-packages/docutils/core.py", line 224, in publish                                                         
                        self.document = self.reader.read(self.source, self.parser,                                                                                                            
                                        ^^^^^^^^^^^^^^^^^^^^^^^^^^^^^^^^^^^^^^^^^^                                                                                                            
                      File "/home/erick/Desktop/Projects/sandbox/lib/python3.11/site-packages/docutils/readers/__init__.py", line 70, in read                                                 
                        self.parse()                                                                                                                                                          
                      File "/home/erick/Desktop/Projects/sandbox/lib/python3.11/site-packages/docutils/readers/__init__.py", line 76, in parse                                                
                        self.parser.parse(self.input, document)                                                                                                                               
                      File "/home/erick/Desktop/Projects/sandbox/lib/python3.11/site-packages/docutils/parsers/rst/__init__.py", line 185, in parse                                           
                        self.statemachine.run(inputlines, document, inliner=self.inliner)                                                                                                     
                      File "/home/erick/Desktop/Projects/sandbox/lib/python3.11/site-packages/docutils/parsers/rst/states.py", line 169, in run                                               
                        results = StateMachineWS.run(self, input_lines, input_offset,                                                                                                         
                                  ^^^^^^^^^^^^^^^^^^^^^^^^^^^^^^^^^^^^^^^^^^^^^^^^^^^                                                                                                         
                      File "/home/erick/Desktop/Projects/sandbox/lib/python3.11/site-packages/docutils/statemachine.py", line 233, in run                                                     
                        context, next_state, result = self.check_line(                                                                                                                        
                                                      ^^^^^^^^^^^^^^^^                                                                                                                        
                      File "/home/erick/Desktop/Projects/sandbox/lib/python3.11/site-packages/docutils/statemachine.py", line 445, in check_line                                              
                        return method(match, context, next_state)                                                                                                                             
                               ^^^^^^^^^^^^^^^^^^^^^^^^^^^^^^^^^^                                                                                                                             
                      File "/home/erick/Desktop/Projects/sandbox/lib/python3.11/site-packages/docutils/parsers/rst/states.py", line 2785, in underline                                        
                        self.section(title, source, style, lineno - 1, messages)                                                                                                              
                      File "/home/erick/Desktop/Projects/sandbox/lib/python3.11/site-packages/docutils/parsers/rst/states.py", line 325, in section                                           
                        self.new_subsection(title, lineno, messages)                                                                                                                          
                      File "/home/erick/Desktop/Projects/sandbox/lib/python3.11/site-packages/docutils/parsers/rst/states.py", line 391, in new_subsection                                    
                        newabsoffset = self.nested_parse(                                                                                                                                     
                                       ^^^^^^^^^^^^^^^^^^                                                                                                                                     
                      File "/home/erick/Desktop/Projects/sandbox/lib/python3.11/site-packages/docutils/parsers/rst/states.py", line 279, in nested_parse                                      
                        state_machine.run(block, input_offset, memo=self.memo,                                                                                                                
                      File "/home/erick/Desktop/Projects/sandbox/lib/python3.11/site-packages/docutils/parsers/rst/states.py", line 195, in run                                               
                        results = StateMachineWS.run(self, input_lines, input_offset)                                                                                                         
                                  ^^^^^^^^^^^^^^^^^^^^^^^^^^^^^^^^^^^^^^^^^^^^^^^^^^^                                                                                                         
                      File "/home/erick/Desktop/Projects/sandbox/lib/python3.11/site-packages/docutils/statemachine.py", line 233, in run                                                     
                        context, next_state, result = self.check_line(                                                                                                                        
                                                      ^^^^^^^^^^^^^^^^                                                                                                                        
                      File "/home/erick/Desktop/Projects/sandbox/lib/python3.11/site-packages/docutils/statemachine.py", line 445, in check_line                                              
                        return method(match, context, next_state)                                                                                                                             
                               ^^^^^^^^^^^^^^^^^^^^^^^^^^^^^^^^^^                                                                                                                             
                      File "/home/erick/Desktop/Projects/sandbox/lib/python3.11/site-packages/docutils/parsers/rst/states.py", line 2799, in text                                             
                        paragraph, literalnext = self.paragraph(lines, startline)                                                                                                             
                                                 ^^^^^^^^^^^^^^^^^^^^^^^^^^^^^^^^                                                                                                             
                      File "/home/erick/Desktop/Projects/sandbox/lib/python3.11/site-packages/docutils/parsers/rst/states.py", line 416, in paragraph                                         
                        textnodes, messages = self.inline_text(text, lineno)                                                                                                                  
                                              ^^^^^^^^^^^^^^^^^^^^^^^^^^^^^^                                                                                                                  
                      File "/home/erick/Desktop/Projects/sandbox/lib/python3.11/site-packages/docutils/parsers/rst/states.py", line 425, in inline_text                                       
                        nodes, messages = self.inliner.parse(text, lineno,                                                                                                                    
                                          ^^^^^^^^^^^^^^^^^^^^^^^^^^^^^^^^                                                                                                                    
                      File "/home/erick/Desktop/Projects/sandbox/lib/python3.11/site-packages/docutils/parsers/rst/states.py", line 649, in parse                                             
                        before, inlines, remaining, sysmessages = method(self, match,                                                                                                         
                                                                  ^^^^^^^^^^^^^^^^^^^                                                                                                         
                      File "/home/erick/Desktop/Projects/sandbox/lib/python3.11/site-packages/docutils/parsers/rst/states.py", line 747, in strong                                            
                        before, inlines, remaining, sysmessages, endstring = self.inline_obj(                                                                                                 
                                                                             ^^^^^^^^^^^^^^^^                                                                                                 
                      File "/home/erick/Desktop/Projects/sandbox/lib/python3.11/site-packages/docutils/parsers/rst/states.py", line 727, in inline_obj                                        
                        msg = self.reporter.warning(                                                                                                                                          
                              ^^^^^^^^^^^^^^^^^^^^^^                                                                                                                                          
                      File "/home/erick/Desktop/Projects/sandbox/lib/python3.11/site-packages/docutils/utils/__init__.py", line 223, in warning                                               
                        return self.system_message(self.WARNING_LEVEL, *args, **kwargs)                                                                                                       
                               ^^^^^^^^^^^^^^^^^^^^^^^^^^^^^^^^^^^^^^^^^^^^^^^^^^^^^^^^                                                                                                       
                      File "/home/erick/Desktop/Projects/sandbox/lib/python3.11/site-packages/docutils/utils/__init__.py", line 196, in system_message                                        
                        raise SystemMessage(msg, level)                                                                                                                                       
                    docutils.utils.SystemMessage: /home/erick/Desktop/Projects/pythonmarketer.com/content/blog/creating-isolated-python-environments-with-virtualenv.rst:24:                  
                    (WARNING/2) Inline strong start-string without end-string.                                                                                                                
           DEBUG    Read file blog/python-file-handling-basics.rst -> Article                                                                                                   readers.py:547
           DEBUG    Read file blog/documentation-is-the-gateway-to-delegation.rst -> Article                                                                                    readers.py:547
           DEBUG    Read file blog/findstr-aka-grep-for-windows.rst -> Article                                                                                                  readers.py:547
           DEBUG    Read file blog/how-to-check-github-repo-star-counts-with-python.rst -> Article                                                                              readers.py:547
           ERROR    Could not process blog/how-to-check-github-repo-star-counts-with-python.rst                                                                                      log.py:96
                    /home/erick/Desktop/Projects/pythonmarketer.com/content/blog/how-to-check-github-repo-star-counts-with-python.rst:19: (WARNING/2) Cannot analyze code. No                 
                    Pygments lexer found for "wp-block-code".                                                                                                                                 
                    Traceback (most recent call last):                                                                                                                                        
                      File "/home/erick/Desktop/Projects/sandbox/lib/python3.11/site-packages/docutils/utils/code_analyzer.py", line 64, in __init__                                          
                        self.lexer = get_lexer_by_name(self.language)                                                                                                                         
                                     ^^^^^^^^^^^^^^^^^^^^^^^^^^^^^^^^                                                                                                                         
                      File "/home/erick/Desktop/Projects/sandbox/lib/python3.11/site-packages/pygments/lexers/__init__.py", line 131, in get_lexer_by_name                                    
                        raise ClassNotFound('no lexer for alias %r found' % _alias)                                                                                                           
                    pygments.util.ClassNotFound: no lexer for alias 'wp-block-code' found                                                                                                     
                                                                                                                                                                                              
                    During handling of the above exception, another exception occurred:                                                                                                       
                                                                                                                                                                                              
                    Traceback (most recent call last):                                                                                                                                        
                      File "/home/erick/Desktop/Projects/sandbox/lib/python3.11/site-packages/docutils/parsers/rst/directives/body.py", line 159, in run                                      
                        tokens = Lexer('\n'.join(self.content), language,                                                                                                                     
                                 ^^^^^^^^^^^^^^^^^^^^^^^^^^^^^^^^^^^^^^^^                                                                                                                     
                      File "/home/erick/Desktop/Projects/sandbox/lib/python3.11/site-packages/docutils/utils/code_analyzer.py", line 66, in __init__                                          
                        raise LexerError('Cannot analyze code. '                                                                                                                              
                    docutils.utils.code_analyzer.LexerError: Cannot analyze code. No Pygments lexer found for "wp-block-code".                                                                
                                                                                                                                                                                              
                    During handling of the above exception, another exception occurred:                                                                                                       
                                                                                                                                                                                              
                    Traceback (most recent call last):                                                                                                                                        
                      File "/home/erick/Desktop/Projects/sandbox/lib/python3.11/site-packages/docutils/parsers/rst/states.py", line 2154, in run_directive                                    
                        result = directive_instance.run()                                                                                                                                     
                                 ^^^^^^^^^^^^^^^^^^^^^^^^                                                                                                                                     
                      File "/home/erick/Desktop/Projects/sandbox/lib/python3.11/site-packages/docutils/parsers/rst/directives/body.py", line 166, in run                                      
                        raise self.warning(error)                                                                                                                                             
                    docutils.parsers.rst.DirectiveError                                                                                                                                       
                                                                                                                                                                                              
                    During handling of the above exception, another exception occurred:                                                                                                       
                                                                                                                                                                                              
                    Traceback (most recent call last):                                                                                                                                        
                      File "/home/erick/Desktop/Projects/sandbox/lib/python3.11/site-packages/pelican/generators.py", line 627, in generate_context                                           
                        article = self.readers.read_file(                                                                                                                                     
                                  ^^^^^^^^^^^^^^^^^^^^^^^                                                                                                                                     
                      File "/home/erick/Desktop/Projects/sandbox/lib/python3.11/site-packages/pelican/readers.py", line 580, in read_file                                                     
                        content, reader_metadata = reader.read(path)                                                                                                                          
                                                   ^^^^^^^^^^^^^^^^^                                                                                                                          
                      File "/home/erick/Desktop/Projects/sandbox/lib/python3.11/site-packages/pelican/readers.py", line 278, in read                                                          
                        pub = self._get_publisher(source_path)                                                                                                                                
                              ^^^^^^^^^^^^^^^^^^^^^^^^^^^^^^^^                                                                                                                                
                      File "/home/erick/Desktop/Projects/sandbox/lib/python3.11/site-packages/pelican/readers.py", line 273, in _get_publisher                                                
                        pub.publish()                                                                                                                                                         
                      File "/home/erick/Desktop/Projects/sandbox/lib/python3.11/site-packages/docutils/core.py", line 224, in publish                                                         
                        self.document = self.reader.read(self.source, self.parser,                                                                                                            
                                        ^^^^^^^^^^^^^^^^^^^^^^^^^^^^^^^^^^^^^^^^^^                                                                                                            
                      File "/home/erick/Desktop/Projects/sandbox/lib/python3.11/site-packages/docutils/readers/__init__.py", line 70, in read                                                 
                        self.parse()                                                                                                                                                          
                      File "/home/erick/Desktop/Projects/sandbox/lib/python3.11/site-packages/docutils/readers/__init__.py", line 76, in parse                                                
                        self.parser.parse(self.input, document)                                                                                                                               
                      File "/home/erick/Desktop/Projects/sandbox/lib/python3.11/site-packages/docutils/parsers/rst/__init__.py", line 185, in parse                                           
                        self.statemachine.run(inputlines, document, inliner=self.inliner)                                                                                                     
                      File "/home/erick/Desktop/Projects/sandbox/lib/python3.11/site-packages/docutils/parsers/rst/states.py", line 169, in run                                               
                        results = StateMachineWS.run(self, input_lines, input_offset,                                                                                                         
                                  ^^^^^^^^^^^^^^^^^^^^^^^^^^^^^^^^^^^^^^^^^^^^^^^^^^^                                                                                                         
                      File "/home/erick/Desktop/Projects/sandbox/lib/python3.11/site-packages/docutils/statemachine.py", line 233, in run                                                     
                        context, next_state, result = self.check_line(                                                                                                                        
                                                      ^^^^^^^^^^^^^^^^                                                                                                                        
                      File "/home/erick/Desktop/Projects/sandbox/lib/python3.11/site-packages/docutils/statemachine.py", line 445, in check_line                                              
                        return method(match, context, next_state)                                                                                                                             
                               ^^^^^^^^^^^^^^^^^^^^^^^^^^^^^^^^^^                                                                                                                             
                      File "/home/erick/Desktop/Projects/sandbox/lib/python3.11/site-packages/docutils/parsers/rst/states.py", line 2785, in underline                                        
                        self.section(title, source, style, lineno - 1, messages)                                                                                                              
                      File "/home/erick/Desktop/Projects/sandbox/lib/python3.11/site-packages/docutils/parsers/rst/states.py", line 325, in section                                           
                        self.new_subsection(title, lineno, messages)                                                                                                                          
                      File "/home/erick/Desktop/Projects/sandbox/lib/python3.11/site-packages/docutils/parsers/rst/states.py", line 391, in new_subsection                                    
                        newabsoffset = self.nested_parse(                                                                                                                                     
                                       ^^^^^^^^^^^^^^^^^^                                                                                                                                     
                      File "/home/erick/Desktop/Projects/sandbox/lib/python3.11/site-packages/docutils/parsers/rst/states.py", line 279, in nested_parse                                      
                        state_machine.run(block, input_offset, memo=self.memo,                                                                                                                
                      File "/home/erick/Desktop/Projects/sandbox/lib/python3.11/site-packages/docutils/parsers/rst/states.py", line 195, in run                                               
                        results = StateMachineWS.run(self, input_lines, input_offset)                                                                                                         
                                  ^^^^^^^^^^^^^^^^^^^^^^^^^^^^^^^^^^^^^^^^^^^^^^^^^^^                                                                                                         
                      File "/home/erick/Desktop/Projects/sandbox/lib/python3.11/site-packages/docutils/statemachine.py", line 233, in run                                                     
                        context, next_state, result = self.check_line(                                                                                                                        
                                                      ^^^^^^^^^^^^^^^^                                                                                                                        
                      File "/home/erick/Desktop/Projects/sandbox/lib/python3.11/site-packages/docutils/statemachine.py", line 445, in check_line                                              
                        return method(match, context, next_state)                                                                                                                             
                               ^^^^^^^^^^^^^^^^^^^^^^^^^^^^^^^^^^                                                                                                                             
                      File "/home/erick/Desktop/Projects/sandbox/lib/python3.11/site-packages/docutils/parsers/rst/states.py", line 2355, in explicit_markup                                  
                        nodelist, blank_finish = self.explicit_construct(match)                                                                                                               
                                                 ^^^^^^^^^^^^^^^^^^^^^^^^^^^^^^                                                                                                               
                      File "/home/erick/Desktop/Projects/sandbox/lib/python3.11/site-packages/docutils/parsers/rst/states.py", line 2367, in explicit_construct                               
                        return method(self, expmatch)                                                                                                                                         
                               ^^^^^^^^^^^^^^^^^^^^^^                                                                                                                                         
                      File "/home/erick/Desktop/Projects/sandbox/lib/python3.11/site-packages/docutils/parsers/rst/states.py", line 2104, in directive                                        
                        return self.run_directive(                                                                                                                                            
                               ^^^^^^^^^^^^^^^^^^^                                                                                                                                            
                      File "/home/erick/Desktop/Projects/sandbox/lib/python3.11/site-packages/docutils/parsers/rst/states.py", line 2156, in run_directive                                    
                        msg_node = self.reporter.system_message(error.level, error.msg,                                                                                                       
                                   ^^^^^^^^^^^^^^^^^^^^^^^^^^^^^^^^^^^^^^^^^^^^^^^^^^^^                                                                                                       
                      File "/home/erick/Desktop/Projects/sandbox/lib/python3.11/site-packages/docutils/utils/__init__.py", line 196, in system_message                                        
                        raise SystemMessage(msg, level)                                                                                                                                       
                    docutils.utils.SystemMessage: /home/erick/Desktop/Projects/pythonmarketer.com/content/blog/how-to-check-github-repo-star-counts-with-python.rst:19: (WARNING/2)           
                    Cannot analyze code. No Pygments lexer found for "wp-block-code".                                                                                                         
           DEBUG    Read file blog/40-open-source-libraries-and-tools-for-the-modern-developer.rst -> Article                                                                   readers.py:547
           DEBUG    Read file blog/7187.rst -> Article                                                                                                                          readers.py:547
           DEBUG    Read file blog/how-to-make-json-requests-with-python.rst -> Article                                                                                         readers.py:547
           DEBUG    Read file blog/how-to-open-firefox-with-webbrowser-on-ubuntu-linux.rst -> Article                                                                           readers.py:547
           ERROR    Could not process blog/how-to-open-firefox-with-webbrowser-on-ubuntu-linux.rst                                                                                   log.py:96
                    /home/erick/Desktop/Projects/pythonmarketer.com/content/blog/how-to-open-firefox-with-webbrowser-on-ubuntu-linux.rst:12: (WARNING/2) Cannot analyze code. No              
                    Pygments lexer found for "wp-block-syntaxhighlighter-code".                                                                                                               
                    Traceback (most recent call last):                                                                                                                                        
                      File "/home/erick/Desktop/Projects/sandbox/lib/python3.11/site-packages/docutils/utils/code_analyzer.py", line 64, in __init__                                          
                        self.lexer = get_lexer_by_name(self.language)                                                                                                                         
                                     ^^^^^^^^^^^^^^^^^^^^^^^^^^^^^^^^                                                                                                                         
                      File "/home/erick/Desktop/Projects/sandbox/lib/python3.11/site-packages/pygments/lexers/__init__.py", line 131, in get_lexer_by_name                                    
                        raise ClassNotFound('no lexer for alias %r found' % _alias)                                                                                                           
                    pygments.util.ClassNotFound: no lexer for alias 'wp-block-syntaxhighlighter-code' found                                                                                   
                                                                                                                                                                                              
                    During handling of the above exception, another exception occurred:                                                                                                       
                                                                                                                                                                                              
                    Traceback (most recent call last):                                                                                                                                        
                      File "/home/erick/Desktop/Projects/sandbox/lib/python3.11/site-packages/docutils/parsers/rst/directives/body.py", line 159, in run                                      
                        tokens = Lexer('\n'.join(self.content), language,                                                                                                                     
                                 ^^^^^^^^^^^^^^^^^^^^^^^^^^^^^^^^^^^^^^^^                                                                                                                     
                      File "/home/erick/Desktop/Projects/sandbox/lib/python3.11/site-packages/docutils/utils/code_analyzer.py", line 66, in __init__                                          
                        raise LexerError('Cannot analyze code. '                                                                                                                              
                    docutils.utils.code_analyzer.LexerError: Cannot analyze code. No Pygments lexer found for "wp-block-syntaxhighlighter-code".                                              
                                                                                                                                                                                              
                    During handling of the above exception, another exception occurred:                                                                                                       
                                                                                                                                                                                              
                    Traceback (most recent call last):                                                                                                                                        
                      File "/home/erick/Desktop/Projects/sandbox/lib/python3.11/site-packages/docutils/parsers/rst/states.py", line 2154, in run_directive                                    
                        result = directive_instance.run()                                                                                                                                     
                                 ^^^^^^^^^^^^^^^^^^^^^^^^                                                                                                                                     
                      File "/home/erick/Desktop/Projects/sandbox/lib/python3.11/site-packages/docutils/parsers/rst/directives/body.py", line 166, in run                                      
                        raise self.warning(error)                                                                                                                                             
                    docutils.parsers.rst.DirectiveError                                                                                                                                       
                                                                                                                                                                                              
                    During handling of the above exception, another exception occurred:                                                                                                       
                                                                                                                                                                                              
                    Traceback (most recent call last):                                                                                                                                        
                      File "/home/erick/Desktop/Projects/sandbox/lib/python3.11/site-packages/pelican/generators.py", line 627, in generate_context                                           
                        article = self.readers.read_file(                                                                                                                                     
                                  ^^^^^^^^^^^^^^^^^^^^^^^                                                                                                                                     
                      File "/home/erick/Desktop/Projects/sandbox/lib/python3.11/site-packages/pelican/readers.py", line 580, in read_file                                                     
                        content, reader_metadata = reader.read(path)                                                                                                                          
                                                   ^^^^^^^^^^^^^^^^^                                                                                                                          
                      File "/home/erick/Desktop/Projects/sandbox/lib/python3.11/site-packages/pelican/readers.py", line 278, in read                                                          
                        pub = self._get_publisher(source_path)                                                                                                                                
                              ^^^^^^^^^^^^^^^^^^^^^^^^^^^^^^^^                                                                                                                                
                      File "/home/erick/Desktop/Projects/sandbox/lib/python3.11/site-packages/pelican/readers.py", line 273, in _get_publisher                                                
                        pub.publish()                                                                                                                                                         
                      File "/home/erick/Desktop/Projects/sandbox/lib/python3.11/site-packages/docutils/core.py", line 224, in publish                                                         
                        self.document = self.reader.read(self.source, self.parser,                                                                                                            
                                        ^^^^^^^^^^^^^^^^^^^^^^^^^^^^^^^^^^^^^^^^^^                                                                                                            
                      File "/home/erick/Desktop/Projects/sandbox/lib/python3.11/site-packages/docutils/readers/__init__.py", line 70, in read                                                 
                        self.parse()                                                                                                                                                          
                      File "/home/erick/Desktop/Projects/sandbox/lib/python3.11/site-packages/docutils/readers/__init__.py", line 76, in parse                                                
                        self.parser.parse(self.input, document)                                                                                                                               
                      File "/home/erick/Desktop/Projects/sandbox/lib/python3.11/site-packages/docutils/parsers/rst/__init__.py", line 185, in parse                                           
                        self.statemachine.run(inputlines, document, inliner=self.inliner)                                                                                                     
                      File "/home/erick/Desktop/Projects/sandbox/lib/python3.11/site-packages/docutils/parsers/rst/states.py", line 169, in run                                               
                        results = StateMachineWS.run(self, input_lines, input_offset,                                                                                                         
                                  ^^^^^^^^^^^^^^^^^^^^^^^^^^^^^^^^^^^^^^^^^^^^^^^^^^^                                                                                                         
                      File "/home/erick/Desktop/Projects/sandbox/lib/python3.11/site-packages/docutils/statemachine.py", line 233, in run                                                     
                        context, next_state, result = self.check_line(                                                                                                                        
                                                      ^^^^^^^^^^^^^^^^                                                                                                                        
                      File "/home/erick/Desktop/Projects/sandbox/lib/python3.11/site-packages/docutils/statemachine.py", line 445, in check_line                                              
                        return method(match, context, next_state)                                                                                                                             
                               ^^^^^^^^^^^^^^^^^^^^^^^^^^^^^^^^^^                                                                                                                             
                      File "/home/erick/Desktop/Projects/sandbox/lib/python3.11/site-packages/docutils/parsers/rst/states.py", line 2785, in underline                                        
                        self.section(title, source, style, lineno - 1, messages)                                                                                                              
                      File "/home/erick/Desktop/Projects/sandbox/lib/python3.11/site-packages/docutils/parsers/rst/states.py", line 325, in section                                           
                        self.new_subsection(title, lineno, messages)                                                                                                                          
                      File "/home/erick/Desktop/Projects/sandbox/lib/python3.11/site-packages/docutils/parsers/rst/states.py", line 391, in new_subsection                                    
                        newabsoffset = self.nested_parse(                                                                                                                                     
                                       ^^^^^^^^^^^^^^^^^^                                                                                                                                     
                      File "/home/erick/Desktop/Projects/sandbox/lib/python3.11/site-packages/docutils/parsers/rst/states.py", line 279, in nested_parse                                      
                        state_machine.run(block, input_offset, memo=self.memo,                                                                                                                
                      File "/home/erick/Desktop/Projects/sandbox/lib/python3.11/site-packages/docutils/parsers/rst/states.py", line 195, in run                                               
                        results = StateMachineWS.run(self, input_lines, input_offset)                                                                                                         
                                  ^^^^^^^^^^^^^^^^^^^^^^^^^^^^^^^^^^^^^^^^^^^^^^^^^^^                                                                                                         
                      File "/home/erick/Desktop/Projects/sandbox/lib/python3.11/site-packages/docutils/statemachine.py", line 233, in run                                                     
                        context, next_state, result = self.check_line(                                                                                                                        
                                                      ^^^^^^^^^^^^^^^^                                                                                                                        
                      File "/home/erick/Desktop/Projects/sandbox/lib/python3.11/site-packages/docutils/statemachine.py", line 445, in check_line                                              
                        return method(match, context, next_state)                                                                                                                             
                               ^^^^^^^^^^^^^^^^^^^^^^^^^^^^^^^^^^                                                                                                                             
                      File "/home/erick/Desktop/Projects/sandbox/lib/python3.11/site-packages/docutils/parsers/rst/states.py", line 2355, in explicit_markup                                  
                        nodelist, blank_finish = self.explicit_construct(match)                                                                                                               
                                                 ^^^^^^^^^^^^^^^^^^^^^^^^^^^^^^                                                                                                               
                      File "/home/erick/Desktop/Projects/sandbox/lib/python3.11/site-packages/docutils/parsers/rst/states.py", line 2367, in explicit_construct                               
                        return method(self, expmatch)                                                                                                                                         
                               ^^^^^^^^^^^^^^^^^^^^^^                                                                                                                                         
                      File "/home/erick/Desktop/Projects/sandbox/lib/python3.11/site-packages/docutils/parsers/rst/states.py", line 2104, in directive                                        
                        return self.run_directive(                                                                                                                                            
                               ^^^^^^^^^^^^^^^^^^^                                                                                                                                            
                      File "/home/erick/Desktop/Projects/sandbox/lib/python3.11/site-packages/docutils/parsers/rst/states.py", line 2156, in run_directive                                    
                        msg_node = self.reporter.system_message(error.level, error.msg,                                                                                                       
                                   ^^^^^^^^^^^^^^^^^^^^^^^^^^^^^^^^^^^^^^^^^^^^^^^^^^^^                                                                                                       
                      File "/home/erick/Desktop/Projects/sandbox/lib/python3.11/site-packages/docutils/utils/__init__.py", line 196, in system_message                                        
                        raise SystemMessage(msg, level)                                                                                                                                       
                    docutils.utils.SystemMessage: /home/erick/Desktop/Projects/pythonmarketer.com/content/blog/how-to-open-firefox-with-webbrowser-on-ubuntu-linux.rst:12:                    
                    (WARNING/2) Cannot analyze code. No Pygments lexer found for "wp-block-syntaxhighlighter-code".                                                                           
           DEBUG    Read file blog/generating-positive-thoughts-with-google-vision-ocr-and-markov-chains.rst -> Article                                                         readers.py:547
           ERROR    Could not process blog/generating-positive-thoughts-with-google-vision-ocr-and-markov-chains.rst                                                                 log.py:96
                    /home/erick/Desktop/Projects/pythonmarketer.com/content/blog/generating-positive-thoughts-with-google-vision-ocr-and-markov-chains.rst:43: (WARNING/2) Cannot             
                    analyze code. No Pygments lexer found for "wp-block-syntaxhighlighter-code".                                                                                              
                    Traceback (most recent call last):                                                                                                                                        
                      File "/home/erick/Desktop/Projects/sandbox/lib/python3.11/site-packages/docutils/utils/code_analyzer.py", line 64, in __init__                                          
                        self.lexer = get_lexer_by_name(self.language)                                                                                                                         
                                     ^^^^^^^^^^^^^^^^^^^^^^^^^^^^^^^^                                                                                                                         
                      File "/home/erick/Desktop/Projects/sandbox/lib/python3.11/site-packages/pygments/lexers/__init__.py", line 131, in get_lexer_by_name                                    
                        raise ClassNotFound('no lexer for alias %r found' % _alias)                                                                                                           
                    pygments.util.ClassNotFound: no lexer for alias 'wp-block-syntaxhighlighter-code' found                                                                                   
                                                                                                                                                                                              
                    During handling of the above exception, another exception occurred:                                                                                                       
                                                                                                                                                                                              
                    Traceback (most recent call last):                                                                                                                                        
                      File "/home/erick/Desktop/Projects/sandbox/lib/python3.11/site-packages/docutils/parsers/rst/directives/body.py", line 159, in run                                      
                        tokens = Lexer('\n'.join(self.content), language,                                                                                                                     
                                 ^^^^^^^^^^^^^^^^^^^^^^^^^^^^^^^^^^^^^^^^                                                                                                                     
                      File "/home/erick/Desktop/Projects/sandbox/lib/python3.11/site-packages/docutils/utils/code_analyzer.py", line 66, in __init__                                          
                        raise LexerError('Cannot analyze code. '                                                                                                                              
                    docutils.utils.code_analyzer.LexerError: Cannot analyze code. No Pygments lexer found for "wp-block-syntaxhighlighter-code".                                              
                                                                                                                                                                                              
                    During handling of the above exception, another exception occurred:                                                                                                       
                                                                                                                                                                                              
                    Traceback (most recent call last):                                                                                                                                        
                      File "/home/erick/Desktop/Projects/sandbox/lib/python3.11/site-packages/docutils/parsers/rst/states.py", line 2154, in run_directive                                    
                        result = directive_instance.run()                                                                                                                                     
                                 ^^^^^^^^^^^^^^^^^^^^^^^^                                                                                                                                     
                      File "/home/erick/Desktop/Projects/sandbox/lib/python3.11/site-packages/docutils/parsers/rst/directives/body.py", line 166, in run                                      
                        raise self.warning(error)                                                                                                                                             
                    docutils.parsers.rst.DirectiveError                                                                                                                                       
                                                                                                                                                                                              
                    During handling of the above exception, another exception occurred:                                                                                                       
                                                                                                                                                                                              
                    Traceback (most recent call last):                                                                                                                                        
                      File "/home/erick/Desktop/Projects/sandbox/lib/python3.11/site-packages/pelican/generators.py", line 627, in generate_context                                           
                        article = self.readers.read_file(                                                                                                                                     
                                  ^^^^^^^^^^^^^^^^^^^^^^^                                                                                                                                     
                      File "/home/erick/Desktop/Projects/sandbox/lib/python3.11/site-packages/pelican/readers.py", line 580, in read_file                                                     
                        content, reader_metadata = reader.read(path)                                                                                                                          
                                                   ^^^^^^^^^^^^^^^^^                                                                                                                          
                      File "/home/erick/Desktop/Projects/sandbox/lib/python3.11/site-packages/pelican/readers.py", line 278, in read                                                          
                        pub = self._get_publisher(source_path)                                                                                                                                
                              ^^^^^^^^^^^^^^^^^^^^^^^^^^^^^^^^                                                                                                                                
                      File "/home/erick/Desktop/Projects/sandbox/lib/python3.11/site-packages/pelican/readers.py", line 273, in _get_publisher                                                
                        pub.publish()                                                                                                                                                         
                      File "/home/erick/Desktop/Projects/sandbox/lib/python3.11/site-packages/docutils/core.py", line 224, in publish                                                         
                        self.document = self.reader.read(self.source, self.parser,                                                                                                            
                                        ^^^^^^^^^^^^^^^^^^^^^^^^^^^^^^^^^^^^^^^^^^                                                                                                            
                      File "/home/erick/Desktop/Projects/sandbox/lib/python3.11/site-packages/docutils/readers/__init__.py", line 70, in read                                                 
                        self.parse()                                                                                                                                                          
                      File "/home/erick/Desktop/Projects/sandbox/lib/python3.11/site-packages/docutils/readers/__init__.py", line 76, in parse                                                
                        self.parser.parse(self.input, document)                                                                                                                               
                      File "/home/erick/Desktop/Projects/sandbox/lib/python3.11/site-packages/docutils/parsers/rst/__init__.py", line 185, in parse                                           
                        self.statemachine.run(inputlines, document, inliner=self.inliner)                                                                                                     
                      File "/home/erick/Desktop/Projects/sandbox/lib/python3.11/site-packages/docutils/parsers/rst/states.py", line 169, in run                                               
                        results = StateMachineWS.run(self, input_lines, input_offset,                                                                                                         
                                  ^^^^^^^^^^^^^^^^^^^^^^^^^^^^^^^^^^^^^^^^^^^^^^^^^^^                                                                                                         
                      File "/home/erick/Desktop/Projects/sandbox/lib/python3.11/site-packages/docutils/statemachine.py", line 233, in run                                                     
                        context, next_state, result = self.check_line(                                                                                                                        
                                                      ^^^^^^^^^^^^^^^^                                                                                                                        
                      File "/home/erick/Desktop/Projects/sandbox/lib/python3.11/site-packages/docutils/statemachine.py", line 445, in check_line                                              
                        return method(match, context, next_state)                                                                                                                             
                               ^^^^^^^^^^^^^^^^^^^^^^^^^^^^^^^^^^                                                                                                                             
                      File "/home/erick/Desktop/Projects/sandbox/lib/python3.11/site-packages/docutils/parsers/rst/states.py", line 2785, in underline                                        
                        self.section(title, source, style, lineno - 1, messages)                                                                                                              
                      File "/home/erick/Desktop/Projects/sandbox/lib/python3.11/site-packages/docutils/parsers/rst/states.py", line 325, in section                                           
                        self.new_subsection(title, lineno, messages)                                                                                                                          
                      File "/home/erick/Desktop/Projects/sandbox/lib/python3.11/site-packages/docutils/parsers/rst/states.py", line 391, in new_subsection                                    
                        newabsoffset = self.nested_parse(                                                                                                                                     
                                       ^^^^^^^^^^^^^^^^^^                                                                                                                                     
                      File "/home/erick/Desktop/Projects/sandbox/lib/python3.11/site-packages/docutils/parsers/rst/states.py", line 279, in nested_parse                                      
                        state_machine.run(block, input_offset, memo=self.memo,                                                                                                                
                      File "/home/erick/Desktop/Projects/sandbox/lib/python3.11/site-packages/docutils/parsers/rst/states.py", line 195, in run                                               
                        results = StateMachineWS.run(self, input_lines, input_offset)                                                                                                         
                                  ^^^^^^^^^^^^^^^^^^^^^^^^^^^^^^^^^^^^^^^^^^^^^^^^^^^                                                                                                         
                      File "/home/erick/Desktop/Projects/sandbox/lib/python3.11/site-packages/docutils/statemachine.py", line 233, in run                                                     
                        context, next_state, result = self.check_line(                                                                                                                        
                                                      ^^^^^^^^^^^^^^^^                                                                                                                        
                      File "/home/erick/Desktop/Projects/sandbox/lib/python3.11/site-packages/docutils/statemachine.py", line 445, in check_line                                              
                        return method(match, context, next_state)                                                                                                                             
                               ^^^^^^^^^^^^^^^^^^^^^^^^^^^^^^^^^^                                                                                                                             
                      File "/home/erick/Desktop/Projects/sandbox/lib/python3.11/site-packages/docutils/parsers/rst/states.py", line 2785, in underline                                        
                        self.section(title, source, style, lineno - 1, messages)                                                                                                              
                      File "/home/erick/Desktop/Projects/sandbox/lib/python3.11/site-packages/docutils/parsers/rst/states.py", line 325, in section                                           
                        self.new_subsection(title, lineno, messages)                                                                                                                          
                      File "/home/erick/Desktop/Projects/sandbox/lib/python3.11/site-packages/docutils/parsers/rst/states.py", line 391, in new_subsection                                    
                        newabsoffset = self.nested_parse(                                                                                                                                     
                                       ^^^^^^^^^^^^^^^^^^                                                                                                                                     
                      File "/home/erick/Desktop/Projects/sandbox/lib/python3.11/site-packages/docutils/parsers/rst/states.py", line 279, in nested_parse                                      
                        state_machine.run(block, input_offset, memo=self.memo,                                                                                                                
                      File "/home/erick/Desktop/Projects/sandbox/lib/python3.11/site-packages/docutils/parsers/rst/states.py", line 195, in run                                               
                        results = StateMachineWS.run(self, input_lines, input_offset)                                                                                                         
                                  ^^^^^^^^^^^^^^^^^^^^^^^^^^^^^^^^^^^^^^^^^^^^^^^^^^^                                                                                                         
                      File "/home/erick/Desktop/Projects/sandbox/lib/python3.11/site-packages/docutils/statemachine.py", line 233, in run                                                     
                        context, next_state, result = self.check_line(                                                                                                                        
                                                      ^^^^^^^^^^^^^^^^                                                                                                                        
                      File "/home/erick/Desktop/Projects/sandbox/lib/python3.11/site-packages/docutils/statemachine.py", line 445, in check_line                                              
                        return method(match, context, next_state)                                                                                                                             
                               ^^^^^^^^^^^^^^^^^^^^^^^^^^^^^^^^^^                                                                                                                             
                      File "/home/erick/Desktop/Projects/sandbox/lib/python3.11/site-packages/docutils/parsers/rst/states.py", line 2355, in explicit_markup                                  
                        nodelist, blank_finish = self.explicit_construct(match)                                                                                                               
                                                 ^^^^^^^^^^^^^^^^^^^^^^^^^^^^^^                                                                                                               
                      File "/home/erick/Desktop/Projects/sandbox/lib/python3.11/site-packages/docutils/parsers/rst/states.py", line 2367, in explicit_construct                               
                        return method(self, expmatch)                                                                                                                                         
                               ^^^^^^^^^^^^^^^^^^^^^^                                                                                                                                         
                      File "/home/erick/Desktop/Projects/sandbox/lib/python3.11/site-packages/docutils/parsers/rst/states.py", line 2104, in directive                                        
                        return self.run_directive(                                                                                                                                            
                               ^^^^^^^^^^^^^^^^^^^                                                                                                                                            
                      File "/home/erick/Desktop/Projects/sandbox/lib/python3.11/site-packages/docutils/parsers/rst/states.py", line 2156, in run_directive                                    
                        msg_node = self.reporter.system_message(error.level, error.msg,                                                                                                       
                                   ^^^^^^^^^^^^^^^^^^^^^^^^^^^^^^^^^^^^^^^^^^^^^^^^^^^^                                                                                                       
                      File "/home/erick/Desktop/Projects/sandbox/lib/python3.11/site-packages/docutils/utils/__init__.py", line 196, in system_message                                        
                        raise SystemMessage(msg, level)                                                                                                                                       
                    docutils.utils.SystemMessage:                                                                                                                                             
                    /home/erick/Desktop/Projects/pythonmarketer.com/content/blog/generating-positive-thoughts-with-google-vision-ocr-and-markov-chains.rst:43: (WARNING/2) Cannot             
                    analyze code. No Pygments lexer found for "wp-block-syntaxhighlighter-code".                                                                                              
           DEBUG    Read file blog/3519.rst -> Article                                                                                                                          readers.py:547
           DEBUG    Read file blog/4950.rst -> Article                                                                                                                          readers.py:547
           DEBUG    Read file blog/1907.rst -> Article                                                                                                                          readers.py:547
           DEBUG    Read file static/css/pygments.css -> Static                                                                                                                 readers.py:547
           DEBUG    Signal static_generator_preread.send(StaticGenerator)                                                                                                       readers.py:560
           DEBUG    Signal static_generator_context.send(StaticGenerator, <metadata>)                                                                                           readers.py:627
           DEBUG    Read file images/python_logo.sh -> Static                                                                                                                   readers.py:547
           DEBUG    Read file static/css/main.css -> Static                                                                                                                     readers.py:547
           DEBUG    Read file images/python-powered-h-140x182.png -> Static                                                                                                     readers.py:547
           DEBUG    Read file theme/css/main.css -> Static                                                                                                                      readers.py:547
           DEBUG    Read file theme/css/pygments.css -> Static                                                                                                                  readers.py:547
           INFO     Writing /home/erick/Desktop/Projects/pythonmarketer.com/output/feeds/all.atom.xml                                                                           writers.py:163
[20:43:42] INFO     Writing /home/erick/Desktop/Projects/pythonmarketer.com/output/feeds/all.rss.xml                                                                            writers.py:163
           INFO     Writing /home/erick/Desktop/Projects/pythonmarketer.com/output/feeds/apis-apps-coding-product-development-programming-software-uncategorized.atom.xml       writers.py:163
           INFO     Writing /home/erick/Desktop/Projects/pythonmarketer.com/output/feeds/apis-apps-coding-product-development-programming-software-uncategorized.rss.xml        writers.py:163
           INFO     Writing /home/erick/Desktop/Projects/pythonmarketer.com/output/feeds/apis-coding-google-programming.atom.xml                                                writers.py:163
           INFO     Writing /home/erick/Desktop/Projects/pythonmarketer.com/output/feeds/apis-coding-google-programming.rss.xml                                                 writers.py:163
           INFO     Writing /home/erick/Desktop/Projects/pythonmarketer.com/output/feeds/apis-coding-http-productivity-programming.atom.xml                                     writers.py:163
           INFO     Writing /home/erick/Desktop/Projects/pythonmarketer.com/output/feeds/apis-coding-http-productivity-programming.rss.xml                                      writers.py:163
           INFO     Writing /home/erick/Desktop/Projects/pythonmarketer.com/output/feeds/apis-coding-pandas-programming-python-rust.atom.xml                                    writers.py:163
           INFO     Writing /home/erick/Desktop/Projects/pythonmarketer.com/output/feeds/apis-coding-pandas-programming-python-rust.rss.xml                                     writers.py:163
           INFO     Writing /home/erick/Desktop/Projects/pythonmarketer.com/output/feeds/apis-odbc-programming-python.atom.xml                                                  writers.py:163
           INFO     Writing /home/erick/Desktop/Projects/pythonmarketer.com/output/feeds/apis-odbc-programming-python.rss.xml                                                   writers.py:163
           INFO     Writing                                                                                                                                                     writers.py:163
                    /home/erick/Desktop/Projects/pythonmarketer.com/output/feeds/apps-coding-command-prompt-data-http-json-productivity-programming-python-software.atom.xml                  
           INFO     Writing                                                                                                                                                     writers.py:163
                    /home/erick/Desktop/Projects/pythonmarketer.com/output/feeds/apps-coding-command-prompt-data-http-json-productivity-programming-python-software.rss.xml                   
           INFO     Writing /home/erick/Desktop/Projects/pythonmarketer.com/output/feeds/apps-internet-life.atom.xml                                                            writers.py:163
           INFO     Writing /home/erick/Desktop/Projects/pythonmarketer.com/output/feeds/apps-internet-life.rss.xml                                                             writers.py:163
           INFO     Writing /home/erick/Desktop/Projects/pythonmarketer.com/output/feeds/apps-internet-productivity.atom.xml                                                    writers.py:163
           INFO     Writing /home/erick/Desktop/Projects/pythonmarketer.com/output/feeds/apps-internet-productivity.rss.xml                                                     writers.py:163
           INFO     Writing /home/erick/Desktop/Projects/pythonmarketer.com/output/feeds/automation-data-databases-excel-odbc-pandas-python-windows.atom.xml                    writers.py:163
           INFO     Writing /home/erick/Desktop/Projects/pythonmarketer.com/output/feeds/automation-data-databases-excel-odbc-pandas-python-windows.rss.xml                     writers.py:163
           INFO     Writing /home/erick/Desktop/Projects/pythonmarketer.com/output/feeds/automation-productivity-programming-python-windows.atom.xml                            writers.py:163
           INFO     Writing /home/erick/Desktop/Projects/pythonmarketer.com/output/feeds/automation-productivity-programming-python-windows.rss.xml                             writers.py:163
           INFO     Writing /home/erick/Desktop/Projects/pythonmarketer.com/output/feeds/blog.atom.xml                                                                          writers.py:163
           INFO     Writing /home/erick/Desktop/Projects/pythonmarketer.com/output/feeds/blog.rss.xml                                                                           writers.py:163
           INFO     Writing /home/erick/Desktop/Projects/pythonmarketer.com/output/feeds/books-productivity-programming.atom.xml                                                writers.py:163
           INFO     Writing /home/erick/Desktop/Projects/pythonmarketer.com/output/feeds/books-productivity-programming.rss.xml                                                 writers.py:163
           INFO     Writing /home/erick/Desktop/Projects/pythonmarketer.com/output/feeds/business-entrepreneurship-marketing-product-development.atom.xml                       writers.py:163
           INFO     Writing /home/erick/Desktop/Projects/pythonmarketer.com/output/feeds/business-entrepreneurship-marketing-product-development.rss.xml                        writers.py:163
           INFO     Writing /home/erick/Desktop/Projects/pythonmarketer.com/output/feeds/business-programming.atom.xml                                                          writers.py:163
           INFO     Writing /home/erick/Desktop/Projects/pythonmarketer.com/output/feeds/business-programming.rss.xml                                                           writers.py:163
           INFO     Writing /home/erick/Desktop/Projects/pythonmarketer.com/output/feeds/chicago-coding-http-json-pandas-programming.atom.xml                                   writers.py:163
           INFO     Writing /home/erick/Desktop/Projects/pythonmarketer.com/output/feeds/chicago-coding-http-json-pandas-programming.rss.xml                                    writers.py:163
           INFO     Writing /home/erick/Desktop/Projects/pythonmarketer.com/output/feeds/coding.atom.xml                                                                        writers.py:163
           INFO     Writing /home/erick/Desktop/Projects/pythonmarketer.com/output/feeds/coding.rss.xml                                                                         writers.py:163
           INFO     Writing /home/erick/Desktop/Projects/pythonmarketer.com/output/feeds/coding-command-prompt-data-analysis-git-programming-software.atom.xml                  writers.py:163
           INFO     Writing /home/erick/Desktop/Projects/pythonmarketer.com/output/feeds/coding-command-prompt-data-analysis-git-programming-software.rss.xml                   writers.py:163
           INFO     Writing /home/erick/Desktop/Projects/pythonmarketer.com/output/feeds/coding-command-prompt-productivity-windows.atom.xml                                    writers.py:163
           INFO     Writing /home/erick/Desktop/Projects/pythonmarketer.com/output/feeds/coding-command-prompt-productivity-windows.rss.xml                                     writers.py:163
           INFO     Writing /home/erick/Desktop/Projects/pythonmarketer.com/output/feeds/coding-computing-pandas-performance-programming.atom.xml                               writers.py:163
           INFO     Writing /home/erick/Desktop/Projects/pythonmarketer.com/output/feeds/coding-computing-pandas-performance-programming.rss.xml                                writers.py:163
           INFO     Writing /home/erick/Desktop/Projects/pythonmarketer.com/output/feeds/coding-data-databases-programming.atom.xml                                             writers.py:163
           INFO     Writing /home/erick/Desktop/Projects/pythonmarketer.com/output/feeds/coding-data-databases-programming.rss.xml                                              writers.py:163
           INFO     Writing /home/erick/Desktop/Projects/pythonmarketer.com/output/feeds/coding-data-product-development-programming-software.atom.xml                          writers.py:163
           INFO     Writing /home/erick/Desktop/Projects/pythonmarketer.com/output/feeds/coding-data-product-development-programming-software.rss.xml                           writers.py:163
           INFO     Writing /home/erick/Desktop/Projects/pythonmarketer.com/output/feeds/coding-education-marketing-programming-python-wisdom.atom.xml                          writers.py:163
           INFO     Writing /home/erick/Desktop/Projects/pythonmarketer.com/output/feeds/coding-education-marketing-programming-python-wisdom.rss.xml                           writers.py:163
           INFO     Writing /home/erick/Desktop/Projects/pythonmarketer.com/output/feeds/coding-javascript-programming.atom.xml                                                 writers.py:163
           INFO     Writing /home/erick/Desktop/Projects/pythonmarketer.com/output/feeds/coding-javascript-programming.rss.xml                                                  writers.py:163
           INFO     Writing /home/erick/Desktop/Projects/pythonmarketer.com/output/feeds/coding-javascript-programming-web-development.atom.xml                                 writers.py:163
           INFO     Writing /home/erick/Desktop/Projects/pythonmarketer.com/output/feeds/coding-javascript-programming-web-development.rss.xml                                  writers.py:163
           INFO     Writing /home/erick/Desktop/Projects/pythonmarketer.com/output/feeds/coding-linux-scripts-software-ubuntu.atom.xml                                          writers.py:163
           INFO     Writing /home/erick/Desktop/Projects/pythonmarketer.com/output/feeds/coding-linux-scripts-software-ubuntu.rss.xml                                           writers.py:163
           INFO     Writing /home/erick/Desktop/Projects/pythonmarketer.com/output/feeds/coding-marketing-pandas-programming-python-work.atom.xml                               writers.py:163
           INFO     Writing /home/erick/Desktop/Projects/pythonmarketer.com/output/feeds/coding-marketing-pandas-programming-python-work.rss.xml                                writers.py:163
           INFO     Writing /home/erick/Desktop/Projects/pythonmarketer.com/output/feeds/coding-pandas-programming.atom.xml                                                     writers.py:163
           INFO     Writing /home/erick/Desktop/Projects/pythonmarketer.com/output/feeds/coding-pandas-programming.rss.xml                                                      writers.py:163
           INFO     Writing /home/erick/Desktop/Projects/pythonmarketer.com/output/feeds/coding-productivity-programming-python-software-testing.atom.xml                       writers.py:163
           INFO     Writing /home/erick/Desktop/Projects/pythonmarketer.com/output/feeds/coding-productivity-programming-python-software-testing.rss.xml                        writers.py:163
           INFO     Writing /home/erick/Desktop/Projects/pythonmarketer.com/output/feeds/coding-programming.atom.xml                                                            writers.py:163
           INFO     Writing /home/erick/Desktop/Projects/pythonmarketer.com/output/feeds/coding-programming.rss.xml                                                             writers.py:163
           INFO     Writing /home/erick/Desktop/Projects/pythonmarketer.com/output/feeds/coding-programming-python.atom.xml                                                     writers.py:163
           INFO     Writing /home/erick/Desktop/Projects/pythonmarketer.com/output/feeds/coding-programming-python.rss.xml                                                      writers.py:163
           INFO     Writing /home/erick/Desktop/Projects/pythonmarketer.com/output/feeds/coding-programming-python-web-development-web2py.atom.xml                              writers.py:163
           INFO     Writing /home/erick/Desktop/Projects/pythonmarketer.com/output/feeds/coding-programming-python-web-development-web2py.rss.xml                               writers.py:163
           INFO     Writing /home/erick/Desktop/Projects/pythonmarketer.com/output/feeds/coding-programming-talks.atom.xml                                                      writers.py:163
           INFO     Writing /home/erick/Desktop/Projects/pythonmarketer.com/output/feeds/coding-programming-talks.rss.xml                                                       writers.py:163
           INFO     Writing /home/erick/Desktop/Projects/pythonmarketer.com/output/feeds/coding-programming-web-development.atom.xml                                            writers.py:163
           INFO     Writing /home/erick/Desktop/Projects/pythonmarketer.com/output/feeds/coding-programming-web-development.rss.xml                                             writers.py:163
           INFO     Writing /home/erick/Desktop/Projects/pythonmarketer.com/output/feeds/coding-programming-work.atom.xml                                                       writers.py:163
           INFO     Writing /home/erick/Desktop/Projects/pythonmarketer.com/output/feeds/coding-programming-work.rss.xml                                                        writers.py:163
           INFO     Writing /home/erick/Desktop/Projects/pythonmarketer.com/output/feeds/coding-python-software.atom.xml                                                        writers.py:163
           INFO     Writing /home/erick/Desktop/Projects/pythonmarketer.com/output/feeds/coding-python-software.rss.xml                                                         writers.py:163
           INFO     Writing /home/erick/Desktop/Projects/pythonmarketer.com/output/feeds/command-prompt-data-python-windows.atom.xml                                            writers.py:163
           INFO     Writing /home/erick/Desktop/Projects/pythonmarketer.com/output/feeds/command-prompt-data-python-windows.rss.xml                                             writers.py:163
           INFO     Writing /home/erick/Desktop/Projects/pythonmarketer.com/output/feeds/data-databases-education-performance.atom.xml                                          writers.py:163
           INFO     Writing /home/erick/Desktop/Projects/pythonmarketer.com/output/feeds/data-databases-education-performance.rss.xml                                           writers.py:163
           INFO     Writing /home/erick/Desktop/Projects/pythonmarketer.com/output/feeds/databases-programming.atom.xml                                                         writers.py:163
           INFO     Writing /home/erick/Desktop/Projects/pythonmarketer.com/output/feeds/databases-programming.rss.xml                                                          writers.py:163
           INFO     Writing /home/erick/Desktop/Projects/pythonmarketer.com/output/feeds/education-productivity-python-writing.atom.xml                                         writers.py:163
           INFO     Writing /home/erick/Desktop/Projects/pythonmarketer.com/output/feeds/education-productivity-python-writing.rss.xml                                          writers.py:163
           INFO     Writing /home/erick/Desktop/Projects/pythonmarketer.com/output/feeds/entertainment-life-space.atom.xml                                                      writers.py:163
           INFO     Writing /home/erick/Desktop/Projects/pythonmarketer.com/output/feeds/entertainment-life-space.rss.xml                                                       writers.py:163
           INFO     Writing /home/erick/Desktop/Projects/pythonmarketer.com/output/feeds/internet-investing-personal-finance-programming-writing.atom.xml                       writers.py:163
           INFO     Writing /home/erick/Desktop/Projects/pythonmarketer.com/output/feeds/internet-investing-personal-finance-programming-writing.rss.xml                        writers.py:163
           INFO     Writing /home/erick/Desktop/Projects/pythonmarketer.com/output/feeds/life.atom.xml                                                                          writers.py:163
           INFO     Writing /home/erick/Desktop/Projects/pythonmarketer.com/output/feeds/life.rss.xml                                                                           writers.py:163
           INFO     Writing /home/erick/Desktop/Projects/pythonmarketer.com/output/feeds/marketing.atom.xml                                                                     writers.py:163
           INFO     Writing /home/erick/Desktop/Projects/pythonmarketer.com/output/feeds/marketing.rss.xml                                                                      writers.py:163
           INFO     Writing /home/erick/Desktop/Projects/pythonmarketer.com/output/feeds/marketing-meta-writing.atom.xml                                                        writers.py:163
           INFO     Writing /home/erick/Desktop/Projects/pythonmarketer.com/output/feeds/marketing-meta-writing.rss.xml                                                         writers.py:163
           INFO     Writing /home/erick/Desktop/Projects/pythonmarketer.com/output/feeds/performance-windows.atom.xml                                                           writers.py:163
           INFO     Writing /home/erick/Desktop/Projects/pythonmarketer.com/output/feeds/performance-windows.rss.xml                                                            writers.py:163
           INFO     Writing /home/erick/Desktop/Projects/pythonmarketer.com/output/feeds/productivity-programming-writing.atom.xml                                              writers.py:163
           INFO     Writing /home/erick/Desktop/Projects/pythonmarketer.com/output/feeds/productivity-programming-writing.rss.xml                                               writers.py:163
           INFO     Writing /home/erick/Desktop/Projects/pythonmarketer.com/output/feeds/productivity-python.atom.xml                                                           writers.py:163
           INFO     Writing /home/erick/Desktop/Projects/pythonmarketer.com/output/feeds/productivity-python.rss.xml                                                            writers.py:163
           INFO     Writing /home/erick/Desktop/Projects/pythonmarketer.com/output/feeds/productivity-work.atom.xml                                                             writers.py:163
           INFO     Writing /home/erick/Desktop/Projects/pythonmarketer.com/output/feeds/productivity-work.rss.xml                                                              writers.py:163
           INFO     Writing /home/erick/Desktop/Projects/pythonmarketer.com/output/feeds/programming-python.atom.xml                                                            writers.py:163
           INFO     Writing /home/erick/Desktop/Projects/pythonmarketer.com/output/feeds/programming-python.rss.xml                                                             writers.py:163
           INFO     Writing /home/erick/Desktop/Projects/pythonmarketer.com/output/feeds/programming-python-web-development-web2py.atom.xml                                     writers.py:163
           INFO     Writing /home/erick/Desktop/Projects/pythonmarketer.com/output/feeds/programming-python-web-development-web2py.rss.xml                                      writers.py:163
           INFO     Writing /home/erick/Desktop/Projects/pythonmarketer.com/output/feeds/free-software.tag.atom.xml                                                             writers.py:163
           INFO     Writing /home/erick/Desktop/Projects/pythonmarketer.com/output/feeds/free-tools-for-developers.tag.atom.xml                                                 writers.py:163
           INFO     Writing /home/erick/Desktop/Projects/pythonmarketer.com/output/feeds/open-source-tools.tag.atom.xml                                                         writers.py:163
           INFO     Writing /home/erick/Desktop/Projects/pythonmarketer.com/output/feeds/opens-source-software.tag.atom.xml                                                     writers.py:163
           INFO     Writing /home/erick/Desktop/Projects/pythonmarketer.com/output/feeds/pocket-app-review.tag.atom.xml                                                         writers.py:163
           INFO     Writing /home/erick/Desktop/Projects/pythonmarketer.com/output/feeds/pocket-reading-app-benefits.tag.atom.xml                                               writers.py:163
           INFO     Writing /home/erick/Desktop/Projects/pythonmarketer.com/output/feeds/reading-articles-online.tag.atom.xml                                                   writers.py:163
           INFO     Writing /home/erick/Desktop/Projects/pythonmarketer.com/output/feeds/building-apps.tag.atom.xml                                                             writers.py:163
           INFO     Writing /home/erick/Desktop/Projects/pythonmarketer.com/output/feeds/making-software.tag.atom.xml                                                           writers.py:163
           INFO     Writing /home/erick/Desktop/Projects/pythonmarketer.com/output/feeds/solving-problems.tag.atom.xml                                                          writers.py:163
           INFO     Writing /home/erick/Desktop/Projects/pythonmarketer.com/output/feeds/advanced-python-modules.tag.atom.xml                                                   writers.py:163
           INFO     Writing /home/erick/Desktop/Projects/pythonmarketer.com/output/feeds/popular-python-packages.tag.atom.xml                                                   writers.py:163
           INFO     Writing /home/erick/Desktop/Projects/pythonmarketer.com/output/feeds/python-libraries-in-2023.tag.atom.xml                                                  writers.py:163
           INFO     Writing /home/erick/Desktop/Projects/pythonmarketer.com/output/feeds/useful-python-libraries.tag.atom.xml                                                   writers.py:163
           INFO     Writing /home/erick/Desktop/Projects/pythonmarketer.com/output/feeds/web-frameworks.tag.atom.xml                                                            writers.py:163
           INFO     Writing /home/erick/Desktop/Projects/pythonmarketer.com/output/feeds/coding.tag.atom.xml                                                                    writers.py:163
           INFO     Writing /home/erick/Desktop/Projects/pythonmarketer.com/output/feeds/blog.tag.atom.xml                                                                      writers.py:163
           INFO     Writing /home/erick/Desktop/Projects/pythonmarketer.com/output/feeds/cloudflare-pages.tag.atom.xml                                                          writers.py:163
           INFO     Writing /home/erick/Desktop/Projects/pythonmarketer.com/output/feeds/pelican.tag.atom.xml                                                                   writers.py:163
           INFO     Writing /home/erick/Desktop/Projects/pythonmarketer.com/output/feeds/python.tag.atom.xml                                                                    writers.py:163
           INFO     Writing /home/erick/Desktop/Projects/pythonmarketer.com/output/feeds/static-site-generator.tag.atom.xml                                                     writers.py:163
           INFO     Writing /home/erick/Desktop/Projects/pythonmarketer.com/output/feeds/data.tag.atom.xml                                                                      writers.py:163
           INFO     Writing /home/erick/Desktop/Projects/pythonmarketer.com/output/feeds/learning.tag.atom.xml                                                                  writers.py:163
           INFO     Writing /home/erick/Desktop/Projects/pythonmarketer.com/output/feeds/problem-solving.tag.atom.xml                                                           writers.py:163
           INFO     Writing /home/erick/Desktop/Projects/pythonmarketer.com/output/feeds/xml.tag.atom.xml                                                                       writers.py:163
           INFO     Writing /home/erick/Desktop/Projects/pythonmarketer.com/output/feeds/software.tag.atom.xml                                                                  writers.py:163
           INFO     Writing /home/erick/Desktop/Projects/pythonmarketer.com/output/feeds/command-line.tag.atom.xml                                                              writers.py:163
           INFO     Writing /home/erick/Desktop/Projects/pythonmarketer.com/output/feeds/file-system.tag.atom.xml                                                               writers.py:163
           INFO     Writing /home/erick/Desktop/Projects/pythonmarketer.com/output/feeds/shortcuts.tag.atom.xml                                                                 writers.py:163
           INFO     Writing /home/erick/Desktop/Projects/pythonmarketer.com/output/feeds/growth.tag.atom.xml                                                                    writers.py:163
           INFO     Writing /home/erick/Desktop/Projects/pythonmarketer.com/output/feeds/delegation.tag.atom.xml                                                                writers.py:163
           INFO     Writing /home/erick/Desktop/Projects/pythonmarketer.com/output/feeds/documentation.tag.atom.xml                                                             writers.py:163
           INFO     Writing /home/erick/Desktop/Projects/pythonmarketer.com/output/feeds/technical-writing.tag.atom.xml                                                         writers.py:163
           INFO     Writing /home/erick/Desktop/Projects/pythonmarketer.com/output/feeds/best-peps-python.tag.atom.xml                                                          writers.py:163
           INFO     Writing /home/erick/Desktop/Projects/pythonmarketer.com/output/feeds/pep-8.tag.atom.xml                                                                     writers.py:163
           INFO     Writing /home/erick/Desktop/Projects/pythonmarketer.com/output/feeds/wsgi.tag.atom.xml                                                                      writers.py:163
           INFO     Writing /home/erick/Desktop/Projects/pythonmarketer.com/output/feeds/flow-state.tag.atom.xml                                                                writers.py:163
           INFO     Writing /home/erick/Desktop/Projects/pythonmarketer.com/output/feeds/skills.tag.atom.xml                                                                    writers.py:163
           INFO     Writing /home/erick/Desktop/Projects/pythonmarketer.com/output/feeds/memory-profiling.tag.atom.xml                                                          writers.py:163
           INFO     Writing /home/erick/Desktop/Projects/pythonmarketer.com/output/feeds/monitoring.tag.atom.xml                                                                writers.py:163
           INFO     Writing /home/erick/Desktop/Projects/pythonmarketer.com/output/feeds/ram.tag.atom.xml                                                                       writers.py:163
           INFO     Writing /home/erick/Desktop/Projects/pythonmarketer.com/output/feeds/windows.tag.atom.xml                                                                   writers.py:163
           INFO     Writing /home/erick/Desktop/Projects/pythonmarketer.com/output/feeds/research.tag.atom.xml                                                                  writers.py:163
           INFO     Writing /home/erick/Desktop/Projects/pythonmarketer.com/output/feeds/tools.tag.atom.xml                                                                     writers.py:163
           INFO     Writing /home/erick/Desktop/Projects/pythonmarketer.com/output/feeds/introspection.tag.atom.xml                                                             writers.py:163
           INFO     Writing /home/erick/Desktop/Projects/pythonmarketer.com/output/feeds/web-browsing.tag.atom.xml                                                              writers.py:163
           INFO     Writing /home/erick/Desktop/Projects/pythonmarketer.com/output/feeds/ad-campaign.tag.atom.xml                                                               writers.py:163
           INFO     Writing /home/erick/Desktop/Projects/pythonmarketer.com/output/feeds/seo.tag.atom.xml                                                                       writers.py:163
           INFO     Writing /home/erick/Desktop/Projects/pythonmarketer.com/output/feeds/black-python.tag.atom.xml                                                              writers.py:163
           INFO     Writing /home/erick/Desktop/Projects/pythonmarketer.com/output/feeds/writing-code.tag.atom.xml                                                              writers.py:163
           INFO     Writing /home/erick/Desktop/Projects/pythonmarketer.com/output/feeds/code.tag.atom.xml                                                                      writers.py:163
           INFO     Writing /home/erick/Desktop/Projects/pythonmarketer.com/output/feeds/coding-practice.tag.atom.xml                                                           writers.py:163
           INFO     Writing /home/erick/Desktop/Projects/pythonmarketer.com/output/feeds/how-to-code.tag.atom.xml                                                               writers.py:163
           INFO     Writing /home/erick/Desktop/Projects/pythonmarketer.com/output/feeds/creating-your-own-blog.tag.atom.xml                                                    writers.py:163
           INFO     Writing /home/erick/Desktop/Projects/pythonmarketer.com/output/feeds/academic-writing.tag.atom.xml                                                          writers.py:163
           INFO     Writing /home/erick/Desktop/Projects/pythonmarketer.com/output/feeds/python-tools-for-writing.tag.atom.xml                                                  writers.py:163
           INFO     Writing /home/erick/Desktop/Projects/pythonmarketer.com/output/feeds/resources-for-writers.tag.atom.xml                                                     writers.py:163
           INFO     Writing /home/erick/Desktop/Projects/pythonmarketer.com/output/feeds/storywriting.tag.atom.xml                                                              writers.py:163
           INFO     Writing /home/erick/Desktop/Projects/pythonmarketer.com/output/feeds/writing-tools.tag.atom.xml                                                             writers.py:163
           INFO     Writing /home/erick/Desktop/Projects/pythonmarketer.com/output/feeds/errors.tag.atom.xml                                                                    writers.py:163
           INFO     Writing /home/erick/Desktop/Projects/pythonmarketer.com/output/feeds/solutions.tag.atom.xml                                                                 writers.py:163
           INFO     Writing /home/erick/Desktop/Projects/pythonmarketer.com/output/feeds/email.tag.atom.xml                                                                     writers.py:163
           INFO     Writing /home/erick/Desktop/Projects/pythonmarketer.com/output/feeds/gmail.tag.atom.xml                                                                     writers.py:163
           INFO     Writing /home/erick/Desktop/Projects/pythonmarketer.com/output/feeds/imap.tag.atom.xml                                                                      writers.py:163
           INFO     Writing /home/erick/Desktop/Projects/pythonmarketer.com/output/feeds/smtp.tag.atom.xml                                                                      writers.py:163
           INFO     Writing /home/erick/Desktop/Projects/pythonmarketer.com/output/feeds/algorithms.tag.atom.xml                                                                writers.py:163
           INFO     Writing /home/erick/Desktop/Projects/pythonmarketer.com/output/feeds/articles.tag.atom.xml                                                                  writers.py:163
           INFO     Writing /home/erick/Desktop/Projects/pythonmarketer.com/output/feeds/computer-science.tag.atom.xml                                                          writers.py:163
           INFO     Writing /home/erick/Desktop/Projects/pythonmarketer.com/output/feeds/wikipedia.tag.atom.xml                                                                 writers.py:163
           INFO     Writing /home/erick/Desktop/Projects/pythonmarketer.com/output/feeds/choices.tag.atom.xml                                                                   writers.py:163
           INFO     Writing /home/erick/Desktop/Projects/pythonmarketer.com/output/feeds/decisions.tag.atom.xml                                                                 writers.py:163
           INFO     Writing /home/erick/Desktop/Projects/pythonmarketer.com/output/feeds/specialization.tag.atom.xml                                                            writers.py:163
           INFO     Writing /home/erick/Desktop/Projects/pythonmarketer.com/output/feeds/trade-offs.tag.atom.xml                                                                writers.py:163
           INFO     Writing /home/erick/Desktop/Projects/pythonmarketer.com/output/feeds/joins.tag.atom.xml                                                                     writers.py:163
           INFO     Writing /home/erick/Desktop/Projects/pythonmarketer.com/output/feeds/study.tag.atom.xml                                                                     writers.py:163
           INFO     Writing /home/erick/Desktop/Projects/pythonmarketer.com/output/feeds/technology.tag.atom.xml                                                                writers.py:163
           INFO     Writing /home/erick/Desktop/Projects/pythonmarketer.com/output/feeds/carnegie-mellon.tag.atom.xml                                                           writers.py:163
           INFO     Writing /home/erick/Desktop/Projects/pythonmarketer.com/output/feeds/database-storage.tag.atom.xml                                                          writers.py:163
           INFO     Writing /home/erick/Desktop/Projects/pythonmarketer.com/output/feeds/lectures-notes.tag.atom.xml                                                            writers.py:163
           INFO     Writing /home/erick/Desktop/Projects/pythonmarketer.com/output/feeds/api.tag.atom.xml                                                                       writers.py:163
           INFO     Writing /home/erick/Desktop/Projects/pythonmarketer.com/output/feeds/requests.tag.atom.xml                                                                  writers.py:163
           INFO     Writing /home/erick/Desktop/Projects/pythonmarketer.com/output/feeds/sandwiches.tag.atom.xml                                                                writers.py:163
           INFO     Writing /home/erick/Desktop/Projects/pythonmarketer.com/output/feeds/web.tag.atom.xml                                                                       writers.py:163
           INFO     Writing /home/erick/Desktop/Projects/pythonmarketer.com/output/feeds/business.tag.atom.xml                                                                  writers.py:163
           INFO     Writing /home/erick/Desktop/Projects/pythonmarketer.com/output/feeds/mistakes.tag.atom.xml                                                                  writers.py:163
           INFO     Writing /home/erick/Desktop/Projects/pythonmarketer.com/output/feeds/random.tag.atom.xml                                                                    writers.py:163
           INFO     Writing /home/erick/Desktop/Projects/pythonmarketer.com/output/feeds/advice.tag.atom.xml                                                                    writers.py:163
           INFO     Writing /home/erick/Desktop/Projects/pythonmarketer.com/output/feeds/writing.tag.atom.xml                                                                   writers.py:163
           INFO     Writing /home/erick/Desktop/Projects/pythonmarketer.com/output/feeds/maintenance.tag.atom.xml                                                               writers.py:163
           INFO     Writing /home/erick/Desktop/Projects/pythonmarketer.com/output/feeds/operating-system.tag.atom.xml                                                          writers.py:163
[20:43:43] INFO     Writing /home/erick/Desktop/Projects/pythonmarketer.com/output/feeds/windows-update.tag.atom.xml                                                            writers.py:163
           INFO     Writing /home/erick/Desktop/Projects/pythonmarketer.com/output/feeds/lost-in-space.tag.atom.xml                                                             writers.py:163
           INFO     Writing /home/erick/Desktop/Projects/pythonmarketer.com/output/feeds/netflix.tag.atom.xml                                                                   writers.py:163
           INFO     Writing /home/erick/Desktop/Projects/pythonmarketer.com/output/feeds/github.tag.atom.xml                                                                    writers.py:163
           INFO     Writing /home/erick/Desktop/Projects/pythonmarketer.com/output/feeds/terminal.tag.atom.xml                                                                  writers.py:163
           INFO     Writing /home/erick/Desktop/Projects/pythonmarketer.com/output/feeds/version-control.tag.atom.xml                                                           writers.py:163
           INFO     Writing /home/erick/Desktop/Projects/pythonmarketer.com/output/feeds/atom.tag.atom.xml                                                                      writers.py:163
           INFO     Writing /home/erick/Desktop/Projects/pythonmarketer.com/output/feeds/emacs.tag.atom.xml                                                                     writers.py:163
           INFO     Writing /home/erick/Desktop/Projects/pythonmarketer.com/output/feeds/sublime.tag.atom.xml                                                                   writers.py:163
           INFO     Writing /home/erick/Desktop/Projects/pythonmarketer.com/output/feeds/text-editors.tag.atom.xml                                                              writers.py:163
           INFO     Writing /home/erick/Desktop/Projects/pythonmarketer.com/output/feeds/vim.tag.atom.xml                                                                       writers.py:163
           INFO     Writing /home/erick/Desktop/Projects/pythonmarketer.com/output/feeds/vs-code.tag.atom.xml                                                                   writers.py:163
           INFO     Writing /home/erick/Desktop/Projects/pythonmarketer.com/output/feeds/pytest.tag.atom.xml                                                                    writers.py:163
           INFO     Writing /home/erick/Desktop/Projects/pythonmarketer.com/output/feeds/software-development.tag.atom.xml                                                      writers.py:163
           INFO     Writing /home/erick/Desktop/Projects/pythonmarketer.com/output/feeds/test-driven-development.tag.atom.xml                                                   writers.py:163
           INFO     Writing /home/erick/Desktop/Projects/pythonmarketer.com/output/feeds/access.tag.atom.xml                                                                    writers.py:163
           INFO     Writing /home/erick/Desktop/Projects/pythonmarketer.com/output/feeds/microsoft.tag.atom.xml                                                                 writers.py:163
           INFO     Writing /home/erick/Desktop/Projects/pythonmarketer.com/output/feeds/productivity.tag.atom.xml                                                              writers.py:163
           INFO     Writing /home/erick/Desktop/Projects/pythonmarketer.com/output/feeds/programming.tag.atom.xml                                                               writers.py:163
           INFO     Writing /home/erick/Desktop/Projects/pythonmarketer.com/output/feeds/organization.tag.atom.xml                                                              writers.py:163
           INFO     Writing /home/erick/Desktop/Projects/pythonmarketer.com/output/feeds/gooey.tag.atom.xml                                                                     writers.py:163
           INFO     Writing /home/erick/Desktop/Projects/pythonmarketer.com/output/feeds/gui.tag.atom.xml                                                                       writers.py:163
           INFO     Writing /home/erick/Desktop/Projects/pythonmarketer.com/output/feeds/regex.tag.atom.xml                                                                     writers.py:163
           INFO     Writing /home/erick/Desktop/Projects/pythonmarketer.com/output/feeds/computers.tag.atom.xml                                                                 writers.py:163
           INFO     Writing /home/erick/Desktop/Projects/pythonmarketer.com/output/feeds/creating-websites.tag.atom.xml                                                         writers.py:163
           INFO     Writing /home/erick/Desktop/Projects/pythonmarketer.com/output/feeds/expressjs.tag.atom.xml                                                                 writers.py:163
           INFO     Writing /home/erick/Desktop/Projects/pythonmarketer.com/output/feeds/mongodb.tag.atom.xml                                                                   writers.py:163
           INFO     Writing /home/erick/Desktop/Projects/pythonmarketer.com/output/feeds/nodejs.tag.atom.xml                                                                    writers.py:163
           INFO     Writing /home/erick/Desktop/Projects/pythonmarketer.com/output/feeds/web-dev.tag.atom.xml                                                                   writers.py:163
           INFO     Writing /home/erick/Desktop/Projects/pythonmarketer.com/output/feeds/website.tag.atom.xml                                                                   writers.py:163
           INFO     Writing /home/erick/Desktop/Projects/pythonmarketer.com/output/feeds/angular.tag.atom.xml                                                                   writers.py:163
           INFO     Writing /home/erick/Desktop/Projects/pythonmarketer.com/output/feeds/javascript-terms.tag.atom.xml                                                          writers.py:163
           INFO     Writing /home/erick/Desktop/Projects/pythonmarketer.com/output/feeds/jquery.tag.atom.xml                                                                    writers.py:163
           INFO     Writing /home/erick/Desktop/Projects/pythonmarketer.com/output/feeds/understanding-javascript.tag.atom.xml                                                  writers.py:163
           INFO     Writing /home/erick/Desktop/Projects/pythonmarketer.com/output/feeds/app-development.tag.atom.xml                                                           writers.py:163
           INFO     Writing /home/erick/Desktop/Projects/pythonmarketer.com/output/feeds/rework.tag.atom.xml                                                                    writers.py:163
           INFO     Writing /home/erick/Desktop/Projects/pythonmarketer.com/output/feeds/seth-godin.tag.atom.xml                                                                writers.py:163
           INFO     Writing /home/erick/Desktop/Projects/pythonmarketer.com/output/feeds/shoe-dog.tag.atom.xml                                                                  writers.py:163
           INFO     Writing /home/erick/Desktop/Projects/pythonmarketer.com/output/feeds/computer-jobs.tag.atom.xml                                                             writers.py:163
           INFO     Writing /home/erick/Desktop/Projects/pythonmarketer.com/output/feeds/web-apps.tag.atom.xml                                                                  writers.py:163
           INFO     Writing /home/erick/Desktop/Projects/pythonmarketer.com/output/feeds/web-development.tag.atom.xml                                                           writers.py:163
           INFO     Writing /home/erick/Desktop/Projects/pythonmarketer.com/output/feeds/django.tag.atom.xml                                                                    writers.py:163
           INFO     Writing /home/erick/Desktop/Projects/pythonmarketer.com/output/feeds/flask.tag.atom.xml                                                                     writers.py:163
           INFO     Writing /home/erick/Desktop/Projects/pythonmarketer.com/output/40-open-source-libraries-and-tools-for-the-modern-developer.html                             writers.py:212
           INFO     Writing /home/erick/Desktop/Projects/pythonmarketer.com/output/app-review-why-you-should-use-pocket-to-save-your-reads.html                                 writers.py:212
           INFO     Writing /home/erick/Desktop/Projects/pythonmarketer.com/output/getting-people-to-use-software-is-hard.html                                                  writers.py:212
           INFO     Writing /home/erick/Desktop/Projects/pythonmarketer.com/output/6-of-the-hottest-python-libraries-in-2023.html                                               writers.py:212
           INFO     Writing /home/erick/Desktop/Projects/pythonmarketer.com/output/30-external-python-libraries-starter-pack.html                                               writers.py:212
           INFO     Writing /home/erick/Desktop/Projects/pythonmarketer.com/output/launching-a-live-static-blog-via-pelican-github-and-cloudflare-pages.html                    writers.py:212
           INFO     Writing /home/erick/Desktop/Projects/pythonmarketer.com/output/the-things-they-dont-tell-you-about-ampersands-and-xml.html                                  writers.py:212
           INFO     Writing /home/erick/Desktop/Projects/pythonmarketer.com/output/hammock-driven-development-talk-notes.html                                                   writers.py:212
           INFO     Writing /home/erick/Desktop/Projects/pythonmarketer.com/output/a-quick-windows-command-line-tab-key-shortcut.html                                           writers.py:212
           INFO     Writing /home/erick/Desktop/Projects/pythonmarketer.com/output/an-ode-to-code.html                                                                          writers.py:212
           INFO     Writing /home/erick/Desktop/Projects/pythonmarketer.com/output/documentation-is-the-gateway-to-delegation.html                                              writers.py:212
           INFO     Writing /home/erick/Desktop/Projects/pythonmarketer.com/output/six-must-read-python-enhancement-proposals.html                                              writers.py:212
           INFO     Writing /home/erick/Desktop/Projects/pythonmarketer.com/output/experiencing-flow-while-coding.html                                                          writers.py:212
           INFO     Writing /home/erick/Desktop/Projects/pythonmarketer.com/output/tools-tips-to-beat-memoryerror-in-your-python-scripts.html                                   writers.py:212
           INFO     Writing /home/erick/Desktop/Projects/pythonmarketer.com/output/in-praise-of-resource-scoping.html                                                           writers.py:212
           INFO     Writing /home/erick/Desktop/Projects/pythonmarketer.com/output/wp-global-styles-pub%2fescutcheon.html                                                       writers.py:212
           INFO     Writing /home/erick/Desktop/Projects/pythonmarketer.com/output/what-is-your-circle-of-the-internet.html                                                     writers.py:212
           INFO     Writing /home/erick/Desktop/Projects/pythonmarketer.com/output/meta-blog-mediocre-september-ad-campaign-results.html                                        writers.py:212
           INFO     Writing /home/erick/Desktop/Projects/pythonmarketer.com/output/ba7f3c48d5786c4f7b552a893fd8df94.html                                                        writers.py:212
           INFO     Writing /home/erick/Desktop/Projects/pythonmarketer.com/output/a-learning-use-case-for-black-python-code-formatter.html                                     writers.py:212
           INFO     Writing /home/erick/Desktop/Projects/pythonmarketer.com/output/write-more-code-write-less-code.html                                                         writers.py:212
           INFO     Writing /home/erick/Desktop/Projects/pythonmarketer.com/output/a-brief-summary-of-promising-python-static-site-generators.html                              writers.py:212
           INFO     Writing /home/erick/Desktop/Projects/pythonmarketer.com/output/python-libraries-tools-resources-for-creative-and-academic-writers.html                      writers.py:212
           INFO     Writing /home/erick/Desktop/Projects/pythonmarketer.com/output/did-you-read-the-whole-error.html                                                            writers.py:212
           INFO     Writing /home/erick/Desktop/Projects/pythonmarketer.com/output/using-gmails-search-operators-to-organize-your-emails-in-bulk.html                           writers.py:212
           INFO     Writing /home/erick/Desktop/Projects/pythonmarketer.com/output/a-computer-science-themed-wikipedia-link-grab-bag.html                                       writers.py:212
           INFO     Writing /home/erick/Desktop/Projects/pythonmarketer.com/output/leveraging-specialization-and-considering-trade-offs-in-decision-making.html                 writers.py:212
           INFO     Writing /home/erick/Desktop/Projects/pythonmarketer.com/output/join-algorithms.html                                                                         writers.py:212
           INFO     Writing /home/erick/Desktop/Projects/pythonmarketer.com/output/bc2cedf98f1081feefb0c80e2d2d4e2c.html                                                        writers.py:212
           INFO     Writing /home/erick/Desktop/Projects/pythonmarketer.com/output/choosing-database-storage-models-and-workloads-that-mesh.html                                writers.py:212
           INFO     Writing /home/erick/Desktop/Projects/pythonmarketer.com/output/how-to-make-json-requests-with-python.html                                                   writers.py:212
           INFO     Writing /home/erick/Desktop/Projects/pythonmarketer.com/output/when-random-isnt-so-random-the-time-i-accidentally-postcard-bombed-some-people.html          writers.py:212
           INFO     Writing /home/erick/Desktop/Projects/pythonmarketer.com/output/reflections-on-5-years-of-solving-problems-with-python.html                                  writers.py:212
           INFO     Writing /home/erick/Desktop/Projects/pythonmarketer.com/output/easy-wins-for-your-windows-computer.html                                                     writers.py:212
           INFO     Writing /home/erick/Desktop/Projects/pythonmarketer.com/output/lessons-learned-from-lost-in-space-on-netflix.html                                           writers.py:212
           INFO     Writing /home/erick/Desktop/Projects/pythonmarketer.com/output/git-the-basics-a-git-version-control-cheat-sheet.html                                        writers.py:212
           INFO     Writing /home/erick/Desktop/Projects/pythonmarketer.com/output/comparing-text-editors-on-ubuntu-atom-emacs-sublime-vim-vs-code.html                         writers.py:212
           INFO     Writing /home/erick/Desktop/Projects/pythonmarketer.com/output/a-collection-of-software-testing-opinions-for-python-and-beyond.html                         writers.py:212
           INFO     Writing /home/erick/Desktop/Projects/pythonmarketer.com/output/inserting-new-records-into-a-microsoft-access-database-with-python.html                      writers.py:212
           INFO     Writing /home/erick/Desktop/Projects/pythonmarketer.com/output/automated-python-with-windows-task-scheduler.html                                            writers.py:212
           INFO     Writing /home/erick/Desktop/Projects/pythonmarketer.com/output/gooey-gui-for-python-scripts.html                                                            writers.py:212
           INFO     Writing /home/erick/Desktop/Projects/pythonmarketer.com/output/findstr-aka-grep-for-windows.html                                                            writers.py:212
           INFO     Writing /home/erick/Desktop/Projects/pythonmarketer.com/output/blog_post-listcool_python_things.html                                                        writers.py:212
           INFO     Writing /home/erick/Desktop/Projects/pythonmarketer.com/output/python-file-handling-basics.html                                                             writers.py:212
           INFO     Writing /home/erick/Desktop/Projects/pythonmarketer.com/output/creating-a-simple-website-and-server-environment-with-node-js-and-express-js.html            writers.py:212
           INFO     Writing /home/erick/Desktop/Projects/pythonmarketer.com/output/oversimplified-javascript-terms.html                                                         writers.py:212
           INFO     Writing /home/erick/Desktop/Projects/pythonmarketer.com/output/how-to-create-things-people-care-about.html                                                  writers.py:212
           INFO     Writing /home/erick/Desktop/Projects/pythonmarketer.com/output/should-i-go-to-programming-school.html                                                       writers.py:212
           INFO     Writing /home/erick/Desktop/Projects/pythonmarketer.com/output/cycles.html                                                                                  writers.py:212
           INFO     Writing /home/erick/Desktop/Projects/pythonmarketer.com/output/useful-links-for-web2py-beginners.html                                                       writers.py:212
           INFO     Writing /home/erick/Desktop/Projects/pythonmarketer.com/output/on-learning-new-things.html                                                                  writers.py:212
           INFO     Writing /home/erick/Desktop/Projects/pythonmarketer.com/output/getting-started-with-web2py.html                                                             writers.py:212
           INFO     Writing /home/erick/Desktop/Projects/pythonmarketer.com/output/choosing-a-web-development-path.html                                                         writers.py:212
           INFO     Writing /home/erick/Desktop/Projects/pythonmarketer.com/output/random-findings.html                                                                         writers.py:212
           INFO     Writing /home/erick/Desktop/Projects/pythonmarketer.com/output/starting-to-almost-kinda-think-about-creating-a-web-app.html                                 writers.py:212
           INFO     Writing /home/erick/Desktop/Projects/pythonmarketer.com/output/tkinter-and-python-libraries.html                                                            writers.py:212
           INFO     Writing /home/erick/Desktop/Projects/pythonmarketer.com/output/start-before-you-are-ready.html                                                              writers.py:212
           INFO     Writing /home/erick/Desktop/Projects/pythonmarketer.com/output/15-marketing-observations.html                                                               writers.py:212
           INFO     Writing /home/erick/Desktop/Projects/pythonmarketer.com/output/dotd-python-koans.html                                                                       writers.py:212
           INFO     Writing /home/erick/Desktop/Projects/pythonmarketer.com/output/marketer-slash-programmer.html                                                               writers.py:212
           INFO     Writing /home/erick/Desktop/Projects/pythonmarketer.com/output/contact.html                                                                                 writers.py:212
           INFO     Writing /home/erick/Desktop/Projects/pythonmarketer.com/output/index.html                                                                                   writers.py:212
           INFO     Writing /home/erick/Desktop/Projects/pythonmarketer.com/output/index2.html                                                                                  writers.py:212
           INFO     Writing /home/erick/Desktop/Projects/pythonmarketer.com/output/index3.html                                                                                  writers.py:212
           INFO     Writing /home/erick/Desktop/Projects/pythonmarketer.com/output/index4.html                                                                                  writers.py:212
           INFO     Writing /home/erick/Desktop/Projects/pythonmarketer.com/output/index5.html                                                                                  writers.py:212
           INFO     Writing /home/erick/Desktop/Projects/pythonmarketer.com/output/index6.html                                                                                  writers.py:212
           INFO     Writing /home/erick/Desktop/Projects/pythonmarketer.com/output/index7.html                                                                                  writers.py:212
           INFO     Writing /home/erick/Desktop/Projects/pythonmarketer.com/output/tags.html                                                                                    writers.py:212
[20:43:44] INFO     Writing /home/erick/Desktop/Projects/pythonmarketer.com/output/categories.html                                                                              writers.py:212
           INFO     Writing /home/erick/Desktop/Projects/pythonmarketer.com/output/authors.html                                                                                 writers.py:212
           INFO     Writing /home/erick/Desktop/Projects/pythonmarketer.com/output/archives.html                                                                                writers.py:212
           INFO     Writing /home/erick/Desktop/Projects/pythonmarketer.com/output/tag/free-software.html                                                                       writers.py:212
           INFO     Writing /home/erick/Desktop/Projects/pythonmarketer.com/output/tag/free-tools-for-developers.html                                                           writers.py:212
           INFO     Writing /home/erick/Desktop/Projects/pythonmarketer.com/output/tag/open-source-tools.html                                                                   writers.py:212
           INFO     Writing /home/erick/Desktop/Projects/pythonmarketer.com/output/tag/opens-source-software.html                                                               writers.py:212
           INFO     Writing /home/erick/Desktop/Projects/pythonmarketer.com/output/tag/pocket-app-review.html                                                                   writers.py:212
           INFO     Writing /home/erick/Desktop/Projects/pythonmarketer.com/output/tag/pocket-reading-app-benefits.html                                                         writers.py:212
           INFO     Writing /home/erick/Desktop/Projects/pythonmarketer.com/output/tag/reading-articles-online.html                                                             writers.py:212
           INFO     Writing /home/erick/Desktop/Projects/pythonmarketer.com/output/tag/building-apps.html                                                                       writers.py:212
           INFO     Writing /home/erick/Desktop/Projects/pythonmarketer.com/output/tag/making-software.html                                                                     writers.py:212
           INFO     Writing /home/erick/Desktop/Projects/pythonmarketer.com/output/tag/solving-problems.html                                                                    writers.py:212
           INFO     Writing /home/erick/Desktop/Projects/pythonmarketer.com/output/tag/advanced-python-modules.html                                                             writers.py:212
           INFO     Writing /home/erick/Desktop/Projects/pythonmarketer.com/output/tag/popular-python-packages.html                                                             writers.py:212
           INFO     Writing /home/erick/Desktop/Projects/pythonmarketer.com/output/tag/python-libraries-in-2023.html                                                            writers.py:212
           INFO     Writing /home/erick/Desktop/Projects/pythonmarketer.com/output/tag/useful-python-libraries.html                                                             writers.py:212
           INFO     Writing /home/erick/Desktop/Projects/pythonmarketer.com/output/tag/web-frameworks.html                                                                      writers.py:212
           INFO     Writing /home/erick/Desktop/Projects/pythonmarketer.com/output/tag/coding.html                                                                              writers.py:212
           INFO     Writing /home/erick/Desktop/Projects/pythonmarketer.com/output/tag/blog.html                                                                                writers.py:212
           INFO     Writing /home/erick/Desktop/Projects/pythonmarketer.com/output/tag/cloudflare-pages.html                                                                    writers.py:212
           INFO     Writing /home/erick/Desktop/Projects/pythonmarketer.com/output/tag/pelican.html                                                                             writers.py:212
           INFO     Writing /home/erick/Desktop/Projects/pythonmarketer.com/output/tag/python.html                                                                              writers.py:212
           INFO     Writing /home/erick/Desktop/Projects/pythonmarketer.com/output/tag/python2.html                                                                             writers.py:212
           INFO     Writing /home/erick/Desktop/Projects/pythonmarketer.com/output/tag/static-site-generator.html                                                               writers.py:212
           INFO     Writing /home/erick/Desktop/Projects/pythonmarketer.com/output/tag/data.html                                                                                writers.py:212
           INFO     Writing /home/erick/Desktop/Projects/pythonmarketer.com/output/tag/learning.html                                                                            writers.py:212
           INFO     Writing /home/erick/Desktop/Projects/pythonmarketer.com/output/tag/problem-solving.html                                                                     writers.py:212
           INFO     Writing /home/erick/Desktop/Projects/pythonmarketer.com/output/tag/xml.html                                                                                 writers.py:212
           INFO     Writing /home/erick/Desktop/Projects/pythonmarketer.com/output/tag/software.html                                                                            writers.py:212
           INFO     Writing /home/erick/Desktop/Projects/pythonmarketer.com/output/tag/command-line.html                                                                        writers.py:212
           INFO     Writing /home/erick/Desktop/Projects/pythonmarketer.com/output/tag/file-system.html                                                                         writers.py:212
           INFO     Writing /home/erick/Desktop/Projects/pythonmarketer.com/output/tag/shortcuts.html                                                                           writers.py:212
           INFO     Writing /home/erick/Desktop/Projects/pythonmarketer.com/output/tag/growth.html                                                                              writers.py:212
           INFO     Writing /home/erick/Desktop/Projects/pythonmarketer.com/output/tag/delegation.html                                                                          writers.py:212
           INFO     Writing /home/erick/Desktop/Projects/pythonmarketer.com/output/tag/documentation.html                                                                       writers.py:212
           INFO     Writing /home/erick/Desktop/Projects/pythonmarketer.com/output/tag/technical-writing.html                                                                   writers.py:212
           INFO     Writing /home/erick/Desktop/Projects/pythonmarketer.com/output/tag/best-peps-python.html                                                                    writers.py:212
           INFO     Writing /home/erick/Desktop/Projects/pythonmarketer.com/output/tag/pep-8.html                                                                               writers.py:212
           INFO     Writing /home/erick/Desktop/Projects/pythonmarketer.com/output/tag/wsgi.html                                                                                writers.py:212
           INFO     Writing /home/erick/Desktop/Projects/pythonmarketer.com/output/tag/flow-state.html                                                                          writers.py:212
           INFO     Writing /home/erick/Desktop/Projects/pythonmarketer.com/output/tag/skills.html                                                                              writers.py:212
           INFO     Writing /home/erick/Desktop/Projects/pythonmarketer.com/output/tag/memory-profiling.html                                                                    writers.py:212
           INFO     Writing /home/erick/Desktop/Projects/pythonmarketer.com/output/tag/monitoring.html                                                                          writers.py:212
           INFO     Writing /home/erick/Desktop/Projects/pythonmarketer.com/output/tag/ram.html                                                                                 writers.py:212
           INFO     Writing /home/erick/Desktop/Projects/pythonmarketer.com/output/tag/windows.html                                                                             writers.py:212
           INFO     Writing /home/erick/Desktop/Projects/pythonmarketer.com/output/tag/research.html                                                                            writers.py:212
           INFO     Writing /home/erick/Desktop/Projects/pythonmarketer.com/output/tag/tools.html                                                                               writers.py:212
           INFO     Writing /home/erick/Desktop/Projects/pythonmarketer.com/output/tag/introspection.html                                                                       writers.py:212
           INFO     Writing /home/erick/Desktop/Projects/pythonmarketer.com/output/tag/web-browsing.html                                                                        writers.py:212
           INFO     Writing /home/erick/Desktop/Projects/pythonmarketer.com/output/tag/ad-campaign.html                                                                         writers.py:212
           INFO     Writing /home/erick/Desktop/Projects/pythonmarketer.com/output/tag/seo.html                                                                                 writers.py:212
           INFO     Writing /home/erick/Desktop/Projects/pythonmarketer.com/output/tag/black-python.html                                                                        writers.py:212
           INFO     Writing /home/erick/Desktop/Projects/pythonmarketer.com/output/tag/writing-code.html                                                                        writers.py:212
           INFO     Writing /home/erick/Desktop/Projects/pythonmarketer.com/output/tag/code.html                                                                                writers.py:212
           INFO     Writing /home/erick/Desktop/Projects/pythonmarketer.com/output/tag/coding-practice.html                                                                     writers.py:212
           INFO     Writing /home/erick/Desktop/Projects/pythonmarketer.com/output/tag/how-to-code.html                                                                         writers.py:212
           INFO     Writing /home/erick/Desktop/Projects/pythonmarketer.com/output/tag/creating-your-own-blog.html                                                              writers.py:212
           INFO     Writing /home/erick/Desktop/Projects/pythonmarketer.com/output/tag/academic-writing.html                                                                    writers.py:212
           INFO     Writing /home/erick/Desktop/Projects/pythonmarketer.com/output/tag/python-tools-for-writing.html                                                            writers.py:212
           INFO     Writing /home/erick/Desktop/Projects/pythonmarketer.com/output/tag/resources-for-writers.html                                                               writers.py:212
           INFO     Writing /home/erick/Desktop/Projects/pythonmarketer.com/output/tag/storywriting.html                                                                        writers.py:212
           INFO     Writing /home/erick/Desktop/Projects/pythonmarketer.com/output/tag/writing-tools.html                                                                       writers.py:212
           INFO     Writing /home/erick/Desktop/Projects/pythonmarketer.com/output/tag/errors.html                                                                              writers.py:212
           INFO     Writing /home/erick/Desktop/Projects/pythonmarketer.com/output/tag/solutions.html                                                                           writers.py:212
           INFO     Writing /home/erick/Desktop/Projects/pythonmarketer.com/output/tag/email.html                                                                               writers.py:212
           INFO     Writing /home/erick/Desktop/Projects/pythonmarketer.com/output/tag/gmail.html                                                                               writers.py:212
           INFO     Writing /home/erick/Desktop/Projects/pythonmarketer.com/output/tag/imap.html                                                                                writers.py:212
           INFO     Writing /home/erick/Desktop/Projects/pythonmarketer.com/output/tag/smtp.html                                                                                writers.py:212
           INFO     Writing /home/erick/Desktop/Projects/pythonmarketer.com/output/tag/algorithms.html                                                                          writers.py:212
           INFO     Writing /home/erick/Desktop/Projects/pythonmarketer.com/output/tag/articles.html                                                                            writers.py:212
           INFO     Writing /home/erick/Desktop/Projects/pythonmarketer.com/output/tag/computer-science.html                                                                    writers.py:212
           INFO     Writing /home/erick/Desktop/Projects/pythonmarketer.com/output/tag/wikipedia.html                                                                           writers.py:212
           INFO     Writing /home/erick/Desktop/Projects/pythonmarketer.com/output/tag/choices.html                                                                             writers.py:212
           INFO     Writing /home/erick/Desktop/Projects/pythonmarketer.com/output/tag/decisions.html                                                                           writers.py:212
           INFO     Writing /home/erick/Desktop/Projects/pythonmarketer.com/output/tag/specialization.html                                                                      writers.py:212
           INFO     Writing /home/erick/Desktop/Projects/pythonmarketer.com/output/tag/trade-offs.html                                                                          writers.py:212
           INFO     Writing /home/erick/Desktop/Projects/pythonmarketer.com/output/tag/joins.html                                                                               writers.py:212
           INFO     Writing /home/erick/Desktop/Projects/pythonmarketer.com/output/tag/study.html                                                                               writers.py:212
           INFO     Writing /home/erick/Desktop/Projects/pythonmarketer.com/output/tag/technology.html                                                                          writers.py:212
           INFO     Writing /home/erick/Desktop/Projects/pythonmarketer.com/output/tag/carnegie-mellon.html                                                                     writers.py:212
           INFO     Writing /home/erick/Desktop/Projects/pythonmarketer.com/output/tag/database-storage.html                                                                    writers.py:212
           INFO     Writing /home/erick/Desktop/Projects/pythonmarketer.com/output/tag/lectures-notes.html                                                                      writers.py:212
           INFO     Writing /home/erick/Desktop/Projects/pythonmarketer.com/output/tag/api.html                                                                                 writers.py:212
           INFO     Writing /home/erick/Desktop/Projects/pythonmarketer.com/output/tag/requests.html                                                                            writers.py:212
           INFO     Writing /home/erick/Desktop/Projects/pythonmarketer.com/output/tag/sandwiches.html                                                                          writers.py:212
           INFO     Writing /home/erick/Desktop/Projects/pythonmarketer.com/output/tag/web.html                                                                                 writers.py:212
           INFO     Writing /home/erick/Desktop/Projects/pythonmarketer.com/output/tag/business.html                                                                            writers.py:212
           INFO     Writing /home/erick/Desktop/Projects/pythonmarketer.com/output/tag/mistakes.html                                                                            writers.py:212
           INFO     Writing /home/erick/Desktop/Projects/pythonmarketer.com/output/tag/random.html                                                                              writers.py:212
           INFO     Writing /home/erick/Desktop/Projects/pythonmarketer.com/output/tag/advice.html                                                                              writers.py:212
           INFO     Writing /home/erick/Desktop/Projects/pythonmarketer.com/output/tag/writing.html                                                                             writers.py:212
           INFO     Writing /home/erick/Desktop/Projects/pythonmarketer.com/output/tag/maintenance.html                                                                         writers.py:212
           INFO     Writing /home/erick/Desktop/Projects/pythonmarketer.com/output/tag/operating-system.html                                                                    writers.py:212
           INFO     Writing /home/erick/Desktop/Projects/pythonmarketer.com/output/tag/windows-update.html                                                                      writers.py:212
           INFO     Writing /home/erick/Desktop/Projects/pythonmarketer.com/output/tag/lost-in-space.html                                                                       writers.py:212
           INFO     Writing /home/erick/Desktop/Projects/pythonmarketer.com/output/tag/netflix.html                                                                             writers.py:212
           INFO     Writing /home/erick/Desktop/Projects/pythonmarketer.com/output/tag/github.html                                                                              writers.py:212
           INFO     Writing /home/erick/Desktop/Projects/pythonmarketer.com/output/tag/terminal.html                                                                            writers.py:212
           INFO     Writing /home/erick/Desktop/Projects/pythonmarketer.com/output/tag/version-control.html                                                                     writers.py:212
           INFO     Writing /home/erick/Desktop/Projects/pythonmarketer.com/output/tag/atom.html                                                                                writers.py:212
           INFO     Writing /home/erick/Desktop/Projects/pythonmarketer.com/output/tag/emacs.html                                                                               writers.py:212
           INFO     Writing /home/erick/Desktop/Projects/pythonmarketer.com/output/tag/sublime.html                                                                             writers.py:212
           INFO     Writing /home/erick/Desktop/Projects/pythonmarketer.com/output/tag/text-editors.html                                                                        writers.py:212
           INFO     Writing /home/erick/Desktop/Projects/pythonmarketer.com/output/tag/vim.html                                                                                 writers.py:212
           INFO     Writing /home/erick/Desktop/Projects/pythonmarketer.com/output/tag/vs-code.html                                                                             writers.py:212
           INFO     Writing /home/erick/Desktop/Projects/pythonmarketer.com/output/tag/pytest.html                                                                              writers.py:212
           INFO     Writing /home/erick/Desktop/Projects/pythonmarketer.com/output/tag/software-development.html                                                                writers.py:212
           INFO     Writing /home/erick/Desktop/Projects/pythonmarketer.com/output/tag/test-driven-development.html                                                             writers.py:212
           INFO     Writing /home/erick/Desktop/Projects/pythonmarketer.com/output/tag/access.html                                                                              writers.py:212
           INFO     Writing /home/erick/Desktop/Projects/pythonmarketer.com/output/tag/microsoft.html                                                                           writers.py:212
           INFO     Writing /home/erick/Desktop/Projects/pythonmarketer.com/output/tag/productivity.html                                                                        writers.py:212
           INFO     Writing /home/erick/Desktop/Projects/pythonmarketer.com/output/tag/programming.html                                                                         writers.py:212
           INFO     Writing /home/erick/Desktop/Projects/pythonmarketer.com/output/tag/organization.html                                                                        writers.py:212
           INFO     Writing /home/erick/Desktop/Projects/pythonmarketer.com/output/tag/gooey.html                                                                               writers.py:212
           INFO     Writing /home/erick/Desktop/Projects/pythonmarketer.com/output/tag/gui.html                                                                                 writers.py:212
[20:43:45] INFO     Writing /home/erick/Desktop/Projects/pythonmarketer.com/output/tag/regex.html                                                                               writers.py:212
           INFO     Writing /home/erick/Desktop/Projects/pythonmarketer.com/output/tag/computers.html                                                                           writers.py:212
           INFO     Writing /home/erick/Desktop/Projects/pythonmarketer.com/output/tag/creating-websites.html                                                                   writers.py:212
           INFO     Writing /home/erick/Desktop/Projects/pythonmarketer.com/output/tag/expressjs.html                                                                           writers.py:212
           INFO     Writing /home/erick/Desktop/Projects/pythonmarketer.com/output/tag/mongodb.html                                                                             writers.py:212
           INFO     Writing /home/erick/Desktop/Projects/pythonmarketer.com/output/tag/nodejs.html                                                                              writers.py:212
           INFO     Writing /home/erick/Desktop/Projects/pythonmarketer.com/output/tag/web-dev.html                                                                             writers.py:212
           INFO     Writing /home/erick/Desktop/Projects/pythonmarketer.com/output/tag/website.html                                                                             writers.py:212
           INFO     Writing /home/erick/Desktop/Projects/pythonmarketer.com/output/tag/angular.html                                                                             writers.py:212
           INFO     Writing /home/erick/Desktop/Projects/pythonmarketer.com/output/tag/javascript-terms.html                                                                    writers.py:212
           INFO     Writing /home/erick/Desktop/Projects/pythonmarketer.com/output/tag/jquery.html                                                                              writers.py:212
           INFO     Writing /home/erick/Desktop/Projects/pythonmarketer.com/output/tag/understanding-javascript.html                                                            writers.py:212
           INFO     Writing /home/erick/Desktop/Projects/pythonmarketer.com/output/tag/app-development.html                                                                     writers.py:212
           INFO     Writing /home/erick/Desktop/Projects/pythonmarketer.com/output/tag/rework.html                                                                              writers.py:212
           INFO     Writing /home/erick/Desktop/Projects/pythonmarketer.com/output/tag/seth-godin.html                                                                          writers.py:212
           INFO     Writing /home/erick/Desktop/Projects/pythonmarketer.com/output/tag/shoe-dog.html                                                                            writers.py:212
           INFO     Writing /home/erick/Desktop/Projects/pythonmarketer.com/output/tag/computer-jobs.html                                                                       writers.py:212
           INFO     Writing /home/erick/Desktop/Projects/pythonmarketer.com/output/tag/web-apps.html                                                                            writers.py:212
           INFO     Writing /home/erick/Desktop/Projects/pythonmarketer.com/output/tag/web-development.html                                                                     writers.py:212
           INFO     Writing /home/erick/Desktop/Projects/pythonmarketer.com/output/tag/django.html                                                                              writers.py:212
           INFO     Writing /home/erick/Desktop/Projects/pythonmarketer.com/output/tag/flask.html                                                                               writers.py:212
           INFO     Writing /home/erick/Desktop/Projects/pythonmarketer.com/output/category/apis-apps-coding-product-development-programming-software-uncategorized.html        writers.py:212
           INFO     Writing /home/erick/Desktop/Projects/pythonmarketer.com/output/category/apis-coding-google-programming.html                                                 writers.py:212
           INFO     Writing /home/erick/Desktop/Projects/pythonmarketer.com/output/category/apis-coding-http-productivity-programming.html                                      writers.py:212
           INFO     Writing /home/erick/Desktop/Projects/pythonmarketer.com/output/category/apis-coding-pandas-programming-python-rust.html                                     writers.py:212
           INFO     Writing /home/erick/Desktop/Projects/pythonmarketer.com/output/category/apis-odbc-programming-python.html                                                   writers.py:212
           INFO     Writing                                                                                                                                                     writers.py:212
                    /home/erick/Desktop/Projects/pythonmarketer.com/output/category/apps-coding-command-prompt-data-http-json-productivity-programming-python-software.html                   
           INFO     Writing /home/erick/Desktop/Projects/pythonmarketer.com/output/category/apps-internet-life.html                                                             writers.py:212
           INFO     Writing /home/erick/Desktop/Projects/pythonmarketer.com/output/category/apps-internet-productivity.html                                                     writers.py:212
           INFO     Writing /home/erick/Desktop/Projects/pythonmarketer.com/output/category/automation-data-databases-excel-odbc-pandas-python-windows.html                     writers.py:212
           INFO     Writing /home/erick/Desktop/Projects/pythonmarketer.com/output/category/automation-productivity-programming-python-windows.html                             writers.py:212
           INFO     Writing /home/erick/Desktop/Projects/pythonmarketer.com/output/category/blog.html                                                                           writers.py:212
           INFO     Writing /home/erick/Desktop/Projects/pythonmarketer.com/output/category/books-productivity-programming.html                                                 writers.py:212
           INFO     Writing /home/erick/Desktop/Projects/pythonmarketer.com/output/category/business-entrepreneurship-marketing-product-development.html                        writers.py:212
           INFO     Writing /home/erick/Desktop/Projects/pythonmarketer.com/output/category/business-programming.html                                                           writers.py:212
           INFO     Writing /home/erick/Desktop/Projects/pythonmarketer.com/output/category/chicago-coding-http-json-pandas-programming.html                                    writers.py:212
           INFO     Writing /home/erick/Desktop/Projects/pythonmarketer.com/output/category/coding.html                                                                         writers.py:212
           INFO     Writing /home/erick/Desktop/Projects/pythonmarketer.com/output/category/coding-command-prompt-data-analysis-git-programming-software.html                   writers.py:212
           INFO     Writing /home/erick/Desktop/Projects/pythonmarketer.com/output/category/coding-command-prompt-productivity-windows.html                                     writers.py:212
           INFO     Writing /home/erick/Desktop/Projects/pythonmarketer.com/output/category/coding-computing-pandas-performance-programming.html                                writers.py:212
           INFO     Writing /home/erick/Desktop/Projects/pythonmarketer.com/output/category/coding-data-databases-programming.html                                              writers.py:212
           INFO     Writing /home/erick/Desktop/Projects/pythonmarketer.com/output/category/coding-data-product-development-programming-software.html                           writers.py:212
           INFO     Writing /home/erick/Desktop/Projects/pythonmarketer.com/output/category/coding-education-marketing-programming-python-wisdom.html                           writers.py:212
           INFO     Writing /home/erick/Desktop/Projects/pythonmarketer.com/output/category/coding-javascript-programming.html                                                  writers.py:212
           INFO     Writing /home/erick/Desktop/Projects/pythonmarketer.com/output/category/coding-javascript-programming-web-development.html                                  writers.py:212
           INFO     Writing /home/erick/Desktop/Projects/pythonmarketer.com/output/category/coding-linux-scripts-software-ubuntu.html                                           writers.py:212
           INFO     Writing /home/erick/Desktop/Projects/pythonmarketer.com/output/category/coding-marketing-pandas-programming-python-work.html                                writers.py:212
           INFO     Writing /home/erick/Desktop/Projects/pythonmarketer.com/output/category/coding-pandas-programming.html                                                      writers.py:212
           INFO     Writing /home/erick/Desktop/Projects/pythonmarketer.com/output/category/coding-productivity-programming-python-software-testing.html                        writers.py:212
           INFO     Writing /home/erick/Desktop/Projects/pythonmarketer.com/output/category/coding-programming.html                                                             writers.py:212
           INFO     Writing /home/erick/Desktop/Projects/pythonmarketer.com/output/category/coding-programming-python.html                                                      writers.py:212
           INFO     Writing /home/erick/Desktop/Projects/pythonmarketer.com/output/category/coding-programming-python-web-development-web2py.html                               writers.py:212
           INFO     Writing /home/erick/Desktop/Projects/pythonmarketer.com/output/category/coding-programming-talks.html                                                       writers.py:212
           INFO     Writing /home/erick/Desktop/Projects/pythonmarketer.com/output/category/coding-programming-web-development.html                                             writers.py:212
           INFO     Writing /home/erick/Desktop/Projects/pythonmarketer.com/output/category/coding-programming-work.html                                                        writers.py:212
           INFO     Writing /home/erick/Desktop/Projects/pythonmarketer.com/output/category/coding-python-software.html                                                         writers.py:212
           INFO     Writing /home/erick/Desktop/Projects/pythonmarketer.com/output/category/command-prompt-data-python-windows.html                                             writers.py:212
           INFO     Writing /home/erick/Desktop/Projects/pythonmarketer.com/output/category/data-databases-education-performance.html                                           writers.py:212
           INFO     Writing /home/erick/Desktop/Projects/pythonmarketer.com/output/category/databases-programming.html                                                          writers.py:212
           INFO     Writing /home/erick/Desktop/Projects/pythonmarketer.com/output/category/education-productivity-python-writing.html                                          writers.py:212
           INFO     Writing /home/erick/Desktop/Projects/pythonmarketer.com/output/category/entertainment-life-space.html                                                       writers.py:212
           INFO     Writing /home/erick/Desktop/Projects/pythonmarketer.com/output/category/internet-investing-personal-finance-programming-writing.html                        writers.py:212
           INFO     Writing /home/erick/Desktop/Projects/pythonmarketer.com/output/category/life.html                                                                           writers.py:212
           INFO     Writing /home/erick/Desktop/Projects/pythonmarketer.com/output/category/marketing.html                                                                      writers.py:212
           INFO     Writing /home/erick/Desktop/Projects/pythonmarketer.com/output/category/marketing-meta-writing.html                                                         writers.py:212
           INFO     Writing /home/erick/Desktop/Projects/pythonmarketer.com/output/category/performance-windows.html                                                            writers.py:212
           INFO     Writing /home/erick/Desktop/Projects/pythonmarketer.com/output/category/productivity-programming-writing.html                                               writers.py:212
           INFO     Writing /home/erick/Desktop/Projects/pythonmarketer.com/output/category/productivity-python.html                                                            writers.py:212
           INFO     Writing /home/erick/Desktop/Projects/pythonmarketer.com/output/category/productivity-work.html                                                              writers.py:212
           INFO     Writing /home/erick/Desktop/Projects/pythonmarketer.com/output/category/programming-python.html                                                             writers.py:212
           INFO     Writing /home/erick/Desktop/Projects/pythonmarketer.com/output/category/programming-python-web-development-web2py.html                                      writers.py:212
           INFO     Writing /home/erick/Desktop/Projects/pythonmarketer.com/output/author/erickbytes.html                                                                       writers.py:212
           INFO     Writing /home/erick/Desktop/Projects/pythonmarketer.com/output/author/pythonmarketer.html                                                                   writers.py:212
           INFO     Writing /home/erick/Desktop/Projects/pythonmarketer.com/output/author/pythonmarketer2.html                                                                  writers.py:212
           INFO     Writing /home/erick/Desktop/Projects/pythonmarketer.com/output/author/pythonmarketer3.html                                                                  writers.py:212
           INFO     Writing /home/erick/Desktop/Projects/pythonmarketer.com/output/author/pythonmarketer4.html                                                                  writers.py:212
           INFO     Writing /home/erick/Desktop/Projects/pythonmarketer.com/output/author/pythonmarketer5.html                                                                  writers.py:212
           INFO     Writing /home/erick/Desktop/Projects/pythonmarketer.com/output/author/pythonmarketer6.html                                                                  writers.py:212
           INFO     Writing /home/erick/Desktop/Projects/pythonmarketer.com/output/drafts/7558.html                                                                             writers.py:212
           INFO     Writing /home/erick/Desktop/Projects/pythonmarketer.com/output/drafts/7439.html                                                                             writers.py:212
           INFO     Writing /home/erick/Desktop/Projects/pythonmarketer.com/output/drafts/7187.html                                                                             writers.py:212
           INFO     Writing /home/erick/Desktop/Projects/pythonmarketer.com/output/drafts/6966.html                                                                             writers.py:212
           INFO     Writing /home/erick/Desktop/Projects/pythonmarketer.com/output/drafts/6937.html                                                                             writers.py:212
           INFO     Writing /home/erick/Desktop/Projects/pythonmarketer.com/output/drafts/6353.html                                                                             writers.py:212
           INFO     Writing /home/erick/Desktop/Projects/pythonmarketer.com/output/drafts/6288.html                                                                             writers.py:212
           INFO     Writing /home/erick/Desktop/Projects/pythonmarketer.com/output/drafts/5921.html                                                                             writers.py:212
           INFO     Writing /home/erick/Desktop/Projects/pythonmarketer.com/output/drafts/5687.html                                                                             writers.py:212
           INFO     Writing /home/erick/Desktop/Projects/pythonmarketer.com/output/drafts/5667.html                                                                             writers.py:212
           INFO     Writing /home/erick/Desktop/Projects/pythonmarketer.com/output/drafts/5650.html                                                                             writers.py:212
           INFO     Writing /home/erick/Desktop/Projects/pythonmarketer.com/output/drafts/5497.html                                                                             writers.py:212
           INFO     Writing /home/erick/Desktop/Projects/pythonmarketer.com/output/drafts/5356.html                                                                             writers.py:212
           INFO     Writing /home/erick/Desktop/Projects/pythonmarketer.com/output/drafts/5346.html                                                                             writers.py:212
           INFO     Writing /home/erick/Desktop/Projects/pythonmarketer.com/output/drafts/5014.html                                                                             writers.py:212
           INFO     Writing /home/erick/Desktop/Projects/pythonmarketer.com/output/drafts/4950.html                                                                             writers.py:212
           INFO     Writing /home/erick/Desktop/Projects/pythonmarketer.com/output/drafts/4408.html                                                                             writers.py:212
           INFO     Writing /home/erick/Desktop/Projects/pythonmarketer.com/output/drafts/4029.html                                                                             writers.py:212
           INFO     Writing /home/erick/Desktop/Projects/pythonmarketer.com/output/drafts/1451.html                                                                             writers.py:212
           INFO     Writing /home/erick/Desktop/Projects/pythonmarketer.com/output/drafts/3763.html                                                                             writers.py:212
           INFO     Writing /home/erick/Desktop/Projects/pythonmarketer.com/output/drafts/3519.html                                                                             writers.py:212
           INFO     Writing /home/erick/Desktop/Projects/pythonmarketer.com/output/drafts/3249.html                                                                             writers.py:212
           INFO     Writing /home/erick/Desktop/Projects/pythonmarketer.com/output/drafts/2918.html                                                                             writers.py:212
           INFO     Writing /home/erick/Desktop/Projects/pythonmarketer.com/output/drafts/2657.html                                                                             writers.py:212
           INFO     Writing /home/erick/Desktop/Projects/pythonmarketer.com/output/drafts/1928.html                                                                             writers.py:212
           INFO     Writing /home/erick/Desktop/Projects/pythonmarketer.com/output/drafts/1910.html                                                                             writers.py:212
           INFO     Writing /home/erick/Desktop/Projects/pythonmarketer.com/output/drafts/1907.html                                                                             writers.py:212
           INFO     Writing /home/erick/Desktop/Projects/pythonmarketer.com/output/drafts/1805.html                                                                             writers.py:212
           INFO     Writing /home/erick/Desktop/Projects/pythonmarketer.com/output/drafts/1426.html                                                                             writers.py:212
           INFO     Writing /home/erick/Desktop/Projects/pythonmarketer.com/output/drafts/1424.html                                                                             writers.py:212
           INFO     Writing /home/erick/Desktop/Projects/pythonmarketer.com/output/drafts/1395.html                                                                             writers.py:212
           INFO     Writing /home/erick/Desktop/Projects/pythonmarketer.com/output/drafts/1376.html                                                                             writers.py:212
           INFO     Writing /home/erick/Desktop/Projects/pythonmarketer.com/output/drafts/1035.html                                                                             writers.py:212
           INFO     Writing /home/erick/Desktop/Projects/pythonmarketer.com/output/drafts/1007.html                                                                             writers.py:212
           INFO     Copying /home/erick/Desktop/Projects/sandbox/lib/python3.11/site-packages/pelican/themes/blue-penguin-dark/static/css/pygments.css to                         utils.py:332
                    /home/erick/Desktop/Projects/pythonmarketer.com/output/theme/css/pygments.css                                                                                             
           INFO     Copying /home/erick/Desktop/Projects/sandbox/lib/python3.11/site-packages/pelican/themes/blue-penguin-dark/static/css/main.css to                             utils.py:332
                    /home/erick/Desktop/Projects/pythonmarketer.com/output/theme/css/main.css                                                                                                 
           INFO     Copying /home/erick/Desktop/Projects/pythonmarketer.com/content/static/css/pygments.css to                                                                    utils.py:302
                    /home/erick/Desktop/Projects/pythonmarketer.com/output/static/css/pygments.css                                                                                            
           INFO     Copying /home/erick/Desktop/Projects/pythonmarketer.com/content/static/css/pygments.css to static/css/pygments.css                                       generators.py:906
           INFO     Copying /home/erick/Desktop/Projects/pythonmarketer.com/content/images/python_logo.sh to                                                                      utils.py:302
                    /home/erick/Desktop/Projects/pythonmarketer.com/output/images/python_logo.sh                                                                                              
           INFO     Copying /home/erick/Desktop/Projects/pythonmarketer.com/content/images/python_logo.sh to images/python_logo.sh                                           generators.py:906
           INFO     Copying /home/erick/Desktop/Projects/pythonmarketer.com/content/static/css/main.css to                                                                        utils.py:302
                    /home/erick/Desktop/Projects/pythonmarketer.com/output/static/css/main.css                                                                                                
           INFO     Copying /home/erick/Desktop/Projects/pythonmarketer.com/content/static/css/main.css to static/css/main.css                                               generators.py:906
           INFO     Copying /home/erick/Desktop/Projects/pythonmarketer.com/content/images/python-powered-h-140x182.png to                                                        utils.py:302
                    /home/erick/Desktop/Projects/pythonmarketer.com/output/images/python-powered-h-140x182.png                                                                                
           INFO     Copying /home/erick/Desktop/Projects/pythonmarketer.com/content/images/python-powered-h-140x182.png to images/python-powered-h-140x182.png               generators.py:906
           INFO     Copying /home/erick/Desktop/Projects/pythonmarketer.com/content/theme/css/main.css to                                                                         utils.py:302
                    /home/erick/Desktop/Projects/pythonmarketer.com/output/theme/css/main.css                                                                                                 
           INFO     Copying /home/erick/Desktop/Projects/pythonmarketer.com/content/theme/css/main.css to theme/css/main.css                                                 generators.py:906
           INFO     Copying /home/erick/Desktop/Projects/pythonmarketer.com/content/theme/css/pygments.css to                                                                     utils.py:302
                    /home/erick/Desktop/Projects/pythonmarketer.com/output/theme/css/pygments.css                                                                                             
           INFO     Copying /home/erick/Desktop/Projects/pythonmarketer.com/content/theme/css/pygments.css to theme/css/pygments.css                                         generators.py:906
Done: Processed 61 articles, 34 drafts, 0 hidden articles, 0 pages, 0 hidden pages and 0 draft pages in 13.98 seconds.
